C02PIVOT {"f": 0, "pel_z": 806.678, "L": {"p": [158.18, -535.583], "d": [0.0, 0.0], "tip": 0.0, "w": 0, "basis_dev_deg": 0.0}, "R": {"p": [-147.581, -65.565], "d": [0.0, 0.0], "tip": 0.0, "w": 0, "basis_dev_deg": 0.0}}
C02PIVOT {"f": 1, "pel_z": 798.043, "L": {"p": [158.183, -535.609], "d": [0.0034, -0.0257], "tip": 0.0, "w": 0, "basis_dev_deg": 0.0}, "R": {"p": [-147.585, -65.564], "d": [-0.0036, 0.0002], "tip": 0.0, "w": 0, "basis_dev_deg": 0.0}}
C02PIVOT {"f": 2, "pel_z": 789.982, "L": {"p": [158.183, -535.609], "d": [0.0033, -0.026], "tip": 0.0, "w": 0, "basis_dev_deg": 0.0}, "R": {"p": [-147.585, -65.565], "d": [-0.0036, -0.0004], "tip": 0.0, "w": 0, "basis_dev_deg": 0.0}}
C02PIVOT {"f": 3, "pel_z": 781.921, "L": {"p": [158.183, -535.61], "d": [0.0033, -0.0263], "tip": 0.0, "w": 0, "basis_dev_deg": 0.0}, "R": {"p": [-147.585, -65.566], "d": [-0.0036, -0.0009], "tip": 0.0, "w": 0, "basis_dev_deg": 0.0}}
C02PIVOT {"f": 4, "pel_z": 773.287, "L": {"p": [158.183, -535.61], "d": [0.0032, -0.0266], "tip": 0.0, "w": 0, "basis_dev_deg": 0.0}, "R": {"p": [-147.585, -65.566], "d": [-0.0037, -0.0014], "tip": 0.0, "w": 0, "basis_dev_deg": 0.0}}
C02PIVOT {"f": 5, "pel_z": 763.504, "L": {"p": [158.183, -535.611], "d": [0.0032, -0.0271], "tip": 0.0, "w": 0, "basis_dev_deg": 0.0}, "R": {"p": [-147.585, -65.567], "d": [-0.0037, -0.002], "tip": 0.0, "w": 0, "basis_dev_deg": 0.0}}
C02PIVOT {"f": 6, "pel_z": 752.0, "L": {"p": [158.183, -535.611], "d": [0.0031, -0.0275], "tip": 0.0, "w": 0, "basis_dev_deg": 0.0}, "R": {"p": [-147.585, -65.567], "d": [-0.0036, -0.0027], "tip": 0.0, "w": 0, "basis_dev_deg": 0.0}}
C02PIVOT {"f": 7, "pel_z": 738.53, "L": {"p": [156.785, -552.346], "d": [-1.3952, -16.7623], "tip": 2.637, "w": null, "basis_dev_deg": 5.2623}, "R": {"p": [-147.585, -65.568], "d": [-0.0037, -0.0032], "tip": 0.0, "w": 0, "basis_dev_deg": 0.0}}
C02PIVOT {"f": 8, "pel_z": 723.505, "L": {"p": [155.478, -569.04], "d": [-2.7015, -33.4563], "tip": 4.136, "w": null, "basis_dev_deg": 8.2536}, "R": {"p": [-147.585, -65.568], "d": [-0.0037, -0.0037], "tip": 0.0, "w": 0, "basis_dev_deg": 0.0}}
C02PIVOT {"f": 9, "pel_z": 707.333, "L": {"p": [154.266, -584.937], "d": [-3.9135, -49.3533], "tip": 5.173, "w": null, "basis_dev_deg": 10.3225}, "R": {"p": [-147.585, -65.569], "d": [-0.0037, -0.0042], "tip": 0.0, "w": 0, "basis_dev_deg": 0.0}}
C02PIVOT {"f": 10, "pel_z": 690.419, "L": {"p": [153.154, -599.979], "d": [-5.0255, -64.3952], "tip": 5.793, "w": null, "basis_dev_deg": 11.5599}, "R": {"p": [-147.585, -65.569], "d": [-0.0038, -0.0045], "tip": 0.0, "w": 0, "basis_dev_deg": 0.0}}
C02PIVOT {"f": 11, "pel_z": 673.173, "L": {"p": [152.148, -614.116], "d": [-6.0314, -78.5322], "tip": 6.0, "w": null, "basis_dev_deg": 11.973}, "R": {"p": [-147.585, -65.57], "d": [-0.0038, -0.005], "tip": 0.0, "w": 0, "basis_dev_deg": 0.0}}
C02PIVOT {"f": 12, "pel_z": 656.0, "L": {"p": [151.257, -627.249], "d": [-6.9231, -91.6658], "tip": 5.793, "w": null, "basis_dev_deg": 11.5599}, "R": {"p": [-147.585, -65.57], "d": [-0.0039, -0.0055], "tip": 0.0, "w": 0, "basis_dev_deg": 0.0}}
C02PIVOT {"f": 13, "pel_z": 636.441, "L": {"p": [150.49, -639.207], "d": [-7.6896, -103.6231], "tip": 5.173, "w": null, "basis_dev_deg": 10.3225}, "R": {"p": [-147.585, -65.57], "d": [-0.004, -0.0058], "tip": 0.0, "w": 0, "basis_dev_deg": 0.0}}
C02PIVOT {"f": 14, "pel_z": 613.679, "L": {"p": [149.864, -649.722], "d": [-8.3155, -114.1383], "tip": 4.136, "w": null, "basis_dev_deg": 8.2536}, "R": {"p": [-147.585, -65.571], "d": [-0.0041, -0.0062], "tip": 0.0, "w": 0, "basis_dev_deg": 0.0}}
C02PIVOT {"f": 15, "pel_z": 590.583, "L": {"p": [149.405, -658.405], "d": [-8.7749, -122.8215], "tip": 2.637, "w": null, "basis_dev_deg": 5.2623}, "R": {"p": [-147.585, -66.003], "d": [-0.0042, -0.4386], "tip": 1.82, "w": 0, "basis_dev_deg": 3.6319}}
C02PIVOT {"f": 16, "pel_z": 570.025, "L": {"p": [149.18, -664.998], "d": [-9.0002, -129.4142], "tip": 0.0, "w": 1, "basis_dev_deg": 0.0}, "R": {"p": [-147.585, -66.88], "d": [-0.0042, -1.3151], "tip": 5.518, "w": 0, "basis_dev_deg": 11.0108}}
C02PIVOT {"f": 17, "pel_z": 554.873, "L": {"p": [149.18, -665.248], "d": [-9.0002, -129.6644], "tip": 1.294, "w": 1, "basis_dev_deg": 2.5827}, "R": {"p": [-147.586, -68.065], "d": [-0.0043, -2.5], "tip": 10.556, "w": 0, "basis_dev_deg": 21.0645}}
C02PIVOT {"f": 18, "pel_z": 548.0, "L": {"p": [149.179, -665.613], "d": [-9.0003, -130.0298], "tip": 3.187, "w": 1, "basis_dev_deg": 6.36}, "R": {"p": [-147.586, -69.488], "d": [-0.0045, -3.9236], "tip": 16.726, "w": 0, "basis_dev_deg": 33.3769}}
C02PIVOT {"f": 19, "pel_z": 562.469, "L": {"p": [149.179, -666.039], "d": [-9.0003, -130.4561], "tip": 5.399, "w": 1, "basis_dev_deg": 10.7741}, "R": {"p": [-147.586, -71.086], "d": [-0.0045, -5.5211], "tip": 23.903, "w": 0, "basis_dev_deg": 47.6976}}
C02PIVOT {"f": 20, "pel_z": 598.568, "L": {"p": [149.18, -666.509], "d": [-9.0002, -130.9256], "tip": 7.848, "w": 1, "basis_dev_deg": 15.661}, "R": {"p": [-147.586, -72.783], "d": [-0.0045, -7.2181], "tip": 32.0, "w": 0, "basis_dev_deg": 63.8526}}
C02PIVOT {"f": 21, "pel_z": 640.0, "L": {"p": [149.18, -667.012], "d": [-9.0001, -131.4289], "tip": 10.489, "w": 1, "basis_dev_deg": 20.9313}, "R": {"p": [-147.586, -92.419], "d": [-0.0043, -26.854], "tip": 29.708, "w": null, "basis_dev_deg": 59.2801}}
C02PIVOT {"f": 22, "pel_z": 684.593, "L": {"p": [149.18, -667.542], "d": [-9.0001, -131.9586], "tip": 13.295, "w": 1, "basis_dev_deg": 26.5301}, "R": {"p": [-147.585, -111.497], "d": [-0.0042, -45.9324], "tip": 27.457, "w": null, "basis_dev_deg": 54.7883}}
C02PIVOT {"f": 23, "pel_z": 734.519, "L": {"p": [149.18, -668.092], "d": [-9.0001, -132.5087], "tip": 16.245, "w": 1, "basis_dev_deg": 32.4167}, "R": {"p": [-147.585, -130.009], "d": [-0.004, -64.4443], "tip": 25.247, "w": null, "basis_dev_deg": 50.3792}}
C02PIVOT {"f": 24, "pel_z": 780.0, "L": {"p": [149.18, -668.658], "d": [-9.0001, -133.0744], "tip": 19.325, "w": 1, "basis_dev_deg": 38.5621}, "R": {"p": [-147.585, -147.947], "d": [-0.0038, -82.382], "tip": 23.081, "w": null, "basis_dev_deg": 46.0574}}
C02PIVOT {"f": 25, "pel_z": 818.037, "L": {"p": [149.18, -669.234], "d": [-9.0001, -133.6506], "tip": 22.522, "w": 1, "basis_dev_deg": 44.9418}, "R": {"p": [-147.585, -165.303], "d": [-0.0036, -99.7379], "tip": 20.961, "w": null, "basis_dev_deg": 41.8274}}
C02PIVOT {"f": 26, "pel_z": 851.63, "L": {"p": [149.18, -669.816], "d": [-9.0001, -134.2324], "tip": 25.828, "w": 1, "basis_dev_deg": 51.5384}, "R": {"p": [-147.585, -182.07], "d": [-0.0034, -116.5049], "tip": 18.89, "w": null, "basis_dev_deg": 37.6944}}
C02PIVOT {"f": 27, "pel_z": 880.0, "L": {"p": [149.18, -670.399], "d": [-9.0001, -134.8153], "tip": 29.235, "w": 1, "basis_dev_deg": 58.336}, "R": {"p": [-147.584, -198.241], "d": [-0.0032, -132.6763], "tip": 16.87, "w": null, "basis_dev_deg": 33.6634}}
C02PIVOT {"f": 28, "pel_z": 902.556, "L": {"p": [149.18, -670.978], "d": [-9.0001, -135.3946], "tip": 32.736, "w": 1, "basis_dev_deg": 65.3213}, "R": {"p": [-147.584, -213.81], "d": [-0.003, -148.2453], "tip": 14.904, "w": null, "basis_dev_deg": 29.7405}}
C02PIVOT {"f": 29, "pel_z": 919.889, "L": {"p": [149.18, -671.549], "d": [-9.0001, -135.9656], "tip": 36.326, "w": 1, "basis_dev_deg": 72.4836}, "R": {"p": [-147.584, -228.77], "d": [-0.0028, -163.2051], "tip": 12.996, "w": null, "basis_dev_deg": 25.9335}}
C02PIVOT {"f": 30, "pel_z": 933.0, "L": {"p": [149.18, -672.107], "d": [-9.0001, -136.5236], "tip": 40.0, "w": 1, "basis_dev_deg": 79.813}, "R": {"p": [-147.584, -243.112], "d": [-0.0025, -177.5478], "tip": 11.151, "w": null, "basis_dev_deg": 22.2517}}
C02PIVOT {"f": 31, "pel_z": 942.339, "L": {"p": [149.18, -672.106], "d": [-9.0, -136.5231], "tip": 40.0, "w": 1, "basis_dev_deg": 79.813}, "R": {"p": [-147.583, -256.828], "d": [-0.0022, -191.2638], "tip": 9.374, "w": null, "basis_dev_deg": 18.7058}}
C02PIVOT {"f": 32, "pel_z": 947.455, "L": {"p": [149.18, -672.106], "d": [-9.0, -136.5226], "tip": 40.0, "w": 1, "basis_dev_deg": 79.813}, "R": {"p": [-147.583, -269.907], "d": [-0.0019, -204.3423], "tip": 7.672, "w": null, "basis_dev_deg": 15.3092}}
C02PIVOT {"f": 33, "pel_z": 948.0, "L": {"p": [149.18, -672.106], "d": [-8.9999, -136.5226], "tip": 40.0, "w": 1, "basis_dev_deg": 79.813}, "R": {"p": [-147.583, -282.333], "d": [-0.0017, -216.7685], "tip": 6.053, "w": null, "basis_dev_deg": 12.0786}}
C02PIVOT {"f": 34, "pel_z": 944.622, "L": {"p": [149.18, -671.459], "d": [-8.9999, -135.8756], "tip": 35.76, "w": 1, "basis_dev_deg": 71.3539}, "R": {"p": [-147.583, -294.087], "d": [-0.0014, -228.5228], "tip": 4.529, "w": null, "basis_dev_deg": 9.0373}}
C02PIVOT {"f": 35, "pel_z": 938.516, "L": {"p": [149.18, -670.8], "d": [-8.9999, -135.2162], "tip": 31.658, "w": 1, "basis_dev_deg": 63.1707}, "R": {"p": [-147.582, -305.142], "d": [-0.0011, -239.5777], "tip": 3.116, "w": null, "basis_dev_deg": 6.2175}}
C02PIVOT {"f": 36, "pel_z": 930.152, "L": {"p": [149.18, -670.135], "d": [-8.9998, -134.5521], "tip": 27.704, "w": 1, "basis_dev_deg": 55.2811}, "R": {"p": [-147.582, -315.456], "d": [-0.0009, -249.891], "tip": 1.839, "w": null, "basis_dev_deg": 3.6699}}
C02PIVOT {"f": 37, "pel_z": 920.0, "L": {"p": [149.18, -669.475], "d": [-8.9998, -133.8911], "tip": 23.904, "w": 1, "basis_dev_deg": 47.6997}, "R": {"p": [-147.582, -324.953], "d": [-0.0007, -259.3885], "tip": 0.747, "w": null, "basis_dev_deg": 1.4904}}
C02PIVOT {"f": 38, "pel_z": 907.031, "L": {"p": [149.18, -668.824], "d": [-8.9997, -133.2406], "tip": 20.271, "w": 1, "basis_dev_deg": 40.4496}, "R": {"p": [-147.582, -333.421], "d": [-0.0005, -267.8565], "tip": 0.0, "w": null, "basis_dev_deg": 0.0}}
C02PIVOT {"f": 39, "pel_z": 891.36, "L": {"p": [149.18, -668.191], "d": [-8.9997, -132.6076], "tip": 16.814, "w": 1, "basis_dev_deg": 33.5522}, "R": {"p": [-147.582, -340.352], "d": [-0.0004, -274.7873], "tip": 0.0, "w": null, "basis_dev_deg": 0.0}}
C02PIVOT {"f": 40, "pel_z": 875.173, "L": {"p": [149.18, -667.583], "d": [-8.9997, -131.9992], "tip": 13.55, "w": 1, "basis_dev_deg": 27.0392}, "R": {"p": [-147.582, -346.508], "d": [-0.0002, -280.9435], "tip": 0.0, "w": null, "basis_dev_deg": 0.0}}
C02PIVOT {"f": 41, "pel_z": 860.658, "L": {"p": [149.18, -667.006], "d": [-8.9996, -131.4226], "tip": 10.498, "w": 1, "basis_dev_deg": 20.9486}, "R": {"p": [-147.581, -351.642], "d": [0.0, -286.0776], "tip": 0.0, "w": null, "basis_dev_deg": 0.0}}
C02PIVOT {"f": 42, "pel_z": 850.0, "L": {"p": [149.18, -666.469], "d": [-8.9996, -130.8852], "tip": 7.681, "w": 1, "basis_dev_deg": 15.3276}, "R": {"p": [-147.583, -354.971], "d": [-0.0012, -289.4059], "tip": 0.0, "w": 1, "basis_dev_deg": 0.0}}
C02PIVOT {"f": 43, "pel_z": 844.16, "L": {"p": [149.18, -665.979], "d": [-8.9996, -130.396], "tip": 5.135, "w": 1, "basis_dev_deg": 10.2465}, "R": {"p": [-147.583, -354.971], "d": [-0.0012, -289.4062], "tip": 0.0, "w": 1, "basis_dev_deg": 0.0}}
C02PIVOT {"f": 44, "pel_z": 841.68, "L": {"p": [149.18, -665.55], "d": [-8.9995, -129.9669], "tip": 2.911, "w": 1, "basis_dev_deg": 5.8084}, "R": {"p": [-147.583, -354.971], "d": [-0.0012, -289.4062], "tip": 0.0, "w": 1, "basis_dev_deg": 0.0}}
C02PIVOT {"f": 45, "pel_z": 841.12, "L": {"p": [149.18, -665.201], "d": [-8.9995, -129.6176], "tip": 1.103, "w": 1, "basis_dev_deg": 2.2011}, "R": {"p": [-147.582, -354.971], "d": [-0.0011, -289.4063], "tip": 0.0, "w": 1, "basis_dev_deg": 0.0}}
C02PIVOT {"f": 46, "pel_z": 841.04, "L": {"p": [149.18, -664.988], "d": [-8.9994, -129.4044], "tip": 0.0, "w": 1, "basis_dev_deg": 0.0}, "R": {"p": [-147.582, -354.971], "d": [-0.0011, -289.4063], "tip": 0.0, "w": 1, "basis_dev_deg": 0.0}}
C02PIVOT {"f": 47, "pel_z": 840.0, "L": {"p": [149.18, -664.988], "d": [-8.9994, -129.4044], "tip": 0.0, "w": 1, "basis_dev_deg": 0.0}, "R": {"p": [-147.582, -354.971], "d": [-0.0011, -289.4063], "tip": 0.0, "w": 1, "basis_dev_deg": 0.0}}
C02PIVOT {"f": 48, "pel_z": 837.68, "L": {"p": [149.18, -664.988], "d": [-8.9994, -129.4046], "tip": 0.0, "w": 1, "basis_dev_deg": 0.0}, "R": {"p": [-147.582, -354.971], "d": [-0.001, -289.4064], "tip": 0.0, "w": 1, "basis_dev_deg": 0.0}}
C02PIVOT {"f": 49, "pel_z": 835.04, "L": {"p": [149.18, -664.988], "d": [-8.9994, -129.4046], "tip": 0.0, "w": 1, "basis_dev_deg": 0.0}, "R": {"p": [-147.582, -354.971], "d": [-0.001, -289.4065], "tip": 0.0, "w": 1, "basis_dev_deg": 0.0}}
C02PIVOT {"f": 50, "pel_z": 832.56, "L": {"p": [149.18, -664.988], "d": [-8.9994, -129.4049], "tip": 0.0, "w": 1, "basis_dev_deg": 0.0}, "R": {"p": [-147.582, -354.971], "d": [-0.001, -289.4066], "tip": 0.0, "w": 1, "basis_dev_deg": 0.0}}
C02PIVOT {"f": 51, "pel_z": 830.72, "L": {"p": [149.18, -664.988], "d": [-8.9994, -129.4049], "tip": 0.0, "w": 1, "basis_dev_deg": 0.0}, "R": {"p": [-147.582, -354.971], "d": [-0.001, -289.4067], "tip": 0.0, "w": 1, "basis_dev_deg": 0.0}}
C02PIVOT {"f": 52, "pel_z": 830.0, "L": {"p": [149.178, -664.959], "d": [-9.0017, -129.3759], "tip": 0.0, "w": 1, "basis_dev_deg": 0.0}, "R": {"p": [-147.579, -354.956], "d": [0.0019, -289.3914], "tip": 0.0, "w": 1, "basis_dev_deg": 0.0}}
Blender 4.5.0 (hash 8cb6b388974a built 2025-07-15 01:36:24)
Read blend: "I:\工作项目\BIGMANFIGHT\角色资产\美术资产\bigman_v001\bigman_anim_v001.blend"

Blender quit
Error: Not freed memory blocks: 1, total unfreed memory 0.000008 MB
