C04_D f=25 shr=[154.91, -150.75, 461.96] d_shr=None top=[(13.744, 'upperarm.L', [17.79, -26.24, -31.7]), (13.544, 'upperarm.R', [14.81, -12.45, 13.52]), (11.89, 'forearm.R', [118.79, 30.76, 155.47]), (11.0, 'ring_02.R', [-55.0, 0.0, 0.0])]
C04_D f=26 shr=[152.39, -177.21, 456.31] d_shr=27.17 top=[(13.357, 'upperarm.R', [28.16, -8.84, 17.09]), (13.069, 'upperarm.L', [30.86, -21.71, -38.71]), (12.945, 'forearm.R', [131.73, 41.77, 164.73]), (11.0, 'ring_02.R', [-66.0, 0.0, 0.0])]
C04_D f=27 shr=[150.12, -199.25, 451.09] d_shr=22.76 top=[(15.806, 'forearm.R', [147.54, 52.95, 176.21]), (13.133, 'upperarm.R', [41.3, -6.62, 21.42]), (12.265, 'upperarm.L', [43.12, -16.26, -44.28]), (11.51, 'forearm.L', [70.22, -84.9, -99.31])]
C04_D f=28 shr=[148.79, -216.11, 446.67] d_shr=17.48 top=[(24.143, 'forearm.R', [171.68, 60.03, 197.0]), (18.705, 'forearm.L', [88.93, -96.66, -112.6]), (12.704, 'upperarm.R', [54.0, -6.09, 25.98]), (11.222, 'upperarm.L', [54.35, -9.38, -48.15])]
C04_D f=29 shr=[148.77, -222.02, 446.57] d_shr=5.91 top=[(0.685, 'foot.L', [-16.45, -3.33, 0.4]), (0.605, 'thigh.R', [-36.25, 0.24, 3.47]), (0.455, 'shin.L', [62.85, -0.69, 0.66]), (0.359, 'foot.R', [-43.74, 7.38, -0.65])]
C04_D f=30 shr=[148.59, -225.83, 446.3] d_shr=3.82 top=[(0.462, 'foot.L', [-16.92, -3.38, 0.39]), (0.368, 'thigh.R', [-35.88, 0.27, 3.51]), (0.337, 'shin.L', [63.19, -0.65, 0.62]), (0.257, 'foot.R', [-43.99, 7.34, -0.61])]
C04_D f=31 shr=[148.3, -228.11, 445.9] d_shr=2.33 top=[(0.302, 'foot.L', [-17.22, -3.44, 0.4]), (0.258, 'shin.L', [63.44, -0.59, 0.56])]
C04_D f=32 shr=[146.13, -250.28, 432.06] d_shr=26.23 top=[(11.32, 'forearm.L', [77.61, -95.53, -112.96]), (11.145, 'forearm.R', [160.54, 60.11, 196.44]), (7.393, 'upperarm.L', [57.97, -16.78, -44.16]), (6.977, 'upperarm.R', [55.28, 0.89, 22.84])]
C04_D f=33 shr=[145.5, -254.79, 428.94] d_shr=5.52 top=[(3.044, 'forearm.R', [157.49, 60.02, 195.27]), (2.447, 'forearm.L', [75.16, -94.72, -112.4]), (1.211, 'upperarm.L', [58.4, -17.99, -43.67]), (1.172, 'upperarm.R', [55.3, 2.06, 22.4])]
C04_D f=34 shr=[144.93, -258.43, 426.13] d_shr=4.63 top=[(2.749, 'forearm.R', [154.74, 59.87, 193.92]), (2.568, 'forearm.L', [72.59, -93.86, -111.24]), (0.919, 'upperarm.L', [58.71, -18.91, -43.36]), (0.902, 'upperarm.R', [55.3, 2.96, 22.11])]
C04_D f=35 shr=[144.44, -261.33, 423.65] d_shr=3.85 top=[(3.089, 'forearm.L', [69.5, -93.01, -109.19]), (2.408, 'forearm.R', [152.33, 59.68, 192.56]), (0.695, 'upperarm.R', [55.29, 3.65, 21.91]), (0.691, 'upperarm.L', [58.95, -19.6, -43.18])]
C04_D f=36 shr=[144.05, -263.63, 421.54] d_shr=3.15 top=[(4.253, 'forearm.L', [65.25, -92.23, -105.7]), (2.049, 'forearm.R', [150.29, 59.48, 191.3]), (0.542, 'upperarm.R', [55.27, 4.2, 21.77]), (0.52, 'upperarm.L', [59.12, -20.12, -43.09])]
C04_D f=37 shr=[143.76, -265.46, 419.81] d_shr=2.53 top=[(6.577, 'forearm.L', [58.67, -91.57, -99.71]), (1.695, 'forearm.R', [148.59, 59.29, 190.21]), (0.437, 'upperarm.R', [55.24, 4.63, 21.66]), (0.404, 'upperarm.L', [59.25, -20.52, -43.04])]
C04_D f=38 shr=[143.61, -266.94, 418.5] d_shr=1.98 top=[(10.963, 'forearm.L', [47.71, -91.06, -89.22]), (1.364, 'forearm.R', [147.23, 59.12, 189.34]), (0.374, 'upperarm.R', [55.19, 5.01, 21.53]), (0.339, 'upperarm.L', [59.34, -20.86, -42.99])]
C04_D f=39 shr=[143.61, -266.94, 418.5] d_shr=0.0 top=[]
C04_D f=40 shr=[143.61, -266.94, 418.5] d_shr=0.0 top=[]
C04_D f=41 shr=[143.61, -266.94, 418.5] d_shr=0.0 top=[]
C04_D f=42 shr=[143.61, -266.94, 418.5] d_shr=0.0 top=[]
C04_D f=43 shr=[143.61, -266.94, 418.5] d_shr=0.0 top=[]
C04_D f=44 shr=[143.61, -266.94, 418.5] d_shr=0.0 top=[]
C04_D f=45 shr=[143.61, -266.94, 418.5] d_shr=0.0 top=[]
C04_D f=46 shr=[143.61, -266.94, 418.5] d_shr=0.0 top=[]
C04_D f=47 shr=[143.61, -266.94, 418.5] d_shr=0.0 top=[]
C04_D f=48 shr=[143.61, -266.94, 418.5] d_shr=0.0 top=[]
C04_D f=49 shr=[143.61, -266.94, 418.5] d_shr=0.0 top=[]
C04_D f=50 shr=[143.61, -266.94, 418.5] d_shr=0.0 top=[]
C04_D f=51 shr=[143.61, -266.94, 418.5] d_shr=0.0 top=[]
C04_D f=52 shr=[143.61, -266.94, 418.5] d_shr=0.0 top=[]
C04_D f=53 shr=[143.61, -266.94, 418.5] d_shr=0.0 top=[]
C04_D f=54 shr=[143.61, -266.94, 418.5] d_shr=0.0 top=[]
Blender 4.5.0 (hash 8cb6b388974a built 2025-07-15 01:36:24)
Read blend: "I:\工作项目\BIGMANFIGHT\角色资产\美术资产\bigman_v001\bigman_anim_v001.blend"

Blender quit
Error: Not freed memory blocks: 1, total unfreed memory 0.000008 MB
