Blender 4.5.0 (hash 8cb6b388974a built 2025-07-15 01:36:24)
Read blend: "I:\工作项目\BIGMANFIGHT\角色资产\美术资产\bigman_v001\bigman_anim_v001.blend"
Fra:0 Mem:100.62M (Peak 103.81M) | Time:00:00.69 | Rendering 1 / 64 samples
Fra:0 Mem:100.62M (Peak 103.81M) | Time:00:00.73 | Rendering 25 / 64 samples
Fra:0 Mem:100.62M (Peak 103.81M) | Time:00:00.76 | Rendering 50 / 64 samples
Fra:0 Mem:100.62M (Peak 103.81M) | Time:00:00.78 | Rendering 64 / 64 samples
Fra:0 Mem:68.58M (Peak 113.71M) | Time:00:00.80 | Compositing
Append frame 0
Time: 00:00.82 (Saving: 00:00.00)

Fra:1 Mem:102.64M (Peak 113.71M) | Time:00:00.15 | Rendering 1 / 64 samples
Fra:1 Mem:102.64M (Peak 113.71M) | Time:00:00.19 | Rendering 25 / 64 samples
Fra:1 Mem:102.64M (Peak 113.71M) | Time:00:00.22 | Rendering 50 / 64 samples
Fra:1 Mem:102.64M (Peak 113.71M) | Time:00:00.24 | Rendering 64 / 64 samples
Fra:1 Mem:70.60M (Peak 115.74M) | Time:00:00.26 | Compositing
Append frame 1
Time: 00:00.28 (Saving: 00:00.00)

Fra:2 Mem:102.64M (Peak 115.74M) | Time:00:00.14 | Rendering 1 / 64 samples
Fra:2 Mem:102.64M (Peak 115.74M) | Time:00:00.18 | Rendering 25 / 64 samples
Fra:2 Mem:102.64M (Peak 115.74M) | Time:00:00.21 | Rendering 50 / 64 samples
Fra:2 Mem:102.64M (Peak 115.74M) | Time:00:00.23 | Rendering 64 / 64 samples
Fra:2 Mem:70.60M (Peak 115.74M) | Time:00:00.25 | Compositing
Append frame 2
Time: 00:00.27 (Saving: 00:00.00)

Fra:3 Mem:102.64M (Peak 115.74M) | Time:00:00.13 | Rendering 1 / 64 samples
Fra:3 Mem:102.64M (Peak 115.74M) | Time:00:00.16 | Rendering 25 / 64 samples
Fra:3 Mem:102.64M (Peak 115.74M) | Time:00:00.20 | Rendering 50 / 64 samples
Fra:3 Mem:102.64M (Peak 115.74M) | Time:00:00.22 | Rendering 64 / 64 samples
Fra:3 Mem:70.60M (Peak 115.74M) | Time:00:00.24 | Compositing
Append frame 3
Time: 00:00.26 (Saving: 00:00.01)

Fra:4 Mem:102.64M (Peak 115.74M) | Time:00:00.13 | Rendering 1 / 64 samples
Fra:4 Mem:102.64M (Peak 115.74M) | Time:00:00.16 | Rendering 25 / 64 samples
Fra:4 Mem:102.64M (Peak 115.74M) | Time:00:00.20 | Rendering 50 / 64 samples
Fra:4 Mem:102.64M (Peak 115.74M) | Time:00:00.22 | Rendering 64 / 64 samples
Fra:4 Mem:70.60M (Peak 115.74M) | Time:00:00.24 | Compositing
Append frame 4
Time: 00:00.26 (Saving: 00:00.01)

Fra:5 Mem:102.64M (Peak 115.74M) | Time:00:00.13 | Rendering 1 / 64 samples
Fra:5 Mem:102.64M (Peak 115.74M) | Time:00:00.17 | Rendering 25 / 64 samples
Fra:5 Mem:102.64M (Peak 115.74M) | Time:00:00.20 | Rendering 50 / 64 samples
Fra:5 Mem:102.64M (Peak 115.74M) | Time:00:00.22 | Rendering 64 / 64 samples
Fra:5 Mem:70.60M (Peak 115.74M) | Time:00:00.24 | Compositing
Append frame 5
Time: 00:00.26 (Saving: 00:00.00)

Fra:6 Mem:102.64M (Peak 115.74M) | Time:00:00.14 | Rendering 1 / 64 samples
Fra:6 Mem:102.64M (Peak 115.74M) | Time:00:00.17 | Rendering 25 / 64 samples
Fra:6 Mem:102.64M (Peak 115.74M) | Time:00:00.21 | Rendering 50 / 64 samples
Fra:6 Mem:102.64M (Peak 115.74M) | Time:00:00.23 | Rendering 64 / 64 samples
Fra:6 Mem:70.60M (Peak 115.74M) | Time:00:00.26 | Compositing
Append frame 6
Time: 00:00.28 (Saving: 00:00.01)

Fra:7 Mem:102.64M (Peak 115.74M) | Time:00:00.14 | Rendering 1 / 64 samples
Fra:7 Mem:102.64M (Peak 115.74M) | Time:00:00.17 | Rendering 25 / 64 samples
Fra:7 Mem:102.64M (Peak 115.74M) | Time:00:00.21 | Rendering 50 / 64 samples
Fra:7 Mem:102.64M (Peak 115.74M) | Time:00:00.23 | Rendering 64 / 64 samples
Fra:7 Mem:70.60M (Peak 115.74M) | Time:00:00.25 | Compositing
Append frame 7
Time: 00:00.27 (Saving: 00:00.00)

Fra:8 Mem:102.64M (Peak 115.74M) | Time:00:00.13 | Rendering 1 / 64 samples
Fra:8 Mem:102.64M (Peak 115.74M) | Time:00:00.16 | Rendering 25 / 64 samples
Fra:8 Mem:102.64M (Peak 115.74M) | Time:00:00.19 | Rendering 50 / 64 samples
Fra:8 Mem:102.64M (Peak 115.74M) | Time:00:00.21 | Rendering 64 / 64 samples
Fra:8 Mem:70.60M (Peak 115.74M) | Time:00:00.23 | Compositing
Append frame 8
Time: 00:00.25 (Saving: 00:00.00)

Fra:9 Mem:102.64M (Peak 115.74M) | Time:00:00.12 | Rendering 1 / 64 samples
Fra:9 Mem:102.64M (Peak 115.74M) | Time:00:00.15 | Rendering 25 / 64 samples
Fra:9 Mem:102.64M (Peak 115.74M) | Time:00:00.18 | Rendering 50 / 64 samples
Fra:9 Mem:102.64M (Peak 115.74M) | Time:00:00.20 | Rendering 64 / 64 samples
Fra:9 Mem:70.60M (Peak 115.74M) | Time:00:00.22 | Compositing
Append frame 9
Time: 00:00.24 (Saving: 00:00.00)

Fra:10 Mem:102.64M (Peak 115.74M) | Time:00:00.12 | Rendering 1 / 64 samples
Fra:10 Mem:102.64M (Peak 115.74M) | Time:00:00.16 | Rendering 25 / 64 samples
Fra:10 Mem:102.64M (Peak 115.74M) | Time:00:00.19 | Rendering 50 / 64 samples
Fra:10 Mem:102.64M (Peak 115.74M) | Time:00:00.21 | Rendering 64 / 64 samples
Fra:10 Mem:70.60M (Peak 115.74M) | Time:00:00.23 | Compositing
Append frame 10
Time: 00:00.25 (Saving: 00:00.00)

Fra:11 Mem:102.64M (Peak 115.74M) | Time:00:00.12 | Rendering 1 / 64 samples
Fra:11 Mem:102.64M (Peak 115.74M) | Time:00:00.16 | Rendering 25 / 64 samples
Fra:11 Mem:102.64M (Peak 115.74M) | Time:00:00.19 | Rendering 50 / 64 samples
Fra:11 Mem:102.64M (Peak 115.74M) | Time:00:00.21 | Rendering 64 / 64 samples
Fra:11 Mem:70.60M (Peak 115.74M) | Time:00:00.24 | Compositing
Append frame 11
Time: 00:00.26 (Saving: 00:00.00)

Fra:12 Mem:102.64M (Peak 115.74M) | Time:00:00.13 | Rendering 1 / 64 samples
Fra:12 Mem:102.64M (Peak 115.74M) | Time:00:00.16 | Rendering 25 / 64 samples
Fra:12 Mem:102.64M (Peak 115.74M) | Time:00:00.20 | Rendering 50 / 64 samples
Fra:12 Mem:102.64M (Peak 115.74M) | Time:00:00.22 | Rendering 64 / 64 samples
Fra:12 Mem:70.60M (Peak 115.74M) | Time:00:00.24 | Compositing
Append frame 12
Time: 00:00.25 (Saving: 00:00.00)

Fra:13 Mem:102.64M (Peak 115.74M) | Time:00:00.11 | Rendering 1 / 64 samples
Fra:13 Mem:102.64M (Peak 115.74M) | Time:00:00.15 | Rendering 25 / 64 samples
Fra:13 Mem:102.64M (Peak 115.74M) | Time:00:00.18 | Rendering 50 / 64 samples
Fra:13 Mem:102.64M (Peak 115.74M) | Time:00:00.20 | Rendering 64 / 64 samples
Fra:13 Mem:70.60M (Peak 115.74M) | Time:00:00.22 | Compositing
Append frame 13
Time: 00:00.23 (Saving: 00:00.00)

Fra:14 Mem:102.64M (Peak 115.74M) | Time:00:00.12 | Rendering 1 / 64 samples
Fra:14 Mem:102.64M (Peak 115.74M) | Time:00:00.16 | Rendering 25 / 64 samples
Fra:14 Mem:102.64M (Peak 115.74M) | Time:00:00.19 | Rendering 50 / 64 samples
Fra:14 Mem:102.64M (Peak 115.74M) | Time:00:00.21 | Rendering 64 / 64 samples
Fra:14 Mem:70.60M (Peak 115.74M) | Time:00:00.23 | Compositing
Append frame 14
Time: 00:00.25 (Saving: 00:00.01)

Fra:15 Mem:102.64M (Peak 115.74M) | Time:00:00.13 | Rendering 1 / 64 samples
Fra:15 Mem:102.64M (Peak 115.74M) | Time:00:00.17 | Rendering 25 / 64 samples
Fra:15 Mem:102.64M (Peak 115.74M) | Time:00:00.20 | Rendering 50 / 64 samples
Fra:15 Mem:102.64M (Peak 115.74M) | Time:00:00.23 | Rendering 64 / 64 samples
Fra:15 Mem:70.60M (Peak 115.74M) | Time:00:00.26 | Compositing
Append frame 15
Time: 00:00.27 (Saving: 00:00.00)

Fra:16 Mem:102.64M (Peak 115.74M) | Time:00:00.14 | Rendering 1 / 64 samples
Fra:16 Mem:102.64M (Peak 115.74M) | Time:00:00.17 | Rendering 25 / 64 samples
Fra:16 Mem:102.64M (Peak 115.74M) | Time:00:00.21 | Rendering 50 / 64 samples
Fra:16 Mem:102.64M (Peak 115.74M) | Time:00:00.22 | Rendering 64 / 64 samples
Fra:16 Mem:70.60M (Peak 115.74M) | Time:00:00.25 | Compositing
Append frame 16
Time: 00:00.26 (Saving: 00:00.00)

Fra:17 Mem:102.64M (Peak 115.74M) | Time:00:00.12 | Rendering 1 / 64 samples
Fra:17 Mem:102.64M (Peak 115.74M) | Time:00:00.16 | Rendering 25 / 64 samples
Fra:17 Mem:102.64M (Peak 115.74M) | Time:00:00.19 | Rendering 50 / 64 samples
Fra:17 Mem:102.64M (Peak 115.74M) | Time:00:00.21 | Rendering 64 / 64 samples
Fra:17 Mem:70.60M (Peak 115.74M) | Time:00:00.23 | Compositing
Append frame 17
Time: 00:00.25 (Saving: 00:00.00)

Fra:18 Mem:102.64M (Peak 115.74M) | Time:00:00.14 | Rendering 1 / 64 samples
Fra:18 Mem:102.64M (Peak 115.74M) | Time:00:00.17 | Rendering 25 / 64 samples
Fra:18 Mem:102.64M (Peak 115.74M) | Time:00:00.21 | Rendering 50 / 64 samples
Fra:18 Mem:102.64M (Peak 115.74M) | Time:00:00.23 | Rendering 64 / 64 samples
Fra:18 Mem:70.60M (Peak 115.74M) | Time:00:00.25 | Compositing
Append frame 18
Time: 00:00.27 (Saving: 00:00.01)

Fra:19 Mem:102.64M (Peak 115.74M) | Time:00:00.13 | Rendering 1 / 64 samples
Fra:19 Mem:102.64M (Peak 115.74M) | Time:00:00.16 | Rendering 25 / 64 samples
Fra:19 Mem:102.64M (Peak 115.74M) | Time:00:00.20 | Rendering 50 / 64 samples
Fra:19 Mem:102.64M (Peak 115.74M) | Time:00:00.22 | Rendering 64 / 64 samples
Fra:19 Mem:70.60M (Peak 115.74M) | Time:00:00.24 | Compositing
Append frame 19
Time: 00:00.25 (Saving: 00:00.00)

Fra:20 Mem:102.64M (Peak 115.74M) | Time:00:00.14 | Rendering 1 / 64 samples
Fra:20 Mem:102.64M (Peak 115.74M) | Time:00:00.17 | Rendering 25 / 64 samples
Fra:20 Mem:102.64M (Peak 115.74M) | Time:00:00.21 | Rendering 50 / 64 samples
Fra:20 Mem:102.64M (Peak 115.74M) | Time:00:00.22 | Rendering 64 / 64 samples
Fra:20 Mem:70.60M (Peak 115.74M) | Time:00:00.24 | Compositing
Append frame 20
Time: 00:00.26 (Saving: 00:00.00)

Fra:21 Mem:102.64M (Peak 115.74M) | Time:00:00.14 | Rendering 1 / 64 samples
Fra:21 Mem:102.64M (Peak 115.74M) | Time:00:00.17 | Rendering 25 / 64 samples
Fra:21 Mem:102.64M (Peak 115.74M) | Time:00:00.21 | Rendering 50 / 64 samples
Fra:21 Mem:102.64M (Peak 115.74M) | Time:00:00.23 | Rendering 64 / 64 samples
Fra:21 Mem:70.60M (Peak 115.74M) | Time:00:00.25 | Compositing
Append frame 21
Time: 00:00.26 (Saving: 00:00.01)

Fra:22 Mem:102.64M (Peak 115.74M) | Time:00:00.11 | Rendering 1 / 64 samples
Fra:22 Mem:102.64M (Peak 115.74M) | Time:00:00.15 | Rendering 25 / 64 samples
Fra:22 Mem:102.64M (Peak 115.74M) | Time:00:00.18 | Rendering 50 / 64 samples
Fra:22 Mem:102.64M (Peak 115.74M) | Time:00:00.20 | Rendering 64 / 64 samples
Fra:22 Mem:70.60M (Peak 115.74M) | Time:00:00.23 | Compositing
Append frame 22
Time: 00:00.24 (Saving: 00:00.01)

Fra:23 Mem:102.64M (Peak 115.74M) | Time:00:00.13 | Rendering 1 / 64 samples
Fra:23 Mem:102.64M (Peak 115.74M) | Time:00:00.17 | Rendering 25 / 64 samples
Fra:23 Mem:102.64M (Peak 115.74M) | Time:00:00.20 | Rendering 50 / 64 samples
Fra:23 Mem:102.64M (Peak 115.74M) | Time:00:00.22 | Rendering 64 / 64 samples
Fra:23 Mem:70.60M (Peak 115.74M) | Time:00:00.24 | Compositing
Append frame 23
Time: 00:00.25 (Saving: 00:00.00)

Fra:24 Mem:102.64M (Peak 115.74M) | Time:00:00.14 | Rendering 1 / 64 samples
Fra:24 Mem:102.64M (Peak 115.74M) | Time:00:00.18 | Rendering 25 / 64 samples
Fra:24 Mem:102.64M (Peak 115.74M) | Time:00:00.22 | Rendering 50 / 64 samples
Fra:24 Mem:102.64M (Peak 115.74M) | Time:00:00.25 | Rendering 64 / 64 samples
Fra:24 Mem:70.60M (Peak 115.74M) | Time:00:00.28 | Compositing
Append frame 24
Time: 00:00.29 (Saving: 00:00.01)

Fra:25 Mem:102.64M (Peak 115.74M) | Time:00:00.14 | Rendering 1 / 64 samples
Fra:25 Mem:102.64M (Peak 115.74M) | Time:00:00.17 | Rendering 25 / 64 samples
Fra:25 Mem:102.64M (Peak 115.74M) | Time:00:00.21 | Rendering 50 / 64 samples
Fra:25 Mem:102.64M (Peak 115.74M) | Time:00:00.23 | Rendering 64 / 64 samples
Fra:25 Mem:70.60M (Peak 115.74M) | Time:00:00.25 | Compositing
Append frame 25
Time: 00:00.27 (Saving: 00:00.01)

Fra:26 Mem:102.64M (Peak 115.74M) | Time:00:00.11 | Rendering 1 / 64 samples
Fra:26 Mem:102.64M (Peak 115.74M) | Time:00:00.15 | Rendering 25 / 64 samples
Fra:26 Mem:102.64M (Peak 115.74M) | Time:00:00.19 | Rendering 50 / 64 samples
Fra:26 Mem:102.64M (Peak 115.74M) | Time:00:00.21 | Rendering 64 / 64 samples
Fra:26 Mem:70.60M (Peak 115.74M) | Time:00:00.22 | Compositing
Append frame 26
Time: 00:00.23 (Saving: 00:00.00)

Fra:27 Mem:102.64M (Peak 115.74M) | Time:00:00.13 | Rendering 1 / 64 samples
Fra:27 Mem:102.64M (Peak 115.74M) | Time:00:00.17 | Rendering 25 / 64 samples
Fra:27 Mem:102.64M (Peak 115.74M) | Time:00:00.20 | Rendering 50 / 64 samples
Fra:27 Mem:102.64M (Peak 115.74M) | Time:00:00.23 | Rendering 64 / 64 samples
Fra:27 Mem:70.60M (Peak 115.74M) | Time:00:00.24 | Compositing
Append frame 27
Time: 00:00.25 (Saving: 00:00.00)

Fra:28 Mem:102.64M (Peak 115.74M) | Time:00:00.13 | Rendering 1 / 64 samples
Fra:28 Mem:102.64M (Peak 115.74M) | Time:00:00.17 | Rendering 25 / 64 samples
Fra:28 Mem:102.64M (Peak 115.74M) | Time:00:00.21 | Rendering 50 / 64 samples
Fra:28 Mem:102.64M (Peak 115.74M) | Time:00:00.23 | Rendering 64 / 64 samples
Fra:28 Mem:70.60M (Peak 115.74M) | Time:00:00.24 | Compositing
Append frame 28
Time: 00:00.25 (Saving: 00:00.00)

Fra:29 Mem:102.64M (Peak 115.74M) | Time:00:00.14 | Rendering 1 / 64 samples
Fra:29 Mem:102.64M (Peak 115.74M) | Time:00:00.18 | Rendering 25 / 64 samples
Fra:29 Mem:102.64M (Peak 115.74M) | Time:00:00.21 | Rendering 50 / 64 samples
Fra:29 Mem:102.64M (Peak 115.74M) | Time:00:00.23 | Rendering 64 / 64 samples
Fra:29 Mem:70.60M (Peak 115.74M) | Time:00:00.25 | Compositing
Append frame 29
Time: 00:00.26 (Saving: 00:00.00)

Fra:30 Mem:102.64M (Peak 115.74M) | Time:00:00.14 | Rendering 1 / 64 samples
Fra:30 Mem:102.64M (Peak 115.74M) | Time:00:00.18 | Rendering 25 / 64 samples
Fra:30 Mem:102.64M (Peak 115.74M) | Time:00:00.21 | Rendering 50 / 64 samples
Fra:30 Mem:102.64M (Peak 115.74M) | Time:00:00.23 | Rendering 64 / 64 samples
Fra:30 Mem:70.60M (Peak 115.74M) | Time:00:00.25 | Compositing
Append frame 30
Time: 00:00.26 (Saving: 00:00.00)

Fra:31 Mem:102.64M (Peak 115.74M) | Time:00:00.12 | Rendering 1 / 64 samples
Fra:31 Mem:102.64M (Peak 115.74M) | Time:00:00.15 | Rendering 25 / 64 samples
Fra:31 Mem:102.64M (Peak 115.74M) | Time:00:00.19 | Rendering 50 / 64 samples
Fra:31 Mem:102.64M (Peak 115.74M) | Time:00:00.21 | Rendering 64 / 64 samples
Fra:31 Mem:70.60M (Peak 115.74M) | Time:00:00.23 | Compositing
Append frame 31
Time: 00:00.25 (Saving: 00:00.01)

Fra:32 Mem:102.64M (Peak 115.74M) | Time:00:00.12 | Rendering 1 / 64 samples
Fra:32 Mem:102.64M (Peak 115.74M) | Time:00:00.16 | Rendering 25 / 64 samples
Fra:32 Mem:102.64M (Peak 115.74M) | Time:00:00.19 | Rendering 50 / 64 samples
Fra:32 Mem:102.64M (Peak 115.74M) | Time:00:00.21 | Rendering 64 / 64 samples
Fra:32 Mem:70.60M (Peak 115.74M) | Time:00:00.23 | Compositing
Append frame 32
Time: 00:00.24 (Saving: 00:00.00)

Fra:33 Mem:102.64M (Peak 115.74M) | Time:00:00.10 | Rendering 1 / 64 samples
Fra:33 Mem:102.64M (Peak 115.74M) | Time:00:00.13 | Rendering 25 / 64 samples
Fra:33 Mem:102.64M (Peak 115.74M) | Time:00:00.17 | Rendering 50 / 64 samples
Fra:33 Mem:102.64M (Peak 115.74M) | Time:00:00.19 | Rendering 64 / 64 samples
Fra:33 Mem:70.60M (Peak 115.74M) | Time:00:00.21 | Compositing
Append frame 33
Time: 00:00.22 (Saving: 00:00.00)

Fra:34 Mem:102.64M (Peak 115.74M) | Time:00:00.11 | Rendering 1 / 64 samples
Fra:34 Mem:102.64M (Peak 115.74M) | Time:00:00.14 | Rendering 25 / 64 samples
Fra:34 Mem:102.64M (Peak 115.74M) | Time:00:00.18 | Rendering 50 / 64 samples
Fra:34 Mem:102.64M (Peak 115.74M) | Time:00:00.20 | Rendering 64 / 64 samples
Fra:34 Mem:70.60M (Peak 115.74M) | Time:00:00.21 | Compositing
Append frame 34
Time: 00:00.22 (Saving: 00:00.00)

Fra:35 Mem:102.64M (Peak 115.74M) | Time:00:00.13 | Rendering 1 / 64 samples
Fra:35 Mem:102.64M (Peak 115.74M) | Time:00:00.17 | Rendering 25 / 64 samples
Fra:35 Mem:102.64M (Peak 115.74M) | Time:00:00.21 | Rendering 50 / 64 samples
Fra:35 Mem:102.64M (Peak 115.74M) | Time:00:00.23 | Rendering 64 / 64 samples
Fra:35 Mem:70.60M (Peak 115.74M) | Time:00:00.25 | Compositing
Append frame 35
Time: 00:00.26 (Saving: 00:00.00)

Fra:36 Mem:102.64M (Peak 115.74M) | Time:00:00.09 | Rendering 1 / 64 samples
Fra:36 Mem:102.64M (Peak 115.74M) | Time:00:00.13 | Rendering 25 / 64 samples
Fra:36 Mem:102.64M (Peak 115.74M) | Time:00:00.17 | Rendering 50 / 64 samples
Fra:36 Mem:102.64M (Peak 115.74M) | Time:00:00.19 | Rendering 64 / 64 samples
Fra:36 Mem:70.60M (Peak 115.74M) | Time:00:00.20 | Compositing
Append frame 36
Time: 00:00.21 (Saving: 00:00.00)

Fra:37 Mem:102.64M (Peak 115.74M) | Time:00:00.09 | Rendering 1 / 64 samples
Fra:37 Mem:102.64M (Peak 115.74M) | Time:00:00.12 | Rendering 25 / 64 samples
Fra:37 Mem:102.64M (Peak 115.74M) | Time:00:00.16 | Rendering 50 / 64 samples
Fra:37 Mem:102.64M (Peak 115.74M) | Time:00:00.18 | Rendering 64 / 64 samples
Fra:37 Mem:70.60M (Peak 115.74M) | Time:00:00.20 | Compositing
Append frame 37
Time: 00:00.21 (Saving: 00:00.01)

Fra:38 Mem:102.64M (Peak 115.74M) | Time:00:00.12 | Rendering 1 / 64 samples
Fra:38 Mem:102.64M (Peak 115.74M) | Time:00:00.15 | Rendering 25 / 64 samples
Fra:38 Mem:102.64M (Peak 115.74M) | Time:00:00.19 | Rendering 50 / 64 samples
Fra:38 Mem:102.64M (Peak 115.74M) | Time:00:00.21 | Rendering 64 / 64 samples
Fra:38 Mem:70.60M (Peak 115.74M) | Time:00:00.22 | Compositing
Append frame 38
Time: 00:00.23 (Saving: 00:00.00)

Fra:39 Mem:102.64M (Peak 115.74M) | Time:00:00.13 | Rendering 1 / 64 samples
Fra:39 Mem:102.64M (Peak 115.74M) | Time:00:00.17 | Rendering 25 / 64 samples
Fra:39 Mem:102.64M (Peak 115.74M) | Time:00:00.21 | Rendering 50 / 64 samples
Fra:39 Mem:102.64M (Peak 115.74M) | Time:00:00.23 | Rendering 64 / 64 samples
Fra:39 Mem:70.60M (Peak 115.74M) | Time:00:00.24 | Compositing
Append frame 39
Time: 00:00.25 (Saving: 00:00.00)

Fra:40 Mem:102.64M (Peak 115.74M) | Time:00:00.11 | Rendering 1 / 64 samples
Fra:40 Mem:102.64M (Peak 115.74M) | Time:00:00.14 | Rendering 25 / 64 samples
Fra:40 Mem:102.64M (Peak 115.74M) | Time:00:00.18 | Rendering 50 / 64 samples
Fra:40 Mem:102.64M (Peak 115.74M) | Time:00:00.20 | Rendering 64 / 64 samples
Fra:40 Mem:70.60M (Peak 115.74M) | Time:00:00.22 | Compositing
Append frame 40
Time: 00:00.23 (Saving: 00:00.00)

Fra:41 Mem:102.64M (Peak 115.74M) | Time:00:00.11 | Rendering 1 / 64 samples
Fra:41 Mem:102.64M (Peak 115.74M) | Time:00:00.15 | Rendering 25 / 64 samples
Fra:41 Mem:102.64M (Peak 115.74M) | Time:00:00.18 | Rendering 50 / 64 samples
Fra:41 Mem:102.64M (Peak 115.74M) | Time:00:00.21 | Rendering 64 / 64 samples
Fra:41 Mem:70.60M (Peak 115.74M) | Time:00:00.22 | Compositing
Append frame 41
Time: 00:00.23 (Saving: 00:00.00)

Fra:42 Mem:102.64M (Peak 115.74M) | Time:00:00.13 | Rendering 1 / 64 samples
Fra:42 Mem:102.64M (Peak 115.74M) | Time:00:00.17 | Rendering 25 / 64 samples
Fra:42 Mem:102.64M (Peak 115.74M) | Time:00:00.20 | Rendering 50 / 64 samples
Fra:42 Mem:102.64M (Peak 115.74M) | Time:00:00.22 | Rendering 64 / 64 samples
Fra:42 Mem:70.60M (Peak 115.74M) | Time:00:00.24 | Compositing
Append frame 42
Time: 00:00.25 (Saving: 00:00.00)

Fra:43 Mem:102.64M (Peak 115.74M) | Time:00:00.13 | Rendering 1 / 64 samples
Fra:43 Mem:102.64M (Peak 115.74M) | Time:00:00.17 | Rendering 25 / 64 samples
Fra:43 Mem:102.64M (Peak 115.74M) | Time:00:00.20 | Rendering 50 / 64 samples
Fra:43 Mem:102.64M (Peak 115.74M) | Time:00:00.23 | Rendering 64 / 64 samples
Fra:43 Mem:70.60M (Peak 115.74M) | Time:00:00.24 | Compositing
Append frame 43
Time: 00:00.25 (Saving: 00:00.00)

Fra:44 Mem:102.64M (Peak 115.74M) | Time:00:00.12 | Rendering 1 / 64 samples
Fra:44 Mem:102.64M (Peak 115.74M) | Time:00:00.16 | Rendering 25 / 64 samples
Fra:44 Mem:102.64M (Peak 115.74M) | Time:00:00.19 | Rendering 50 / 64 samples
Fra:44 Mem:102.64M (Peak 115.74M) | Time:00:00.21 | Rendering 64 / 64 samples
Fra:44 Mem:70.60M (Peak 115.74M) | Time:00:00.23 | Compositing
Append frame 44
Time: 00:00.24 (Saving: 00:00.00)

Fra:45 Mem:102.64M (Peak 115.74M) | Time:00:00.12 | Rendering 1 / 64 samples
Fra:45 Mem:102.64M (Peak 115.74M) | Time:00:00.15 | Rendering 25 / 64 samples
Fra:45 Mem:102.64M (Peak 115.74M) | Time:00:00.19 | Rendering 50 / 64 samples
Fra:45 Mem:102.64M (Peak 115.74M) | Time:00:00.21 | Rendering 64 / 64 samples
Fra:45 Mem:70.60M (Peak 115.74M) | Time:00:00.22 | Compositing
Append frame 45
Time: 00:00.23 (Saving: 00:00.00)

Fra:46 Mem:102.64M (Peak 115.74M) | Time:00:00.13 | Rendering 1 / 64 samples
Fra:46 Mem:102.64M (Peak 115.74M) | Time:00:00.17 | Rendering 25 / 64 samples
Fra:46 Mem:102.64M (Peak 115.74M) | Time:00:00.20 | Rendering 50 / 64 samples
Fra:46 Mem:102.64M (Peak 115.74M) | Time:00:00.22 | Rendering 64 / 64 samples
Fra:46 Mem:70.60M (Peak 115.74M) | Time:00:00.24 | Compositing
Append frame 46
Time: 00:00.26 (Saving: 00:00.01)

Fra:47 Mem:102.64M (Peak 115.74M) | Time:00:00.12 | Rendering 1 / 64 samples
Fra:47 Mem:102.64M (Peak 115.74M) | Time:00:00.15 | Rendering 25 / 64 samples
Fra:47 Mem:102.64M (Peak 115.74M) | Time:00:00.19 | Rendering 50 / 64 samples
Fra:47 Mem:102.64M (Peak 115.74M) | Time:00:00.21 | Rendering 64 / 64 samples
Fra:47 Mem:70.60M (Peak 115.74M) | Time:00:00.23 | Compositing
Append frame 47
Time: 00:00.24 (Saving: 00:00.00)

Fra:48 Mem:102.64M (Peak 115.74M) | Time:00:00.07 | Rendering 1 / 64 samples
Fra:48 Mem:102.64M (Peak 115.74M) | Time:00:00.10 | Rendering 25 / 64 samples
Fra:48 Mem:102.64M (Peak 115.74M) | Time:00:00.14 | Rendering 50 / 64 samples
Fra:48 Mem:102.64M (Peak 115.74M) | Time:00:00.16 | Rendering 64 / 64 samples
Fra:48 Mem:70.60M (Peak 115.74M) | Time:00:00.18 | Compositing
Append frame 48
Time: 00:00.19 (Saving: 00:00.00)

Fra:49 Mem:102.64M (Peak 115.74M) | Time:00:00.11 | Rendering 1 / 64 samples
Fra:49 Mem:102.64M (Peak 115.74M) | Time:00:00.14 | Rendering 25 / 64 samples
Fra:49 Mem:102.64M (Peak 115.74M) | Time:00:00.18 | Rendering 50 / 64 samples
Fra:49 Mem:102.64M (Peak 115.74M) | Time:00:00.20 | Rendering 64 / 64 samples
Fra:49 Mem:70.60M (Peak 115.74M) | Time:00:00.22 | Compositing
Append frame 49
Time: 00:00.23 (Saving: 00:00.01)

Fra:50 Mem:102.64M (Peak 115.74M) | Time:00:00.10 | Rendering 1 / 64 samples
Fra:50 Mem:102.64M (Peak 115.74M) | Time:00:00.13 | Rendering 25 / 64 samples
Fra:50 Mem:102.64M (Peak 115.74M) | Time:00:00.17 | Rendering 50 / 64 samples
Fra:50 Mem:102.64M (Peak 115.74M) | Time:00:00.19 | Rendering 64 / 64 samples
Fra:50 Mem:70.60M (Peak 115.74M) | Time:00:00.20 | Compositing
Append frame 50
Time: 00:00.21 (Saving: 00:00.00)

Fra:51 Mem:102.64M (Peak 115.74M) | Time:00:00.10 | Rendering 1 / 64 samples
Fra:51 Mem:102.64M (Peak 115.74M) | Time:00:00.14 | Rendering 25 / 64 samples
Fra:51 Mem:102.64M (Peak 115.74M) | Time:00:00.17 | Rendering 50 / 64 samples
Fra:51 Mem:102.64M (Peak 115.74M) | Time:00:00.20 | Rendering 64 / 64 samples
Fra:51 Mem:70.60M (Peak 115.74M) | Time:00:00.21 | Compositing
Append frame 51
Time: 00:00.22 (Saving: 00:00.00)

Fra:52 Mem:102.64M (Peak 115.74M) | Time:00:00.10 | Rendering 1 / 64 samples
Fra:52 Mem:102.64M (Peak 115.74M) | Time:00:00.13 | Rendering 25 / 64 samples
Fra:52 Mem:102.64M (Peak 115.74M) | Time:00:00.17 | Rendering 50 / 64 samples
Fra:52 Mem:102.64M (Peak 115.74M) | Time:00:00.19 | Rendering 64 / 64 samples
Fra:52 Mem:70.60M (Peak 115.74M) | Time:00:00.21 | Compositing
Append frame 52
Time: 00:00.22 (Saving: 00:00.00)

Fra:53 Mem:102.64M (Peak 115.74M) | Time:00:00.08 | Rendering 1 / 64 samples
Fra:53 Mem:102.64M (Peak 115.74M) | Time:00:00.12 | Rendering 25 / 64 samples
Fra:53 Mem:102.64M (Peak 115.74M) | Time:00:00.16 | Rendering 50 / 64 samples
Fra:53 Mem:102.64M (Peak 115.74M) | Time:00:00.18 | Rendering 64 / 64 samples
Fra:53 Mem:70.60M (Peak 115.74M) | Time:00:00.19 | Compositing
Append frame 53
Time: 00:00.21 (Saving: 00:00.00)

Fra:54 Mem:102.64M (Peak 115.74M) | Time:00:00.13 | Rendering 1 / 64 samples
Fra:54 Mem:102.64M (Peak 115.74M) | Time:00:00.16 | Rendering 25 / 64 samples
Fra:54 Mem:102.64M (Peak 115.74M) | Time:00:00.20 | Rendering 50 / 64 samples
Fra:54 Mem:102.64M (Peak 115.74M) | Time:00:00.22 | Rendering 64 / 64 samples
Fra:54 Mem:70.60M (Peak 115.74M) | Time:00:00.24 | Compositing
Append frame 54
Time: 00:00.26 (Saving: 00:00.01)

Fra:55 Mem:102.64M (Peak 115.74M) | Time:00:00.11 | Rendering 1 / 64 samples
Fra:55 Mem:102.64M (Peak 115.74M) | Time:00:00.14 | Rendering 25 / 64 samples
Fra:55 Mem:102.64M (Peak 115.74M) | Time:00:00.18 | Rendering 50 / 64 samples
Fra:55 Mem:102.64M (Peak 115.74M) | Time:00:00.20 | Rendering 64 / 64 samples
Fra:55 Mem:70.60M (Peak 115.74M) | Time:00:00.22 | Compositing
Append frame 55
Time: 00:00.23 (Saving: 00:00.00)

Fra:56 Mem:102.64M (Peak 115.74M) | Time:00:00.11 | Rendering 1 / 64 samples
Fra:56 Mem:102.64M (Peak 115.74M) | Time:00:00.15 | Rendering 25 / 64 samples
Fra:56 Mem:102.64M (Peak 115.74M) | Time:00:00.19 | Rendering 50 / 64 samples
Fra:56 Mem:102.64M (Peak 115.74M) | Time:00:00.21 | Rendering 64 / 64 samples
Fra:56 Mem:70.60M (Peak 115.74M) | Time:00:00.22 | Compositing
Append frame 56
Time: 00:00.24 (Saving: 00:00.01)

Fra:57 Mem:102.64M (Peak 115.74M) | Time:00:00.12 | Rendering 1 / 64 samples
Fra:57 Mem:102.64M (Peak 115.74M) | Time:00:00.15 | Rendering 25 / 64 samples
Fra:57 Mem:102.64M (Peak 115.74M) | Time:00:00.19 | Rendering 50 / 64 samples
Fra:57 Mem:102.64M (Peak 115.74M) | Time:00:00.21 | Rendering 64 / 64 samples
Fra:57 Mem:70.60M (Peak 115.74M) | Time:00:00.23 | Compositing
Append frame 57
Time: 00:00.24 (Saving: 00:00.00)

Fra:58 Mem:102.64M (Peak 115.74M) | Time:00:00.12 | Rendering 1 / 64 samples
Fra:58 Mem:102.64M (Peak 115.74M) | Time:00:00.15 | Rendering 25 / 64 samples
Fra:58 Mem:102.64M (Peak 115.74M) | Time:00:00.19 | Rendering 50 / 64 samples
Fra:58 Mem:102.64M (Peak 115.74M) | Time:00:00.21 | Rendering 64 / 64 samples
Fra:58 Mem:70.60M (Peak 115.74M) | Time:00:00.23 | Compositing
Append frame 58
Time: 00:00.25 (Saving: 00:00.01)

Fra:59 Mem:102.64M (Peak 115.74M) | Time:00:00.10 | Rendering 1 / 64 samples
Fra:59 Mem:102.64M (Peak 115.74M) | Time:00:00.14 | Rendering 25 / 64 samples
Fra:59 Mem:102.64M (Peak 115.74M) | Time:00:00.18 | Rendering 50 / 64 samples
Fra:59 Mem:102.64M (Peak 115.74M) | Time:00:00.20 | Rendering 64 / 64 samples
Fra:59 Mem:70.60M (Peak 115.74M) | Time:00:00.21 | Compositing
Append frame 59
Time: 00:00.22 (Saving: 00:00.00)

Fra:60 Mem:102.64M (Peak 115.74M) | Time:00:00.12 | Rendering 1 / 64 samples
Fra:60 Mem:102.64M (Peak 115.74M) | Time:00:00.15 | Rendering 25 / 64 samples
Fra:60 Mem:102.64M (Peak 115.74M) | Time:00:00.19 | Rendering 50 / 64 samples
Fra:60 Mem:102.64M (Peak 115.74M) | Time:00:00.21 | Rendering 64 / 64 samples
Fra:60 Mem:70.60M (Peak 115.74M) | Time:00:00.23 | Compositing
Append frame 60
Time: 00:00.24 (Saving: 00:00.00)

Fra:61 Mem:102.64M (Peak 115.74M) | Time:00:00.13 | Rendering 1 / 64 samples
Fra:61 Mem:102.64M (Peak 115.74M) | Time:00:00.16 | Rendering 25 / 64 samples
Fra:61 Mem:102.64M (Peak 115.74M) | Time:00:00.20 | Rendering 50 / 64 samples
Fra:61 Mem:102.64M (Peak 115.74M) | Time:00:00.22 | Rendering 64 / 64 samples
Fra:61 Mem:70.60M (Peak 115.74M) | Time:00:00.23 | Compositing
Append frame 61
Time: 00:00.24 (Saving: 00:00.00)

Fra:62 Mem:102.64M (Peak 115.74M) | Time:00:00.11 | Rendering 1 / 64 samples
Fra:62 Mem:102.64M (Peak 115.74M) | Time:00:00.15 | Rendering 25 / 64 samples
Fra:62 Mem:102.64M (Peak 115.74M) | Time:00:00.19 | Rendering 50 / 64 samples
Fra:62 Mem:102.64M (Peak 115.74M) | Time:00:00.21 | Rendering 64 / 64 samples
Fra:62 Mem:70.60M (Peak 115.74M) | Time:00:00.23 | Compositing
Append frame 62
Time: 00:00.24 (Saving: 00:00.01)

Fra:63 Mem:102.64M (Peak 115.74M) | Time:00:00.11 | Rendering 1 / 64 samples
Fra:63 Mem:102.64M (Peak 115.74M) | Time:00:00.15 | Rendering 25 / 64 samples
Fra:63 Mem:102.64M (Peak 115.74M) | Time:00:00.19 | Rendering 50 / 64 samples
Fra:63 Mem:102.64M (Peak 115.74M) | Time:00:00.21 | Rendering 64 / 64 samples
Fra:63 Mem:70.60M (Peak 115.74M) | Time:00:00.22 | Compositing
Append frame 63
Time: 00:00.23 (Saving: 00:00.00)

Fra:64 Mem:102.64M (Peak 115.74M) | Time:00:00.13 | Rendering 1 / 64 samples
Fra:64 Mem:102.64M (Peak 115.74M) | Time:00:00.17 | Rendering 25 / 64 samples
Fra:64 Mem:102.64M (Peak 115.74M) | Time:00:00.21 | Rendering 50 / 64 samples
Fra:64 Mem:102.64M (Peak 115.74M) | Time:00:00.23 | Rendering 64 / 64 samples
Fra:64 Mem:70.60M (Peak 115.74M) | Time:00:00.25 | Compositing
Append frame 64
Time: 00:00.26 (Saving: 00:00.01)

Fra:65 Mem:102.64M (Peak 115.74M) | Time:00:00.09 | Rendering 1 / 64 samples
Fra:65 Mem:102.64M (Peak 115.74M) | Time:00:00.13 | Rendering 25 / 64 samples
Fra:65 Mem:102.64M (Peak 115.74M) | Time:00:00.16 | Rendering 50 / 64 samples
Fra:65 Mem:102.64M (Peak 115.74M) | Time:00:00.19 | Rendering 64 / 64 samples
Fra:65 Mem:70.60M (Peak 115.74M) | Time:00:00.20 | Compositing
Append frame 65
Time: 00:00.21 (Saving: 00:00.00)

Fra:66 Mem:102.64M (Peak 115.74M) | Time:00:00.13 | Rendering 1 / 64 samples
Fra:66 Mem:102.64M (Peak 115.74M) | Time:00:00.16 | Rendering 25 / 64 samples
Fra:66 Mem:102.64M (Peak 115.74M) | Time:00:00.20 | Rendering 50 / 64 samples
Fra:66 Mem:102.64M (Peak 115.74M) | Time:00:00.22 | Rendering 64 / 64 samples
Fra:66 Mem:70.60M (Peak 115.74M) | Time:00:00.24 | Compositing
Append frame 66
Time: 00:00.26 (Saving: 00:00.01)

Fra:67 Mem:102.64M (Peak 115.74M) | Time:00:00.13 | Rendering 1 / 64 samples
Fra:67 Mem:102.64M (Peak 115.74M) | Time:00:00.17 | Rendering 25 / 64 samples
Fra:67 Mem:102.64M (Peak 115.74M) | Time:00:00.21 | Rendering 50 / 64 samples
Fra:67 Mem:102.64M (Peak 115.74M) | Time:00:00.23 | Rendering 64 / 64 samples
Fra:67 Mem:70.60M (Peak 115.74M) | Time:00:00.25 | Compositing
Append frame 67
Time: 00:00.26 (Saving: 00:00.00)

Fra:68 Mem:102.64M (Peak 115.74M) | Time:00:00.14 | Rendering 1 / 64 samples
Fra:68 Mem:102.64M (Peak 115.74M) | Time:00:00.17 | Rendering 25 / 64 samples
Fra:68 Mem:102.64M (Peak 115.74M) | Time:00:00.21 | Rendering 50 / 64 samples
Fra:68 Mem:102.64M (Peak 115.74M) | Time:00:00.23 | Rendering 64 / 64 samples
Fra:68 Mem:70.60M (Peak 115.74M) | Time:00:00.25 | Compositing
Append frame 68
Time: 00:00.26 (Saving: 00:00.00)

Fra:69 Mem:102.64M (Peak 115.74M) | Time:00:00.13 | Rendering 1 / 64 samples
Fra:69 Mem:102.64M (Peak 115.74M) | Time:00:00.17 | Rendering 25 / 64 samples
Fra:69 Mem:102.64M (Peak 115.74M) | Time:00:00.21 | Rendering 50 / 64 samples
Fra:69 Mem:102.64M (Peak 115.74M) | Time:00:00.23 | Rendering 64 / 64 samples
Fra:69 Mem:70.60M (Peak 115.74M) | Time:00:00.24 | Compositing
Append frame 69
Time: 00:00.25 (Saving: 00:00.00)

Fra:70 Mem:102.64M (Peak 115.74M) | Time:00:00.12 | Rendering 1 / 64 samples
Fra:70 Mem:102.64M (Peak 115.74M) | Time:00:00.16 | Rendering 25 / 64 samples
Fra:70 Mem:102.64M (Peak 115.74M) | Time:00:00.19 | Rendering 50 / 64 samples
Fra:70 Mem:102.64M (Peak 115.74M) | Time:00:00.22 | Rendering 64 / 64 samples
Fra:70 Mem:70.60M (Peak 115.74M) | Time:00:00.23 | Compositing
Append frame 70
Time: 00:00.25 (Saving: 00:00.01)

Fra:71 Mem:102.64M (Peak 115.74M) | Time:00:00.13 | Rendering 1 / 64 samples
Fra:71 Mem:102.64M (Peak 115.74M) | Time:00:00.16 | Rendering 25 / 64 samples
Fra:71 Mem:102.64M (Peak 115.74M) | Time:00:00.20 | Rendering 50 / 64 samples
Fra:71 Mem:102.64M (Peak 115.74M) | Time:00:00.22 | Rendering 64 / 64 samples
Fra:71 Mem:70.60M (Peak 115.74M) | Time:00:00.23 | Compositing
Append frame 71
Time: 00:00.24 (Saving: 00:00.00)

Fra:72 Mem:102.64M (Peak 115.74M) | Time:00:00.11 | Rendering 1 / 64 samples
Fra:72 Mem:102.64M (Peak 115.74M) | Time:00:00.15 | Rendering 25 / 64 samples
Fra:72 Mem:102.64M (Peak 115.74M) | Time:00:00.19 | Rendering 50 / 64 samples
Fra:72 Mem:102.64M (Peak 115.74M) | Time:00:00.21 | Rendering 64 / 64 samples
Fra:72 Mem:70.60M (Peak 115.74M) | Time:00:00.23 | Compositing
Append frame 72
Time: 00:00.24 (Saving: 00:00.00)

Fra:73 Mem:102.64M (Peak 115.74M) | Time:00:00.10 | Rendering 1 / 64 samples
Fra:73 Mem:102.64M (Peak 115.74M) | Time:00:00.13 | Rendering 25 / 64 samples
Fra:73 Mem:102.64M (Peak 115.74M) | Time:00:00.17 | Rendering 50 / 64 samples
Fra:73 Mem:102.64M (Peak 115.74M) | Time:00:00.19 | Rendering 64 / 64 samples
Fra:73 Mem:70.60M (Peak 115.74M) | Time:00:00.21 | Compositing
Append frame 73
Time: 00:00.22 (Saving: 00:00.00)

Fra:74 Mem:102.65M (Peak 115.74M) | Time:00:00.14 | Rendering 1 / 64 samples
Fra:74 Mem:102.65M (Peak 115.74M) | Time:00:00.17 | Rendering 25 / 64 samples
Fra:74 Mem:102.65M (Peak 115.74M) | Time:00:00.21 | Rendering 50 / 64 samples
Fra:74 Mem:102.65M (Peak 115.74M) | Time:00:00.23 | Rendering 64 / 64 samples
Fra:74 Mem:70.60M (Peak 115.74M) | Time:00:00.24 | Compositing
Append frame 74
Time: 00:00.26 (Saving: 00:00.01)

Fra:75 Mem:102.65M (Peak 115.74M) | Time:00:00.11 | Rendering 1 / 64 samples
Fra:75 Mem:102.65M (Peak 115.74M) | Time:00:00.15 | Rendering 25 / 64 samples
Fra:75 Mem:102.65M (Peak 115.74M) | Time:00:00.19 | Rendering 50 / 64 samples
Fra:75 Mem:102.65M (Peak 115.74M) | Time:00:00.21 | Rendering 64 / 64 samples
Fra:75 Mem:70.60M (Peak 115.74M) | Time:00:00.22 | Compositing
Append frame 75
Time: 00:00.23 (Saving: 00:00.00)

Fra:76 Mem:102.65M (Peak 115.74M) | Time:00:00.12 | Rendering 1 / 64 samples
Fra:76 Mem:102.65M (Peak 115.74M) | Time:00:00.15 | Rendering 25 / 64 samples
Fra:76 Mem:102.65M (Peak 115.74M) | Time:00:00.19 | Rendering 50 / 64 samples
Fra:76 Mem:102.65M (Peak 115.74M) | Time:00:00.21 | Rendering 64 / 64 samples
Fra:76 Mem:70.60M (Peak 115.74M) | Time:00:00.23 | Compositing
Append frame 76
Time: 00:00.24 (Saving: 00:00.00)

Fra:77 Mem:102.65M (Peak 115.74M) | Time:00:00.09 | Rendering 1 / 64 samples
Fra:77 Mem:102.65M (Peak 115.74M) | Time:00:00.13 | Rendering 25 / 64 samples
Fra:77 Mem:102.65M (Peak 115.74M) | Time:00:00.16 | Rendering 50 / 64 samples
Fra:77 Mem:102.65M (Peak 115.74M) | Time:00:00.18 | Rendering 64 / 64 samples
Fra:77 Mem:70.60M (Peak 115.74M) | Time:00:00.20 | Compositing
Append frame 77
Time: 00:00.21 (Saving: 00:00.00)

Fra:78 Mem:102.65M (Peak 115.74M) | Time:00:00.14 | Rendering 1 / 64 samples
Fra:78 Mem:102.65M (Peak 115.74M) | Time:00:00.17 | Rendering 25 / 64 samples
Fra:78 Mem:102.65M (Peak 115.74M) | Time:00:00.21 | Rendering 50 / 64 samples
Fra:78 Mem:102.65M (Peak 115.74M) | Time:00:00.23 | Rendering 64 / 64 samples
Fra:78 Mem:70.60M (Peak 115.74M) | Time:00:00.25 | Compositing
Append frame 78
Time: 00:00.25 (Saving: 00:00.00)

Fra:79 Mem:102.65M (Peak 115.74M) | Time:00:00.09 | Rendering 1 / 64 samples
Fra:79 Mem:102.65M (Peak 115.74M) | Time:00:00.13 | Rendering 25 / 64 samples
Fra:79 Mem:102.65M (Peak 115.74M) | Time:00:00.17 | Rendering 50 / 64 samples
Fra:79 Mem:102.65M (Peak 115.74M) | Time:00:00.19 | Rendering 64 / 64 samples
Fra:79 Mem:70.60M (Peak 115.74M) | Time:00:00.20 | Compositing
Append frame 79
Time: 00:00.22 (Saving: 00:00.01)

Fra:80 Mem:102.65M (Peak 115.74M) | Time:00:00.12 | Rendering 1 / 64 samples
Fra:80 Mem:102.65M (Peak 115.74M) | Time:00:00.15 | Rendering 25 / 64 samples
Fra:80 Mem:102.65M (Peak 115.74M) | Time:00:00.19 | Rendering 50 / 64 samples
Fra:80 Mem:102.65M (Peak 115.74M) | Time:00:00.21 | Rendering 64 / 64 samples
Fra:80 Mem:70.60M (Peak 115.74M) | Time:00:00.23 | Compositing
Append frame 80
Time: 00:00.24 (Saving: 00:00.00)

Fra:81 Mem:102.65M (Peak 115.74M) | Time:00:00.07 | Rendering 1 / 64 samples
Fra:81 Mem:102.65M (Peak 115.74M) | Time:00:00.11 | Rendering 25 / 64 samples
Fra:81 Mem:102.65M (Peak 115.74M) | Time:00:00.14 | Rendering 50 / 64 samples
Fra:81 Mem:102.65M (Peak 115.74M) | Time:00:00.16 | Rendering 64 / 64 samples
Fra:81 Mem:70.60M (Peak 115.74M) | Time:00:00.18 | Compositing
Append frame 81
Time: 00:00.19 (Saving: 00:00.00)

Fra:82 Mem:102.65M (Peak 115.74M) | Time:00:00.13 | Rendering 1 / 64 samples
Fra:82 Mem:102.65M (Peak 115.74M) | Time:00:00.16 | Rendering 25 / 64 samples
Fra:82 Mem:102.65M (Peak 115.74M) | Time:00:00.20 | Rendering 50 / 64 samples
Fra:82 Mem:102.65M (Peak 115.74M) | Time:00:00.22 | Rendering 64 / 64 samples
Fra:82 Mem:70.60M (Peak 115.74M) | Time:00:00.23 | Compositing
Append frame 82
Time: 00:00.24 (Saving: 00:00.00)

Fra:83 Mem:102.65M (Peak 115.74M) | Time:00:00.12 | Rendering 1 / 64 samples
Fra:83 Mem:102.65M (Peak 115.74M) | Time:00:00.16 | Rendering 25 / 64 samples
Fra:83 Mem:102.65M (Peak 115.74M) | Time:00:00.19 | Rendering 50 / 64 samples
Fra:83 Mem:102.65M (Peak 115.74M) | Time:00:00.22 | Rendering 64 / 64 samples
Fra:83 Mem:70.60M (Peak 115.74M) | Time:00:00.23 | Compositing
Append frame 83
Time: 00:00.24 (Saving: 00:00.00)

Fra:84 Mem:102.65M (Peak 115.74M) | Time:00:00.12 | Rendering 1 / 64 samples
Fra:84 Mem:102.65M (Peak 115.74M) | Time:00:00.16 | Rendering 25 / 64 samples
Fra:84 Mem:102.65M (Peak 115.74M) | Time:00:00.19 | Rendering 50 / 64 samples
Fra:84 Mem:102.65M (Peak 115.74M) | Time:00:00.21 | Rendering 64 / 64 samples
Fra:84 Mem:70.60M (Peak 115.74M) | Time:00:00.24 | Compositing
Append frame 84
Time: 00:00.25 (Saving: 00:00.01)

Fra:85 Mem:102.65M (Peak 115.74M) | Time:00:00.10 | Rendering 1 / 64 samples
Fra:85 Mem:102.65M (Peak 115.74M) | Time:00:00.13 | Rendering 25 / 64 samples
Fra:85 Mem:102.65M (Peak 115.74M) | Time:00:00.17 | Rendering 50 / 64 samples
Fra:85 Mem:102.65M (Peak 115.74M) | Time:00:00.19 | Rendering 64 / 64 samples
Fra:85 Mem:70.60M (Peak 115.74M) | Time:00:00.21 | Compositing
Append frame 85
Time: 00:00.22 (Saving: 00:00.00)

Fra:86 Mem:102.65M (Peak 115.74M) | Time:00:00.14 | Rendering 1 / 64 samples
Fra:86 Mem:102.65M (Peak 115.74M) | Time:00:00.18 | Rendering 25 / 64 samples
Fra:86 Mem:102.65M (Peak 115.74M) | Time:00:00.21 | Rendering 50 / 64 samples
Fra:86 Mem:102.65M (Peak 115.74M) | Time:00:00.23 | Rendering 64 / 64 samples
Fra:86 Mem:70.60M (Peak 115.74M) | Time:00:00.25 | Compositing
Append frame 86
Time: 00:00.26 (Saving: 00:00.00)

Fra:87 Mem:102.65M (Peak 115.74M) | Time:00:00.10 | Rendering 1 / 64 samples
Fra:87 Mem:102.65M (Peak 115.74M) | Time:00:00.13 | Rendering 25 / 64 samples
Fra:87 Mem:102.65M (Peak 115.74M) | Time:00:00.17 | Rendering 50 / 64 samples
Fra:87 Mem:102.65M (Peak 115.74M) | Time:00:00.19 | Rendering 64 / 64 samples
Fra:87 Mem:70.60M (Peak 115.74M) | Time:00:00.20 | Compositing
Append frame 87
Time: 00:00.21 (Saving: 00:00.00)

Fra:88 Mem:102.65M (Peak 115.74M) | Time:00:00.11 | Rendering 1 / 64 samples
Fra:88 Mem:102.65M (Peak 115.74M) | Time:00:00.15 | Rendering 25 / 64 samples
Fra:88 Mem:102.65M (Peak 115.74M) | Time:00:00.18 | Rendering 50 / 64 samples
Fra:88 Mem:102.65M (Peak 115.74M) | Time:00:00.20 | Rendering 64 / 64 samples
Fra:88 Mem:70.60M (Peak 115.74M) | Time:00:00.23 | Compositing
Append frame 88
Time: 00:00.24 (Saving: 00:00.01)

Fra:89 Mem:102.65M (Peak 115.74M) | Time:00:00.12 | Rendering 1 / 64 samples
Fra:89 Mem:102.65M (Peak 115.74M) | Time:00:00.15 | Rendering 25 / 64 samples
Fra:89 Mem:102.65M (Peak 115.74M) | Time:00:00.19 | Rendering 50 / 64 samples
Fra:89 Mem:102.65M (Peak 115.74M) | Time:00:00.21 | Rendering 64 / 64 samples
Fra:89 Mem:70.60M (Peak 115.74M) | Time:00:00.23 | Compositing
Append frame 89
Time: 00:00.24 (Saving: 00:00.00)

Fra:90 Mem:102.65M (Peak 115.74M) | Time:00:00.13 | Rendering 1 / 64 samples
Fra:90 Mem:102.65M (Peak 115.74M) | Time:00:00.17 | Rendering 25 / 64 samples
Fra:90 Mem:102.65M (Peak 115.74M) | Time:00:00.20 | Rendering 50 / 64 samples
Fra:90 Mem:102.65M (Peak 115.74M) | Time:00:00.22 | Rendering 64 / 64 samples
Fra:90 Mem:70.60M (Peak 115.74M) | Time:00:00.24 | Compositing
Append frame 90
Time: 00:00.25 (Saving: 00:00.00)

Fra:91 Mem:102.65M (Peak 115.74M) | Time:00:00.12 | Rendering 1 / 64 samples
Fra:91 Mem:102.65M (Peak 115.74M) | Time:00:00.16 | Rendering 25 / 64 samples
Fra:91 Mem:102.65M (Peak 115.74M) | Time:00:00.20 | Rendering 50 / 64 samples
Fra:91 Mem:102.65M (Peak 115.74M) | Time:00:00.22 | Rendering 64 / 64 samples
Fra:91 Mem:70.60M (Peak 115.74M) | Time:00:00.23 | Compositing
Append frame 91
Time: 00:00.25 (Saving: 00:00.00)

Fra:92 Mem:102.65M (Peak 115.74M) | Time:00:00.12 | Rendering 1 / 64 samples
Fra:92 Mem:102.65M (Peak 115.74M) | Time:00:00.16 | Rendering 25 / 64 samples
Fra:92 Mem:102.65M (Peak 115.74M) | Time:00:00.19 | Rendering 50 / 64 samples
Fra:92 Mem:102.65M (Peak 115.74M) | Time:00:00.21 | Rendering 64 / 64 samples
Fra:92 Mem:70.60M (Peak 115.74M) | Time:00:00.23 | Compositing
Append frame 92
Time: 00:00.24 (Saving: 00:00.00)

Fra:93 Mem:102.65M (Peak 115.74M) | Time:00:00.11 | Rendering 1 / 64 samples
Fra:93 Mem:102.65M (Peak 115.74M) | Time:00:00.15 | Rendering 25 / 64 samples
Fra:93 Mem:102.65M (Peak 115.74M) | Time:00:00.18 | Rendering 50 / 64 samples
Fra:93 Mem:102.65M (Peak 115.74M) | Time:00:00.20 | Rendering 64 / 64 samples
Fra:93 Mem:70.60M (Peak 115.74M) | Time:00:00.22 | Compositing
Append frame 93
Time: 00:00.23 (Saving: 00:00.00)

Fra:94 Mem:102.65M (Peak 115.74M) | Time:00:00.09 | Rendering 1 / 64 samples
Fra:94 Mem:102.65M (Peak 115.74M) | Time:00:00.12 | Rendering 25 / 64 samples
Fra:94 Mem:102.65M (Peak 115.74M) | Time:00:00.16 | Rendering 50 / 64 samples
Fra:94 Mem:102.65M (Peak 115.74M) | Time:00:00.18 | Rendering 64 / 64 samples
Fra:94 Mem:70.60M (Peak 115.74M) | Time:00:00.20 | Compositing
Append frame 94
Time: 00:00.20 (Saving: 00:00.00)

Fra:95 Mem:102.65M (Peak 115.74M) | Time:00:00.14 | Rendering 1 / 64 samples
Fra:95 Mem:102.65M (Peak 115.74M) | Time:00:00.17 | Rendering 25 / 64 samples
Fra:95 Mem:102.65M (Peak 115.74M) | Time:00:00.21 | Rendering 50 / 64 samples
Fra:95 Mem:102.65M (Peak 115.74M) | Time:00:00.23 | Rendering 64 / 64 samples
Fra:95 Mem:70.60M (Peak 115.74M) | Time:00:00.24 | Compositing
Append frame 95
Time: 00:00.26 (Saving: 00:00.01)

Fra:96 Mem:102.65M (Peak 115.74M) | Time:00:00.12 | Rendering 1 / 64 samples
Fra:96 Mem:102.65M (Peak 115.74M) | Time:00:00.15 | Rendering 25 / 64 samples
Fra:96 Mem:102.65M (Peak 115.74M) | Time:00:00.19 | Rendering 50 / 64 samples
Fra:96 Mem:102.65M (Peak 115.74M) | Time:00:00.21 | Rendering 64 / 64 samples
Fra:96 Mem:70.60M (Peak 115.74M) | Time:00:00.22 | Compositing
Append frame 96
Time: 00:00.23 (Saving: 00:00.00)

Fra:97 Mem:102.65M (Peak 115.74M) | Time:00:00.12 | Rendering 1 / 64 samples
Fra:97 Mem:102.65M (Peak 115.74M) | Time:00:00.15 | Rendering 25 / 64 samples
Fra:97 Mem:102.65M (Peak 115.74M) | Time:00:00.19 | Rendering 50 / 64 samples
Fra:97 Mem:102.65M (Peak 115.74M) | Time:00:00.21 | Rendering 64 / 64 samples
Fra:97 Mem:70.60M (Peak 115.74M) | Time:00:00.23 | Compositing
Append frame 97
Time: 00:00.24 (Saving: 00:00.00)

Fra:98 Mem:102.65M (Peak 115.74M) | Time:00:00.09 | Rendering 1 / 64 samples
Fra:98 Mem:102.65M (Peak 115.74M) | Time:00:00.13 | Rendering 25 / 64 samples
Fra:98 Mem:102.65M (Peak 115.74M) | Time:00:00.17 | Rendering 50 / 64 samples
Fra:98 Mem:102.65M (Peak 115.74M) | Time:00:00.19 | Rendering 64 / 64 samples
Fra:98 Mem:70.60M (Peak 115.74M) | Time:00:00.20 | Compositing
Append frame 98
Time: 00:00.21 (Saving: 00:00.00)

Fra:99 Mem:102.65M (Peak 115.74M) | Time:00:00.14 | Rendering 1 / 64 samples
Fra:99 Mem:102.65M (Peak 115.74M) | Time:00:00.17 | Rendering 25 / 64 samples
Fra:99 Mem:102.65M (Peak 115.74M) | Time:00:00.21 | Rendering 50 / 64 samples
Fra:99 Mem:102.65M (Peak 115.74M) | Time:00:00.23 | Rendering 64 / 64 samples
Fra:99 Mem:70.60M (Peak 115.74M) | Time:00:00.25 | Compositing
Append frame 99
Time: 00:00.26 (Saving: 00:00.01)

Fra:100 Mem:102.65M (Peak 115.74M) | Time:00:00.14 | Rendering 1 / 64 samples
Fra:100 Mem:102.65M (Peak 115.74M) | Time:00:00.18 | Rendering 25 / 64 samples
Fra:100 Mem:102.65M (Peak 115.74M) | Time:00:00.21 | Rendering 50 / 64 samples
Fra:100 Mem:102.65M (Peak 115.74M) | Time:00:00.24 | Rendering 64 / 64 samples
Fra:100 Mem:70.60M (Peak 115.74M) | Time:00:00.26 | Compositing
Append frame 100
Time: 00:00.27 (Saving: 00:00.00)

Fra:101 Mem:102.65M (Peak 115.74M) | Time:00:00.12 | Rendering 1 / 64 samples
Fra:101 Mem:102.65M (Peak 115.74M) | Time:00:00.16 | Rendering 25 / 64 samples
Fra:101 Mem:102.65M (Peak 115.74M) | Time:00:00.19 | Rendering 50 / 64 samples
Fra:101 Mem:102.65M (Peak 115.74M) | Time:00:00.21 | Rendering 64 / 64 samples
Fra:101 Mem:70.60M (Peak 115.74M) | Time:00:00.23 | Compositing
Append frame 101
Time: 00:00.24 (Saving: 00:00.00)

Fra:102 Mem:102.65M (Peak 115.74M) | Time:00:00.11 | Rendering 1 / 64 samples
Fra:102 Mem:102.65M (Peak 115.74M) | Time:00:00.15 | Rendering 25 / 64 samples
Fra:102 Mem:102.65M (Peak 115.74M) | Time:00:00.18 | Rendering 50 / 64 samples
Fra:102 Mem:102.65M (Peak 115.74M) | Time:00:00.20 | Rendering 64 / 64 samples
Fra:102 Mem:70.60M (Peak 115.74M) | Time:00:00.22 | Compositing
Append frame 102
Time: 00:00.23 (Saving: 00:00.00)

Fra:103 Mem:102.65M (Peak 115.74M) | Time:00:00.14 | Rendering 1 / 64 samples
Fra:103 Mem:102.65M (Peak 115.74M) | Time:00:00.17 | Rendering 25 / 64 samples
Fra:103 Mem:102.65M (Peak 115.74M) | Time:00:00.21 | Rendering 50 / 64 samples
Fra:103 Mem:102.65M (Peak 115.74M) | Time:00:00.23 | Rendering 64 / 64 samples
Fra:103 Mem:70.60M (Peak 115.74M) | Time:00:00.24 | Compositing
Append frame 103
Time: 00:00.26 (Saving: 00:00.01)

Fra:104 Mem:102.65M (Peak 115.74M) | Time:00:00.12 | Rendering 1 / 64 samples
Fra:104 Mem:102.65M (Peak 115.74M) | Time:00:00.15 | Rendering 25 / 64 samples
Fra:104 Mem:102.65M (Peak 115.74M) | Time:00:00.19 | Rendering 50 / 64 samples
Fra:104 Mem:102.65M (Peak 115.74M) | Time:00:00.21 | Rendering 64 / 64 samples
Fra:104 Mem:70.60M (Peak 115.74M) | Time:00:00.22 | Compositing
Append frame 104
Time: 00:00.23 (Saving: 00:00.00)

MP4_DONE I:\工作项目\BIGMANFIGHT\角色资产\美术资产\bigman_v001\previews\anim\Skill_03_three_quarter.mp4

Blender quit
Error: Not freed memory blocks: 1, total unfreed memory 0.000008 MB
