C11_LAYOUT {"total_frames": 104, "seconds": 1.733, "ease_end": 4, "coil_end": 16, "coil_hold_end": 19, "rel_end": 23, "hit": 46, "hold_end": 49, "plant": 52, "settle": 92, "cancel": 96, "spin_steps": 23, "spin_turn_deg": 360.0, "coil_deg": -30.0, "pelvis_world_turn_deg": 390.0, "pivot_key": ["Shoe_Sole_R", 141], "pivot_world_mm": [-147.579, -65.568, 12.327], "pelvis_z0_mm": 830.0, "ankle0_mm": {"L": [143.18, -169.57, 79.76], "R": [-141.58, 140.43, 79.83]}, "idle_hand_mm": {"L": [144.52, -307.73, 1271.06], "R": [-129.58, -273.48, 1298.18]}, "note": "旋转重拳：16 帧反相拧身（骨盆局部 yaw -30° 而头只看 −16°）→ 反相停顿 3 帧 → 4 帧髋部释放 → 23 步转体出拳（root yaw 0→360°，峰值角速度在第 28 帧）→ 命停 4 帧→ 收招回「战斗待机」。骨盆世界 yaw 累计 390° 全程单向。"}
C11_BLEND {"delta_deg": {"chest": 9.861, "foot.L": 9.701, "foot.R": 6.319, "forearm.L": 11.749, "forearm.R": 44.603, "hand.L": 21.177, "hand.R": 24.558, "head": 10.847, "index_01.L": 0.0, "index_01.R": 0.0, "index_02.L": 0.0, "index_02.R": 0.0, "index_03.L": 0.0, "index_03.R": 0.0, "middle_01.L": 0.0, "middle_01.R": 0.0, "middle_02.L": 0.0, "middle_02.R": 0.0, "middle_03.L": 0.0, "middle_03.R": 0.0, "neck": 10.847, "pelvis": 4.93, "pinky_01.L": 0.0, "pinky_01.R": 0.0, "pinky_02.L": 0.0, "pinky_02.R": 0.0, "pinky_03.L": 0.0, "pinky_03.R": 0.0, "ring_01.L": 0.0, "ring_01.R": 0.0, "ring_02.L": 0.0, "ring_02.R": 0.0, "ring_03.L": 0.0, "ring_03.R": 0.0, "root": 0.0, "shin.L": 19.131, "shin.R": 11.71, "shoulder.L": 3.944, "shoulder.R": 3.944, "spine_01": 7.889, "spine_02": 7.889, "thigh.L": 8.378, "thigh.R": 10.284, "thumb_01.L": 0.0, "thumb_01.R": 0.0, "thumb_02.L": 0.0, "thumb_02.R": 0.0, "thumb_03.L": 0.0, "thumb_03.R": 0.0, "upperarm.L": 41.009, "upperarm.R": 59.288}}
C11_SPEED_DIAG {"part": "hip", "peak_mmps": 2075.5, "peak_frame": 29, "top": [[29, 2075.5], [30, 2075.3], [31, 2036.4], [28, 1998.0], [32, 1984.6], [33, 1919.7], [34, 1841.9], [27, 1790.1]], "window": [[18, 0.0], [19, 0.0], [20, 455.8], [21, 1001.7], [22, 1001.7], [23, 455.8], [24, 555.2], [25, 1030.2], [26, 1450.5], [27, 1790.1], [28, 1998.0], [29, 2075.5], [30, 2075.3], [31, 2036.4], [32, 1984.6], [33, 1919.7], [34, 1841.9], [35, 1750.9], [36, 1659.7], [37, 1555.4], [38, 1450.8], [39, 1346.1], [40, 1241.1], [41, 1136.0], [42, 1030.7], [43, 912.0], [44, 793.1], [45, 660.9], [46, 475.9], [47, 0.0], [48, 0.0], [49, 0.0], [50, 155.6], [51, 288.9], [52, 155.6], [53, 63.6]]}
C11_SPEED_DIAG {"part": "shoulder", "peak_mmps": 2241.3, "peak_frame": 33, "top": [[33, 2241.3], [32, 2191.7], [34, 2138.5], [35, 2011.2], [31, 2011.0], [36, 1933.2], [37, 1835.7], [30, 1748.1]], "window": [[18, 0.0], [19, 0.0], [20, 562.2], [21, 1211.8], [22, 1181.1], [23, 527.9], [24, 381.5], [25, 790.0], [26, 1034.4], [27, 1148.9], [28, 1258.3], [29, 1468.2], [30, 1748.1], [31, 2011.0], [32, 2191.7], [33, 2241.3], [34, 2138.5], [35, 2011.2], [36, 1933.2], [37, 1835.7], [38, 1733.4], [39, 1626.2], [40, 1514.4], [41, 1398.1], [42, 1277.6], [43, 1136.9], [44, 992.6], [45, 828.8], [46, 596.4], [47, 0.0], [48, 0.0], [49, 0.0], [50, 159.7], [51, 301.8], [52, 181.8], [53, 257.7]]}
C11_SPEED_DIAG {"part": "fist", "peak_mmps": 12345.0, "peak_frame": 33, "top": [[33, 12345.0], [34, 12289.0], [32, 12258.5], [35, 12080.4], [31, 12038.8], [36, 11789.2], [30, 11777.3], [29, 11358.5]], "window": [[18, 356.7], [19, 783.0], [20, 2957.7], [21, 4878.9], [22, 5229.9], [23, 3789.8], [24, 4126.6], [25, 5872.1], [26, 7625.5], [27, 9278.9], [28, 10563.6], [29, 11358.5], [30, 11777.3], [31, 12038.8], [32, 12258.5], [33, 12345.0], [34, 12289.0], [35, 12080.4], [36, 11789.2], [37, 11331.4], [38, 10784.0], [39, 10224.1], [40, 9662.7], [41, 9031.3], [42, 8343.3], [43, 7518.2], [44, 6650.2], [45, 5650.9], [46, 4246.1], [47, 0.0], [48, 0.0], [49, 0.0], [50, 769.1], [51, 866.8], [52, 942.0], [53, 713.6]]}
C11_SPEED_DIAG {"part": "pelvis", "peak_mmps": 3840.7, "peak_frame": 29, "top": [[29, 3840.7], [30, 3840.6], [31, 3768.6], [28, 3696.9], [32, 3672.6], [33, 3552.5], [34, 3408.1], [27, 3311.9]], "window": [[18, 0.0], [19, 0.0], [20, 112.5], [21, 247.5], [22, 247.5], [23, 112.5], [24, 1027.3], [25, 1905.8], [26, 2683.4], [27, 3311.9], [28, 3696.9], [29, 3840.7], [30, 3840.6], [31, 3768.6], [32, 3672.6], [33, 3552.5], [34, 3408.1], [35, 3239.5], [36, 3070.6], [37, 2877.2], [38, 2683.6], [39, 2489.6], [40, 2295.4], [41, 2100.9], [42, 1906.1], [43, 1686.7], [44, 1467.1], [45, 1222.8], [46, 880.6], [47, 0.0], [48, 0.0], [49, 0.0], [50, 155.6], [51, 288.9], [52, 155.6], [53, 63.6]]}
C11_PLANT_DIAG {"f": 52, "dL": 0.0, "dR": 0.0, "zL": 79.38, "zR": 81.255, "soleL": 0.0, "soleR": -0.0}
C11_PLANT_DIAG {"f": 53, "dL": 0.049, "dR": 0.006, "zL": 79.429, "zR": 81.249, "soleL": 0.073, "soleR": 0.006}
C11_PLANT_DIAG {"f": 54, "dL": 0.046, "dR": 0.013, "zL": 79.425, "zR": 81.242, "soleL": 0.103, "soleR": 0.012}
C11_PLANT_DIAG {"f": 55, "dL": 0.005, "dR": 0.019, "zL": 79.375, "zR": 81.236, "soleL": 0.096, "soleR": 0.018}
C11_PLANT_DIAG {"f": 56, "dL": 0.102, "dR": 0.026, "zL": 79.278, "zR": 81.229, "soleL": 0.052, "soleR": 0.023}
C11_PLANT_DIAG {"f": 57, "dL": 0.171, "dR": 0.033, "zL": 79.209, "zR": 81.222, "soleL": 0.045, "soleR": 0.028}
C11_PLANT_DIAG {"f": 58, "dL": 0.199, "dR": 0.041, "zL": 79.181, "zR": 81.214, "soleL": 0.06, "soleR": 0.033}
C11_PLANT_DIAG {"f": 59, "dL": 0.727, "dR": 0.048, "zL": 80.107, "zR": 81.207, "soleL": 1.021, "soleR": 0.038}
C11_PLANT_DIAG {"f": 60, "dL": 2.066, "dR": 0.056, "zL": 81.446, "zR": 81.199, "soleL": 2.406, "soleR": 0.043}
C11_PLANT_DIAG {"f": 61, "dL": 3.713, "dR": 0.064, "zL": 83.093, "zR": 81.191, "soleL": 4.061, "soleR": 0.047}
C11_PLANT_DIAG {"f": 62, "dL": 5.29, "dR": 0.073, "zL": 84.67, "zR": 81.182, "soleL": 5.6, "soleR": 0.051}
C11_PLANT_DIAG {"f": 63, "dL": 6.351, "dR": 0.081, "zL": 85.731, "zR": 81.174, "soleL": 6.609, "soleR": 0.055}
C11_PLANT_DIAG {"f": 64, "dL": 6.424, "dR": 0.09, "zL": 85.804, "zR": 81.165, "soleL": 6.661, "soleR": 0.058}
C11_PLANT_DIAG {"f": 65, "dL": 5.997, "dR": 0.099, "zL": 85.377, "zR": 81.156, "soleL": 6.253, "soleR": 0.061}
C11_PLANT_DIAG {"f": 66, "dL": 5.566, "dR": 0.108, "zL": 84.946, "zR": 81.147, "soleL": 5.843, "soleR": 0.064}
C11_PLANT_DIAG {"f": 67, "dL": 5.065, "dR": 0.124, "zL": 84.445, "zR": 81.131, "soleL": 5.364, "soleR": 0.061}
C11_PLANT_DIAG {"f": 68, "dL": 4.451, "dR": 0.153, "zL": 83.83, "zR": 81.102, "soleL": 4.777, "soleR": 0.045}
C11_PLANT_DIAG {"f": 69, "dL": 3.76, "dR": 0.194, "zL": 83.14, "zR": 81.061, "soleL": 4.117, "soleR": 0.016}
C11_PLANT_DIAG {"f": 70, "dL": 3.026, "dR": 0.248, "zL": 82.405, "zR": 81.008, "soleL": 3.41, "soleR": -0.025}
C11_PLANT_DIAG {"f": 71, "dL": 2.279, "dR": 0.312, "zL": 81.657, "zR": 80.944, "soleL": 2.69, "soleR": -0.076}
C11_PLANT_DIAG {"f": 72, "dL": 1.546, "dR": 0.386, "zL": 80.92, "zR": 80.871, "soleL": 1.981, "soleR": -0.136}
C11_PLANT_DIAG {"f": 73, "dL": 0.887, "dR": 0.468, "zL": 80.243, "zR": 80.789, "soleL": 1.331, "soleR": -0.205}
C11_PLANT_DIAG {"f": 74, "dL": 0.366, "dR": 0.556, "zL": 79.621, "zR": 80.702, "soleL": 0.736, "soleR": -0.28}
C11_PLANT_DIAG {"f": 75, "dL": 0.478, "dR": 0.649, "zL": 79.058, "zR": 80.609, "soleL": 0.199, "soleR": -0.359}
C11_PLANT_DIAG {"f": 76, "dL": 0.887, "dR": 0.744, "zL": 78.605, "zR": 80.515, "soleL": -0.23, "soleR": -0.44}
C11_PLANT_DIAG {"f": 77, "dL": 1.263, "dR": 0.84, "zL": 78.224, "zR": 80.42, "soleL": -0.59, "soleR": -0.523}
C11_PLANT_DIAG {"f": 78, "dL": 1.554, "dR": 0.934, "zL": 77.936, "zR": 80.326, "soleL": -0.857, "soleR": -0.604}
C11_PLANT_DIAG {"f": 79, "dL": 1.698, "dR": 1.025, "zL": 77.803, "zR": 80.235, "soleL": -0.974, "soleR": -0.683}
C11_PLANT_DIAG {"f": 80, "dL": 1.79, "dR": 1.111, "zL": 77.72, "zR": 80.149, "soleL": -1.041, "soleR": -0.756}
C11_PLANT_DIAG {"f": 81, "dL": 1.828, "dR": 1.19, "zL": 77.69, "zR": 80.069, "soleL": -1.059, "soleR": -0.823}
C11_PLANT_DIAG {"f": 82, "dL": 1.812, "dR": 1.262, "zL": 77.71, "zR": 79.997, "soleL": -1.028, "soleR": -0.883}
C11_PLANT_DIAG {"f": 83, "dL": 1.743, "dR": 1.324, "zL": 77.779, "zR": 79.935, "soleL": -0.949, "soleR": -0.935}
C11_PLANT_DIAG {"f": 84, "dL": 1.623, "dR": 1.377, "zL": 77.896, "zR": 79.882, "soleL": -0.825, "soleR": -0.976}
C11_PLANT_DIAG {"f": 85, "dL": 1.452, "dR": 1.418, "zL": 78.063, "zR": 79.839, "soleL": -0.653, "soleR": -1.008}
C11_PLANT_DIAG {"f": 86, "dL": 1.238, "dR": 1.449, "zL": 78.267, "zR": 79.808, "soleL": -0.444, "soleR": -1.029}
C11_PLANT_DIAG {"f": 87, "dL": 0.991, "dR": 1.468, "zL": 78.503, "zR": 79.788, "soleL": -0.205, "soleR": -1.039}
C11_PLANT_DIAG {"f": 88, "dL": 0.719, "dR": 1.477, "zL": 78.764, "zR": 79.779, "soleL": 0.058, "soleR": -1.038}
C11_PLANT_DIAG {"f": 89, "dL": 0.436, "dR": 1.476, "zL": 79.039, "zR": 79.78, "soleL": 0.333, "soleR": -1.029}
C11_PLANT_DIAG {"f": 90, "dL": 0.184, "dR": 1.465, "zL": 79.315, "zR": 79.79, "soleL": 0.609, "soleR": -1.01}
C11_PLANT_DIAG {"f": 91, "dL": 0.206, "dR": 1.447, "zL": 79.571, "zR": 79.808, "soleL": 0.865, "soleR": -0.986}
C11_PLANT_DIAG {"f": 92, "dL": 0.381, "dR": 1.428, "zL": 79.76, "zR": 79.827, "soleL": 1.055, "soleR": -0.962}
C11_PLANT_DIAG {"f": 93, "dL": 0.381, "dR": 1.428, "zL": 79.76, "zR": 79.827, "soleL": 1.055, "soleR": -0.962}
C11_PLANT_DIAG {"f": 94, "dL": 0.381, "dR": 1.428, "zL": 79.76, "zR": 79.827, "soleL": 1.055, "soleR": -0.962}
C11_PLANT_DIAG {"f": 95, "dL": 0.381, "dR": 1.428, "zL": 79.76, "zR": 79.827, "soleL": 1.055, "soleR": -0.962}
C11_PLANT_DIAG {"f": 96, "dL": 0.381, "dR": 1.428, "zL": 79.76, "zR": 79.827, "soleL": 1.055, "soleR": -0.962}
C11_PLANT_DIAG {"f": 97, "dL": 0.381, "dR": 1.428, "zL": 79.76, "zR": 79.827, "soleL": 1.055, "soleR": -0.962}
C11_PLANT_DIAG {"f": 98, "dL": 0.381, "dR": 1.428, "zL": 79.76, "zR": 79.827, "soleL": 1.055, "soleR": -0.962}
C11_PLANT_DIAG {"f": 99, "dL": 0.381, "dR": 1.428, "zL": 79.76, "zR": 79.827, "soleL": 1.055, "soleR": -0.962}
C11_PLANT_DIAG {"f": 100, "dL": 0.381, "dR": 1.428, "zL": 79.76, "zR": 79.827, "soleL": 1.055, "soleR": -0.962}
C11_PLANT_DIAG {"f": 101, "dL": 0.381, "dR": 1.428, "zL": 79.76, "zR": 79.827, "soleL": 1.055, "soleR": -0.962}
C11_PLANT_DIAG {"f": 102, "dL": 0.381, "dR": 1.428, "zL": 79.76, "zR": 79.827, "soleL": 1.055, "soleR": -0.962}
C11_PLANT_DIAG {"f": 103, "dL": 0.381, "dR": 1.428, "zL": 79.76, "zR": 79.827, "soleL": 1.055, "soleR": -0.962}
C11_PLANT_DIAG {"f": 104, "dL": 0.381, "dR": 1.428, "zL": 79.76, "zR": 79.827, "soleL": 1.055, "soleR": -0.962}
C11_REPORT {"loop_seamless": null, "ground_min_mm": -1.06, "ground_contact_ok": true, "max_frame_step_deg": 24.558, "max_frame_step_at": [1, "hand.R"], "no_teleport": true, "bone_travel_mm": {"pelvis": 326.86, "chest": 305.21, "head": 330.45, "hand.L": 729.52, "hand.R": 623.35}, "skill_start_delta_deg": 0.0, "skill_start_ok": true, "windup_turn_deg": -30.0, "windup_monotone_ok": true, "windup_turn_ok": true, "spin_turn_deg": 390.0, "spin_monotone_ok": true, "spin_turn_ok": true, "spin_end_yaw_deg": 0.0, "spin_end_yaw_ok": true, "spin_peak_step_deg": 22.862, "spin_peak_frame": 30, "spin_peak_plateau": [29, 30], "spin_peak_allow_frame": 30.67, "spin_peak_early_ok": true, "spin_hit_step_deg": 5.209, "spin_hit_ratio": 0.2278, "spin_decel_ok": true, "spin_accel_ok": true, "spin_speed_ok": true, "foot_pivot_drift_mm": 0.004, "foot_pivot_drift_at": 19, "foot_pivot_ok": true, "plant_L_pre_mm": 1.06, "plant_R_pre_mm": 1.606, "plant_L_post_mm": 6.424, "plant_R_post_mm": 1.477, "plant_ok": false, "chain_peak_mmps": {"hip": 2075.5, "shoulder": 2241.3, "fist": 12345.0}, "chain_peak_frame": {"hip": 29, "shoulder": 33, "fist": 33}, "chain_window_peak_mmps": {"hip": 2075.5, "shoulder": 2241.3, "fist": 12345.0}, "chain_window_frame": {"hip": 29, "shoulder": 33, "fist": 33}, "chain_order_ok": true, "chain_window_order_ok": true, "chain_magnitude_ok": true, "chain_in_window_ok": true, "punch_chain_ok": true, "hit_glove_front_mm": {"L": -297.0, "R": -662.42}, "punch_front_lead_mm": 365.42, "punch_frontmost_ok": true, "root_span_h_mm": 453.78, "root_span_z_mm": 54.0, "root_motion_ok": true, "windup_frames": 12, "windup_time_ok": true, "swing_lift_mm": 237.43, "swing_lift_ok": true, "leg_reach_worst_ratio": 0.93857, "leg_reach_worst_at": [1, "L"], "leg_reach_ok": true, "arm_clamp": {"L": {"any": false, "worst_frame": 1, "worst_ratio": 0.38932, "worst_over_mm": 0.0, "limit_mm": 649.675}, "R": {"any": false, "worst_frame": 48, "worst_ratio": 0.81214, "worst_over_mm": 0.0, "limit_mm": 649.675}}, "arm_reach_ok": true, "hitstop_frames": 4, "hitstop_worst_step_deg": 0.0, "hitstop_ok": true, "end_pose_delta_mm": 0.0001, "end_pose_ok": true, "low_bad_frames": {}, "meta": {"anim_id": "Skill_03", "loop": false, "category": "连招与特殊技", "note": "旋转重拳：反相拧身 → 髋部释放 → 360° 单向转体出拳 → 命停 4 帧→ 收招。骨盆世界 yaw 累计 390°。", "antic_frame": 16, "hit_frame": 46, "cancel_frame": 96, "hitstop_frames": 4, "root_motion_m": [0.0, 0.0], "inherit_from": null, "segments": {"ease": [0, 4], "coil": [4, 16], "coil_hold": [16, 19], "release": [19, 23], "spin": [23, 46], "hitstop": [46, 49], "recover": [49, 104]}, "spin_axis": "world +Z (root.rotation_euler.y)", "spin_turn_deg": 360.0, "pelvis_world_turn_deg": 390.0, "pivot_foot": "R", "pivot_vertex": ["Shoe_Sole_R", 141], "pivot_world_m": [-0.147579, -0.065568, 0.012327], "punch_side": "R", "end_pose_deg": {"chest": [1.0, 0.0, 0.0], "eye.L": [0.0, 0.0, 0.0], "eye.R": [0.0, 0.0, 0.0], "foot.L": [-7.6839, -3.9838, 1.439], "foot.R": [-31.959, 4.5114, 0.2636], "forearm.L": [5.1333, 13.2682, -137.8453], "forearm.R": [2.7012, -8.9002, 146.2917], "glasses": [0.0, 0.0, 0.0], "hand.L": [2.5403, -0.475, 21.1772], "hand.R": [8.5064, 1.8547, -24.5583], "head": [5.0, 0.0, 0.0], "index_01.L": [-78.0, 0.0, 0.0], "index_01.R": [-78.0, 0.0, 0.0], "index_02.L": [-88.0, 0.0, 0.0], "index_02.R": [-88.0, 0.0, 0.0], "index_03.L": [-62.0, 0.0, 0.0], "index_03.R": [-62.0, 0.0, 0.0], "jaw": [0.0, 0.0, 0.0], "middle_01.L": [-78.0, 0.0, 0.0], "middle_01.R": [-78.0, 0.0, 0.0], "middle_02.L": [-88.0, 0.0, 0.0], "middle_02.R": [-88.0, 0.0, 0.0], "middle_03.L": [-62.0, 0.0, 0.0], "middle_03.R": [-62.0, 0.0, 0.0], "neck": [-6.0, 0.0, 0.0], "pelvis": [4.0, 0.0, 0.0], "pinky_01.L": [-78.0, 0.0, 0.0], "pinky_01.R": [-78.0, 0.0, 0.0], "pinky_02.L": [-88.0, 0.0, 0.0], "pinky_02.R": [-88.0, 0.0, 0.0], "pinky_03.L": [-62.0, 0.0, 0.0], "pinky_03.R": [-62.0, 0.0, 0.0], "ring_01.L": [-78.0, 0.0, 0.0], "ring_01.R": [-78.0, 0.0, 0.0], "ring_02.L": [-88.0, 0.0, 0.0], "ring_02.R": [-88.0, 0.0, 0.0], "ring_03.L": [-62.0, 0.0, 0.0], "ring_03.R": [-62.0, 0.0, 0.0], "root": [0.0, 360.0, 0.0], "shin.L": [40.5875, 0.0, 0.0], "shin.R": [42.9554, 0.0, 0.0], "shoulder.L": [-18.0, 0.0, 0.0], "shoulder.R": [-18.0, 0.0, 0.0], "spine_01": [2.0, 0.0, 0.0], "spine_02": [2.0, 0.0, 0.0], "thigh.L": [-37.0837, 0.0, -4.3], "thigh.R": [-14.9865, 0.0, 4.3], "thumb_01.L": [-34.0, 0.0, 0.0], "thumb_01.R": [-34.0, 0.0, 0.0], "thumb_02.L": [-26.0, 0.0, 0.0], "thumb_02.R": [-26.0, 0.0, 0.0], "thumb_03.L": [-22.0, 0.0, 0.0], "thumb_03.R": [-22.0, 0.0, 0.0], "toe.L": [0.0, 0.0, 0.0], "toe.R": [0.0, 0.0, 0.0], "upperarm.L": [-50.2361, -13.165, -27.6556], "upperarm.R": [-50.0546, 15.1944, 31.8868]}, "fps": 60, "frames": [0, 104]}, "failed": ["plant_ok"], "non_ok_bools": []}
C11_DONE failed=['plant_ok']
C11_DONE non_ok_bools=[]
Blender 4.5.0 (hash 8cb6b388974a built 2025-07-15 01:36:24)
Read blend: "I:\工作项目\BIGMANFIGHT\角色资产\美术资产\bigman_v001\bigman_anim_v001.blend"

Blender quit
Error: Not freed memory blocks: 1, total unfreed memory 0.000008 MB
