C13_LAYOUT {"total_frames": 120, "seconds": 2.0, "hits": [8, 22, 32, 62], "hitstop_end": [10, 24, 34, 65], "strike_start": [4, 17, 26, 56], "seg_len": [8, 14, 10, 30], "drive": ["R", "L", "R", "R"], "quiet": [11, 15], "charge_hold": [50, 53], "recover": 78, "settle_end": 112, "cancel": 106, "pelvis_z0_mm": 830.0, "ankle0_mm": {"L": [143.18, -169.57, 79.76], "R": [-141.58, 140.43, 79.83]}, "idle_hand_mm": {"L": [144.52, -307.73, 1271.06], "R": [-129.58, -273.48, 1298.18]}, "note": "大招攻击：4 段重击（刺拳/摆拳/上勾/全身下砸），间隔 [8, 14, 10, 30]，CV 0.558；每段命中 3~4 帧逐位冻结；原地连招、骨盆前压承担位移。"}
C13_CHAIN seg=1 side=R window=[1,8] hit=8
  f1   foot=    64 leg=   579 hip=   414 waist=   789 shoulder=   506 hand=  1154 d= 218/   1 r=0.34
  f2   foot=     4 leg=   422 hip=   370 waist=   723 shoulder=   436 hand=  1835 d= 198/   1 r=0.31
  f3   foot=  1557 leg=  1746 hip=   324 waist=   655 shoulder=   371 hand=  1834 d= 190/   1 r=0.29
  f4   foot=   378 leg=   444 hip=   290 waist=   984 shoulder=   554 hand=  2078 d= 209/   1 r=0.32
  f5   foot=   453 leg=   348 hip=   248 waist=  1114 shoulder=   679 hand=  2875 d= 239/   1 r=0.37
  f6   foot=   684 leg=   666 hip=  1248 waist=  1995 shoulder=  1660 hand=  4390 d= 274/   1 r=0.42
  f7   foot=   485 leg=   856 hip=  2272 waist=  2880 shoulder=  2699 hand=  4031 d= 290/   1 r=0.45
  f8   foot=   268 leg=   372 hip=  1221 waist=  1470 shoulder=  1422 hand=  1768 d= 295/   1 r=0.45
C13_CHAIN seg=2 side=L window=[9,22] hit=22
  f9   foot=     0 leg=     0 hip=     0 waist=     0 shoulder=     0 hand=     0 d=  91/   1 r=0.14
  f10  foot=     0 leg=     0 hip=     0 waist=     0 shoulder=     0 hand=     0 d=  91/   1 r=0.14
  f11  foot=     8 leg=   666 hip=   591 waist=  1397 shoulder=  1667 hand=   404 d= 100/   1 r=0.15
  f12  foot=     0 leg=     0 hip=     0 waist=     0 shoulder=     0 hand=     0 d= 100/   1 r=0.15
  f13  foot=     0 leg=     0 hip=     0 waist=     0 shoulder=     0 hand=     0 d= 100/   1 r=0.15
  f14  foot=     0 leg=     0 hip=     0 waist=     0 shoulder=     0 hand=     0 d= 100/   1 r=0.15
  f15  foot=     0 leg=     0 hip=     0 waist=     0 shoulder=     0 hand=     0 d= 100/   1 r=0.15
  f16  foot=   108 leg=  4602 hip=  3817 waist=  8506 shoulder=  9846 hand= 10397 d=  90/   1 r=0.14
  f17  foot=   709 leg=  1075 hip=   433 waist=   445 shoulder=   395 hand=   839 d=  79/   1 r=0.12
  f18  foot=   802 leg=   986 hip=   524 waist=   696 shoulder=   643 hand=   522 d=  84/   1 r=0.13
  f19  foot=   748 leg=   880 hip=   493 waist=   805 shoulder=   513 hand=  3774 d= 145/   1 r=0.22
  f20  foot=   619 leg=   659 hip=   340 waist=   878 shoulder=   432 hand=  7804 d= 271/   1 r=0.42
  f21  foot=   889 leg=  1408 hip=  2054 waist=  3809 shoulder=  3098 hand=  7717 d= 351/   1 r=0.54
  f22  foot=   507 leg=  1348 hip=  2044 waist=  3364 shoulder=  3019 hand=  3492 d= 364/   1 r=0.56
C13_CHAIN seg=3 side=R window=[23,32] hit=32
  f23  foot=     0 leg=     0 hip=     0 waist=     0 shoulder=     0 hand=     0 d=  67/   1 r=0.10
  f24  foot=     0 leg=     0 hip=     0 waist=     0 shoulder=     0 hand=     0 d=  67/   1 r=0.10
  f25  foot=     0 leg=   103 hip=   914 waist=  1392 shoulder=  2736 hand=  7736 d=  96/   1 r=0.15
  f26  foot=     0 leg=    80 hip=   914 waist=  1681 shoulder=  3078 hand=  7736 d= 194/   1 r=0.30
  f27  foot=  2630 leg=  1958 hip=   184 waist=   334 shoulder=   388 hand=   813 d= 180/   1 r=0.28
  f28  foot=   781 leg=   570 hip=   465 waist=   417 shoulder=   160 hand=  2222 d= 148/   1 r=0.23
  f29  foot=  1088 leg=   857 hip=   615 waist=   518 shoulder=   292 hand=  3307 d= 105/   1 r=0.16
  f30  foot=   523 leg=   459 hip=   635 waist=   534 shoulder=   267 hand=  4069 d=  70/   1 r=0.11
  f31  foot=   226 leg=   189 hip=   940 waist=   591 shoulder=   204 hand= 10461 d= 175/   1 r=0.27
  f32  foot=    14 leg=    14 hip=   639 waist=   331 shoulder=   113 hand=  8293 d= 306/   1 r=0.47
C13_CHAIN seg=4 side=R window=[33,62] hit=62
  f33  foot=     0 leg=     0 hip=     0 waist=     0 shoulder=     0 hand=     0 d= 306/   1 r=0.47
  f34  foot=     0 leg=     0 hip=     0 waist=     0 shoulder=     0 hand=     0 d= 306/   1 r=0.47
  f35  foot=     1 leg=    76 hip=   249 waist=   654 shoulder=   227 hand=   946 d= 301/   1 r=0.46
  f36  foot=     1 leg=   181 hip=   642 waist=  1681 shoulder=   691 hand=  2401 d= 294/   1 r=0.45
  f37  foot=     2 leg=   214 hip=   878 waist=  2308 shoulder=  1234 hand=  3200 d= 295/   1 r=0.45
  f38  foot=     2 leg=   178 hip=   958 waist=  2565 shoulder=  1892 hand=  3349 d= 306/   1 r=0.47
  f39  foot=     1 leg=   133 hip=   882 waist=  2462 shoulder=  2197 hand=  2865 d= 325/   1 r=0.50
  f40  foot=     1 leg=   143 hip=   655 waist=  1971 shoulder=  1814 hand=  1826 d= 349/   1 r=0.54
  f41  foot=     2 leg=   177 hip=   494 waist=  1645 shoulder=  1549 hand=  1304 d= 376/   1 r=0.58
  f42  foot=     2 leg=   203 hip=   490 waist=  1716 shoulder=  1634 hand=  1356 d= 407/   1 r=0.63
  f43  foot=     2 leg=   218 hip=   480 waist=  1739 shoulder=  1673 hand=  1380 d= 441/   1 r=0.68
  f44  foot=     2 leg=   223 hip=   462 waist=  1714 shoulder=  1664 hand=  1369 d= 476/   1 r=0.73
  f45  foot=     2 leg=   242 hip=   436 waist=  1638 shoulder=  1475 hand=  1319 d= 510/   1 r=0.79
  f46  foot=     2 leg=   264 hip=   400 waist=  1517 shoulder=  1201 hand=  1227 d= 541/   1 r=0.83
  f47  foot=     2 leg=   253 hip=   355 waist=  1343 shoulder=  1001 hand=  1097 d= 568/   1 r=0.88
  f48  foot=     2 leg=   207 hip=   299 waist=  1103 shoulder=   848 hand=   930 d= 591/   1 r=0.91
  f49  foot=     2 leg=   188 hip=   283 waist=   913 shoulder=   734 hand=   943 d= 610/   1 r=0.94
  f50  foot=     1 leg=   102 hip=   150 waist=   435 shoulder=   344 hand=   529 d= 620/   1 r=0.95
  f51  foot=     0 leg=     0 hip=     0 waist=     0 shoulder=     0 hand=     0 d= 620/   1 r=0.95
  f52  foot=     0 leg=     0 hip=     0 waist=     0 shoulder=     0 hand=     0 d= 620/   1 r=0.95
  f53  foot=     0 leg=     0 hip=     0 waist=     0 shoulder=     0 hand=     0 d= 620/   1 r=0.95
  f54  foot=  3299 leg=  1983 hip=   228 waist=  2321 shoulder=  1878 hand=   249 d= 596/   1 r=0.92
  f55  foot=   272 leg=   526 hip=   440 waist=  4856 shoulder=  3893 hand=   649 d= 555/   1 r=0.85
  f56  foot=   648 leg=   478 hip=   324 waist=  4412 shoulder=  3606 hand=   903 d= 530/   1 r=0.82
  f57  foot=   748 leg=   598 hip=   760 waist=  3932 shoulder=  3448 hand=  4266 d= 478/   1 r=0.74
  f58  foot=   523 leg=  1041 hip=  1517 waist=  4827 shoulder=  4247 hand=  9263 d= 370/   1 r=0.57
  f59  foot=   251 leg=  1281 hip=  1876 waist=  4999 shoulder=  4306 hand= 11692 d= 244/   1 r=0.38
  f60  foot=   196 leg=  1224 hip=  1836 waist=  4442 shoulder=  3722 hand= 11544 d= 163/   1 r=0.25
  f61  foot=   160 leg=   900 hip=  1395 waist=  3174 shoulder=  2601 hand=  8817 d= 174/   1 r=0.27
  f62  foot=   137 leg=   347 hip=   554 waist=  1212 shoulder=   983 hand=  3512 d= 197/   1 r=0.30
C13_STEP f16   43.95 deg upperarm.L
C13_STEP f20   19.11 deg forearm.L
C13_STEP f21   17.20 deg upperarm.R
C13_STEP f22   20.04 deg upperarm.R
C13_STEP f25   50.25 deg upperarm.R
C13_STEP f26   72.03 deg upperarm.R
C13_STEP f30   25.47 deg upperarm.R
C13_STEP f31   68.41 deg upperarm.R
C13_STEP f32   27.16 deg upperarm.R
C13_STEP f36   25.19 deg upperarm.R
C13_STEP f37   29.85 deg upperarm.R
C13_STEP f38   16.65 deg upperarm.R
C13_STEP f46   19.23 deg forearm.L
C13_STEP f47   26.23 deg forearm.L
C13_STEP f48   33.78 deg forearm.R
C13_STEP f49   41.32 deg forearm.R
C13_STEP f50   18.01 deg forearm.L
C13_STEP f54   61.89 deg forearm.L
C13_STEP f55   80.37 deg forearm.L
C13_STEP f56   31.38 deg upperarm.L
C13_STEP f57   20.31 deg upperarm.L
C13_STEP f58   32.50 deg forearm.R
C13_STEP f59   47.13 deg forearm.R
C13_STEP f60   54.53 deg upperarm.R
C13_STEP f61   67.63 deg upperarm.L
C13_TRACE {"f": 0, "pelvis": [0.0, 0.0, 830.0], "fist_R": [-129.58, -273.48, 1298.18], "fist_L": [144.52, -307.73, 1271.06], "sole_L": 1.06, "sole_R": -0.96, "ankle_R": [-141.58, 140.43, 79.83], "liftR": -31.96, "liftL": -7.68, "reachL": 0.938, "reachR": 0.9306}
C13_TRACE {"f": 1, "pelvis": [0.0, 1.09, 823.19], "fist_R": [-137.08, -270.29, 1280.76], "fist_L": [139.05, -312.25, 1258.98], "sole_L": 0.0, "sole_R": -0.0, "ankle_R": [-141.58, 140.43, 80.9], "liftR": -33.37, "liftL": -8.77, "reachL": 0.9308, "reachR": 0.9206}
C13_TRACE {"f": 2, "pelvis": [0.0, 2.45, 817.17], "fist_R": [-151.19, -251.52, 1261.16], "fist_L": [143.71, -298.83, 1272.96], "sole_L": 0.0, "sole_R": -0.0, "ankle_R": [-141.58, 140.43, 80.97], "liftR": -34.34, "liftL": -9.83, "reachL": 0.9235, "reachR": 0.9126}
C13_TRACE {"f": 3, "pelvis": [0.0, 4.0, 812.0], "fist_R": [-170.0, -240.0, 1240.0], "fist_L": [149.91, -281.91, 1291.85], "sole_L": 0.0, "sole_R": -0.0, "ankle_R": [-141.58, 140.43, 106.92], "liftR": -29.33, "liftL": -10.7, "reachL": 0.9171, "reachR": 0.8747}
C13_TRACE {"f": 4, "pelvis": [0.0, 6.41, 807.82], "fist_R": [-190.0, -260.0, 1220.0], "fist_L": [150.0, -280.0, 1300.0], "sole_L": 0.0, "sole_R": -0.0, "ankle_R": [-141.58, 140.43, 113.23], "liftR": -28.66, "liftL": -11.32, "reachL": 0.9122, "reachR": 0.8611}
C13_TRACE {"f": 5, "pelvis": [0.0, 8.0, 804.0], "fist_R": [-180.63, -306.05, 1229.38], "fist_L": [146.87, -283.12, 1310.97], "sole_L": 0.0, "sole_R": -0.0, "ankle_R": [-141.58, 140.43, 105.67], "liftR": -30.29, "liftL": -11.96, "reachL": 0.9074, "reachR": 0.8648}
C13_TRACE {"f": 6, "pelvis": [0.0, -12.22, 799.11], "fist_R": [-160.0, -373.16, 1250.0], "fist_L": [140.0, -290.0, 1324.2], "sole_L": 0.0, "sole_R": -0.0, "ankle_R": [-141.58, 140.43, 94.28], "liftR": -33.84, "liftL": -15.14, "reachL": 0.8955, "reachR": 0.8766}
C13_TRACE {"f": 7, "pelvis": [0.0, -49.78, 794.22], "fist_R": [-139.38, -433.68, 1270.62], "fist_L": [133.13, -296.88, 1335.32], "sole_L": 0.0, "sole_R": 0.0, "ankle_R": [-141.58, 140.43, 86.19], "liftR": -37.53, "liftL": -19.94, "reachL": 0.8809, "reachR": 0.8897}
C13_TRACE {"f": 8, "pelvis": [0.0, -70.0, 792.0], "fist_R": [-130.0, -460.0, 1280.0], "fist_L": [130.0, -300.0, 1340.0], "sole_L": 0.0, "sole_R": -0.0, "ankle_R": [-141.58, 140.43, 81.72], "liftR": -40.19, "liftL": -22.32, "reachL": 0.8746, "reachR": 0.8983}
C13_TRACE {"f": 9, "pelvis": [0.0, -70.0, 792.0], "fist_R": [-130.0, -460.0, 1280.0], "fist_L": [130.0, -300.0, 1340.0], "sole_L": 0.0, "sole_R": -0.0, "ankle_R": [-141.58, 140.43, 81.72], "liftR": -40.19, "liftL": -22.32, "reachL": 0.8746, "reachR": 0.8983}
C13_TRACE {"f": 10, "pelvis": [0.0, -70.0, 792.0], "fist_R": [-130.0, -460.0, 1280.0], "fist_L": [130.0, -300.0, 1340.0], "sole_L": 0.0, "sole_R": -0.0, "ankle_R": [-141.58, 140.43, 81.72], "liftR": -40.19, "liftL": -22.32, "reachL": 0.8746, "reachR": 0.8983}
C13_TRACE {"f": 11, "pelvis": [0.0, -60.58, 794.88], "fist_R": [-131.79, -442.5, 1275.31], "fist_L": [131.25, -297.83, 1333.75], "sole_L": 0.0, "sole_R": -0.0, "ankle_R": [-141.58, 140.43, 81.4], "liftR": -40.42, "liftL": -20.77, "reachL": 0.88, "reachR": 0.8998}
C13_TRACE {"f": 12, "pelvis": [0.0, -60.58, 794.88], "fist_R": [-131.79, -442.5, 1275.31], "fist_L": [131.25, -297.83, 1333.75], "sole_L": 0.0, "sole_R": -0.0, "ankle_R": [-141.58, 140.43, 81.4], "liftR": -40.42, "liftL": -20.77, "reachL": 0.88, "reachR": 0.8998}
C13_TRACE {"f": 13, "pelvis": [0.0, -60.58, 794.88], "fist_R": [-131.79, -442.5, 1275.31], "fist_L": [131.25, -297.83, 1333.75], "sole_L": 0.0, "sole_R": -0.0, "ankle_R": [-141.58, 140.43, 81.4], "liftR": -40.42, "liftL": -20.77, "reachL": 0.88, "reachR": 0.8998}
C13_TRACE {"f": 14, "pelvis": [0.0, -60.58, 794.88], "fist_R": [-131.79, -442.5, 1275.31], "fist_L": [131.25, -297.83, 1333.75], "sole_L": 0.0, "sole_R": -0.0, "ankle_R": [-141.58, 140.43, 81.4], "liftR": -40.42, "liftL": -20.77, "reachL": 0.88, "reachR": 0.8998}
C13_TRACE {"f": 15, "pelvis": [0.0, -60.58, 794.88], "fist_R": [-131.79, -442.5, 1275.31], "fist_L": [131.25, -297.83, 1333.75], "sole_L": 0.0, "sole_R": -0.0, "ankle_R": [-141.58, 140.43, 81.4], "liftR": -40.42, "liftL": -20.77, "reachL": 0.88, "reachR": 0.8998}
C13_TRACE {"f": 16, "pelvis": [0.0, -1.1, 817.49], "fist_R": [-163.54, -252.23, 1287.52], "fist_L": [188.09, -137.64, 1300.0], "sole_L": 0.0, "sole_R": -0.0, "ankle_R": [-141.58, 140.43, 80.99], "liftR": -34.6, "liftL": -8.44, "reachL": 0.9205, "reachR": 0.9145}
C13_TRACE {"f": 17, "pelvis": [0.0, 2.55, 811.27], "fist_R": [-166.34, -246.56, 1293.16], "fist_L": [192.48, -124.38, 1300.0], "sole_L": 0.0, "sole_R": -0.0, "ankle_R": [-141.58, 140.43, 81.06], "liftR": -35.56, "liftL": -6.67, "reachL": 0.9002, "reachR": 0.9062}
C13_TRACE {"f": 18, "pelvis": [0.0, 6.15, 803.31], "fist_R": [-168.36, -242.77, 1297.04], "fist_L": [200.0, -120.0, 1300.0], "sole_L": 0.0, "sole_R": -0.0, "ankle_R": [-141.58, 140.43, 81.16], "liftR": -36.98, "liftL": -4.26, "reachL": 0.8775, "reachR": 0.8968}
C13_TRACE {"f": 19, "pelvis": [0.0, 8.9, 795.56], "fist_R": [-169.59, -240.66, 1299.28], "fist_L": [237.64, -170.0, 1293.75], "sole_L": 0.0, "sole_R": -0.0, "ankle_R": [-141.58, 140.43, 81.26], "liftR": -38.3, "liftL": -1.86, "reachL": 0.8558, "reachR": 0.8877}
C13_TRACE {"f": 20, "pelvis": [0.0, 10.0, 790.0], "fist_R": [-170.0, -240.0, 1300.0], "fist_L": [305.68, -280.0, 1280.0], "sole_L": 0.0, "sole_R": -0.0, "ankle_R": [-141.58, 140.43, 81.33], "liftR": -39.31, "liftL": -4.16, "reachL": 0.8628, "reachR": 0.8815}
C13_TRACE {"f": 21, "pelvis": [0.0, -24.0, 786.05], "fist_R": [-170.0, -240.0, 1300.0], "fist_L": [370.88, -390.0, 1266.25], "sole_L": 0.0, "sole_R": -0.0, "ankle_R": [-141.58, 140.43, 81.49], "liftR": -41.66, "liftL": -10.86, "reachL": 0.8668, "reachR": 0.8872}
C13_TRACE {"f": 22, "pelvis": [0.0, -58.0, 784.0], "fist_R": [-170.0, -240.0, 1300.0], "fist_L": [400.0, -440.0, 1260.0], "sole_L": 0.0, "sole_R": -0.0, "ankle_R": [-141.58, 140.43, 81.59], "liftR": -43.24, "liftL": -16.17, "reachL": 0.8667, "reachR": 0.8969}
C13_TRACE {"f": 23, "pelvis": [0.0, -58.0, 784.0], "fist_R": [-170.0, -240.0, 1300.0], "fist_L": [400.0, -440.0, 1260.0], "sole_L": 0.0, "sole_R": -0.0, "ankle_R": [-141.58, 140.43, 81.59], "liftR": -43.24, "liftL": -16.17, "reachL": 0.8667, "reachR": 0.8969}
C13_TRACE {"f": 24, "pelvis": [0.0, -58.0, 784.0], "fist_R": [-170.0, -240.0, 1300.0], "fist_L": [400.0, -440.0, 1260.0], "sole_L": 0.0, "sole_R": -0.0, "ankle_R": [-141.58, 140.43, 81.59], "liftR": -43.24, "liftL": -16.17, "reachL": 0.8667, "reachR": 0.8969}
C13_TRACE {"f": 25, "pelvis": [0.0, -44.0, 778.0], "fist_R": [-195.0, -200.0, 1180.0], "fist_L": [316.98, -350.0, 1267.07], "sole_L": 0.0, "sole_R": -0.0, "ankle_R": [-141.58, 140.43, 81.6], "liftR": -43.45, "liftL": -19.08, "reachL": 0.8673, "reachR": 0.8813}
C13_TRACE {"f": 26, "pelvis": [0.0, -30.0, 772.0], "fist_R": [-220.0, -160.0, 1060.0], "fist_L": [220.0, -260.0, 1280.0], "sole_L": 0.0, "sole_R": -0.0, "ankle_R": [-141.58, 140.43, 81.59], "liftR": -43.29, "liftL": -19.66, "reachL": 0.8604, "reachR": 0.8661}
C13_TRACE {"f": 27, "pelvis": [0.0, -32.85, 773.15], "fist_R": [-217.81, -164.55, 1072.57], "fist_L": [198.81, -261.83, 1291.67], "sole_L": 0.0, "sole_R": 0.0, "ankle_R": [-141.58, 140.43, 125.42], "liftR": -33.46, "liftL": -20.1, "reachL": 0.8605, "reachR": 0.816}
C13_TRACE {"f": 28, "pelvis": [0.0, -40.1, 775.9], "fist_R": [-211.66, -177.14, 1106.84], "fist_L": [186.42, -266.54, 1304.38], "sole_L": 0.0, "sole_R": -0.0, "ankle_R": [-141.58, 140.43, 112.4], "liftR": -35.81, "liftL": -20.68, "reachL": 0.8618, "reachR": 0.8362}
C13_TRACE {"f": 29, "pelvis": [0.0, -49.8, 779.2], "fist_R": [-202.17, -196.16, 1157.7], "fist_L": [175.82, -272.98, 1319.9], "sole_L": -0.0, "sole_R": -0.0, "ankle_R": [-141.58, 140.43, 94.28], "liftR": -38.77, "liftL": -21.39, "reachL": 0.8635, "reachR": 0.864}
C13_TRACE {"f": 30, "pelvis": [0.0, -60.0, 782.0], "fist_R": [-190.0, -220.0, 1220.0], "fist_L": [160.0, -280.0, 1340.0], "sole_L": 0.0, "sole_R": -0.0, "ankle_R": [-141.58, 140.43, 85.55], "liftR": -40.18, "liftL": -22.2, "reachL": 0.8648, "reachR": 0.8803}
C13_TRACE {"f": 31, "pelvis": [0.0, -75.45, 784.55], "fist_R": [-151.67, -286.43, 1376.58], "fist_L": [124.81, -291.73, 1385.74], "sole_L": 0.0, "sole_R": -0.0, "ankle_R": [-141.58, 140.43, 81.79], "liftR": -41.84, "liftL": -23.59, "reachL": 0.865, "reachR": 0.892}
C13_TRACE {"f": 32, "pelvis": [0.0, -86.0, 786.0], "fist_R": [-120.0, -340.0, 1500.0], "fist_L": [100.0, -300.0, 1420.0], "sole_L": -0.0, "sole_R": -0.0, "ankle_R": [-141.58, 140.43, 81.55], "liftR": -42.74, "liftL": -24.53, "reachL": 0.8652, "reachR": 0.8972}
C13_TRACE {"f": 33, "pelvis": [0.0, -86.0, 786.0], "fist_R": [-120.0, -340.0, 1500.0], "fist_L": [100.0, -300.0, 1420.0], "sole_L": -0.0, "sole_R": -0.0, "ankle_R": [-141.58, 140.43, 81.55], "liftR": -42.74, "liftL": -24.53, "reachL": 0.8652, "reachR": 0.8972}
C13_TRACE {"f": 34, "pelvis": [0.0, -86.0, 786.0], "fist_R": [-120.0, -340.0, 1500.0], "fist_L": [100.0, -300.0, 1420.0], "sole_L": -0.0, "sole_R": -0.0, "ankle_R": [-141.58, 140.43, 81.55], "liftR": -42.74, "liftL": -24.53, "reachL": 0.8652, "reachR": 0.8972}
C13_TRACE {"f": 35, "pelvis": [0.0, -82.05, 784.73], "fist_R": [-124.44, -326.16, 1506.11], "fist_L": [102.45, -289.1, 1431.3], "sole_L": -0.0, "sole_R": -0.0, "ankle_R": [-141.58, 140.43, 81.56], "liftR": -42.91, "liftL": -24.1, "reachL": 0.8644, "reachR": 0.8951}
C13_TRACE {"f": 36, "pelvis": [0.0, -71.89, 781.36], "fist_R": [-135.56, -291.26, 1522.22], "fist_L": [108.72, -261.55, 1460.61], "sole_L": -0.0, "sole_R": -0.0, "ankle_R": [-141.58, 140.43, 81.58], "liftR": -43.33, "liftL": -23.07, "reachL": 0.8626, "reachR": 0.8893}
C13_TRACE {"f": 37, "pelvis": [0.0, -58.07, 776.54], "fist_R": [-150.0, -245.26, 1545.0], "fist_L": [117.21, -225.11, 1501.02], "sole_L": 0.0, "sole_R": -0.0, "ankle_R": [-141.58, 140.43, 81.62], "liftR": -43.82, "liftL": -21.79, "reachL": 0.8601, "reachR": 0.8807}
C13_TRACE {"f": 38, "pelvis": [0.0, -43.12, 770.94], "fist_R": [-164.44, -198.08, 1571.11], "fist_L": [126.33, -187.54, 1545.66], "sole_L": 0.0, "sole_R": -0.0, "ankle_R": [-141.58, 140.43, 81.65], "liftR": -44.23, "liftL": -20.69, "reachL": 0.857, "reachR": 0.87}
C13_TRACE {"f": 39, "pelvis": [0.0, -29.59, 765.21], "fist_R": [-175.56, -159.68, 1597.22], "fist_L": [134.46, -156.59, 1587.61], "sole_L": 0.0, "sole_R": -0.0, "ankle_R": [-141.58, 140.43, 81.67], "liftR": -44.52, "liftL": -19.93, "reachL": 0.8534, "reachR": 0.8592}
C13_TRACE {"f": 40, "pelvis": [0.0, -20.0, 760.0], "fist_R": [-180.0, -140.0, 1620.0], "fist_L": [140.0, -140.0, 1620.0], "sole_L": 0.0, "sole_R": -0.0, "ankle_R": [-141.58, 140.43, 81.7], "liftR": -44.85, "liftL": -19.49, "reachL": 0.8497, "reachR": 0.8503}
C13_TRACE {"f": 41, "pelvis": [0.0, -13.47, 754.97], "fist_R": [-179.19, -133.83, 1640.82], "fist_L": [143.71, -133.97, 1644.88], "sole_L": 0.0, "sole_R": -0.0, "ankle_R": [-141.58, 140.43, 81.72], "liftR": -45.25, "liftL": -19.34, "reachL": 0.8455, "reachR": 0.8425}
C13_TRACE {"f": 42, "pelvis": [0.0, -7.43, 749.48], "fist_R": [-176.97, -129.08, 1662.81], "fist_L": [147.31, -129.29, 1668.78], "sole_L": 0.0, "sole_R": -0.0, "ankle_R": [-141.58, 140.43, 81.76], "liftR": -45.72, "liftL": -19.26, "reachL": 0.8407, "reachR": 0.8344}
C13_TRACE {"f": 43, "pelvis": [0.0, -1.88, 743.72], "fist_R": [-173.61, -125.4, 1685.27], "fist_L": [150.68, -125.62, 1691.49], "sole_L": 0.0, "sole_R": -0.0, "ankle_R": [-141.58, 140.43, 81.79], "liftR": -46.22, "liftL": -19.25, "reachL": 0.8355, "reachR": 0.826}
C13_TRACE {"f": 44, "pelvis": [0.0, 3.16, 737.89], "fist_R": [-169.41, -122.4, 1707.5], "fist_L": [153.72, -122.59, 1712.8], "sole_L": 0.0, "sole_R": -0.0, "ankle_R": [-141.58, 140.43, 81.83], "liftR": -46.73, "liftL": -19.28, "reachL": 0.8302, "reachR": 0.8178}
C13_TRACE {"f": 45, "pelvis": [0.0, 7.68, 732.21], "fist_R": [-164.66, -119.73, 1728.79], "fist_L": [156.29, -119.87, 1732.52], "sole_L": 0.0, "sole_R": -0.0, "ankle_R": [-141.58, 140.43, 81.87], "liftR": -47.28, "liftL": -19.22, "reachL": 0.8252, "reachR": 0.8102}
C13_TRACE {"f": 46, "pelvis": [0.0, 11.67, 726.86], "fist_R": [-159.65, -117.02, 1748.44], "fist_L": [158.27, -117.09, 1750.43], "sole_L": -0.0, "sole_R": -0.0, "ankle_R": [-141.58, 140.43, 81.91], "liftR": -47.89, "liftL": -19.01, "reachL": 0.8211, "reachR": 0.8033}
C13_TRACE {"f": 47, "pelvis": [0.0, 15.11, 722.06], "fist_R": [-154.67, -113.9, 1765.74], "fist_L": [159.55, -113.92, 1766.32], "sole_L": 0.0, "sole_R": -0.0, "ankle_R": [-141.58, 140.43, 81.95], "liftR": -48.47, "liftL": -18.76, "reachL": 0.8175, "reachR": 0.7974}
C13_TRACE {"f": 48, "pelvis": [0.0, 18.0, 718.0], "fist_R": [-150.0, -110.0, 1780.0], "fist_L": [160.0, -110.0, 1780.0], "sole_L": 0.0, "sole_R": -0.0, "ankle_R": [-141.58, 140.43, 81.98], "liftR": -48.95, "liftL": -18.57, "reachL": 0.8146, "reachR": 0.7923}
C13_TRACE {"f": 49, "pelvis": [0.0, 20.65, 714.09], "fist_R": [-143.9, -103.9, 1793.13], "fist_L": [160.0, -103.9, 1793.13], "sole_L": 0.0, "sole_R": -0.0, "ankle_R": [-141.58, 140.43, 82.01], "liftR": -49.38, "liftL": -18.44, "reachL": 0.8116, "reachR": 0.7874}
C13_TRACE {"f": 50, "pelvis": [0.0, 22.0, 712.0], "fist_R": [-140.0, -100.0, 1800.0], "fist_L": [160.0, -100.0, 1800.0], "sole_L": 0.0, "sole_R": -0.0, "ankle_R": [-141.58, 140.43, 82.03], "liftR": -49.61, "liftL": -18.37, "reachL": 0.8099, "reachR": 0.7848}
C13_TRACE {"f": 51, "pelvis": [0.0, 22.0, 712.0], "fist_R": [-140.0, -100.0, 1800.0], "fist_L": [160.0, -100.0, 1800.0], "sole_L": 0.0, "sole_R": -0.0, "ankle_R": [-141.58, 140.43, 82.03], "liftR": -49.61, "liftL": -18.37, "reachL": 0.8099, "reachR": 0.7848}
C13_TRACE {"f": 52, "pelvis": [0.0, 22.0, 712.0], "fist_R": [-140.0, -100.0, 1800.0], "fist_L": [160.0, -100.0, 1800.0], "sole_L": 0.0, "sole_R": -0.0, "ankle_R": [-141.58, 140.43, 82.03], "liftR": -49.61, "liftL": -18.37, "reachL": 0.8099, "reachR": 0.7848}
C13_TRACE {"f": 53, "pelvis": [0.0, 22.0, 712.0], "fist_R": [-140.0, -100.0, 1800.0], "fist_L": [160.0, -100.0, 1800.0], "sole_L": 0.0, "sole_R": -0.0, "ankle_R": [-141.58, 140.43, 82.03], "liftR": -49.61, "liftL": -18.37, "reachL": 0.8099, "reachR": 0.7848}
C13_TRACE {"f": 54, "pelvis": [0.0, 20.89, 715.63], "fist_R": [-138.36, -102.78, 1797.37], "fist_L": [158.46, -102.78, 1797.37], "sole_L": -0.0, "sole_R": -0.0, "ankle_R": [-141.58, 140.43, 137.01], "liftR": -35.73, "liftL": -18.61, "reachL": 0.8123, "reachR": 0.7232}
C13_TRACE {"f": 55, "pelvis": [0.0, 18.01, 722.37], "fist_R": [-134.5, -110.0, 1790.3], "fist_L": [154.7, -110.0, 1790.3], "sole_L": 0.0, "sole_R": -0.0, "ankle_R": [-141.58, 140.43, 132.47], "liftR": -35.64, "liftL": -19.2, "reachL": 0.8165, "reachR": 0.7354}
C13_TRACE {"f": 56, "pelvis": [0.0, 14.0, 726.0], "fist_R": [-130.0, -120.0, 1780.0], "fist_L": [150.0, -120.0, 1780.0], "sole_L": 0.0, "sole_R": 0.0, "ankle_R": [-141.58, 140.43, 121.67], "liftR": -37.44, "liftL": -19.98, "reachL": 0.8175, "reachR": 0.7521}
C13_TRACE {"f": 57, "pelvis": [0.0, 1.79, 722.59], "fist_R": [-124.06, -149.75, 1715.71], "fist_L": [142.27, -149.75, 1715.71], "sole_L": -0.0, "sole_R": 0.0, "ankle_R": [-141.58, 140.43, 109.21], "liftR": -41.0, "liftL": -22.01, "reachL": 0.8086, "reachR": 0.7652}
C13_TRACE {"f": 58, "pelvis": [0.0, -22.02, 714.07], "fist_R": [-115.82, -207.42, 1572.73], "fist_L": [130.23, -207.42, 1572.73], "sole_L": -0.0, "sole_R": 0.0, "ankle_R": [-141.58, 140.43, 100.49], "liftR": -45.04, "liftL": -25.76, "reachL": 0.791, "reachR": 0.7711}
C13_TRACE {"f": 59, "pelvis": [0.0, -51.26, 703.0], "fist_R": [-106.79, -278.13, 1391.36], "fist_L": [116.45, -278.13, 1391.36], "sole_L": 0.0, "sole_R": -0.0, "ankle_R": [-141.58, 140.43, 96.3], "liftR": -48.85, "liftL": -30.21, "reachL": 0.7702, "reachR": 0.7715}
C13_TRACE {"f": 60, "pelvis": [0.0, -79.79, 691.93], "fist_R": [-98.47, -347.04, 1211.92], "fist_L": [103.45, -347.04, 1211.92], "sole_L": -0.0, "sole_R": -0.0, "ankle_R": [-141.58, 140.43, 93.03], "liftR": -52.35, "liftL": -34.46, "reachL": 0.7514, "reachR": 0.7723}
C13_TRACE {"f": 61, "pelvis": [0.0, -101.42, 683.41], "fist_R": [-92.37, -399.28, 1074.7], "fist_L": [93.79, -399.28, 1074.7], "sole_L": 0.0, "sole_R": -0.0, "ankle_R": [-141.58, 140.43, 90.36], "liftR": -54.97, "liftL": -37.63, "reachL": 0.7381, "reachR": 0.7741}
C13_TRACE {"f": 62, "pelvis": [0.0, -110.0, 680.0], "fist_R": [-90.0, -420.0, 1020.0], "fist_L": [90.0, -420.0, 1020.0], "sole_L": -0.0, "sole_R": 0.0, "ankle_R": [-141.58, 140.43, 88.07], "liftR": -56.21, "liftL": -38.88, "reachL": 0.733, "reachR": 0.7764}
C13_TRACE {"f": 63, "pelvis": [0.0, -110.0, 680.0], "fist_R": [-90.0, -420.0, 1020.0], "fist_L": [90.0, -420.0, 1020.0], "sole_L": -0.0, "sole_R": 0.0, "ankle_R": [-141.58, 140.43, 88.07], "liftR": -56.21, "liftL": -38.88, "reachL": 0.733, "reachR": 0.7764}
C13_TRACE {"f": 64, "pelvis": [0.0, -110.0, 680.0], "fist_R": [-90.0, -420.0, 1020.0], "fist_L": [90.0, -420.0, 1020.0], "sole_L": -0.0, "sole_R": 0.0, "ankle_R": [-141.58, 140.43, 88.07], "liftR": -56.21, "liftL": -38.88, "reachL": 0.733, "reachR": 0.7764}
C13_TRACE {"f": 65, "pelvis": [0.0, -110.0, 680.0], "fist_R": [-90.0, -420.0, 1020.0], "fist_L": [90.0, -420.0, 1020.0], "sole_L": -0.0, "sole_R": 0.0, "ankle_R": [-141.58, 140.43, 88.07], "liftR": -56.21, "liftL": -38.88, "reachL": 0.733, "reachR": 0.7764}
C13_TRACE {"f": 66, "pelvis": [0.0, -106.9, 682.92], "fist_R": [-92.44, -414.02, 1026.81], "fist_L": [92.44, -414.02, 1026.81], "sole_L": 0.0, "sole_R": -0.0, "ankle_R": [-141.58, 140.43, 82.76], "liftR": -57.67, "liftL": -38.25, "reachL": 0.7369, "reachR": 0.7845}
C13_TRACE {"f": 67, "pelvis": [0.0, -99.09, 690.35], "fist_R": [-98.83, -398.45, 1044.89], "fist_L": [98.83, -398.45, 1044.89], "sole_L": -0.0, "sole_R": -0.0, "ankle_R": [-141.58, 140.43, 82.59], "liftR": -56.86, "liftL": -36.64, "reachL": 0.7469, "reachR": 0.7901}
C13_TRACE {"f": 68, "pelvis": [0.0, -88.84, 700.33], "fist_R": [-107.72, -376.8, 1070.68], "fist_L": [107.72, -376.8, 1070.68], "sole_L": -0.0, "sole_R": -0.0, "ankle_R": [-141.58, 140.43, 82.42], "liftR": -55.49, "liftL": -34.49, "reachL": 0.7604, "reachR": 0.798}
C13_TRACE {"f": 69, "pelvis": [0.0, -78.39, 710.87], "fist_R": [-117.71, -352.6, 1100.64], "fist_L": [117.71, -352.6, 1100.64], "sole_L": -0.0, "sole_R": -0.0, "ankle_R": [-141.58, 140.43, 82.26], "liftR": -53.89, "liftL": -32.22, "reachL": 0.7749, "reachR": 0.8069}
C13_TRACE {"f": 70, "pelvis": [0.0, -70.0, 720.0], "fist_R": [-127.37, -329.39, 1131.21], "fist_L": [127.37, -329.39, 1131.21], "sole_L": 0.0, "sole_R": -0.0, "ankle_R": [-141.58, 140.43, 82.15], "liftR": -52.4, "liftL": -30.27, "reachL": 0.7876, "reachR": 0.8151}
C13_TRACE {"f": 71, "pelvis": [0.0, -63.22, 728.21], "fist_R": [-135.28, -310.68, 1158.85], "fist_L": [135.28, -310.68, 1158.85], "sole_L": 0.0, "sole_R": -0.0, "ankle_R": [-141.58, 140.43, 82.07], "liftR": -51.01, "liftL": -28.56, "reachL": 0.7991, "reachR": 0.8229}
C13_TRACE {"f": 72, "pelvis": [0.0, -56.28, 737.04], "fist_R": [-140.0, -300.0, 1180.0], "fist_L": [140.0, -300.0, 1180.0], "sole_L": 0.0, "sole_R": -0.0, "ankle_R": [-141.58, 140.43, 81.98], "liftR": -49.5, "liftL": -26.78, "reachL": 0.8114, "reachR": 0.8314}
C13_TRACE {"f": 73, "pelvis": [0.0, -49.45, 746.07], "fist_R": [-142.59, -294.76, 1197.24], "fist_L": [142.59, -294.71, 1197.45], "sole_L": 0.0, "sole_R": -0.0, "ankle_R": [-141.58, 140.43, 81.89], "liftR": -47.95, "liftL": -24.94, "reachL": 0.824, "reachR": 0.8403}
C13_TRACE {"f": 74, "pelvis": [0.0, -42.98, 754.91], "fist_R": [-144.96, -290.11, 1214.64], "fist_L": [144.96, -289.94, 1215.31], "sole_L": 0.0, "sole_R": -0.0, "ankle_R": [-141.58, 140.43, 81.79], "liftR": -46.44, "liftL": -23.09, "reachL": 0.8365, "reachR": 0.8493}
C13_TRACE {"f": 75, "pelvis": [0.0, -37.14, 763.13], "fist_R": [-147.0, -286.17, 1230.91], "fist_L": [147.0, -285.89, 1232.04], "sole_L": -0.0, "sole_R": -0.0, "ankle_R": [-141.58, 140.43, 81.7], "liftR": -45.03, "liftL": -21.34, "reachL": 0.8482, "reachR": 0.8579}
C13_TRACE {"f": 76, "pelvis": [0.0, -32.18, 770.32], "fist_R": [-148.59, -283.09, 1244.76], "fist_L": [148.59, -282.75, 1246.09], "sole_L": -0.0, "sole_R": -0.0, "ankle_R": [-141.58, 140.43, 81.62], "liftR": -43.78, "liftL": -19.8, "reachL": 0.8585, "reachR": 0.8655}
C13_TRACE {"f": 77, "pelvis": [0.0, -28.39, 776.08], "fist_R": [-149.63, -280.99, 1254.89], "fist_L": [149.63, -280.72, 1255.93], "sole_L": 0.0, "sole_R": -0.0, "ankle_R": [-141.58, 140.43, 81.56], "liftR": -42.77, "liftL": -18.57, "reachL": 0.8667, "reachR": 0.8717}
C13_TRACE {"f": 78, "pelvis": [0.0, -26.0, 780.0], "fist_R": [-150.0, -280.0, 1260.0], "fist_L": [150.0, -280.0, 1260.0], "sole_L": 0.0, "sole_R": -0.0, "ankle_R": [-141.58, 140.43, 81.51], "liftR": -42.06, "liftL": -17.78, "reachL": 0.8721, "reachR": 0.8758}
C13_TRACE {"f": 79, "pelvis": [0.0, -25.93, 780.13], "fist_R": [-149.95, -280.0, 1260.1], "fist_L": [150.0, -280.09, 1260.06], "sole_L": -0.0, "sole_R": -0.0, "ankle_R": [-141.58, 140.43, 81.51], "liftR": -42.04, "liftL": -17.76, "reachL": 0.8723, "reachR": 0.8759}
C13_TRACE {"f": 80, "pelvis": [0.0, -25.74, 780.5], "fist_R": [-149.8, -279.99, 1260.4], "fist_L": [150.0, -280.36, 1260.24], "sole_L": -0.0, "sole_R": -0.0, "ankle_R": [-141.58, 140.43, 81.5], "liftR": -41.97, "liftL": -17.69, "reachL": 0.8728, "reachR": 0.8763}
C13_TRACE {"f": 81, "pelvis": [0.0, -25.43, 781.1], "fist_R": [-149.57, -279.97, 1260.89], "fist_L": [149.99, -280.8, 1260.53], "sole_L": 0.0, "sole_R": -0.0, "ankle_R": [-141.58, 140.43, 81.5], "liftR": -41.86, "liftL": -17.58, "reachL": 0.8736, "reachR": 0.8769}
C13_TRACE {"f": 82, "pelvis": [0.0, -25.01, 781.92], "fist_R": [-149.25, -279.95, 1261.56], "fist_L": [149.99, -281.39, 1260.92], "sole_L": -0.0, "sole_R": 0.0, "ankle_R": [-141.58, 140.43, 81.49], "liftR": -41.71, "liftL": -17.43, "reachL": 0.8747, "reachR": 0.8778}
C13_TRACE {"f": 83, "pelvis": [0.0, -24.48, 782.94], "fist_R": [-148.85, -279.92, 1262.39], "fist_L": [149.98, -282.11, 1261.39], "sole_L": 0.0, "sole_R": 0.0, "ankle_R": [-141.58, 140.44, 81.47], "liftR": -41.53, "liftL": -17.25, "reachL": 0.876, "reachR": 0.8789}
C13_TRACE {"f": 84, "pelvis": [0.0, -23.86, 784.16], "fist_R": [-148.38, -279.88, 1263.37], "fist_L": [149.97, -282.97, 1261.95], "sole_L": -0.0, "sole_R": 0.0, "ankle_R": [-141.58, 140.45, 81.46], "liftR": -41.3, "liftL": -17.03, "reachL": 0.8776, "reachR": 0.8802}
C13_TRACE {"f": 85, "pelvis": [0.0, -23.15, 785.55], "fist_R": [-147.84, -279.83, 1264.51], "fist_L": [149.96, -283.93, 1262.57], "sole_L": 0.0, "sole_R": 0.01, "ankle_R": [-141.59, 140.46, 81.45], "liftR": -41.05, "liftL": -16.77, "reachL": 0.8795, "reachR": 0.8816}
C13_TRACE {"f": 86, "pelvis": [0.0, -22.36, 787.12], "fist_R": [-147.25, -279.77, 1265.77], "fist_L": [149.94, -284.98, 1263.25], "sole_L": -0.0, "sole_R": 0.01, "ankle_R": [-141.59, 140.48, 81.43], "liftR": -40.76, "liftL": -16.49, "reachL": 0.8816, "reachR": 0.8833}
C13_TRACE {"f": 87, "pelvis": [0.0, -21.5, 788.83], "fist_R": [-146.6, -279.69, 1267.16], "fist_L": [149.91, -286.12, 1263.98], "sole_L": 0.0, "sole_R": 0.01, "ankle_R": [-141.59, 140.51, 81.41], "liftR": -40.45, "liftL": -16.17, "reachL": 0.8839, "reachR": 0.8851}
C13_TRACE {"f": 88, "pelvis": [0.0, -20.58, 790.67], "fist_R": [-145.91, -279.59, 1268.65], "fist_L": [149.88, -287.32, 1264.73], "sole_L": -0.0, "sole_R": 0.01, "ankle_R": [-141.6, 140.54, 81.39], "liftR": -40.1, "liftL": -15.83, "reachL": 0.8863, "reachR": 0.8871}
C13_TRACE {"f": 89, "pelvis": [0.0, -19.6, 792.64], "fist_R": [-145.18, -279.48, 1270.24], "fist_L": [149.83, -288.57, 1265.5], "sole_L": 0.0, "sole_R": 0.01, "ankle_R": [-141.6, 140.58, 81.36], "liftR": -39.74, "liftL": -15.46, "reachL": 0.889, "reachR": 0.8892}
C13_TRACE {"f": 90, "pelvis": [0.0, -18.57, 794.71], "fist_R": [-144.4, -279.34, 1271.9], "fist_L": [149.77, -289.86, 1266.27], "sole_L": 0.0, "sole_R": 0.0, "ankle_R": [-141.61, 140.62, 81.33], "liftR": -39.35, "liftL": -15.07, "reachL": 0.8917, "reachR": 0.8914}
C13_TRACE {"f": 91, "pelvis": [0.0, -17.5, 796.86], "fist_R": [-143.6, -279.18, 1273.63], "fist_L": [149.69, -291.17, 1267.04], "sole_L": 0.01, "sole_R": -0.0, "ankle_R": [-141.62, 140.67, 81.3], "liftR": -38.94, "liftL": -14.66, "reachL": 0.8946, "reachR": 0.8937}
C13_TRACE {"f": 92, "pelvis": [0.0, -16.41, 799.09], "fist_R": [-142.78, -279.0, 1275.41], "fist_L": [149.59, -292.49, 1267.79], "sole_L": 0.02, "sole_R": -0.0, "ankle_R": [-141.62, 140.72, 81.27], "liftR": -38.52, "liftL": -14.23, "reachL": 0.8975, "reachR": 0.8961}
C13_TRACE {"f": 93, "pelvis": [0.0, -15.28, 801.37], "fist_R": [-141.93, -278.79, 1277.22], "fist_L": [149.47, -293.8, 1268.5], "sole_L": 0.05, "sole_R": 0.0, "ankle_R": [-141.63, 140.77, 81.24], "liftR": -38.08, "liftL": -13.79, "reachL": 0.9006, "reachR": 0.8986}
C13_TRACE {"f": 94, "pelvis": [0.0, -14.15, 803.69], "fist_R": [-141.06, -278.56, 1279.05], "fist_L": [149.32, -295.1, 1269.18], "sole_L": 0.09, "sole_R": 0.0, "ankle_R": [-141.64, 140.82, 81.21], "liftR": -37.64, "liftL": -13.34, "reachL": 0.9036, "reachR": 0.9011}
C13_TRACE {"f": 95, "pelvis": [0.0, -13.0, 806.01], "fist_R": [-140.19, -278.3, 1280.87], "fist_L": [149.14, -296.37, 1269.81], "sole_L": 0.14, "sole_R": 0.0, "ankle_R": [-141.64, 140.86, 81.17], "liftR": -37.18, "liftL": -12.88, "reachL": 0.9066, "reachR": 0.9036}
C13_TRACE {"f": 96, "pelvis": [0.0, -11.85, 808.33], "fist_R": [-139.31, -278.02, 1282.67], "fist_L": [148.94, -297.59, 1270.37], "sole_L": 0.2, "sole_R": -0.0, "ankle_R": [-141.65, 140.9, 81.14], "liftR": -36.73, "liftL": -12.42, "reachL": 0.9097, "reachR": 0.9061}
C13_TRACE {"f": 97, "pelvis": [0.0, -10.72, 810.62], "fist_R": [-138.43, -277.72, 1284.43], "fist_L": [148.7, -298.78, 1270.87], "sole_L": 0.28, "sole_R": -0.0, "ankle_R": [-141.65, 140.92, 81.11], "liftR": -36.27, "liftL": -11.96, "reachL": 0.9126, "reachR": 0.9086}
C13_TRACE {"f": 98, "pelvis": [0.0, -9.59, 812.86], "fist_R": [-137.55, -277.39, 1286.15], "fist_L": [148.44, -299.9, 1271.3], "sole_L": 0.37, "sole_R": 0.0, "ankle_R": [-141.65, 140.94, 81.08], "liftR": -35.82, "liftL": -11.51, "reachL": 0.9155, "reachR": 0.9111}
C13_TRACE {"f": 99, "pelvis": [0.0, -8.5, 815.04], "fist_R": [-136.68, -277.05, 1287.79], "fist_L": [148.14, -300.96, 1271.66], "sole_L": 0.48, "sole_R": -0.0, "ankle_R": [-141.65, 140.94, 81.04], "liftR": -35.38, "liftL": -11.06, "reachL": 0.9183, "reachR": 0.9134}
C13_TRACE {"f": 100, "pelvis": [0.0, -7.43, 817.13], "fist_R": [-135.83, -276.69, 1289.36], "fist_L": [147.82, -301.95, 1271.94], "sole_L": 0.6, "sole_R": -0.0, "ankle_R": [-141.65, 140.94, 81.01], "liftR": -34.95, "liftL": -10.63, "reachL": 0.921, "reachR": 0.9157}
C13_TRACE {"f": 101, "pelvis": [0.0, -6.4, 819.13], "fist_R": [-135.0, -276.32, 1290.84], "fist_L": [147.48, -302.87, 1272.15], "sole_L": 0.73, "sole_R": 0.0, "ankle_R": [-141.65, 140.92, 80.98], "liftR": -34.53, "liftL": -10.21, "reachL": 0.9235, "reachR": 0.9179}
C13_TRACE {"f": 102, "pelvis": [0.0, -5.42, 821.01], "fist_R": [-134.2, -275.95, 1292.21], "fist_L": [147.12, -303.71, 1272.3], "sole_L": 0.88, "sole_R": 0.0, "ankle_R": [-141.64, 140.88, 80.95], "liftR": -34.14, "liftL": -9.82, "reachL": 0.9259, "reachR": 0.9199}
C13_TRACE {"f": 103, "pelvis": [0.0, -4.5, 822.77], "fist_R": [-133.44, -275.58, 1293.48], "fist_L": [146.76, -304.47, 1272.39], "sole_L": 1.03, "sole_R": -0.0, "ankle_R": [-141.64, 140.84, 80.93], "liftR": -33.76, "liftL": -9.45, "reachL": 0.9281, "reachR": 0.9218}
C13_TRACE {"f": 104, "pelvis": [0.0, -3.64, 824.38], "fist_R": [-132.72, -275.22, 1294.63], "fist_L": [146.39, -305.16, 1272.42], "sole_L": 1.19, "sole_R": 0.0, "ankle_R": [-141.63, 140.79, 80.9], "liftR": -33.42, "liftL": -9.1, "reachL": 0.9301, "reachR": 0.9235}
C13_TRACE {"f": 105, "pelvis": [0.0, -2.85, 825.84], "fist_R": [-132.05, -274.87, 1295.65], "fist_L": [146.03, -305.76, 1272.41], "sole_L": 1.34, "sole_R": 0.0, "ankle_R": [-141.62, 140.73, 80.88], "liftR": -33.1, "liftL": -8.79, "reachL": 0.9318, "reachR": 0.9251}
C13_TRACE {"f": 106, "pelvis": [0.0, -2.14, 827.14], "fist_R": [-131.45, -274.54, 1296.56], "fist_L": [145.68, -306.28, 1272.36], "sole_L": 1.49, "sole_R": 0.0, "ankle_R": [-141.61, 140.67, 80.85], "liftR": -32.81, "liftL": -8.51, "reachL": 0.9334, "reachR": 0.9265}
C13_TRACE {"f": 107, "pelvis": [0.0, -1.52, 828.27], "fist_R": [-130.91, -274.25, 1297.33], "fist_L": [145.37, -306.72, 1272.3], "sole_L": 1.63, "sole_R": 0.0, "ankle_R": [-141.6, 140.61, 80.84], "liftR": -32.56, "liftL": -8.27, "reachL": 0.9348, "reachR": 0.9277}
C13_TRACE {"f": 108, "pelvis": [0.0, -0.99, 829.21], "fist_R": [-130.45, -273.99, 1297.97], "fist_L": [145.08, -307.08, 1272.22], "sole_L": 1.76, "sole_R": 0.0, "ankle_R": [-141.6, 140.55, 80.82], "liftR": -32.35, "liftL": -8.06, "reachL": 0.9359, "reachR": 0.9287}
C13_TRACE {"f": 109, "pelvis": [0.0, -0.57, 829.96], "fist_R": [-130.08, -273.78, 1298.47], "fist_L": [144.85, -307.36, 1272.15], "sole_L": 1.87, "sole_R": -0.0, "ankle_R": [-141.59, 140.5, 80.81], "liftR": -32.19, "liftL": -7.9, "reachL": 0.9368, "reachR": 0.9295}
C13_TRACE {"f": 110, "pelvis": [0.0, -0.26, 830.51], "fist_R": [-129.81, -273.62, 1298.84], "fist_L": [144.67, -307.57, 1272.08], "sole_L": 1.95, "sole_R": -0.0, "ankle_R": [-141.58, 140.47, 80.8], "liftR": -32.06, "liftL": -7.78, "reachL": 0.9374, "reachR": 0.9301}
C13_TRACE {"f": 111, "pelvis": [0.0, -0.07, 830.85], "fist_R": [-129.64, -273.52, 1299.06], "fist_L": [144.56, -307.69, 1272.04], "sole_L": 2.0, "sole_R": 0.0, "ankle_R": [-141.58, 140.44, 80.79], "liftR": -31.99, "liftL": -7.71, "reachL": 0.9378, "reachR": 0.9305}
C13_TRACE {"f": 112, "pelvis": [0.0, 0.0, 830.0], "fist_R": [-129.58, -273.48, 1298.18], "fist_L": [144.52, -307.73, 1271.06], "sole_L": 1.06, "sole_R": -0.96, "ankle_R": [-141.58, 140.43, 79.83], "liftR": -31.96, "liftL": -7.68, "reachL": 0.938, "reachR": 0.9306}
C13_TRACE {"f": 113, "pelvis": [0.0, 0.0, 830.0], "fist_R": [-129.58, -273.48, 1298.18], "fist_L": [144.52, -307.73, 1271.06], "sole_L": 1.06, "sole_R": -0.96, "ankle_R": [-141.58, 140.43, 79.83], "liftR": -31.96, "liftL": -7.68, "reachL": 0.938, "reachR": 0.9306}
C13_TRACE {"f": 114, "pelvis": [0.0, 0.0, 830.0], "fist_R": [-129.58, -273.48, 1298.18], "fist_L": [144.52, -307.73, 1271.06], "sole_L": 1.06, "sole_R": -0.96, "ankle_R": [-141.58, 140.43, 79.83], "liftR": -31.96, "liftL": -7.68, "reachL": 0.938, "reachR": 0.9306}
C13_TRACE {"f": 115, "pelvis": [0.0, 0.0, 830.0], "fist_R": [-129.58, -273.48, 1298.18], "fist_L": [144.52, -307.73, 1271.06], "sole_L": 1.06, "sole_R": -0.96, "ankle_R": [-141.58, 140.43, 79.83], "liftR": -31.96, "liftL": -7.68, "reachL": 0.938, "reachR": 0.9306}
C13_TRACE {"f": 116, "pelvis": [0.0, 0.0, 830.0], "fist_R": [-129.58, -273.48, 1298.18], "fist_L": [144.52, -307.73, 1271.06], "sole_L": 1.06, "sole_R": -0.96, "ankle_R": [-141.58, 140.43, 79.83], "liftR": -31.96, "liftL": -7.68, "reachL": 0.938, "reachR": 0.9306}
C13_TRACE {"f": 117, "pelvis": [0.0, 0.0, 830.0], "fist_R": [-129.58, -273.48, 1298.18], "fist_L": [144.52, -307.73, 1271.06], "sole_L": 1.06, "sole_R": -0.96, "ankle_R": [-141.58, 140.43, 79.83], "liftR": -31.96, "liftL": -7.68, "reachL": 0.938, "reachR": 0.9306}
C13_TRACE {"f": 118, "pelvis": [0.0, 0.0, 830.0], "fist_R": [-129.58, -273.48, 1298.18], "fist_L": [144.52, -307.73, 1271.06], "sole_L": 1.06, "sole_R": -0.96, "ankle_R": [-141.58, 140.43, 79.83], "liftR": -31.96, "liftL": -7.68, "reachL": 0.938, "reachR": 0.9306}
C13_TRACE {"f": 119, "pelvis": [0.0, 0.0, 830.0], "fist_R": [-129.58, -273.48, 1298.18], "fist_L": [144.52, -307.73, 1271.06], "sole_L": 1.06, "sole_R": -0.96, "ankle_R": [-141.58, 140.43, 79.83], "liftR": -31.96, "liftL": -7.68, "reachL": 0.938, "reachR": 0.9306}
C13_TRACE {"f": 120, "pelvis": [0.0, 0.0, 830.0], "fist_R": [-129.58, -273.48, 1298.18], "fist_L": [144.52, -307.73, 1271.06], "sole_L": 1.06, "sole_R": -0.96, "ankle_R": [-141.58, 140.43, 79.83], "liftR": -31.96, "liftL": -7.68, "reachL": 0.938, "reachR": 0.9306}
C13_REPORT {"loop_seamless": null, "ground_min_mm": -0.96, "ground_contact_ok": true, "max_frame_step_deg": 80.37, "max_frame_step_at": [55, "forearm.L"], "no_teleport": false, "bone_travel_mm": {"pelvis": 186.01, "chest": 270.77, "head": 424.47, "hand.L": 537.83, "hand.R": 512.34}, "seg_len": [8, 14, 10, 30], "seg_mean": 15.5, "seg_std": 8.6458, "seg_cv": 0.5578, "seg_adjacent_ratio": [1.75, 0.7143, 3.0], "seg_max_adjacent_ratio": 3.0, "rhythm_uneven_ok": true, "seg_peak_hand_speed_mmps": [4390.2, 10397.1, 10461.1, 11692.3], "seg_peak_hand_frame": [6, 16, 31, 59], "seg_peak_step_mm": [104.96, 371.6, 409.11, 381.22], "chain_peak_frames": {"foot": {"foot": 3, "leg": 3, "hip": 7, "waist": 7, "shoulder": 7, "hand": 6}, "leg": {"foot": 21, "leg": 16, "hip": 16, "waist": 16, "shoulder": 16, "hand": 16}, "hip": {"foot": 27, "leg": 27, "hip": 31, "waist": 26, "shoulder": 26, "hand": 31}, "waist": {"foot": 54, "leg": 54, "hip": 59, "waist": 59, "shoulder": 59, "hand": 59}}, "chain_peak_detail": [{"foot": {"key": "foot.R", "frame": 3, "speed_mmps": 1557.2}, "leg": {"key": "thigh.R.tail", "frame": 3, "speed_mmps": 1746.3}, "hip": {"key": "pelvis", "frame": 7, "speed_mmps": 2272.3}, "waist": {"key": "chest.tail", "frame": 7, "speed_mmps": 2879.9}, "shoulder": {"key": "upperarm.R", "frame": 7, "speed_mmps": 2699.1}, "hand": {"key": "hand.R.tail", "frame": 6, "speed_mmps": 4390.2}}, {"foot": {"key": "foot.L", "frame": 21, "speed_mmps": 888.8}, "leg": {"key": "thigh.L.tail", "frame": 16, "speed_mmps": 4602.1}, "hip": {"key": "pelvis", "frame": 16, "speed_mmps": 3817.5}, "waist": {"key": "chest.tail", "frame": 16, "speed_mmps": 8505.5}, "shoulder": {"key": "upperarm.L", "frame": 16, "speed_mmps": 9846.1}, "hand": {"key": "hand.L.tail", "frame": 16, "speed_mmps": 10397.1}}, {"foot": {"key": "foot.R", "frame": 27, "speed_mmps": 2629.8}, "leg": {"key": "thigh.R.tail", "frame": 27, "speed_mmps": 1958.0}, "hip": {"key": "pelvis", "frame": 31, "speed_mmps": 939.6}, "waist": {"key": "chest.tail", "frame": 26, "speed_mmps": 1680.6}, "shoulder": {"key": "upperarm.R", "frame": 26, "speed_mmps": 3078.3}, "hand": {"key": "hand.R.tail", "frame": 31, "speed_mmps": 10461.1}}, {"foot": {"key": "foot.R", "frame": 54, "speed_mmps": 3298.8}, "leg": {"key": "thigh.R.tail", "frame": 54, "speed_mmps": 1983.4}, "hip": {"key": "pelvis", "frame": 59, "speed_mmps": 1876.4}, "waist": {"key": "chest.tail", "frame": 59, "speed_mmps": 4999.3}, "shoulder": {"key": "upperarm.R", "frame": 59, "speed_mmps": 4305.8}, "hand": {"key": "hand.R.tail", "frame": 59, "speed_mmps": 11692.3}}], "chain_peak_keys": {"foot": {"foot": "foot.R", "leg": "thigh.R.tail", "hip": "pelvis", "waist": "chest.tail", "shoulder": "upperarm.R", "hand": "hand.R.tail"}, "leg": {"foot": "foot.L", "leg": "thigh.L.tail", "hip": "pelvis", "waist": "chest.tail", "shoulder": "upperarm.L", "hand": "hand.L.tail"}, "hip": {"foot": "foot.R", "leg": "thigh.R.tail", "hip": "pelvis", "waist": "chest.tail", "shoulder": "upperarm.R", "hand": "hand.R.tail"}, "waist": {"foot": "foot.R", "leg": "thigh.R.tail", "hip": "pelvis", "waist": "chest.tail", "shoulder": "upperarm.R", "hand": "hand.R.tail"}}, "accent_ok_flags": [true, false, true, true], "accent_tail_boundary": [4.8, 16.4, 28.0, 50.0], "accent_at_tail_ok": false, "rhythm_weight_corr": 0.8, "rhythm_weight_corr_ok": true, "hitstop": [{"segment": 1, "hit": 8, "hold": [8, 10], "frames": 3, "inside_max_step_mm": 0.0, "before_step_mm": 76.0416, "after_step_mm": 88.7198, "gap_before_mm": 76.0416, "gap_after_mm": 88.7198, "real": true}, {"segment": 2, "hit": 22, "hold": [22, 24], "frames": 3, "inside_max_step_mm": 0.0, "before_step_mm": 84.5869, "after_step_mm": 336.8028, "gap_before_mm": 84.5869, "gap_after_mm": 336.8028, "real": true}, {"segment": 3, "hit": 32, "hold": [32, 34], "frames": 3, "inside_max_step_mm": 0.0, "before_step_mm": 147.6585, "after_step_mm": 30.0701, "gap_before_mm": 147.6585, "gap_after_mm": 30.0701, "real": true}, {"segment": 4, "hit": 62, "hold": [62, 65], "frames": 4, "inside_max_step_mm": 0.0, "before_step_mm": 58.6112, "after_step_mm": 11.2221, "gap_before_mm": 58.6112, "gap_after_mm": 11.2221, "real": true}], "hitstop_real_ok": true, "chain_strictly_increasing": [false, false, false, false], "chain_per_hit_ok": false, "segment_yaw_changes": 4, "segment_yaw_peak_deg": 12.24, "segment_count_ok": true, "seg_peak_step_min_mm": 104.96, "no_freeze_ok": true, "press": [{"segment": 1, "forward_peak_mm": 70.0, "at_hit_mm": 70.0, "ok": true}, {"segment": 2, "forward_peak_mm": 70.0, "at_hit_mm": 58.0, "ok": true}, {"segment": 3, "forward_peak_mm": 86.0, "at_hit_mm": 86.0, "ok": true}, {"segment": 4, "forward_peak_mm": 110.0, "at_hit_mm": 110.0, "ok": true}], "press_ok": true, "camera_torso_yaw_max_deg": 17.0, "camera_head_yaw_max_deg": 6.8, "camera_facing_ok": true, "quiet_hold_worst_mm": 0.0, "quiet_hold_ok": true, "charge_hold_worst_mm": 0.0, "charge_hold_ok": true, "hits": [{"index": 1, "frame": 8, "side": "R", "part": "hand.R", "point_m": [-0.1296, -0.2735, 1.2982], "hitstop": [8, 10]}, {"index": 2, "frame": 22, "side": "L", "part": "hand.L", "point_m": [0.1445, -0.3077, 1.2711], "hitstop": [22, 24]}, {"index": 3, "frame": 32, "side": "R", "part": "hand.R", "point_m": [-0.1296, -0.2735, 1.2982], "hitstop": [32, 34]}, {"index": 4, "frame": 62, "side": "R", "part": "hand.R", "point_m": [-0.1296, -0.2735, 1.2982], "hitstop": [62, 65]}], "ua_start_delta_deg": 0.0, "ua_start_ok": true, "hitframe_markers": {"HIT_1": {"marker": 8, "expected": 8, "ok": true}, "HIT_2": {"marker": 22, "expected": 22, "ok": true}, "HIT_3": {"marker": 32, "expected": 32, "ok": true}, "HIT_4": {"marker": 62, "expected": 62, "ok": true}}, "hitframe_registered_ok": true, "plant_L_mm": 0.185, "plant_R_mm": 0.517, "plant_3d_L_mm": 39.638, "plant_3d_R_mm": 57.179, "plant_ok": true, "low_bad_frames": {}, "leg_reach_worst_ratio": 0.93796, "leg_reach_worst_at": [0, "L"], "leg_reach_ok": true, "arm_clamp": {"L": {"any": false, "worst_frame": 50, "worst_ratio": 0.98874, "worst_over_mm": 0.0, "limit_mm": 649.675}, "R": {"any": false, "worst_frame": 53, "worst_ratio": 0.95424, "worst_over_mm": 0.0, "limit_mm": 649.675}}, "arm_reach_ok": true, "settle_tail_mm": [0.0, 0.0, 0.0, 0.0, 0.0, 0.0], "settle_monotone_ok": true, "settle_last2_mm": 0.0, "settle_no_stop_ok": true, "end_pose_delta_mm": 0.0, "end_pose_ok": true, "settle_ok": true, "hit_point_m": {"HIT_1": [-0.1296, -0.2735, 1.2982], "HIT_2": [0.1445, -0.3077, 1.2711], "HIT_3": [-0.1296, -0.2735, 1.2982], "HIT_4": [-0.1296, -0.2735, 1.2982]}, "meta": {"anim_id": "Ultimate_Attack", "loop": false, "category": "连招与特殊技", "note": "大招攻击：4 段重击（右刺拳 / 左摆拳 / 右上勾 / 双拳全身下砸），段间隔 [8, 14, 10, 30] 不平均；每段命中 3~4 帧完全停顿；原地连招，位移由骨盆前压承担。", "hits": [{"index": 1, "frame": 8, "side": "R", "part": "hand.R", "point_m": [-0.1296, -0.2735, 1.2982], "hitstop": [8, 10]}, {"index": 2, "frame": 22, "side": "L", "part": "hand.L", "point_m": [0.1445, -0.3077, 1.2711], "hitstop": [22, 24]}, {"index": 3, "frame": 32, "side": "R", "part": "hand.R", "point_m": [-0.1296, -0.2735, 1.2982], "hitstop": [32, 34]}, {"index": 4, "frame": 62, "side": "R", "part": "hand.R", "point_m": [-0.1296, -0.2735, 1.2982], "hitstop": [62, 65]}], "segments": {"ease": [0, 3], "seg1": [3, 8], "hold1": [11, 15], "seg2": [8, 22], "seg3": [22, 32], "charge": [32, 50], "charge_hold": [50, 53], "seg4": [56, 62], "follow": [65, 78], "recover": [78, 112], "rest": [112, 120]}, "hit_frames": [8, 22, 32, 62], "hitstop_frames": [3, 3, 3, 4], "seg_len": [8, 14, 10, 30], "cancel_frame": 106, "settle_end": 112, "root_motion_m": [0.0, 0.0], "pelvis_press_note": "位移由骨盆前压承担（世界 −Y），脚不迈步", "foot_lift_note": "抬跟（foot.rx）为 chain 的「脚」节点提供位移；水平位移=0", "fps": 60, "frames": [0, 120]}, "failed": ["accent_at_tail_ok", "chain_per_hit_ok"], "non_ok_bools": ["no_teleport"]}
C13_DONE failed=['accent_at_tail_ok', 'chain_per_hit_ok']
C13_DONE non_ok_bools=['no_teleport']
Blender 4.5.0 (hash 8cb6b388974a built 2025-07-15 01:36:24)
Read blend: "I:\工作项目\BIGMANFIGHT\角色资产\美术资产\bigman_v001\bigman_anim_v001.blend"

Blender quit
Error: Not freed memory blocks: 1, total unfreed memory 0.000008 MB
