Blender 4.5.0 (hash 8cb6b388974a built 2025-07-15 01:36:24)
Read blend: "I:\工作项目\BIGMANFIGHT\角色资产\美术资产\bigman_v001\bigman_anim_v001.blend"
Fra:0 Mem:103.22M (Peak 106.41M) | Time:00:00.55 | Rendering 1 / 64 samples
Fra:0 Mem:103.22M (Peak 106.41M) | Time:00:00.59 | Rendering 25 / 64 samples
Fra:0 Mem:103.22M (Peak 106.41M) | Time:00:00.63 | Rendering 50 / 64 samples
Fra:0 Mem:103.22M (Peak 106.41M) | Time:00:00.65 | Rendering 64 / 64 samples
Fra:0 Mem:71.17M (Peak 116.31M) | Time:00:00.67 | Compositing
Append frame 0
Time: 00:00.69 (Saving: 00:00.00)

Fra:1 Mem:105.24M (Peak 116.31M) | Time:00:00.15 | Rendering 1 / 64 samples
Fra:1 Mem:105.24M (Peak 116.31M) | Time:00:00.22 | Rendering 25 / 64 samples
Fra:1 Mem:105.24M (Peak 116.31M) | Time:00:00.26 | Rendering 50 / 64 samples
Fra:1 Mem:105.24M (Peak 116.31M) | Time:00:00.28 | Rendering 64 / 64 samples
Fra:1 Mem:73.20M (Peak 118.33M) | Time:00:00.30 | Compositing
Append frame 1
Time: 00:00.32 (Saving: 00:00.01)

Fra:2 Mem:105.24M (Peak 118.33M) | Time:00:00.13 | Rendering 1 / 64 samples
Fra:2 Mem:105.24M (Peak 118.33M) | Time:00:00.17 | Rendering 25 / 64 samples
Fra:2 Mem:105.24M (Peak 118.33M) | Time:00:00.21 | Rendering 50 / 64 samples
Fra:2 Mem:105.24M (Peak 118.33M) | Time:00:00.23 | Rendering 64 / 64 samples
Fra:2 Mem:73.20M (Peak 118.33M) | Time:00:00.25 | Compositing
Append frame 2
Time: 00:00.27 (Saving: 00:00.00)

Fra:3 Mem:105.24M (Peak 118.33M) | Time:00:00.14 | Rendering 1 / 64 samples
Fra:3 Mem:105.24M (Peak 118.33M) | Time:00:00.18 | Rendering 25 / 64 samples
Fra:3 Mem:105.24M (Peak 118.33M) | Time:00:00.22 | Rendering 50 / 64 samples
Fra:3 Mem:105.24M (Peak 118.33M) | Time:00:00.24 | Rendering 64 / 64 samples
Fra:3 Mem:73.20M (Peak 118.33M) | Time:00:00.26 | Compositing
Append frame 3
Time: 00:00.27 (Saving: 00:00.00)

Fra:4 Mem:105.24M (Peak 118.33M) | Time:00:00.14 | Rendering 1 / 64 samples
Fra:4 Mem:105.24M (Peak 118.33M) | Time:00:00.18 | Rendering 25 / 64 samples
Fra:4 Mem:105.24M (Peak 118.33M) | Time:00:00.22 | Rendering 50 / 64 samples
Fra:4 Mem:105.24M (Peak 118.33M) | Time:00:00.24 | Rendering 64 / 64 samples
Fra:4 Mem:73.20M (Peak 118.33M) | Time:00:00.26 | Compositing
Append frame 4
Time: 00:00.27 (Saving: 00:00.00)

Fra:5 Mem:105.24M (Peak 118.33M) | Time:00:00.08 | Rendering 1 / 64 samples
Fra:5 Mem:105.24M (Peak 118.33M) | Time:00:00.12 | Rendering 25 / 64 samples
Fra:5 Mem:105.24M (Peak 118.33M) | Time:00:00.15 | Rendering 50 / 64 samples
Fra:5 Mem:105.24M (Peak 118.33M) | Time:00:00.18 | Rendering 64 / 64 samples
Fra:5 Mem:73.20M (Peak 118.33M) | Time:00:00.20 | Compositing
Append frame 5
Time: 00:00.21 (Saving: 00:00.00)

Fra:6 Mem:105.24M (Peak 118.33M) | Time:00:00.09 | Rendering 1 / 64 samples
Fra:6 Mem:105.24M (Peak 118.33M) | Time:00:00.13 | Rendering 25 / 64 samples
Fra:6 Mem:105.24M (Peak 118.33M) | Time:00:00.17 | Rendering 50 / 64 samples
Fra:6 Mem:105.24M (Peak 118.33M) | Time:00:00.19 | Rendering 64 / 64 samples
Fra:6 Mem:73.20M (Peak 118.33M) | Time:00:00.21 | Compositing
Append frame 6
Time: 00:00.22 (Saving: 00:00.00)

Fra:7 Mem:105.24M (Peak 118.33M) | Time:00:00.12 | Rendering 1 / 64 samples
Fra:7 Mem:105.24M (Peak 118.33M) | Time:00:00.16 | Rendering 25 / 64 samples
Fra:7 Mem:105.24M (Peak 118.33M) | Time:00:00.20 | Rendering 50 / 64 samples
Fra:7 Mem:105.24M (Peak 118.33M) | Time:00:00.22 | Rendering 64 / 64 samples
Fra:7 Mem:73.20M (Peak 118.33M) | Time:00:00.24 | Compositing
Append frame 7
Time: 00:00.25 (Saving: 00:00.00)

Fra:8 Mem:105.24M (Peak 118.33M) | Time:00:00.12 | Rendering 1 / 64 samples
Fra:8 Mem:105.24M (Peak 118.33M) | Time:00:00.16 | Rendering 25 / 64 samples
Fra:8 Mem:105.24M (Peak 118.33M) | Time:00:00.20 | Rendering 50 / 64 samples
Fra:8 Mem:105.24M (Peak 118.33M) | Time:00:00.22 | Rendering 64 / 64 samples
Fra:8 Mem:73.20M (Peak 118.33M) | Time:00:00.25 | Compositing
Append frame 8
Time: 00:00.26 (Saving: 00:00.00)

Fra:9 Mem:105.24M (Peak 118.33M) | Time:00:00.13 | Rendering 1 / 64 samples
Fra:9 Mem:105.24M (Peak 118.33M) | Time:00:00.16 | Rendering 25 / 64 samples
Fra:9 Mem:105.24M (Peak 118.33M) | Time:00:00.20 | Rendering 50 / 64 samples
Fra:9 Mem:105.24M (Peak 118.33M) | Time:00:00.22 | Rendering 64 / 64 samples
Fra:9 Mem:73.20M (Peak 118.33M) | Time:00:00.25 | Compositing
Append frame 9
Time: 00:00.26 (Saving: 00:00.00)

Fra:10 Mem:105.24M (Peak 118.33M) | Time:00:00.12 | Rendering 1 / 64 samples
Fra:10 Mem:105.24M (Peak 118.33M) | Time:00:00.16 | Rendering 25 / 64 samples
Fra:10 Mem:105.24M (Peak 118.33M) | Time:00:00.20 | Rendering 50 / 64 samples
Fra:10 Mem:105.24M (Peak 118.33M) | Time:00:00.22 | Rendering 64 / 64 samples
Fra:10 Mem:73.20M (Peak 118.33M) | Time:00:00.24 | Compositing
Append frame 10
Time: 00:00.26 (Saving: 00:00.00)

Fra:11 Mem:105.24M (Peak 118.33M) | Time:00:00.13 | Rendering 1 / 64 samples
Fra:11 Mem:105.24M (Peak 118.33M) | Time:00:00.17 | Rendering 25 / 64 samples
Fra:11 Mem:105.24M (Peak 118.33M) | Time:00:00.20 | Rendering 50 / 64 samples
Fra:11 Mem:105.24M (Peak 118.33M) | Time:00:00.23 | Rendering 64 / 64 samples
Fra:11 Mem:73.20M (Peak 118.33M) | Time:00:00.25 | Compositing
Append frame 11
Time: 00:00.26 (Saving: 00:00.00)

Fra:12 Mem:105.24M (Peak 118.33M) | Time:00:00.12 | Rendering 1 / 64 samples
Fra:12 Mem:105.24M (Peak 118.33M) | Time:00:00.16 | Rendering 25 / 64 samples
Fra:12 Mem:105.24M (Peak 118.33M) | Time:00:00.20 | Rendering 50 / 64 samples
Fra:12 Mem:105.24M (Peak 118.33M) | Time:00:00.22 | Rendering 64 / 64 samples
Fra:12 Mem:73.20M (Peak 118.33M) | Time:00:00.24 | Compositing
Append frame 12
Time: 00:00.26 (Saving: 00:00.00)

Fra:13 Mem:105.24M (Peak 118.33M) | Time:00:00.08 | Rendering 1 / 64 samples
Fra:13 Mem:105.24M (Peak 118.33M) | Time:00:00.11 | Rendering 25 / 64 samples
Fra:13 Mem:105.24M (Peak 118.33M) | Time:00:00.15 | Rendering 50 / 64 samples
Fra:13 Mem:105.24M (Peak 118.33M) | Time:00:00.17 | Rendering 64 / 64 samples
Fra:13 Mem:73.20M (Peak 118.33M) | Time:00:00.20 | Compositing
Append frame 13
Time: 00:00.21 (Saving: 00:00.00)

Fra:14 Mem:105.24M (Peak 118.33M) | Time:00:00.10 | Rendering 1 / 64 samples
Fra:14 Mem:105.24M (Peak 118.33M) | Time:00:00.14 | Rendering 25 / 64 samples
Fra:14 Mem:105.24M (Peak 118.33M) | Time:00:00.18 | Rendering 50 / 64 samples
Fra:14 Mem:105.24M (Peak 118.33M) | Time:00:00.20 | Rendering 64 / 64 samples
Fra:14 Mem:73.20M (Peak 118.33M) | Time:00:00.22 | Compositing
Append frame 14
Time: 00:00.23 (Saving: 00:00.00)

Fra:15 Mem:105.24M (Peak 118.33M) | Time:00:00.12 | Rendering 1 / 64 samples
Fra:15 Mem:105.24M (Peak 118.33M) | Time:00:00.16 | Rendering 25 / 64 samples
Fra:15 Mem:105.24M (Peak 118.33M) | Time:00:00.20 | Rendering 50 / 64 samples
Fra:15 Mem:105.24M (Peak 118.33M) | Time:00:00.22 | Rendering 64 / 64 samples
Fra:15 Mem:73.20M (Peak 118.33M) | Time:00:00.25 | Compositing
Append frame 15
Time: 00:00.26 (Saving: 00:00.00)

Fra:16 Mem:105.24M (Peak 118.33M) | Time:00:00.13 | Rendering 1 / 64 samples
Fra:16 Mem:105.24M (Peak 118.33M) | Time:00:00.17 | Rendering 25 / 64 samples
Fra:16 Mem:105.24M (Peak 118.33M) | Time:00:00.21 | Rendering 50 / 64 samples
Fra:16 Mem:105.24M (Peak 118.33M) | Time:00:00.23 | Rendering 64 / 64 samples
Fra:16 Mem:73.20M (Peak 118.33M) | Time:00:00.25 | Compositing
Append frame 16
Time: 00:00.26 (Saving: 00:00.00)

Fra:17 Mem:105.24M (Peak 118.33M) | Time:00:00.09 | Rendering 1 / 64 samples
Fra:17 Mem:105.24M (Peak 118.33M) | Time:00:00.13 | Rendering 25 / 64 samples
Fra:17 Mem:105.24M (Peak 118.33M) | Time:00:00.17 | Rendering 50 / 64 samples
Fra:17 Mem:105.24M (Peak 118.33M) | Time:00:00.20 | Rendering 64 / 64 samples
Fra:17 Mem:73.20M (Peak 118.33M) | Time:00:00.22 | Compositing
Append frame 17
Time: 00:00.23 (Saving: 00:00.00)

Fra:18 Mem:105.24M (Peak 118.33M) | Time:00:00.13 | Rendering 1 / 64 samples
Fra:18 Mem:105.24M (Peak 118.33M) | Time:00:00.16 | Rendering 25 / 64 samples
Fra:18 Mem:105.24M (Peak 118.33M) | Time:00:00.20 | Rendering 50 / 64 samples
Fra:18 Mem:105.24M (Peak 118.33M) | Time:00:00.23 | Rendering 64 / 64 samples
Fra:18 Mem:73.20M (Peak 118.33M) | Time:00:00.25 | Compositing
Append frame 18
Time: 00:00.26 (Saving: 00:00.00)

Fra:19 Mem:105.24M (Peak 118.33M) | Time:00:00.08 | Rendering 1 / 64 samples
Fra:19 Mem:105.24M (Peak 118.33M) | Time:00:00.12 | Rendering 25 / 64 samples
Fra:19 Mem:105.24M (Peak 118.33M) | Time:00:00.16 | Rendering 50 / 64 samples
Fra:19 Mem:105.24M (Peak 118.33M) | Time:00:00.18 | Rendering 64 / 64 samples
Fra:19 Mem:73.20M (Peak 118.33M) | Time:00:00.20 | Compositing
Append frame 19
Time: 00:00.22 (Saving: 00:00.00)

Fra:20 Mem:105.24M (Peak 118.33M) | Time:00:00.13 | Rendering 1 / 64 samples
Fra:20 Mem:105.24M (Peak 118.33M) | Time:00:00.17 | Rendering 25 / 64 samples
Fra:20 Mem:105.24M (Peak 118.33M) | Time:00:00.21 | Rendering 50 / 64 samples
Fra:20 Mem:105.24M (Peak 118.33M) | Time:00:00.23 | Rendering 64 / 64 samples
Fra:20 Mem:73.20M (Peak 118.33M) | Time:00:00.25 | Compositing
Append frame 20
Time: 00:00.27 (Saving: 00:00.00)

Fra:21 Mem:105.24M (Peak 118.33M) | Time:00:00.12 | Rendering 1 / 64 samples
Fra:21 Mem:105.24M (Peak 118.33M) | Time:00:00.15 | Rendering 25 / 64 samples
Fra:21 Mem:105.24M (Peak 118.33M) | Time:00:00.19 | Rendering 50 / 64 samples
Fra:21 Mem:105.24M (Peak 118.33M) | Time:00:00.22 | Rendering 64 / 64 samples
Fra:21 Mem:73.20M (Peak 118.33M) | Time:00:00.24 | Compositing
Append frame 21
Time: 00:00.25 (Saving: 00:00.00)

Fra:22 Mem:105.24M (Peak 118.33M) | Time:00:00.13 | Rendering 1 / 64 samples
Fra:22 Mem:105.24M (Peak 118.33M) | Time:00:00.16 | Rendering 25 / 64 samples
Fra:22 Mem:105.24M (Peak 118.33M) | Time:00:00.20 | Rendering 50 / 64 samples
Fra:22 Mem:105.24M (Peak 118.33M) | Time:00:00.23 | Rendering 64 / 64 samples
Fra:22 Mem:73.20M (Peak 118.33M) | Time:00:00.25 | Compositing
Append frame 22
Time: 00:00.26 (Saving: 00:00.00)

Fra:23 Mem:105.24M (Peak 118.33M) | Time:00:00.12 | Rendering 1 / 64 samples
Fra:23 Mem:105.24M (Peak 118.33M) | Time:00:00.16 | Rendering 25 / 64 samples
Fra:23 Mem:105.24M (Peak 118.33M) | Time:00:00.20 | Rendering 50 / 64 samples
Fra:23 Mem:105.24M (Peak 118.33M) | Time:00:00.22 | Rendering 64 / 64 samples
Fra:23 Mem:73.20M (Peak 118.33M) | Time:00:00.24 | Compositing
Append frame 23
Time: 00:00.25 (Saving: 00:00.00)

Fra:24 Mem:105.24M (Peak 118.33M) | Time:00:00.14 | Rendering 1 / 64 samples
Fra:24 Mem:105.24M (Peak 118.33M) | Time:00:00.18 | Rendering 25 / 64 samples
Fra:24 Mem:105.24M (Peak 118.33M) | Time:00:00.22 | Rendering 50 / 64 samples
Fra:24 Mem:105.24M (Peak 118.33M) | Time:00:00.24 | Rendering 64 / 64 samples
Fra:24 Mem:73.20M (Peak 118.33M) | Time:00:00.26 | Compositing
Append frame 24
Time: 00:00.27 (Saving: 00:00.00)

Fra:25 Mem:105.24M (Peak 118.33M) | Time:00:00.12 | Rendering 1 / 64 samples
Fra:25 Mem:105.24M (Peak 118.33M) | Time:00:00.16 | Rendering 25 / 64 samples
Fra:25 Mem:105.24M (Peak 118.33M) | Time:00:00.20 | Rendering 50 / 64 samples
Fra:25 Mem:105.24M (Peak 118.33M) | Time:00:00.22 | Rendering 64 / 64 samples
Fra:25 Mem:73.20M (Peak 118.33M) | Time:00:00.24 | Compositing
Append frame 25
Time: 00:00.26 (Saving: 00:00.00)

Fra:26 Mem:105.24M (Peak 118.33M) | Time:00:00.10 | Rendering 1 / 64 samples
Fra:26 Mem:105.24M (Peak 118.33M) | Time:00:00.14 | Rendering 25 / 64 samples
Fra:26 Mem:105.24M (Peak 118.33M) | Time:00:00.18 | Rendering 50 / 64 samples
Fra:26 Mem:105.24M (Peak 118.33M) | Time:00:00.20 | Rendering 64 / 64 samples
Fra:26 Mem:73.20M (Peak 118.33M) | Time:00:00.22 | Compositing
Append frame 26
Time: 00:00.23 (Saving: 00:00.00)

Fra:27 Mem:105.24M (Peak 118.33M) | Time:00:00.13 | Rendering 1 / 64 samples
Fra:27 Mem:105.24M (Peak 118.33M) | Time:00:00.17 | Rendering 25 / 64 samples
Fra:27 Mem:105.24M (Peak 118.33M) | Time:00:00.21 | Rendering 50 / 64 samples
Fra:27 Mem:105.24M (Peak 118.33M) | Time:00:00.23 | Rendering 64 / 64 samples
Fra:27 Mem:73.20M (Peak 118.33M) | Time:00:00.25 | Compositing
Append frame 27
Time: 00:00.26 (Saving: 00:00.00)

Fra:28 Mem:105.24M (Peak 118.33M) | Time:00:00.14 | Rendering 1 / 64 samples
Fra:28 Mem:105.24M (Peak 118.33M) | Time:00:00.18 | Rendering 25 / 64 samples
Fra:28 Mem:105.24M (Peak 118.33M) | Time:00:00.22 | Rendering 50 / 64 samples
Fra:28 Mem:105.24M (Peak 118.33M) | Time:00:00.24 | Rendering 64 / 64 samples
Fra:28 Mem:73.20M (Peak 118.33M) | Time:00:00.26 | Compositing
Append frame 28
Time: 00:00.27 (Saving: 00:00.00)

Fra:29 Mem:105.24M (Peak 118.33M) | Time:00:00.09 | Rendering 1 / 64 samples
Fra:29 Mem:105.24M (Peak 118.33M) | Time:00:00.13 | Rendering 25 / 64 samples
Fra:29 Mem:105.24M (Peak 118.33M) | Time:00:00.17 | Rendering 50 / 64 samples
Fra:29 Mem:105.24M (Peak 118.33M) | Time:00:00.19 | Rendering 64 / 64 samples
Fra:29 Mem:73.20M (Peak 118.33M) | Time:00:00.21 | Compositing
Append frame 29
Time: 00:00.22 (Saving: 00:00.00)

Fra:30 Mem:105.24M (Peak 118.33M) | Time:00:00.10 | Rendering 1 / 64 samples
Fra:30 Mem:105.24M (Peak 118.33M) | Time:00:00.14 | Rendering 25 / 64 samples
Fra:30 Mem:105.24M (Peak 118.33M) | Time:00:00.18 | Rendering 50 / 64 samples
Fra:30 Mem:105.24M (Peak 118.33M) | Time:00:00.20 | Rendering 64 / 64 samples
Fra:30 Mem:73.20M (Peak 118.33M) | Time:00:00.22 | Compositing
Append frame 30
Time: 00:00.23 (Saving: 00:00.00)

Fra:31 Mem:105.24M (Peak 118.33M) | Time:00:00.12 | Rendering 1 / 64 samples
Fra:31 Mem:105.24M (Peak 118.33M) | Time:00:00.15 | Rendering 25 / 64 samples
Fra:31 Mem:105.24M (Peak 118.33M) | Time:00:00.19 | Rendering 50 / 64 samples
Fra:31 Mem:105.24M (Peak 118.33M) | Time:00:00.22 | Rendering 64 / 64 samples
Fra:31 Mem:73.20M (Peak 118.33M) | Time:00:00.23 | Compositing
Append frame 31
Time: 00:00.24 (Saving: 00:00.00)

Fra:32 Mem:105.24M (Peak 118.33M) | Time:00:00.14 | Rendering 1 / 64 samples
Fra:32 Mem:105.24M (Peak 118.33M) | Time:00:00.18 | Rendering 25 / 64 samples
Fra:32 Mem:105.24M (Peak 118.33M) | Time:00:00.22 | Rendering 50 / 64 samples
Fra:32 Mem:105.24M (Peak 118.33M) | Time:00:00.24 | Rendering 64 / 64 samples
Fra:32 Mem:73.20M (Peak 118.33M) | Time:00:00.26 | Compositing
Append frame 32
Time: 00:00.27 (Saving: 00:00.00)

Fra:33 Mem:105.24M (Peak 118.33M) | Time:00:00.08 | Rendering 1 / 64 samples
Fra:33 Mem:105.24M (Peak 118.33M) | Time:00:00.12 | Rendering 25 / 64 samples
Fra:33 Mem:105.24M (Peak 118.33M) | Time:00:00.16 | Rendering 50 / 64 samples
Fra:33 Mem:105.24M (Peak 118.33M) | Time:00:00.19 | Rendering 64 / 64 samples
Fra:33 Mem:73.20M (Peak 118.33M) | Time:00:00.20 | Compositing
Append frame 33
Time: 00:00.22 (Saving: 00:00.00)

Fra:34 Mem:105.24M (Peak 118.33M) | Time:00:00.13 | Rendering 1 / 64 samples
Fra:34 Mem:105.24M (Peak 118.33M) | Time:00:00.17 | Rendering 25 / 64 samples
Fra:34 Mem:105.24M (Peak 118.33M) | Time:00:00.21 | Rendering 50 / 64 samples
Fra:34 Mem:105.24M (Peak 118.33M) | Time:00:00.23 | Rendering 64 / 64 samples
Fra:34 Mem:73.20M (Peak 118.33M) | Time:00:00.25 | Compositing
Append frame 34
Time: 00:00.26 (Saving: 00:00.00)

Fra:35 Mem:105.24M (Peak 118.33M) | Time:00:00.13 | Rendering 1 / 64 samples
Fra:35 Mem:105.24M (Peak 118.33M) | Time:00:00.16 | Rendering 25 / 64 samples
Fra:35 Mem:105.24M (Peak 118.33M) | Time:00:00.20 | Rendering 50 / 64 samples
Fra:35 Mem:105.24M (Peak 118.33M) | Time:00:00.23 | Rendering 64 / 64 samples
Fra:35 Mem:73.20M (Peak 118.33M) | Time:00:00.24 | Compositing
Append frame 35
Time: 00:00.25 (Saving: 00:00.00)

Fra:36 Mem:105.24M (Peak 118.33M) | Time:00:00.11 | Rendering 1 / 64 samples
Fra:36 Mem:105.24M (Peak 118.33M) | Time:00:00.15 | Rendering 25 / 64 samples
Fra:36 Mem:105.24M (Peak 118.33M) | Time:00:00.19 | Rendering 50 / 64 samples
Fra:36 Mem:105.24M (Peak 118.33M) | Time:00:00.21 | Rendering 64 / 64 samples
Fra:36 Mem:73.20M (Peak 118.33M) | Time:00:00.23 | Compositing
Append frame 36
Time: 00:00.24 (Saving: 00:00.00)

Fra:37 Mem:105.24M (Peak 118.33M) | Time:00:00.06 | Rendering 1 / 64 samples
Fra:37 Mem:105.24M (Peak 118.33M) | Time:00:00.10 | Rendering 25 / 64 samples
Fra:37 Mem:105.24M (Peak 118.33M) | Time:00:00.14 | Rendering 50 / 64 samples
Fra:37 Mem:105.24M (Peak 118.33M) | Time:00:00.16 | Rendering 64 / 64 samples
Fra:37 Mem:73.20M (Peak 118.33M) | Time:00:00.18 | Compositing
Append frame 37
Time: 00:00.19 (Saving: 00:00.00)

Fra:38 Mem:105.24M (Peak 118.33M) | Time:00:00.07 | Rendering 1 / 64 samples
Fra:38 Mem:105.24M (Peak 118.33M) | Time:00:00.11 | Rendering 25 / 64 samples
Fra:38 Mem:105.24M (Peak 118.33M) | Time:00:00.15 | Rendering 50 / 64 samples
Fra:38 Mem:105.24M (Peak 118.33M) | Time:00:00.17 | Rendering 64 / 64 samples
Fra:38 Mem:73.20M (Peak 118.33M) | Time:00:00.19 | Compositing
Append frame 38
Time: 00:00.20 (Saving: 00:00.00)

Fra:39 Mem:105.24M (Peak 118.33M) | Time:00:00.12 | Rendering 1 / 64 samples
Fra:39 Mem:105.24M (Peak 118.33M) | Time:00:00.16 | Rendering 25 / 64 samples
Fra:39 Mem:105.24M (Peak 118.33M) | Time:00:00.20 | Rendering 50 / 64 samples
Fra:39 Mem:105.24M (Peak 118.33M) | Time:00:00.22 | Rendering 64 / 64 samples
Fra:39 Mem:73.20M (Peak 118.33M) | Time:00:00.24 | Compositing
Append frame 39
Time: 00:00.26 (Saving: 00:00.00)

Fra:40 Mem:105.24M (Peak 118.33M) | Time:00:00.13 | Rendering 1 / 64 samples
Fra:40 Mem:105.24M (Peak 118.33M) | Time:00:00.17 | Rendering 25 / 64 samples
Fra:40 Mem:105.24M (Peak 118.33M) | Time:00:00.21 | Rendering 50 / 64 samples
Fra:40 Mem:105.24M (Peak 118.33M) | Time:00:00.24 | Rendering 64 / 64 samples
Fra:40 Mem:73.20M (Peak 118.33M) | Time:00:00.25 | Compositing
Append frame 40
Time: 00:00.26 (Saving: 00:00.00)

Fra:41 Mem:105.24M (Peak 118.33M) | Time:00:00.08 | Rendering 1 / 64 samples
Fra:41 Mem:105.24M (Peak 118.33M) | Time:00:00.12 | Rendering 25 / 64 samples
Fra:41 Mem:105.24M (Peak 118.33M) | Time:00:00.16 | Rendering 50 / 64 samples
Fra:41 Mem:105.24M (Peak 118.33M) | Time:00:00.18 | Rendering 64 / 64 samples
Fra:41 Mem:73.20M (Peak 118.33M) | Time:00:00.20 | Compositing
Append frame 41
Time: 00:00.21 (Saving: 00:00.00)

Fra:42 Mem:105.24M (Peak 118.33M) | Time:00:00.08 | Rendering 1 / 64 samples
Fra:42 Mem:105.24M (Peak 118.33M) | Time:00:00.11 | Rendering 25 / 64 samples
Fra:42 Mem:105.24M (Peak 118.33M) | Time:00:00.15 | Rendering 50 / 64 samples
Fra:42 Mem:105.24M (Peak 118.33M) | Time:00:00.18 | Rendering 64 / 64 samples
Fra:42 Mem:73.20M (Peak 118.33M) | Time:00:00.19 | Compositing
Append frame 42
Time: 00:00.20 (Saving: 00:00.00)

Fra:43 Mem:105.24M (Peak 118.33M) | Time:00:00.09 | Rendering 1 / 64 samples
Fra:43 Mem:105.24M (Peak 118.33M) | Time:00:00.13 | Rendering 25 / 64 samples
Fra:43 Mem:105.24M (Peak 118.33M) | Time:00:00.17 | Rendering 50 / 64 samples
Fra:43 Mem:105.24M (Peak 118.33M) | Time:00:00.20 | Rendering 64 / 64 samples
Fra:43 Mem:73.20M (Peak 118.33M) | Time:00:00.22 | Compositing
Append frame 43
Time: 00:00.26 (Saving: 00:00.02)

Fra:44 Mem:105.24M (Peak 118.33M) | Time:00:00.13 | Rendering 1 / 64 samples
Fra:44 Mem:105.24M (Peak 118.33M) | Time:00:00.17 | Rendering 25 / 64 samples
Fra:44 Mem:105.24M (Peak 118.33M) | Time:00:00.21 | Rendering 50 / 64 samples
Fra:44 Mem:105.24M (Peak 118.33M) | Time:00:00.24 | Rendering 64 / 64 samples
Fra:44 Mem:73.20M (Peak 118.33M) | Time:00:00.27 | Compositing
Append frame 44
Time: 00:00.29 (Saving: 00:00.01)

Fra:45 Mem:105.24M (Peak 118.33M) | Time:00:00.11 | Rendering 1 / 64 samples
Fra:45 Mem:105.24M (Peak 118.33M) | Time:00:00.15 | Rendering 25 / 64 samples
Fra:45 Mem:105.24M (Peak 118.33M) | Time:00:00.19 | Rendering 50 / 64 samples
Fra:45 Mem:105.24M (Peak 118.33M) | Time:00:00.22 | Rendering 64 / 64 samples
Fra:45 Mem:73.20M (Peak 118.33M) | Time:00:00.24 | Compositing
Append frame 45
Time: 00:00.25 (Saving: 00:00.01)

Fra:46 Mem:105.24M (Peak 118.33M) | Time:00:00.12 | Rendering 1 / 64 samples
Fra:46 Mem:105.24M (Peak 118.33M) | Time:00:00.16 | Rendering 25 / 64 samples
Fra:46 Mem:105.24M (Peak 118.33M) | Time:00:00.20 | Rendering 50 / 64 samples
Fra:46 Mem:105.24M (Peak 118.33M) | Time:00:00.22 | Rendering 64 / 64 samples
Fra:46 Mem:73.20M (Peak 118.33M) | Time:00:00.24 | Compositing
Append frame 46
Time: 00:00.26 (Saving: 00:00.00)

Fra:47 Mem:105.24M (Peak 118.33M) | Time:00:00.12 | Rendering 1 / 64 samples
Fra:47 Mem:105.24M (Peak 118.33M) | Time:00:00.16 | Rendering 25 / 64 samples
Fra:47 Mem:105.24M (Peak 118.33M) | Time:00:00.20 | Rendering 50 / 64 samples
Fra:47 Mem:105.24M (Peak 118.33M) | Time:00:00.22 | Rendering 64 / 64 samples
Fra:47 Mem:73.20M (Peak 118.33M) | Time:00:00.24 | Compositing
Append frame 47
Time: 00:00.25 (Saving: 00:00.00)

Fra:48 Mem:105.24M (Peak 118.33M) | Time:00:00.13 | Rendering 1 / 64 samples
Fra:48 Mem:105.24M (Peak 118.33M) | Time:00:00.17 | Rendering 25 / 64 samples
Fra:48 Mem:105.24M (Peak 118.33M) | Time:00:00.21 | Rendering 50 / 64 samples
Fra:48 Mem:105.24M (Peak 118.33M) | Time:00:00.23 | Rendering 64 / 64 samples
Fra:48 Mem:73.20M (Peak 118.33M) | Time:00:00.25 | Compositing
Append frame 48
Time: 00:00.26 (Saving: 00:00.00)

Fra:49 Mem:105.24M (Peak 118.33M) | Time:00:00.10 | Rendering 1 / 64 samples
Fra:49 Mem:105.24M (Peak 118.33M) | Time:00:00.13 | Rendering 25 / 64 samples
Fra:49 Mem:105.24M (Peak 118.33M) | Time:00:00.17 | Rendering 50 / 64 samples
Fra:49 Mem:105.24M (Peak 118.33M) | Time:00:00.20 | Rendering 64 / 64 samples
Fra:49 Mem:73.20M (Peak 118.33M) | Time:00:00.21 | Compositing
Append frame 49
Time: 00:00.22 (Saving: 00:00.00)

Fra:50 Mem:105.24M (Peak 118.33M) | Time:00:00.13 | Rendering 1 / 64 samples
Fra:50 Mem:105.24M (Peak 118.33M) | Time:00:00.17 | Rendering 25 / 64 samples
Fra:50 Mem:105.24M (Peak 118.33M) | Time:00:00.21 | Rendering 50 / 64 samples
Fra:50 Mem:105.24M (Peak 118.33M) | Time:00:00.23 | Rendering 64 / 64 samples
Fra:50 Mem:73.20M (Peak 118.33M) | Time:00:00.25 | Compositing
Append frame 50
Time: 00:00.27 (Saving: 00:00.01)

Fra:51 Mem:105.24M (Peak 118.33M) | Time:00:00.13 | Rendering 1 / 64 samples
Fra:51 Mem:105.24M (Peak 118.33M) | Time:00:00.16 | Rendering 25 / 64 samples
Fra:51 Mem:105.24M (Peak 118.33M) | Time:00:00.20 | Rendering 50 / 64 samples
Fra:51 Mem:105.24M (Peak 118.33M) | Time:00:00.23 | Rendering 64 / 64 samples
Fra:51 Mem:73.20M (Peak 118.33M) | Time:00:00.24 | Compositing
Append frame 51
Time: 00:00.26 (Saving: 00:00.01)

Fra:52 Mem:105.24M (Peak 118.33M) | Time:00:00.12 | Rendering 1 / 64 samples
Fra:52 Mem:105.24M (Peak 118.33M) | Time:00:00.16 | Rendering 25 / 64 samples
Fra:52 Mem:105.24M (Peak 118.33M) | Time:00:00.20 | Rendering 50 / 64 samples
Fra:52 Mem:105.24M (Peak 118.33M) | Time:00:00.22 | Rendering 64 / 64 samples
Fra:52 Mem:73.20M (Peak 118.33M) | Time:00:00.24 | Compositing
Append frame 52
Time: 00:00.25 (Saving: 00:00.00)

Fra:53 Mem:105.24M (Peak 118.33M) | Time:00:00.13 | Rendering 1 / 64 samples
Fra:53 Mem:105.24M (Peak 118.33M) | Time:00:00.17 | Rendering 25 / 64 samples
Fra:53 Mem:105.24M (Peak 118.33M) | Time:00:00.21 | Rendering 50 / 64 samples
Fra:53 Mem:105.24M (Peak 118.33M) | Time:00:00.23 | Rendering 64 / 64 samples
Fra:53 Mem:73.20M (Peak 118.33M) | Time:00:00.25 | Compositing
Append frame 53
Time: 00:00.26 (Saving: 00:00.00)

Fra:54 Mem:105.24M (Peak 118.33M) | Time:00:00.09 | Rendering 1 / 64 samples
Fra:54 Mem:105.24M (Peak 118.33M) | Time:00:00.12 | Rendering 25 / 64 samples
Fra:54 Mem:105.24M (Peak 118.33M) | Time:00:00.16 | Rendering 50 / 64 samples
Fra:54 Mem:105.24M (Peak 118.33M) | Time:00:00.19 | Rendering 64 / 64 samples
Fra:54 Mem:73.20M (Peak 118.34M) | Time:00:00.20 | Compositing
Append frame 54
Time: 00:00.21 (Saving: 00:00.00)

Fra:55 Mem:105.24M (Peak 118.34M) | Time:00:00.13 | Rendering 1 / 64 samples
Fra:55 Mem:105.24M (Peak 118.34M) | Time:00:00.16 | Rendering 25 / 64 samples
Fra:55 Mem:105.24M (Peak 118.34M) | Time:00:00.20 | Rendering 50 / 64 samples
Fra:55 Mem:105.24M (Peak 118.34M) | Time:00:00.22 | Rendering 64 / 64 samples
Fra:55 Mem:73.20M (Peak 118.34M) | Time:00:00.24 | Compositing
Append frame 55
Time: 00:00.26 (Saving: 00:00.00)

Fra:56 Mem:105.24M (Peak 118.34M) | Time:00:00.13 | Rendering 1 / 64 samples
Fra:56 Mem:105.24M (Peak 118.34M) | Time:00:00.17 | Rendering 25 / 64 samples
Fra:56 Mem:105.24M (Peak 118.34M) | Time:00:00.21 | Rendering 50 / 64 samples
Fra:56 Mem:105.24M (Peak 118.34M) | Time:00:00.23 | Rendering 64 / 64 samples
Fra:56 Mem:73.20M (Peak 118.34M) | Time:00:00.25 | Compositing
Append frame 56
Time: 00:00.26 (Saving: 00:00.00)

Fra:57 Mem:105.24M (Peak 118.34M) | Time:00:00.08 | Rendering 1 / 64 samples
Fra:57 Mem:105.24M (Peak 118.34M) | Time:00:00.12 | Rendering 25 / 64 samples
Fra:57 Mem:105.24M (Peak 118.34M) | Time:00:00.16 | Rendering 50 / 64 samples
Fra:57 Mem:105.24M (Peak 118.34M) | Time:00:00.18 | Rendering 64 / 64 samples
Fra:57 Mem:73.20M (Peak 118.34M) | Time:00:00.20 | Compositing
Append frame 57
Time: 00:00.21 (Saving: 00:00.00)

Fra:58 Mem:105.24M (Peak 118.34M) | Time:00:00.13 | Rendering 1 / 64 samples
Fra:58 Mem:105.24M (Peak 118.34M) | Time:00:00.17 | Rendering 25 / 64 samples
Fra:58 Mem:105.24M (Peak 118.34M) | Time:00:00.21 | Rendering 50 / 64 samples
Fra:58 Mem:105.24M (Peak 118.34M) | Time:00:00.23 | Rendering 64 / 64 samples
Fra:58 Mem:73.20M (Peak 118.34M) | Time:00:00.25 | Compositing
Append frame 58
Time: 00:00.26 (Saving: 00:00.00)

Fra:59 Mem:105.24M (Peak 118.34M) | Time:00:00.08 | Rendering 1 / 64 samples
Fra:59 Mem:105.24M (Peak 118.34M) | Time:00:00.12 | Rendering 25 / 64 samples
Fra:59 Mem:105.24M (Peak 118.34M) | Time:00:00.16 | Rendering 50 / 64 samples
Fra:59 Mem:105.24M (Peak 118.34M) | Time:00:00.18 | Rendering 64 / 64 samples
Fra:59 Mem:73.20M (Peak 118.34M) | Time:00:00.20 | Compositing
Append frame 59
Time: 00:00.21 (Saving: 00:00.00)

Fra:60 Mem:105.24M (Peak 118.34M) | Time:00:00.12 | Rendering 1 / 64 samples
Fra:60 Mem:105.24M (Peak 118.34M) | Time:00:00.16 | Rendering 25 / 64 samples
Fra:60 Mem:105.24M (Peak 118.34M) | Time:00:00.20 | Rendering 50 / 64 samples
Fra:60 Mem:105.24M (Peak 118.34M) | Time:00:00.22 | Rendering 64 / 64 samples
Fra:60 Mem:73.20M (Peak 118.34M) | Time:00:00.24 | Compositing
Append frame 60
Time: 00:00.25 (Saving: 00:00.00)

Fra:61 Mem:105.24M (Peak 118.34M) | Time:00:00.07 | Rendering 1 / 64 samples
Fra:61 Mem:105.24M (Peak 118.34M) | Time:00:00.11 | Rendering 25 / 64 samples
Fra:61 Mem:105.24M (Peak 118.34M) | Time:00:00.15 | Rendering 50 / 64 samples
Fra:61 Mem:105.24M (Peak 118.34M) | Time:00:00.17 | Rendering 64 / 64 samples
Fra:61 Mem:73.20M (Peak 118.34M) | Time:00:00.19 | Compositing
Append frame 61
Time: 00:00.19 (Saving: 00:00.00)

Fra:62 Mem:105.24M (Peak 118.34M) | Time:00:00.08 | Rendering 1 / 64 samples
Fra:62 Mem:105.24M (Peak 118.34M) | Time:00:00.12 | Rendering 25 / 64 samples
Fra:62 Mem:105.24M (Peak 118.34M) | Time:00:00.16 | Rendering 50 / 64 samples
Fra:62 Mem:105.24M (Peak 118.34M) | Time:00:00.19 | Rendering 64 / 64 samples
Fra:62 Mem:73.20M (Peak 118.34M) | Time:00:00.20 | Compositing
Append frame 62
Time: 00:00.22 (Saving: 00:00.00)

Fra:63 Mem:105.24M (Peak 118.34M) | Time:00:00.09 | Rendering 1 / 64 samples
Fra:63 Mem:105.24M (Peak 118.34M) | Time:00:00.12 | Rendering 25 / 64 samples
Fra:63 Mem:105.24M (Peak 118.34M) | Time:00:00.16 | Rendering 50 / 64 samples
Fra:63 Mem:105.24M (Peak 118.34M) | Time:00:00.19 | Rendering 64 / 64 samples
Fra:63 Mem:73.20M (Peak 118.34M) | Time:00:00.20 | Compositing
Append frame 63
Time: 00:00.21 (Saving: 00:00.00)

Fra:64 Mem:105.24M (Peak 118.34M) | Time:00:00.12 | Rendering 1 / 64 samples
Fra:64 Mem:105.24M (Peak 118.34M) | Time:00:00.15 | Rendering 25 / 64 samples
Fra:64 Mem:105.24M (Peak 118.34M) | Time:00:00.19 | Rendering 50 / 64 samples
Fra:64 Mem:105.24M (Peak 118.34M) | Time:00:00.21 | Rendering 64 / 64 samples
Fra:64 Mem:73.20M (Peak 118.34M) | Time:00:00.24 | Compositing
Append frame 64
Time: 00:00.25 (Saving: 00:00.01)

Fra:65 Mem:105.24M (Peak 118.34M) | Time:00:00.11 | Rendering 1 / 64 samples
Fra:65 Mem:105.24M (Peak 118.34M) | Time:00:00.15 | Rendering 25 / 64 samples
Fra:65 Mem:105.24M (Peak 118.34M) | Time:00:00.18 | Rendering 50 / 64 samples
Fra:65 Mem:105.24M (Peak 118.34M) | Time:00:00.20 | Rendering 64 / 64 samples
Fra:65 Mem:73.20M (Peak 118.34M) | Time:00:00.22 | Compositing
Append frame 65
Time: 00:00.23 (Saving: 00:00.00)

Fra:66 Mem:105.24M (Peak 118.34M) | Time:00:00.12 | Rendering 1 / 64 samples
Fra:66 Mem:105.24M (Peak 118.34M) | Time:00:00.16 | Rendering 25 / 64 samples
Fra:66 Mem:105.24M (Peak 118.34M) | Time:00:00.20 | Rendering 50 / 64 samples
Fra:66 Mem:105.24M (Peak 118.34M) | Time:00:00.22 | Rendering 64 / 64 samples
Fra:66 Mem:73.20M (Peak 118.34M) | Time:00:00.24 | Compositing
Append frame 66
Time: 00:00.26 (Saving: 00:00.01)

Fra:67 Mem:105.24M (Peak 118.34M) | Time:00:00.12 | Rendering 1 / 64 samples
Fra:67 Mem:105.24M (Peak 118.34M) | Time:00:00.16 | Rendering 25 / 64 samples
Fra:67 Mem:105.24M (Peak 118.34M) | Time:00:00.20 | Rendering 50 / 64 samples
Fra:67 Mem:105.24M (Peak 118.34M) | Time:00:00.22 | Rendering 64 / 64 samples
Fra:67 Mem:73.20M (Peak 118.34M) | Time:00:00.24 | Compositing
Append frame 67
Time: 00:00.25 (Saving: 00:00.00)

Fra:68 Mem:105.24M (Peak 118.34M) | Time:00:00.11 | Rendering 1 / 64 samples
Fra:68 Mem:105.24M (Peak 118.34M) | Time:00:00.15 | Rendering 25 / 64 samples
Fra:68 Mem:105.24M (Peak 118.34M) | Time:00:00.18 | Rendering 50 / 64 samples
Fra:68 Mem:105.24M (Peak 118.34M) | Time:00:00.21 | Rendering 64 / 64 samples
Fra:68 Mem:73.20M (Peak 118.34M) | Time:00:00.23 | Compositing
Append frame 68
Time: 00:00.24 (Saving: 00:00.01)

Fra:69 Mem:105.24M (Peak 118.34M) | Time:00:00.10 | Rendering 1 / 64 samples
Fra:69 Mem:105.24M (Peak 118.34M) | Time:00:00.14 | Rendering 25 / 64 samples
Fra:69 Mem:105.24M (Peak 118.34M) | Time:00:00.18 | Rendering 50 / 64 samples
Fra:69 Mem:105.24M (Peak 118.34M) | Time:00:00.20 | Rendering 64 / 64 samples
Fra:69 Mem:73.20M (Peak 118.34M) | Time:00:00.22 | Compositing
Append frame 69
Time: 00:00.23 (Saving: 00:00.00)

Fra:70 Mem:105.24M (Peak 118.34M) | Time:00:00.14 | Rendering 1 / 64 samples
Fra:70 Mem:105.24M (Peak 118.34M) | Time:00:00.17 | Rendering 25 / 64 samples
Fra:70 Mem:105.24M (Peak 118.34M) | Time:00:00.21 | Rendering 50 / 64 samples
Fra:70 Mem:105.24M (Peak 118.34M) | Time:00:00.23 | Rendering 64 / 64 samples
Fra:70 Mem:73.20M (Peak 118.34M) | Time:00:00.25 | Compositing
Append frame 70
Time: 00:00.27 (Saving: 00:00.00)

Fra:71 Mem:105.24M (Peak 118.34M) | Time:00:00.10 | Rendering 1 / 64 samples
Fra:71 Mem:105.24M (Peak 118.34M) | Time:00:00.13 | Rendering 25 / 64 samples
Fra:71 Mem:105.24M (Peak 118.34M) | Time:00:00.17 | Rendering 50 / 64 samples
Fra:71 Mem:105.24M (Peak 118.34M) | Time:00:00.20 | Rendering 64 / 64 samples
Fra:71 Mem:73.20M (Peak 118.34M) | Time:00:00.21 | Compositing
Append frame 71
Time: 00:00.22 (Saving: 00:00.00)

Fra:72 Mem:105.24M (Peak 118.34M) | Time:00:00.13 | Rendering 1 / 64 samples
Fra:72 Mem:105.24M (Peak 118.34M) | Time:00:00.17 | Rendering 25 / 64 samples
Fra:72 Mem:105.24M (Peak 118.34M) | Time:00:00.21 | Rendering 50 / 64 samples
Fra:72 Mem:105.24M (Peak 118.34M) | Time:00:00.23 | Rendering 64 / 64 samples
Fra:72 Mem:73.20M (Peak 118.34M) | Time:00:00.25 | Compositing
Append frame 72
Time: 00:00.27 (Saving: 00:00.01)

MP4_DONE I:\工作项目\BIGMANFIGHT\角色资产\美术资产\bigman_v001\previews\anim\Ultimate_End_three_quarter.mp4

Blender quit
Error: Not freed memory blocks: 1, total unfreed memory 0.000008 MB
