C14_LAYOUT {"total_frames": 72, "seconds": 1.2, "ease_end": 3, "sink_end": 10, "sink_hold_end": 12, "pose": 22, "hold_end": 50, "hold_frames": 29, "recover": 50, "settle_end": 66, "cancel": 60, "pelvis_z0_mm": 830.0, "ankle0_mm": {"L": [143.18, -169.57, 79.76], "R": [-141.58, 140.43, 79.83]}, "idle_hand_mm": {"L": [144.52, -307.73, 1271.06], "R": [-129.58, -273.48, 1298.18]}, "hand_hero": {"L": [[0.249596, 0.113436, -0.961683], 608.557], "R": [[-0.437134, -0.180534, 0.881091], 561.967]}, "torso_hero": {"pelvis": [3.0, -5.0, 0.0], "spine_01": [0.0, -3.0, 0.0], "spine_02": [0.0, -3.0, 0.0], "chest": [-6.0, -4.0, 0.0], "neck": [-6.0, 6.0, 0.0], "head": [6.0, 6.0, 0.0], "shoulder.L": [-4.0, 0.0, 0.0], "shoulder.R": [16.0, 0.0, 0.0]}, "start_basis": "`Idle_01@0`（默认：C14 独立触发；若引擎按大招三段连续播放，则 C13 的 `FOLLOW_END` 才是起手基准）", "note": "大招收尾：沉收 7 帧 → 停顿 2 帧 → 爆发起身 10 帧到英雄 Pose→ 定格 29 帧（逐位冻结）→ 收招 22 帧回待机。0 命中点、0.0 mm 位移、1 段。"}
C14_BLEND {"delta_deg": {"chest": 7.0, "foot.L": 3.252, "foot.R": 2.691, "forearm.L": 96.373, "forearm.R": 128.755, "hand.L": 21.177, "hand.R": 24.558, "head": 6.0, "index_01.L": 0.0, "index_01.R": 0.0, "index_02.L": 0.0, "index_02.R": 0.0, "index_03.L": 0.0, "index_03.R": 0.0, "middle_01.L": 0.0, "middle_01.R": 0.0, "middle_02.L": 0.0, "middle_02.R": 0.0, "middle_03.L": 0.0, "middle_03.R": 0.0, "neck": 6.0, "pelvis": 5.0, "pinky_01.L": 0.0, "pinky_01.R": 0.0, "pinky_02.L": 0.0, "pinky_02.R": 0.0, "pinky_03.L": 0.0, "pinky_03.R": 0.0, "ring_01.L": 0.0, "ring_01.R": 0.0, "ring_02.L": 0.0, "ring_02.R": 0.0, "ring_03.L": 0.0, "ring_03.R": 0.0, "shin.L": 5.853, "shin.R": 6.151, "shoulder.L": 14.0, "shoulder.R": 34.0, "spine_01": 3.0, "spine_02": 3.0, "thigh.L": 4.893, "thigh.R": 5.062, "thumb_01.L": 0.0, "thumb_01.R": 0.0, "thumb_02.L": 0.0, "thumb_02.R": 0.0, "thumb_03.L": 0.0, "thumb_03.R": 0.0, "upperarm.L": 44.403, "upperarm.R": 94.432}}
C14_ARM f0   uR=[-50.05, 15.19, 31.89] fR=[2.7, -8.9, 146.29] dworld=None dlocal=None lAng=146.62
C14_ARM f1   uR=[-49.65, 15.28, 32.18] fR=[3.66, -8.71, 144.43] dworld=4.66 dlocal=1.97 lAng=144.83
C14_ARM f2   uR=[-47.21, 16.77, 34.59] fR=[5.57, -8.19, 140.71] dworld=3.57 dlocal=3.96 lAng=141.26
C14_ARM f3   uR=[-43.89, 19.06, 38.15] fR=[6.9, -7.65, 138.17] dworld=0.67 dlocal=2.74 lAng=138.81
C14_ARM f4   uR=[-41.51, 20.73, 40.83] fR=[7.35, -7.31, 137.39] dworld=0.24 dlocal=0.92 lAng=138.04
C14_ARM f5   uR=[-39.07, 22.32, 43.55] fR=[7.95, -6.89, 136.42] dworld=0.31 dlocal=1.15 lAng=137.09
C14_ARM f6   uR=[-36.58, 23.79, 46.26] fR=[8.66, -6.38, 135.3] dworld=0.37 dlocal=1.36 lAng=135.99
C14_ARM f7   uR=[-34.03, 25.13, 48.89] fR=[9.49, -5.76, 134.04] dworld=0.4 dlocal=1.56 lAng=134.75
C14_ARM f8   uR=[-31.45, 26.33, 51.39] fR=[10.41, -5.01, 132.68] dworld=0.42 dlocal=1.74 lAng=133.39
C14_ARM f9   uR=[-28.87, 27.38, 53.69] fR=[11.41, -4.09, 131.24] dworld=0.42 dlocal=1.92 lAng=131.94
C14_ARM f10  uR=[-26.31, 28.27, 55.72] fR=[12.47, -3.0, 129.75] dworld=0.4 dlocal=2.08 lAng=130.41
C14_ARM f11  uR=[-23.65, 29.04, 57.62] fR=[13.57, -1.72, 128.23] dworld=0.37 dlocal=2.24 lAng=128.83
C14_ARM f12  uR=[-20.74, 29.73, 59.54] fR=[14.7, -0.24, 126.72] dworld=0.34 dlocal=2.38 lAng=127.22
C14_ARM f13  uR=[-17.03, 30.99, 61.56] fR=[16.37, 2.53, 124.54] dworld=0.6 dlocal=3.92 lAng=124.81
C14_ARM f14  uR=[-11.27, 33.11, 63.39] fR=[18.92, 8.31, 121.68] dworld=1.48 dlocal=7.04 lAng=121.35
C14_ARM f15  uR=[-2.35, 35.44, 63.79] fR=[21.94, 18.85, 119.47] dworld=3.23 dlocal=11.32 lAng=118.00
C14_ARM f16  uR=[10.24, 37.68, 60.34] fR=[25.13, 36.96, 119.32] dworld=6.67 dlocal=18.41 lAng=116.37
C14_ARM f17  uR=[25.42, 40.45, 52.33] fR=[30.81, 63.67, 122.34] dworld=11.14 dlocal=26.97 lAng=117.64
C14_ARM f18  uR=[38.21, 43.16, 43.93] fR=[121.34, 85.99, 206.47] dworld=12.39 dlocal=27.19 lAng=120.44
C14_ARM f19  uR=[44.17, 44.7, 37.36] fR=[192.13, 72.3, 267.76] dworld=11.26 dlocal=19.0 lAng=122.38
C14_ARM f20  uR=[45.3, 45.25, 32.67] fR=[197.54, 64.32, 264.04] dworld=9.48 dlocal=12.01 lAng=122.99
C14_ARM f21  uR=[44.76, 45.24, 29.95] fR=[199.32, 61.01, 259.23] dworld=6.53 dlocal=7.24 lAng=122.93
C14_ARM f22  uR=[44.38, 45.16, 29.06] fR=[199.77, 60.15, 257.18] dworld=2.42 dlocal=2.6 lAng=122.82
C14_ARM f23  uR=[44.38, 45.16, 29.06] fR=[199.77, 60.15, 257.18] dworld=0.0 dlocal=0.0 lAng=122.82
C14_ARM f24  uR=[44.38, 45.16, 29.06] fR=[199.77, 60.15, 257.18] dworld=0.0 dlocal=0.0 lAng=122.82
C14_REPORT {"loop_seamless": null, "foot_travel_mm_toe.L": 1.84, "no_foot_slide_toe.L": true, "foot_travel_mm_toe.R": 1.58, "no_foot_slide_toe.R": true, "ground_min_mm": -0.96, "ground_contact_ok": true, "max_frame_step_deg": 90.53, "max_frame_step_at": [18, "forearm.R"], "no_teleport": false, "bone_travel_mm": {"pelvis": 48.0, "chest": 70.74, "head": 137.88, "hand.L": 480.45, "hand.R": 631.33}, "hero_pose_hold_frames": 29, "hero_pose_hold_window_ok": true, "hero_pose_hold_worst_mm": 0.0, "hero_pose_hold_worst_at": null, "hero_pose_hold_freeze_ok": true, "hero_pose_hold_ok": true, "hero_pose_hold_frame_min": 18, "hero_pose_hold_frame_max": 36, "sil_idle": {"bbox_m": [[-0.2857, -0.3756, -0.001], [0.2949, 0.2407, 1.7314]], "width_m": 0.5805, "height_m": 1.7323, "aspect": 0.3351, "proj_area_m2": 1.7593, "fill_grid": 0.5932, "grid": [59, 174, 5966], "com_xy_m": [0.0005, -0.0778], "com_inside_support": true, "shoulder_width_m": 0.3014, "above_head_mm": 18.12, "sole_min_mm": -0.96}, "sil_hero": {"bbox_m": [[-0.425, -0.3756, -0.0], [0.3283, 0.2417, 1.8953]], "width_m": 0.7532, "height_m": 1.8953, "aspect": 0.3974, "proj_area_m2": 1.7794, "fill_grid": 0.4564, "grid": [76, 190, 6515], "com_xy_m": [-0.006, -0.0266], "com_inside_support": true, "shoulder_width_m": 0.2825, "above_head_mm": 192.9, "sole_min_mm": -0.0}, "sil_aspect_ratio": 1.1859, "sil_fill_ratio": 0.7694, "sil_shoulder_ratio": 0.9373, "sil_above_head_mm": 192.9, "sil_aspect_ok": true, "sil_fill_ok": true, "sil_shoulder_ok": true, "sil_head_top_ok": true, "sil_com_ok": true, "hero_silhouette_ok": true, "sil_aspect_min": 1.12, "sil_fill_min": 0.65, "sil_shoulder_min": 0.88, "sil_above_head_max_mm": 300.0, "sil_axis": "正视图（相机 −Y）：横轴 = 世界 X，纵轴 = 世界 Z", "settle_tail_mm": [0.0, 0.0, 0.0, 0.0, 0.0, 0.0], "settle_monotone_ok": true, "settle_last2_mm": 0.0, "settle_no_stop_ok": true, "end_pose_delta_mm": 0.0, "end_pose_ok": true, "exit_pose_ok": true, "resolve_before_max_mm": 167.595, "resolve_after_max_mm": 37.537, "resolve_ratio": 0.224, "resolve_ratio_max": 3.0, "resolve_ok": true, "camera_torso_yaw_deg": -15.0, "camera_head_yaw_deg": -3.0, "camera_facing_ok": true, "camera_max_deg": 20.0, "nofreeze_peak_step_mm": 167.595, "nofreeze_path_outside_mm": 2046.4, "no_freeze_ok": true, "antic_sink_mm": 48.0, "antic_rise_mm": 33.0, "anticipation_ok": true, "plant_L_mm": 0.246, "plant_R_mm": 0.072, "plant_3d_L_mm": 0.922, "plant_3d_R_mm": 1.575, "plant_ok": true, "root_span_h_mm": 0.0, "root_motion_ok": true, "leg_reach_worst_ratio": 0.93796, "leg_reach_worst_at": [0, "L"], "leg_reach_ok": true, "arm_clamp": {"L": {"any": false, "worst_frame": 22, "worst_ratio": 0.93671, "worst_over_mm": 0.0, "limit_mm": 649.675}, "R": {"any": false, "worst_frame": 22, "worst_ratio": 0.865, "worst_over_mm": 0.0, "limit_mm": 649.675}}, "arm_reach_ok": true, "hold_edge_in_mm": 20.587, "hold_edge_out_mm": 13.385, "ua_start_delta_deg": 0.0, "ua_start_ok": true, "low_bad_frames": {}, "meta": {"anim_id": "Ultimate_End", "loop": false, "category": "连招与特殊技", "note": "大招收尾：沉收 → 爆发起身成英雄 Pose → 定格 29 帧（逐位冻结）→ 收招回待机。0 命中点、0.0 mm 位移、1 段。", "antic_frame": 10, "pose_frame": 22, "hold_frames": 29, "cancel_frame": 60, "root_motion_m": [0.0, 0.0], "inherit_from": null, "start_basis": "Idle_01@0", "hit_count": 0, "segments": {"ease": [0, 3], "sink": [3, 10], "sink_hold": [10, 12], "rise": [12, 22], "hold": [22, 50], "recover": [50, 66], "rest": [66, 72]}, "settle_end": 66, "silhouette_axis": "正视图（相机 −Y）：横轴 = 世界 X，纵轴 = 世界 Z", "hem_excluded": ["Jacket_Hem", "Jacket_Hem_Line"], "hero_pose_source": "probe_c14_pose.py 第 16 轮 C14_PROBE_FINAL y38_fin（先量再定）", "fps": 60, "frames": [0, 72]}, "failed": [], "non_ok_bools": ["no_teleport"]}
C14_DONE failed=[]
C14_DONE non_ok_bools=['no_teleport']
Blender 4.5.0 (hash 8cb6b388974a built 2025-07-15 01:36:24)
Read blend: "I:\工作项目\BIGMANFIGHT\角色资产\美术资产\bigman_v001\bigman_anim_v001.blend"

Blender quit
Error: Not freed memory blocks: 1, total unfreed memory 0.000008 MB
