Blender 4.5.0 (hash 8cb6b388974a built 2025-07-15 01:36:24)
Read blend: "I:\工作项目\BIGMANFIGHT\角色资产\美术资产\bigman_v001\bigman_anim_v001.blend"
Fra:0 Mem:100.38M (Peak 103.57M) | Time:00:00.55 | Rendering 1 / 64 samples
Fra:0 Mem:100.38M (Peak 103.57M) | Time:00:00.59 | Rendering 25 / 64 samples
Fra:0 Mem:100.38M (Peak 103.57M) | Time:00:00.63 | Rendering 50 / 64 samples
Fra:0 Mem:100.38M (Peak 103.57M) | Time:00:00.66 | Rendering 64 / 64 samples
Fra:0 Mem:68.33M (Peak 113.47M) | Time:00:00.68 | Compositing
Saved: 'I:\工作项目\BIGMANFIGHT\角色资产\美术资产\bigman_v001\previews\anim\_c14_cand\00_T1_mid_side.png'
Time: 00:00.74 (Saving: 00:00.05)

Fra:0 Mem:102.44M (Peak 105.60M) | Time:00:00.27 | Rendering 1 / 64 samples
Fra:0 Mem:102.44M (Peak 105.60M) | Time:00:00.30 | Rendering 25 / 64 samples
Fra:0 Mem:102.44M (Peak 105.60M) | Time:00:00.34 | Rendering 50 / 64 samples
Fra:0 Mem:102.44M (Peak 105.60M) | Time:00:00.36 | Rendering 64 / 64 samples
Fra:0 Mem:70.40M (Peak 115.54M) | Time:00:00.38 | Compositing
Saved: 'I:\工作项目\BIGMANFIGHT\角色资产\美术资产\bigman_v001\previews\anim\_c14_cand\00_T1_mid_front.png'
Time: 00:00.44 (Saving: 00:00.04)

Fra:0 Mem:102.45M (Peak 105.61M) | Time:00:00.24 | Rendering 1 / 64 samples
Fra:0 Mem:102.45M (Peak 105.61M) | Time:00:00.28 | Rendering 25 / 64 samples
Fra:0 Mem:102.45M (Peak 105.61M) | Time:00:00.32 | Rendering 50 / 64 samples
Fra:0 Mem:102.45M (Peak 105.61M) | Time:00:00.34 | Rendering 64 / 64 samples
Fra:0 Mem:70.40M (Peak 115.54M) | Time:00:00.36 | Compositing
Saved: 'I:\工作项目\BIGMANFIGHT\角色资产\美术资产\bigman_v001\previews\anim\_c14_cand\01_T4_wide_lo_side.png'
Time: 00:00.42 (Saving: 00:00.04)

Fra:0 Mem:102.45M (Peak 105.61M) | Time:00:00.23 | Rendering 1 / 64 samples
Fra:0 Mem:102.45M (Peak 105.61M) | Time:00:00.27 | Rendering 25 / 64 samples
Fra:0 Mem:102.45M (Peak 105.61M) | Time:00:00.30 | Rendering 50 / 64 samples
Fra:0 Mem:102.45M (Peak 105.61M) | Time:00:00.32 | Rendering 64 / 64 samples
Fra:0 Mem:70.40M (Peak 115.54M) | Time:00:00.35 | Compositing
Saved: 'I:\工作项目\BIGMANFIGHT\角色资产\美术资产\bigman_v001\previews\anim\_c14_cand\01_T4_wide_lo_front.png'
Time: 00:00.40 (Saving: 00:00.04)

Fra:0 Mem:102.45M (Peak 102.45M) | Time:00:00.23 | Rendering 1 / 64 samples
Fra:0 Mem:102.45M (Peak 102.45M) | Time:00:00.27 | Rendering 25 / 64 samples
Fra:0 Mem:102.45M (Peak 102.45M) | Time:00:00.31 | Rendering 50 / 64 samples
Fra:0 Mem:102.45M (Peak 102.45M) | Time:00:00.33 | Rendering 64 / 64 samples
Fra:0 Mem:70.40M (Peak 115.54M) | Time:00:00.35 | Compositing
Saved: 'I:\工作项目\BIGMANFIGHT\角色资产\美术资产\bigman_v001\previews\anim\_c14_cand\02_T0_ctrl_side.png'
Time: 00:00.40 (Saving: 00:00.04)

Fra:0 Mem:102.45M (Peak 105.61M) | Time:00:00.23 | Rendering 1 / 64 samples
Fra:0 Mem:102.45M (Peak 105.61M) | Time:00:00.26 | Rendering 25 / 64 samples
Fra:0 Mem:102.45M (Peak 105.61M) | Time:00:00.30 | Rendering 50 / 64 samples
Fra:0 Mem:102.45M (Peak 105.61M) | Time:00:00.32 | Rendering 64 / 64 samples
Fra:0 Mem:70.40M (Peak 115.54M) | Time:00:00.34 | Compositing
Saved: 'I:\工作项目\BIGMANFIGHT\角色资产\美术资产\bigman_v001\previews\anim\_c14_cand\02_T0_ctrl_front.png'
Time: 00:00.40 (Saving: 00:00.04)

Fra:0 Mem:102.45M (Peak 102.45M) | Time:00:00.23 | Rendering 1 / 64 samples
Fra:0 Mem:102.45M (Peak 102.45M) | Time:00:00.26 | Rendering 25 / 64 samples
Fra:0 Mem:102.45M (Peak 102.45M) | Time:00:00.30 | Rendering 50 / 64 samples
Fra:0 Mem:102.45M (Peak 102.45M) | Time:00:00.32 | Rendering 64 / 64 samples
Fra:0 Mem:70.40M (Peak 115.54M) | Time:00:00.34 | Compositing
Saved: 'I:\工作项目\BIGMANFIGHT\角色资产\美术资产\bigman_v001\previews\anim\_c14_cand\03_T5_deep_side.png'
Time: 00:00.39 (Saving: 00:00.04)

Fra:0 Mem:102.45M (Peak 105.61M) | Time:00:00.31 | Rendering 1 / 64 samples
Fra:0 Mem:102.45M (Peak 105.61M) | Time:00:00.34 | Rendering 25 / 64 samples
Fra:0 Mem:102.45M (Peak 105.61M) | Time:00:00.38 | Rendering 50 / 64 samples
Fra:0 Mem:102.45M (Peak 105.61M) | Time:00:00.40 | Rendering 64 / 64 samples
Fra:0 Mem:70.40M (Peak 115.54M) | Time:00:00.42 | Compositing
Saved: 'I:\工作项目\BIGMANFIGHT\角色资产\美术资产\bigman_v001\previews\anim\_c14_cand\03_T5_deep_front.png'
Time: 00:00.48 (Saving: 00:00.04)

Fra:0 Mem:102.45M (Peak 105.61M) | Time:00:00.31 | Rendering 1 / 64 samples
Fra:0 Mem:102.45M (Peak 105.61M) | Time:00:00.34 | Rendering 25 / 64 samples
Fra:0 Mem:102.45M (Peak 105.61M) | Time:00:00.38 | Rendering 50 / 64 samples
Fra:0 Mem:102.45M (Peak 105.61M) | Time:00:00.40 | Rendering 64 / 64 samples
Fra:0 Mem:70.40M (Peak 115.54M) | Time:00:00.42 | Compositing
Saved: 'I:\工作项目\BIGMANFIGHT\角色资产\美术资产\bigman_v001\previews\anim\_c14_cand\04_T6_head_side.png'
Time: 00:00.48 (Saving: 00:00.04)

Fra:0 Mem:102.45M (Peak 105.61M) | Time:00:00.30 | Rendering 1 / 64 samples
Fra:0 Mem:102.45M (Peak 105.61M) | Time:00:00.34 | Rendering 25 / 64 samples
Fra:0 Mem:102.45M (Peak 105.61M) | Time:00:00.37 | Rendering 50 / 64 samples
Fra:0 Mem:102.45M (Peak 105.61M) | Time:00:00.39 | Rendering 64 / 64 samples
Fra:0 Mem:70.40M (Peak 115.54M) | Time:00:00.42 | Compositing
Saved: 'I:\工作项目\BIGMANFIGHT\角色资产\美术资产\bigman_v001\previews\anim\_c14_cand\04_T6_head_front.png'
Time: 00:00.47 (Saving: 00:00.04)

Fra:0 Mem:102.45M (Peak 105.61M) | Time:00:00.30 | Rendering 1 / 64 samples
Fra:0 Mem:102.45M (Peak 105.61M) | Time:00:00.33 | Rendering 25 / 64 samples
Fra:0 Mem:102.45M (Peak 105.61M) | Time:00:00.37 | Rendering 50 / 64 samples
Fra:0 Mem:102.45M (Peak 105.61M) | Time:00:00.39 | Rendering 64 / 64 samples
Fra:0 Mem:70.40M (Peak 115.54M) | Time:00:00.41 | Compositing
Saved: 'I:\工作项目\BIGMANFIGHT\角色资产\美术资产\bigman_v001\previews\anim\_c14_cand\05_T2_mid_hi_side.png'
Time: 00:00.46 (Saving: 00:00.04)

Fra:0 Mem:102.45M (Peak 105.61M) | Time:00:00.30 | Rendering 1 / 64 samples
Fra:0 Mem:102.45M (Peak 105.61M) | Time:00:00.34 | Rendering 25 / 64 samples
Fra:0 Mem:102.45M (Peak 105.61M) | Time:00:00.38 | Rendering 50 / 64 samples
Fra:0 Mem:102.45M (Peak 105.61M) | Time:00:00.40 | Rendering 64 / 64 samples
Fra:0 Mem:70.40M (Peak 115.54M) | Time:00:00.42 | Compositing
Saved: 'I:\工作项目\BIGMANFIGHT\角色资产\美术资产\bigman_v001\previews\anim\_c14_cand\05_T2_mid_hi_front.png'
Time: 00:00.48 (Saving: 00:00.04)

Fra:0 Mem:102.45M (Peak 105.61M) | Time:00:00.30 | Rendering 1 / 64 samples
Fra:0 Mem:102.45M (Peak 105.61M) | Time:00:00.33 | Rendering 25 / 64 samples
Fra:0 Mem:102.45M (Peak 105.61M) | Time:00:00.37 | Rendering 50 / 64 samples
Fra:0 Mem:102.45M (Peak 105.61M) | Time:00:00.39 | Rendering 64 / 64 samples
Fra:0 Mem:70.40M (Peak 115.54M) | Time:00:00.41 | Compositing
Saved: 'I:\工作项目\BIGMANFIGHT\角色资产\美术资产\bigman_v001\previews\anim\_c14_cand\06_T7_open_side.png'
Time: 00:00.45 (Saving: 00:00.03)

Fra:0 Mem:102.45M (Peak 105.61M) | Time:00:00.29 | Rendering 1 / 64 samples
Fra:0 Mem:102.45M (Peak 105.61M) | Time:00:00.32 | Rendering 25 / 64 samples
Fra:0 Mem:102.45M (Peak 105.61M) | Time:00:00.36 | Rendering 50 / 64 samples
Fra:0 Mem:102.45M (Peak 105.61M) | Time:00:00.38 | Rendering 64 / 64 samples
Fra:0 Mem:70.40M (Peak 115.54M) | Time:00:00.41 | Compositing
Saved: 'I:\工作项目\BIGMANFIGHT\角色资产\美术资产\bigman_v001\previews\anim\_c14_cand\06_T7_open_front.png'
Time: 00:00.46 (Saving: 00:00.04)

Fra:0 Mem:102.45M (Peak 105.61M) | Time:00:00.27 | Rendering 1 / 64 samples
Fra:0 Mem:102.45M (Peak 105.61M) | Time:00:00.31 | Rendering 25 / 64 samples
Fra:0 Mem:102.45M (Peak 105.61M) | Time:00:00.34 | Rendering 50 / 64 samples
Fra:0 Mem:102.45M (Peak 105.61M) | Time:00:00.36 | Rendering 64 / 64 samples
Fra:0 Mem:70.40M (Peak 115.54M) | Time:00:00.38 | Compositing
Saved: 'I:\工作项目\BIGMANFIGHT\角色资产\美术资产\bigman_v001\previews\anim\_c14_cand\07_T3_wide_side.png'
Time: 00:00.42 (Saving: 00:00.03)

Fra:0 Mem:102.45M (Peak 105.61M) | Time:00:00.30 | Rendering 1 / 64 samples
Fra:0 Mem:102.45M (Peak 105.61M) | Time:00:00.33 | Rendering 25 / 64 samples
Fra:0 Mem:102.45M (Peak 105.61M) | Time:00:00.37 | Rendering 50 / 64 samples
Fra:0 Mem:102.45M (Peak 105.61M) | Time:00:00.39 | Rendering 64 / 64 samples
Fra:0 Mem:70.40M (Peak 115.54M) | Time:00:00.42 | Compositing
Saved: 'I:\工作项目\BIGMANFIGHT\角色资产\美术资产\bigman_v001\previews\anim\_c14_cand\07_T3_wide_front.png'
Time: 00:00.47 (Saving: 00:00.04)

C14_PROBE_BASE {"label": "Idle_01@0", "bbox_m": [[-0.2857, -0.3756, -0.001], [0.2949, 0.2407, 1.7314]], "bbox_all_m": [[-0.2857, -0.3756, -0.001], [0.2949, 0.2407, 1.7314]], "width_m": 0.5805, "height_m": 1.7323, "aspect": 0.3351, "proj_area_m2": 1.7593, "fill": 1.7493, "fill_grid": 0.5932, "grid": [59, 174, 5966], "com_xy_m": [0.0005, -0.0778], "com_z_m": 0.9268, "support_box_m": [[-0.2053, -0.3756, -0.001], [0.207, 0.2086, 0.019]], "com_inside_support": true, "sole_min_mm": -0.96, "shoulder_width_m": 0.3014, "shoulder_over_height": 0.174, "head_top_offset_mm": 0.0, "torso_yaw_deg": 0.0, "head_yaw_deg": 0.0, "pelvis_z_mm": 830.0, "head_top_x_mm": 16.3, "head_bone_x_mm": 0.0, "head_top_dx_mm": 16.3, "above_head_mm": 18.1, "head_top_ok": true, "top_z_mm": 1731.4, "head_top_z_mm": 1713.3, "bbox_top_z_mm": 1731.4}
C14_PROBE {"key": "T0_ctrl", "pz_delta_mm": 0.0, "ar": 1.718, "fr": 0.6254, "sh_ratio": 0.9353, "w": 0.9955, "h": 1.7291, "aspect": 0.5757, "fill": 0.371, "head_top_dx_mm": 8.9, "above_head_mm": 17.1, "head_top_ok": true, "com_in": true, "sole_mm": -0.94, "pelvis_mm": 830.0, "torso_yaw": -15.0, "head_yaw": -3.0, "clamp_ok": true, "arm_axis_x": 0.6725, "tpose_ok": true}
C14_PROBE {"key": "T1_mid", "pz_delta_mm": 0.0, "ar": 1.7416, "fr": 0.6207, "sh_ratio": 0.9353, "w": 1.0104, "h": 1.7314, "aspect": 0.5836, "fill": 0.3682, "head_top_dx_mm": 506.1, "above_head_mm": 19.3, "head_top_ok": true, "com_in": true, "sole_mm": -1.03, "pelvis_mm": 830.0, "torso_yaw": -15.0, "head_yaw": -3.0, "clamp_ok": true, "arm_axis_x": 0.674, "tpose_ok": true}
C14_PROBE {"key": "T2_mid_hi", "pz_delta_mm": 0.0, "ar": 1.7359, "fr": 0.5964, "sh_ratio": 0.9353, "w": 1.0294, "h": 1.7696, "aspect": 0.5817, "fill": 0.3538, "head_top_dx_mm": 522.9, "above_head_mm": 57.5, "head_top_ok": true, "com_in": true, "sole_mm": -1.03, "pelvis_mm": 830.0, "torso_yaw": -15.0, "head_yaw": -3.0, "clamp_ok": true, "arm_axis_x": 0.6717, "tpose_ok": true}
C14_PROBE {"key": "T3_wide", "pz_delta_mm": 0.0, "ar": 1.7305, "fr": 0.5941, "sh_ratio": 0.9353, "w": 1.0294, "h": 1.7751, "aspect": 0.5799, "fill": 0.3524, "head_top_dx_mm": 522.9, "above_head_mm": 57.5, "head_top_ok": true, "com_in": true, "sole_mm": -6.52, "pelvis_mm": 830.0, "torso_yaw": -15.0, "head_yaw": -3.0, "clamp_ok": true, "arm_axis_x": 0.6717, "tpose_ok": true}
C14_PROBE {"key": "T4_wide_lo", "pz_delta_mm": 0.0, "ar": 1.7708, "fr": 0.6072, "sh_ratio": 0.9353, "w": 1.0301, "h": 1.7359, "aspect": 0.5934, "fill": 0.3602, "head_top_dx_mm": 525.6, "above_head_mm": 18.3, "head_top_ok": true, "com_in": true, "sole_mm": -6.52, "pelvis_mm": 830.0, "torso_yaw": -15.0, "head_yaw": -3.0, "clamp_ok": true, "arm_axis_x": 0.7041, "tpose_ok": true}
C14_PROBE {"key": "T5_deep", "pz_delta_mm": -30.0, "ar": 1.7577, "fr": 0.5934, "sh_ratio": 0.9353, "w": 1.0308, "h": 1.7501, "aspect": 0.589, "fill": 0.352, "head_top_dx_mm": 522.3, "above_head_mm": 67.2, "head_top_ok": true, "com_in": true, "sole_mm": -1.8, "pelvis_mm": 800.0, "torso_yaw": -15.0, "head_yaw": -3.0, "clamp_ok": true, "arm_axis_x": 0.6638, "tpose_ok": true}
C14_PROBE {"key": "T6_head", "pz_delta_mm": 0.0, "ar": 1.7359, "fr": 0.5984, "sh_ratio": 0.9353, "w": 1.0294, "h": 1.7696, "aspect": 0.5817, "fill": 0.355, "head_top_dx_mm": 524.1, "above_head_mm": 57.4, "head_top_ok": true, "com_in": true, "sole_mm": -1.03, "pelvis_mm": 830.0, "torso_yaw": -15.0, "head_yaw": -19.0, "clamp_ok": true, "arm_axis_x": 0.6717, "tpose_ok": true}
C14_PROBE {"key": "T7_open", "pz_delta_mm": 0.0, "ar": 1.7311, "fr": 0.5959, "sh_ratio": 0.8985, "w": 1.0299, "h": 1.7754, "aspect": 0.5801, "fill": 0.3535, "head_top_dx_mm": 527.1, "above_head_mm": 57.9, "head_top_ok": true, "com_in": true, "sole_mm": -6.52, "pelvis_mm": 830.0, "torso_yaw": -19.0, "head_yaw": -7.0, "clamp_ok": true, "arm_axis_x": 0.6867, "tpose_ok": true}
C14_PROBE_SPREAD {"n": 8, "ar": [1.718, 1.7708], "fr": [0.5934, 0.6254], "ar_max_at": "T4_wide_lo", "fr_max_at": "T0_ctrl", "ar_ge_130": ["T0_ctrl", "T1_mid", "T2_mid_hi", "T3_wide", "T4_wide_lo", "T5_deep", "T6_head", "T7_open"], "fr_ge_075": []}
C14_PROBE_PASS [["T1_mid", 1.7416, 0.6207, 0.9353, 506.1, 1.081], ["T4_wide_lo", 1.7708, 0.6072, 0.9353, 525.6, 1.0752], ["T0_ctrl", 1.718, 0.6254, 0.9353, 8.9, 1.0744], ["T5_deep", 1.7577, 0.5934, 0.9353, 522.3, 1.043], ["T6_head", 1.7359, 0.5984, 0.9353, 524.1, 1.0388], ["T2_mid_hi", 1.7359, 0.5964, 0.9353, 522.9, 1.0353], ["T3_wide", 1.7305, 0.5941, 0.9353, 522.9, 1.0281]]
C14_PROBE_WINNER {"key": "T1_mid", "family": "sky_hip", "drop": -0.07, "pz_delta_mm": 0.0, "aspect_ratio": 1.7416, "fill_ratio": 0.6207, "shoulder_ratio": 0.9353, "aspect": 0.5836, "fill": 0.3682, "shoulder_width_m": 0.2819, "height_m": 1.7314, "width_m": 1.0104, "head_top_dx_mm": 506.1, "torso_yaw_deg": -15.0, "head_yaw_deg": -3.0, "torso": {"pelvis": [3.0, -5.0, 0.0], "spine_01": [-2.0, -3.0, 0.0], "spine_02": [-2.0, -3.0, 0.0], "chest": [-7.0, -4.0, 0.0], "neck": [-8.0, 6.0, 0.0], "head": [8.0, 6.0, 0.0], "shoulder.L": [-4.0, 0.0, 0.0], "shoulder.R": [16.0, 0.0, 0.0]}, "fist_mm": {"L": [460.0, -60.0, 900.0], "R": [-480.0, -160.0, 1700.0]}, "elbow_dir": {"L": [0.4074, 0.4876, -0.7722], "R": [-0.9512, 0.0591, 0.3027]}, "shoulder_mm": {"L": [152.49, -23.67, 1340.15], "R": [-129.36, 50.04, 1378.11]}}
C14_PROBE_RENDER ["I:\\工作项目\\BIGMANFIGHT\\角色资产\\美术资产\\bigman_v001\\previews\\anim\\_c14_cand\\00_T1_mid_side.png", "I:\\工作项目\\BIGMANFIGHT\\角色资产\\美术资产\\bigman_v001\\previews\\anim\\_c14_cand\\00_T1_mid_front.png", "I:\\工作项目\\BIGMANFIGHT\\角色资产\\美术资产\\bigman_v001\\previews\\anim\\_c14_cand\\01_T4_wide_lo_side.png", "I:\\工作项目\\BIGMANFIGHT\\角色资产\\美术资产\\bigman_v001\\previews\\anim\\_c14_cand\\01_T4_wide_lo_front.png", "I:\\工作项目\\BIGMANFIGHT\\角色资产\\美术资产\\bigman_v001\\previews\\anim\\_c14_cand\\02_T0_ctrl_side.png", "I:\\工作项目\\BIGMANFIGHT\\角色资产\\美术资产\\bigman_v001\\previews\\anim\\_c14_cand\\02_T0_ctrl_front.png", "I:\\工作项目\\BIGMANFIGHT\\角色资产\\美术资产\\bigman_v001\\previews\\anim\\_c14_cand\\03_T5_deep_side.png", "I:\\工作项目\\BIGMANFIGHT\\角色资产\\美术资产\\bigman_v001\\previews\\anim\\_c14_cand\\03_T5_deep_front.png", "I:\\工作项目\\BIGMANFIGHT\\角色资产\\美术资产\\bigman_v001\\previews\\anim\\_c14_cand\\04_T6_head_side.png", "I:\\工作项目\\BIGMANFIGHT\\角色资产\\美术资产\\bigman_v001\\previews\\anim\\_c14_cand\\04_T6_head_front.png", "I:\\工作项目\\BIGMANFIGHT\\角色资产\\美术资产\\bigman_v001\\previews\\anim\\_c14_cand\\05_T2_mid_hi_side.png", "I:\\工作项目\\BIGMANFIGHT\\角色资产\\美术资产\\bigman_v001\\previews\\anim\\_c14_cand\\05_T2_mid_hi_front.png", "I:\\工作项目\\BIGMANFIGHT\\角色资产\\美术资产\\bigman_v001\\previews\\anim\\_c14_cand\\06_T7_open_side.png", "I:\\工作项目\\BIGMANFIGHT\\角色资产\\美术资产\\bigman_v001\\previews\\anim\\_c14_cand\\06_T7_open_front.png", "I:\\工作项目\\BIGMANFIGHT\\角色资产\\美术资产\\bigman_v001\\previews\\anim\\_c14_cand\\07_T3_wide_side.png", "I:\\工作项目\\BIGMANFIGHT\\角色资产\\美术资产\\bigman_v001\\previews\\anim\\_c14_cand\\07_T3_wide_front.png"]
C14_PROBE_BASELINE {"aspect": 0.3351, "fill": 0.5932, "shoulder_m": 0.3014, "height_m": 1.7323, "width_m": 0.5805, "head_top_dx_mm": 16.3, "sole_mm": -0.96, "pelvis_mm": 830.0}
C14_PROBE_DONE

Blender quit
Error: Not freed memory blocks: 1, total unfreed memory 0.000008 MB
