Blender 4.5.0 (hash 8cb6b388974a built 2025-07-15 01:36:24)
Read blend: "I:\工作项目\BIGMANFIGHT\角色资产\美术资产\bigman_v001\bigman_anim_v001.blend"
Fra:0 Mem:100.38M (Peak 103.57M) | Time:00:00.56 | Rendering 1 / 64 samples
Fra:0 Mem:100.38M (Peak 103.57M) | Time:00:00.60 | Rendering 25 / 64 samples
Fra:0 Mem:100.38M (Peak 103.57M) | Time:00:00.64 | Rendering 50 / 64 samples
Fra:0 Mem:100.38M (Peak 103.57M) | Time:00:00.66 | Rendering 64 / 64 samples
Fra:0 Mem:68.33M (Peak 113.47M) | Time:00:00.68 | Compositing
Saved: 'I:\工作项目\BIGMANFIGHT\角色资产\美术资产\bigman_v001\previews\anim\_c14_cand\00_S12_wide18_side.png'
Time: 00:00.73 (Saving: 00:00.04)

Fra:0 Mem:102.44M (Peak 105.60M) | Time:00:00.26 | Rendering 1 / 64 samples
Fra:0 Mem:102.44M (Peak 105.60M) | Time:00:00.29 | Rendering 25 / 64 samples
Fra:0 Mem:102.44M (Peak 105.60M) | Time:00:00.34 | Rendering 50 / 64 samples
Fra:0 Mem:102.44M (Peak 105.60M) | Time:00:00.36 | Rendering 64 / 64 samples
Fra:0 Mem:70.40M (Peak 115.54M) | Time:00:00.39 | Compositing
Saved: 'I:\工作项目\BIGMANFIGHT\角色资产\美术资产\bigman_v001\previews\anim\_c14_cand\00_S12_wide18_front.png'
Time: 00:00.43 (Saving: 00:00.03)

Fra:0 Mem:102.45M (Peak 105.61M) | Time:00:00.23 | Rendering 1 / 64 samples
Fra:0 Mem:102.45M (Peak 105.61M) | Time:00:00.27 | Rendering 25 / 64 samples
Fra:0 Mem:102.45M (Peak 105.61M) | Time:00:00.30 | Rendering 50 / 64 samples
Fra:0 Mem:102.45M (Peak 105.61M) | Time:00:00.33 | Rendering 64 / 64 samples
Fra:0 Mem:70.40M (Peak 115.54M) | Time:00:00.34 | Compositing
Saved: 'I:\工作项目\BIGMANFIGHT\角色资产\美术资产\bigman_v001\previews\anim\_c14_cand\01_S10_wide12_side.png'
Time: 00:00.39 (Saving: 00:00.03)

Fra:0 Mem:102.45M (Peak 105.61M) | Time:00:00.24 | Rendering 1 / 64 samples
Fra:0 Mem:102.45M (Peak 105.61M) | Time:00:00.28 | Rendering 25 / 64 samples
Fra:0 Mem:102.45M (Peak 105.61M) | Time:00:00.32 | Rendering 50 / 64 samples
Fra:0 Mem:102.45M (Peak 105.61M) | Time:00:00.34 | Rendering 64 / 64 samples
Fra:0 Mem:70.40M (Peak 115.54M) | Time:00:00.37 | Compositing
Saved: 'I:\工作项目\BIGMANFIGHT\角色资产\美术资产\bigman_v001\previews\anim\_c14_cand\01_S10_wide12_front.png'
Time: 00:00.41 (Saving: 00:00.04)

Fra:0 Mem:102.45M (Peak 105.61M) | Time:00:00.23 | Rendering 1 / 64 samples
Fra:0 Mem:102.45M (Peak 105.61M) | Time:00:00.27 | Rendering 25 / 64 samples
Fra:0 Mem:102.45M (Peak 105.61M) | Time:00:00.31 | Rendering 50 / 64 samples
Fra:0 Mem:102.45M (Peak 105.61M) | Time:00:00.33 | Rendering 64 / 64 samples
Fra:0 Mem:70.40M (Peak 115.54M) | Time:00:00.35 | Compositing
Saved: 'I:\工作项目\BIGMANFIGHT\角色资产\美术资产\bigman_v001\previews\anim\_c14_cand\02_S00_base_side.png'
Time: 00:00.39 (Saving: 00:00.03)

Fra:0 Mem:102.45M (Peak 105.61M) | Time:00:00.23 | Rendering 1 / 64 samples
Fra:0 Mem:102.45M (Peak 105.61M) | Time:00:00.27 | Rendering 25 / 64 samples
Fra:0 Mem:102.45M (Peak 105.61M) | Time:00:00.31 | Rendering 50 / 64 samples
Fra:0 Mem:102.45M (Peak 105.61M) | Time:00:00.33 | Rendering 64 / 64 samples
Fra:0 Mem:70.40M (Peak 115.54M) | Time:00:00.35 | Compositing
Saved: 'I:\工作项目\BIGMANFIGHT\角色资产\美术资产\bigman_v001\previews\anim\_c14_cand\02_S00_base_front.png'
Time: 00:00.39 (Saving: 00:00.03)

Fra:0 Mem:102.45M (Peak 105.61M) | Time:00:00.23 | Rendering 1 / 64 samples
Fra:0 Mem:102.45M (Peak 105.61M) | Time:00:00.26 | Rendering 25 / 64 samples
Fra:0 Mem:102.45M (Peak 105.61M) | Time:00:00.30 | Rendering 50 / 64 samples
Fra:0 Mem:102.45M (Peak 105.61M) | Time:00:00.32 | Rendering 64 / 64 samples
Fra:0 Mem:70.40M (Peak 115.54M) | Time:00:00.35 | Compositing
Saved: 'I:\工作项目\BIGMANFIGHT\角色资产\美术资产\bigman_v001\previews\anim\_c14_cand\03_S16_head_follow_side.png'
Time: 00:00.40 (Saving: 00:00.04)

Fra:0 Mem:102.45M (Peak 105.61M) | Time:00:00.30 | Rendering 1 / 64 samples
Fra:0 Mem:102.45M (Peak 105.61M) | Time:00:00.33 | Rendering 25 / 64 samples
Fra:0 Mem:102.45M (Peak 105.61M) | Time:00:00.37 | Rendering 50 / 64 samples
Fra:0 Mem:102.45M (Peak 105.61M) | Time:00:00.39 | Rendering 64 / 64 samples
Fra:0 Mem:70.40M (Peak 115.54M) | Time:00:00.41 | Compositing
Saved: 'I:\工作项目\BIGMANFIGHT\角色资产\美术资产\bigman_v001\previews\anim\_c14_cand\03_S16_head_follow_front.png'
Time: 00:00.46 (Saving: 00:00.03)

Fra:0 Mem:102.45M (Peak 105.61M) | Time:00:00.31 | Rendering 1 / 64 samples
Fra:0 Mem:102.45M (Peak 105.61M) | Time:00:00.34 | Rendering 25 / 64 samples
Fra:0 Mem:102.45M (Peak 105.61M) | Time:00:00.38 | Rendering 50 / 64 samples
Fra:0 Mem:102.45M (Peak 105.61M) | Time:00:00.40 | Rendering 64 / 64 samples
Fra:0 Mem:70.40M (Peak 115.54M) | Time:00:00.43 | Compositing
Saved: 'I:\工作项目\BIGMANFIGHT\角色资产\美术资产\bigman_v001\previews\anim\_c14_cand\04_S14_deep_wide_side.png'
Time: 00:00.48 (Saving: 00:00.04)

Fra:0 Mem:102.45M (Peak 105.61M) | Time:00:00.29 | Rendering 1 / 64 samples
Fra:0 Mem:102.45M (Peak 105.61M) | Time:00:00.32 | Rendering 25 / 64 samples
Fra:0 Mem:102.45M (Peak 105.61M) | Time:00:00.36 | Rendering 50 / 64 samples
Fra:0 Mem:102.45M (Peak 105.61M) | Time:00:00.38 | Rendering 64 / 64 samples
Fra:0 Mem:70.40M (Peak 115.54M) | Time:00:00.40 | Compositing
Saved: 'I:\工作项目\BIGMANFIGHT\角色资产\美术资产\bigman_v001\previews\anim\_c14_cand\04_S14_deep_wide_front.png'
Time: 00:00.45 (Saving: 00:00.03)

Fra:0 Mem:102.45M (Peak 105.61M) | Time:00:00.31 | Rendering 1 / 64 samples
Fra:0 Mem:102.45M (Peak 105.61M) | Time:00:00.35 | Rendering 25 / 64 samples
Fra:0 Mem:102.45M (Peak 105.61M) | Time:00:00.39 | Rendering 50 / 64 samples
Fra:0 Mem:102.45M (Peak 105.61M) | Time:00:00.41 | Rendering 64 / 64 samples
Fra:0 Mem:70.40M (Peak 115.54M) | Time:00:00.43 | Compositing
Saved: 'I:\工作项目\BIGMANFIGHT\角色资产\美术资产\bigman_v001\previews\anim\_c14_cand\05_S15_out_fwd_side.png'
Time: 00:00.49 (Saving: 00:00.04)

Fra:0 Mem:102.45M (Peak 105.61M) | Time:00:00.30 | Rendering 1 / 64 samples
Fra:0 Mem:102.45M (Peak 105.61M) | Time:00:00.33 | Rendering 25 / 64 samples
Fra:0 Mem:102.45M (Peak 105.61M) | Time:00:00.37 | Rendering 50 / 64 samples
Fra:0 Mem:102.45M (Peak 105.61M) | Time:00:00.39 | Rendering 64 / 64 samples
Fra:0 Mem:70.40M (Peak 115.54M) | Time:00:00.41 | Compositing
Saved: 'I:\工作项目\BIGMANFIGHT\角色资产\美术资产\bigman_v001\previews\anim\_c14_cand\05_S15_out_fwd_front.png'
Time: 00:00.45 (Saving: 00:00.03)

Fra:0 Mem:102.45M (Peak 105.61M) | Time:00:00.31 | Rendering 1 / 64 samples
Fra:0 Mem:102.45M (Peak 105.61M) | Time:00:00.35 | Rendering 25 / 64 samples
Fra:0 Mem:102.45M (Peak 105.61M) | Time:00:00.39 | Rendering 50 / 64 samples
Fra:0 Mem:102.45M (Peak 105.61M) | Time:00:00.41 | Rendering 64 / 64 samples
Fra:0 Mem:70.40M (Peak 115.54M) | Time:00:00.43 | Compositing
Saved: 'I:\工作项目\BIGMANFIGHT\角色资产\美术资产\bigman_v001\previews\anim\_c14_cand\06_S13_wide18_straight_side.png'
Time: 00:00.49 (Saving: 00:00.04)

Fra:0 Mem:102.45M (Peak 105.61M) | Time:00:00.30 | Rendering 1 / 64 samples
Fra:0 Mem:102.45M (Peak 105.61M) | Time:00:00.34 | Rendering 25 / 64 samples
Fra:0 Mem:102.45M (Peak 105.61M) | Time:00:00.37 | Rendering 50 / 64 samples
Fra:0 Mem:102.45M (Peak 105.61M) | Time:00:00.40 | Rendering 64 / 64 samples
Fra:0 Mem:70.40M (Peak 115.54M) | Time:00:00.42 | Compositing
Saved: 'I:\工作项目\BIGMANFIGHT\角色资产\美术资产\bigman_v001\previews\anim\_c14_cand\06_S13_wide18_straight_front.png'
Time: 00:00.46 (Saving: 00:00.03)

Fra:0 Mem:102.45M (Peak 105.61M) | Time:00:00.30 | Rendering 1 / 64 samples
Fra:0 Mem:102.45M (Peak 105.61M) | Time:00:00.34 | Rendering 25 / 64 samples
Fra:0 Mem:102.45M (Peak 105.61M) | Time:00:00.37 | Rendering 50 / 64 samples
Fra:0 Mem:102.45M (Peak 105.61M) | Time:00:00.40 | Rendering 64 / 64 samples
Fra:0 Mem:70.40M (Peak 115.54M) | Time:00:00.42 | Compositing
Saved: 'I:\工作项目\BIGMANFIGHT\角色资产\美术资产\bigman_v001\previews\anim\_c14_cand\07_S11_wide12_straight_side.png'
Time: 00:00.47 (Saving: 00:00.04)

Fra:0 Mem:102.45M (Peak 105.61M) | Time:00:00.24 | Rendering 1 / 64 samples
Fra:0 Mem:102.45M (Peak 105.61M) | Time:00:00.27 | Rendering 25 / 64 samples
Fra:0 Mem:102.45M (Peak 105.61M) | Time:00:00.31 | Rendering 50 / 64 samples
Fra:0 Mem:102.45M (Peak 105.61M) | Time:00:00.33 | Rendering 64 / 64 samples
Fra:0 Mem:70.40M (Peak 115.54M) | Time:00:00.35 | Compositing
Saved: 'I:\工作项目\BIGMANFIGHT\角色资产\美术资产\bigman_v001\previews\anim\_c14_cand\07_S11_wide12_straight_front.png'
Time: 00:00.40 (Saving: 00:00.03)

C14_PROBE_BASE {"label": "Idle_01@0", "bbox_m": [[-0.2857, -0.3756, -0.001], [0.2949, 0.2407, 1.7314]], "bbox_all_m": [[-0.2857, -0.3756, -0.001], [0.2949, 0.2407, 1.7314]], "width_m": 0.5805, "height_m": 1.7323, "aspect": 0.3351, "proj_area_m2": 1.7593, "fill": 1.7493, "fill_grid": 0.5932, "grid": [59, 174, 5966], "com_xy_m": [0.0005, -0.0778], "com_z_m": 0.9268, "support_box_m": [[-0.2053, -0.3756, -0.001], [0.207, 0.2086, 0.019]], "com_inside_support": true, "sole_min_mm": -0.96, "shoulder_width_m": 0.3014, "shoulder_over_height": 0.174, "head_top_offset_mm": 0.0, "torso_yaw_deg": 0.0, "head_yaw_deg": 0.0, "pelvis_z_mm": 830.0, "head_top_x_mm": 16.3, "head_bone_x_mm": 0.0, "head_top_dx_mm": 16.3, "head_top_ok": true, "top_z_mm": 1731.4, "bbox_top_z_mm": 1731.4}
C14_PROBE {"key": "S00_base", "pz_delta_mm": 0.0, "ar": 1.7159, "fr": 0.6236, "sh_ratio": 0.9353, "w": 0.9955, "h": 1.7313, "aspect": 0.575, "fill": 0.3699, "head_top_dx_mm": 8.9, "head_top_ok": true, "com_in": true, "sole_mm": -3.2, "pelvis_mm": 830.0, "torso_yaw": -15.0, "head_yaw": -3.0, "clamp_ok": true, "arm_axis_x": 0.6725, "tpose_ok": true}
C14_PROBE {"key": "S10_wide12", "pz_delta_mm": 0.0, "ar": 1.7678, "fr": 0.6072, "sh_ratio": 0.9353, "w": 1.0298, "h": 1.7383, "aspect": 0.5924, "fill": 0.3602, "head_top_dx_mm": 527.0, "head_top_ok": false, "com_in": true, "sole_mm": 9.3, "pelvis_mm": 830.0, "torso_yaw": -15.0, "head_yaw": -3.0, "clamp_ok": true, "arm_axis_x": 0.6878, "tpose_ok": true}
C14_PROBE {"key": "S11_wide12_straight", "pz_delta_mm": 0.0, "ar": 1.7672, "fr": 0.5418, "sh_ratio": 0.9353, "w": 1.0902, "h": 1.8408, "aspect": 0.5922, "fill": 0.3214, "head_top_dx_mm": 587.4, "head_top_ok": false, "com_in": true, "sole_mm": 9.3, "pelvis_mm": 830.0, "torso_yaw": -15.0, "head_yaw": -3.0, "clamp_ok": false, "arm_axis_x": 0.6806, "tpose_ok": true}
C14_PROBE {"key": "S12_wide18", "pz_delta_mm": 0.0, "ar": 1.8019, "fr": 0.5974, "sh_ratio": 0.9353, "w": 1.049, "h": 1.7373, "aspect": 0.6038, "fill": 0.3544, "head_top_dx_mm": 543.1, "head_top_ok": false, "com_in": true, "sole_mm": 29.02, "pelvis_mm": 830.0, "torso_yaw": -15.0, "head_yaw": -3.0, "clamp_ok": true, "arm_axis_x": 0.6909, "tpose_ok": true}
C14_PROBE {"key": "S13_wide18_straight", "pz_delta_mm": 0.0, "ar": 1.7887, "fr": 0.5477, "sh_ratio": 0.9353, "w": 1.0918, "h": 1.8216, "aspect": 0.5994, "fill": 0.3249, "head_top_dx_mm": 588.8, "head_top_ok": false, "com_in": true, "sole_mm": 28.64, "pelvis_mm": 830.0, "torso_yaw": -15.0, "head_yaw": -3.0, "clamp_ok": false, "arm_axis_x": 0.6833, "tpose_ok": true}
C14_PROBE {"key": "S14_deep_wide", "pz_delta_mm": -30.0, "ar": 1.8141, "fr": 0.5711, "sh_ratio": 0.9353, "w": 1.0682, "h": 1.7573, "aspect": 0.6079, "fill": 0.3388, "head_top_dx_mm": 560.0, "head_top_ok": false, "com_in": true, "sole_mm": 26.86, "pelvis_mm": 800.0, "torso_yaw": -15.0, "head_yaw": -3.0, "clamp_ok": true, "arm_axis_x": 0.6711, "tpose_ok": true}
C14_PROBE {"key": "S15_out_fwd", "pz_delta_mm": 0.0, "ar": 1.8138, "fr": 0.5708, "sh_ratio": 0.9353, "w": 1.0722, "h": 1.7641, "aspect": 0.6078, "fill": 0.3386, "head_top_dx_mm": 574.7, "head_top_ok": false, "com_in": true, "sole_mm": 29.02, "pelvis_mm": 830.0, "torso_yaw": -15.0, "head_yaw": -3.0, "clamp_ok": false, "arm_axis_x": 0.6475, "tpose_ok": true}
C14_PROBE {"key": "S16_head_follow", "pz_delta_mm": 0.0, "ar": 1.8144, "fr": 0.5821, "sh_ratio": 0.9353, "w": 1.0677, "h": 1.756, "aspect": 0.608, "fill": 0.3453, "head_top_dx_mm": 562.7, "head_top_ok": false, "com_in": true, "sole_mm": 29.02, "pelvis_mm": 830.0, "torso_yaw": -15.0, "head_yaw": -19.0, "clamp_ok": true, "arm_axis_x": 0.6935, "tpose_ok": true}
C14_PROBE_SPREAD {"n": 8, "ar": [1.7159, 1.8144], "fr": [0.5418, 0.6236], "ar_max_at": "S16_head_follow", "fr_max_at": "S00_base", "ar_ge_130": ["S00_base", "S10_wide12", "S11_wide12_straight", "S12_wide18", "S13_wide18_straight", "S14_deep_wide", "S15_out_fwd", "S16_head_follow"], "fr_ge_075": []}
C14_PROBE_PASS [["S00_base", 1.7159, 0.6236, 0.9353, 8.9, 1.07]]
C14_PROBE_WINNER {"key": "S00_base", "family": "sky_hip", "drop": -0.07, "pz_delta_mm": 0.0, "aspect_ratio": 1.7159, "fill_ratio": 0.6236, "shoulder_ratio": 0.9353, "aspect": 0.575, "fill": 0.3699, "shoulder_width_m": 0.2819, "height_m": 1.7313, "width_m": 0.9955, "head_top_dx_mm": 8.9, "torso_yaw_deg": -15.0, "head_yaw_deg": -3.0, "torso": {"pelvis": [3.0, -5.0, 0.0], "spine_01": [-2.0, -3.0, 0.0], "spine_02": [-2.0, -3.0, 0.0], "chest": [-7.0, -4.0, 0.0], "neck": [-8.0, 6.0, 0.0], "head": [8.0, 6.0, 0.0], "shoulder.L": [-4.0, 0.0, 0.0], "shoulder.R": [16.0, 0.0, 0.0]}, "fist_mm": {"L": [460.0, -60.0, 900.0], "R": [-460.0, -180.0, 1660.0]}, "elbow_dir": {"L": [0.4074, 0.4876, -0.7722], "R": [-0.9035, 0.1589, 0.3981]}, "shoulder_mm": {"L": [152.49, -23.67, 1340.15], "R": [-129.36, 50.04, 1378.11]}}
C14_PROBE_RENDER ["I:\\工作项目\\BIGMANFIGHT\\角色资产\\美术资产\\bigman_v001\\previews\\anim\\_c14_cand\\00_S12_wide18_side.png", "I:\\工作项目\\BIGMANFIGHT\\角色资产\\美术资产\\bigman_v001\\previews\\anim\\_c14_cand\\00_S12_wide18_front.png", "I:\\工作项目\\BIGMANFIGHT\\角色资产\\美术资产\\bigman_v001\\previews\\anim\\_c14_cand\\01_S10_wide12_side.png", "I:\\工作项目\\BIGMANFIGHT\\角色资产\\美术资产\\bigman_v001\\previews\\anim\\_c14_cand\\01_S10_wide12_front.png", "I:\\工作项目\\BIGMANFIGHT\\角色资产\\美术资产\\bigman_v001\\previews\\anim\\_c14_cand\\02_S00_base_side.png", "I:\\工作项目\\BIGMANFIGHT\\角色资产\\美术资产\\bigman_v001\\previews\\anim\\_c14_cand\\02_S00_base_front.png", "I:\\工作项目\\BIGMANFIGHT\\角色资产\\美术资产\\bigman_v001\\previews\\anim\\_c14_cand\\03_S16_head_follow_side.png", "I:\\工作项目\\BIGMANFIGHT\\角色资产\\美术资产\\bigman_v001\\previews\\anim\\_c14_cand\\03_S16_head_follow_front.png", "I:\\工作项目\\BIGMANFIGHT\\角色资产\\美术资产\\bigman_v001\\previews\\anim\\_c14_cand\\04_S14_deep_wide_side.png", "I:\\工作项目\\BIGMANFIGHT\\角色资产\\美术资产\\bigman_v001\\previews\\anim\\_c14_cand\\04_S14_deep_wide_front.png", "I:\\工作项目\\BIGMANFIGHT\\角色资产\\美术资产\\bigman_v001\\previews\\anim\\_c14_cand\\05_S15_out_fwd_side.png", "I:\\工作项目\\BIGMANFIGHT\\角色资产\\美术资产\\bigman_v001\\previews\\anim\\_c14_cand\\05_S15_out_fwd_front.png", "I:\\工作项目\\BIGMANFIGHT\\角色资产\\美术资产\\bigman_v001\\previews\\anim\\_c14_cand\\06_S13_wide18_straight_side.png", "I:\\工作项目\\BIGMANFIGHT\\角色资产\\美术资产\\bigman_v001\\previews\\anim\\_c14_cand\\06_S13_wide18_straight_front.png", "I:\\工作项目\\BIGMANFIGHT\\角色资产\\美术资产\\bigman_v001\\previews\\anim\\_c14_cand\\07_S11_wide12_straight_side.png", "I:\\工作项目\\BIGMANFIGHT\\角色资产\\美术资产\\bigman_v001\\previews\\anim\\_c14_cand\\07_S11_wide12_straight_front.png"]
C14_PROBE_BASELINE {"aspect": 0.3351, "fill": 0.5932, "shoulder_m": 0.3014, "height_m": 1.7323, "width_m": 0.5805, "head_top_dx_mm": 16.3, "sole_mm": -0.96, "pelvis_mm": 830.0}
C14_PROBE_DONE

Blender quit
Error: Not freed memory blocks: 1, total unfreed memory 0.000008 MB
