C14_PROBE_BASE {"label": "Idle_01@0", "bbox_m": [[-0.2857, -0.3756, -0.001], [0.2949, 0.2407, 1.7314]], "bbox_all_m": [[-0.2857, -0.3756, -0.001], [0.2949, 0.2407, 1.7314]], "width_m": 0.5805, "height_m": 1.7323, "aspect": 0.3351, "proj_area_m2": 1.7593, "fill": 1.7493, "fill_grid": 0.5932, "grid": [59, 174, 5966], "com_xy_m": [0.0005, -0.0778], "com_z_m": 0.9268, "support_box_m": [[-0.2053, -0.3756, -0.001], [0.207, 0.2086, 0.019]], "com_inside_support": true, "sole_min_mm": -0.96, "shoulder_width_m": 0.3014, "shoulder_over_height": 0.174, "head_top_offset_mm": 0.0, "torso_yaw_deg": 0.0, "head_yaw_deg": 0.0, "pelvis_z_mm": 830.0, "head_top_x_mm": 16.3, "head_bone_x_mm": 0.0, "head_top_dx_mm": 16.3, "above_head_mm": 18.1, "head_top_ok": true, "top_z_mm": 1731.4, "head_top_z_mm": 1713.3, "bbox_top_z_mm": 1731.4}
C14_PROBE {"key": "T0_ctrl", "pz_delta_mm": 0.0, "ar": 1.718, "fr": 0.6254, "sh_ratio": 0.9353, "w": 0.9955, "h": 1.7291, "aspect": 0.5757, "fill": 0.371, "head_top_dx_mm": 8.9, "above_head_mm": 17.1, "head_top_ok": true, "com_in": true, "sole_mm": -0.94, "pelvis_mm": 830.0, "torso_yaw": -15.0, "head_yaw": -3.0, "clamp_ok": true, "arm_axis_x": 0.6725, "tpose_ok": true}
C14_PROBE {"key": "T1_mid", "pz_delta_mm": 0.0, "ar": 1.7416, "fr": 0.6207, "sh_ratio": 0.9353, "w": 1.0104, "h": 1.7314, "aspect": 0.5836, "fill": 0.3682, "head_top_dx_mm": 506.1, "above_head_mm": 19.3, "head_top_ok": true, "com_in": true, "sole_mm": -1.03, "pelvis_mm": 830.0, "torso_yaw": -15.0, "head_yaw": -3.0, "clamp_ok": true, "arm_axis_x": 0.674, "tpose_ok": true}
C14_PROBE {"key": "T2_mid_hi", "pz_delta_mm": 0.0, "ar": 1.7359, "fr": 0.5964, "sh_ratio": 0.9353, "w": 1.0294, "h": 1.7696, "aspect": 0.5817, "fill": 0.3538, "head_top_dx_mm": 522.9, "above_head_mm": 57.5, "head_top_ok": true, "com_in": true, "sole_mm": -1.03, "pelvis_mm": 830.0, "torso_yaw": -15.0, "head_yaw": -3.0, "clamp_ok": true, "arm_axis_x": 0.6717, "tpose_ok": true}
C14_PROBE {"key": "T3_wide", "pz_delta_mm": 0.0, "ar": 1.7305, "fr": 0.5941, "sh_ratio": 0.9353, "w": 1.0294, "h": 1.7751, "aspect": 0.5799, "fill": 0.3524, "head_top_dx_mm": 522.9, "above_head_mm": 57.5, "head_top_ok": true, "com_in": true, "sole_mm": -6.52, "pelvis_mm": 830.0, "torso_yaw": -15.0, "head_yaw": -3.0, "clamp_ok": true, "arm_axis_x": 0.6717, "tpose_ok": true}
C14_PROBE {"key": "T4_wide_lo", "pz_delta_mm": 0.0, "ar": 1.7708, "fr": 0.6072, "sh_ratio": 0.9353, "w": 1.0301, "h": 1.7359, "aspect": 0.5934, "fill": 0.3602, "head_top_dx_mm": 525.6, "above_head_mm": 18.3, "head_top_ok": true, "com_in": true, "sole_mm": -6.52, "pelvis_mm": 830.0, "torso_yaw": -15.0, "head_yaw": -3.0, "clamp_ok": true, "arm_axis_x": 0.7041, "tpose_ok": true}
C14_PROBE {"key": "T5_deep", "pz_delta_mm": -30.0, "ar": 1.7577, "fr": 0.5934, "sh_ratio": 0.9353, "w": 1.0308, "h": 1.7501, "aspect": 0.589, "fill": 0.352, "head_top_dx_mm": 522.3, "above_head_mm": 67.2, "head_top_ok": true, "com_in": true, "sole_mm": -1.8, "pelvis_mm": 800.0, "torso_yaw": -15.0, "head_yaw": -3.0, "clamp_ok": true, "arm_axis_x": 0.6638, "tpose_ok": true}
C14_PROBE {"key": "T6_head", "pz_delta_mm": 0.0, "ar": 1.7359, "fr": 0.5984, "sh_ratio": 0.9353, "w": 1.0294, "h": 1.7696, "aspect": 0.5817, "fill": 0.355, "head_top_dx_mm": 524.1, "above_head_mm": 57.4, "head_top_ok": true, "com_in": true, "sole_mm": -1.03, "pelvis_mm": 830.0, "torso_yaw": -15.0, "head_yaw": -19.0, "clamp_ok": true, "arm_axis_x": 0.6717, "tpose_ok": true}
C14_PROBE {"key": "T7_open", "pz_delta_mm": 0.0, "ar": 1.7311, "fr": 0.5959, "sh_ratio": 0.8985, "w": 1.0299, "h": 1.7754, "aspect": 0.5801, "fill": 0.3535, "head_top_dx_mm": 527.1, "above_head_mm": 57.9, "head_top_ok": true, "com_in": true, "sole_mm": -6.52, "pelvis_mm": 830.0, "torso_yaw": -19.0, "head_yaw": -7.0, "clamp_ok": true, "arm_axis_x": 0.6867, "tpose_ok": true}
C14_PROBE {"key": "U1_fwd", "pz_delta_mm": 0.0, "ar": 1.5712, "fr": 0.6768, "sh_ratio": 0.9353, "w": 0.9104, "h": 1.7292, "aspect": 0.5265, "fill": 0.4015, "head_top_dx_mm": 8.9, "above_head_mm": 17.1, "head_top_ok": true, "com_in": true, "sole_mm": -1.03, "pelvis_mm": 830.0, "torso_yaw": -15.0, "head_yaw": -3.0, "clamp_ok": true, "arm_axis_x": 0.4973, "tpose_ok": true}
C14_PROBE {"key": "U2_fwd_hi", "pz_delta_mm": 0.0, "ar": 1.4491, "fr": 0.6617, "sh_ratio": 0.9353, "w": 0.8856, "h": 1.8237, "aspect": 0.4856, "fill": 0.3925, "head_top_dx_mm": 444.1, "above_head_mm": 111.6, "head_top_ok": true, "com_in": true, "sole_mm": -1.03, "pelvis_mm": 830.0, "torso_yaw": -15.0, "head_yaw": -3.0, "clamp_ok": false, "arm_axis_x": 0.4677, "tpose_ok": true}
C14_PROBE {"key": "U3_vert", "pz_delta_mm": 0.0, "ar": 1.2659, "fr": 0.7018, "sh_ratio": 0.9353, "w": 0.8113, "h": 1.9125, "aspect": 0.4242, "fill": 0.4163, "head_top_dx_mm": 314.4, "above_head_mm": 200.5, "head_top_ok": true, "com_in": true, "sole_mm": -1.03, "pelvis_mm": 830.0, "torso_yaw": -15.0, "head_yaw": -3.0, "clamp_ok": true, "arm_axis_x": 0.4677, "tpose_ok": true}
C14_PROBE {"key": "U4_back", "pz_delta_mm": 0.0, "ar": 1.6401, "fr": 0.6568, "sh_ratio": 0.9353, "w": 0.9504, "h": 1.7292, "aspect": 0.5496, "fill": 0.3896, "head_top_dx_mm": 8.9, "above_head_mm": 17.1, "head_top_ok": true, "com_in": true, "sole_mm": -1.03, "pelvis_mm": 830.0, "torso_yaw": -15.0, "head_yaw": -3.0, "clamp_ok": true, "arm_axis_x": 0.7326, "tpose_ok": true}
C14_PROBE {"key": "U5_out", "pz_delta_mm": 0.0, "ar": 1.8093, "fr": 0.6003, "sh_ratio": 0.9353, "w": 1.0484, "h": 1.7292, "aspect": 0.6063, "fill": 0.3561, "head_top_dx_mm": 8.9, "above_head_mm": 17.1, "head_top_ok": true, "com_in": true, "sole_mm": -1.03, "pelvis_mm": 830.0, "torso_yaw": -15.0, "head_yaw": -3.0, "clamp_ok": true, "arm_axis_x": 0.8159, "tpose_ok": true}
C14_PROBE {"key": "U6_power", "pz_delta_mm": 0.0, "ar": 1.3217, "fr": 0.8018, "sh_ratio": 0.9446, "w": 0.7658, "h": 1.7292, "aspect": 0.4429, "fill": 0.4756, "head_top_dx_mm": 9.1, "above_head_mm": 17.1, "head_top_ok": true, "com_in": true, "sole_mm": -1.04, "pelvis_mm": 830.0, "torso_yaw": -14.0, "head_yaw": -2.0, "clamp_ok": true, "arm_axis_x": 0.3828, "tpose_ok": true}
C14_PROBE {"key": "V1_sky_up", "pz_delta_mm": 0.0, "ar": 1.1552, "fr": 0.7321, "sh_ratio": 0.9376, "w": 0.7647, "h": 1.9757, "aspect": 0.3871, "fill": 0.4343, "head_top_dx_mm": 241.2, "above_head_mm": 261.1, "head_top_ok": true, "com_in": true, "sole_mm": -1.03, "pelvis_mm": 830.0, "torso_yaw": -15.0, "head_yaw": -3.0, "clamp_ok": true, "arm_axis_x": 0.3955, "tpose_ok": true}
C14_PROBE {"key": "V2_sky_wide", "pz_delta_mm": 0.0, "ar": 1.3515, "fr": 0.6512, "sh_ratio": 0.9376, "w": 0.8749, "h": 1.9319, "aspect": 0.4529, "fill": 0.3863, "head_top_dx_mm": 379.7, "above_head_mm": 217.3, "head_top_ok": true, "com_in": true, "sole_mm": -1.03, "pelvis_mm": 830.0, "torso_yaw": -15.0, "head_yaw": -3.0, "clamp_ok": true, "arm_axis_x": 0.3955, "tpose_ok": true}
C14_PROBE {"key": "V3_sky_twist", "pz_delta_mm": 0.0, "ar": 1.211, "fr": 0.7116, "sh_ratio": 0.8789, "w": 0.7944, "h": 1.9578, "aspect": 0.4058, "fill": 0.4221, "head_top_dx_mm": 267.3, "above_head_mm": 243.3, "head_top_ok": true, "com_in": true, "sole_mm": -1.02, "pelvis_mm": 830.0, "torso_yaw": -24.0, "head_yaw": -12.0, "clamp_ok": true, "arm_axis_x": 0.4009, "tpose_ok": true}
C14_PROBE {"key": "V4_sky_narrow", "pz_delta_mm": 0.0, "ar": 1.1113, "fr": 0.7475, "sh_ratio": 0.9376, "w": 0.743, "h": 1.995, "aspect": 0.3724, "fill": 0.4434, "head_top_dx_mm": 176.1, "above_head_mm": 280.4, "head_top_ok": true, "com_in": true, "sole_mm": -1.03, "pelvis_mm": 830.0, "torso_yaw": -15.0, "head_yaw": -3.0, "clamp_ok": true, "arm_axis_x": 0.3955, "tpose_ok": true}
C14_PROBE {"key": "V5_cock", "pz_delta_mm": -20.0, "ar": 1.4963, "fr": 0.7094, "sh_ratio": 0.9502, "w": 0.859, "h": 1.7133, "aspect": 0.5014, "fill": 0.4208, "head_top_dx_mm": 18.7, "above_head_mm": 16.7, "head_top_ok": true, "com_in": true, "sole_mm": -1.44, "pelvis_mm": 810.0, "torso_yaw": 10.0, "head_yaw": 22.0, "clamp_ok": true, "arm_axis_x": 0.5056, "tpose_ok": true}
C14_PROBE {"key": "V6_press", "pz_delta_mm": -20.0, "ar": 1.276, "fr": 0.8348, "sh_ratio": 0.9499, "w": 0.7327, "h": 1.7136, "aspect": 0.4276, "fill": 0.4952, "head_top_dx_mm": 13.1, "above_head_mm": 16.5, "head_top_ok": true, "com_in": true, "sole_mm": -1.36, "pelvis_mm": 810.0, "torso_yaw": -13.0, "head_yaw": -1.0, "clamp_ok": true, "arm_axis_x": 0.3533, "tpose_ok": true}Blender 4.5.0 (hash 8cb6b388974a built 2025-07-15 01:36:24)
Read blend: "I:\工作项目\BIGMANFIGHT\角色资产\美术资产\bigman_v001\bigman_anim_v001.blend"
Fra:0 Mem:100.38M (Peak 103.57M) | Time:00:00.58 | Rendering 1 / 64 samples
Fra:0 Mem:100.38M (Peak 103.57M) | Time:00:00.62 | Rendering 25 / 64 samples
Fra:0 Mem:100.38M (Peak 103.57M) | Time:00:00.67 | Rendering 50 / 64 samples
Fra:0 Mem:100.38M (Peak 103.57M) | Time:00:00.69 | Rendering 64 / 64 samples
Fra:0 Mem:68.33M (Peak 113.47M) | Time:00:00.71 | Compositing
Saved: 'I:\工作项目\BIGMANFIGHT\角色资产\美术资产\bigman_v001\previews\anim\_c14_cand\00_U5_out_side.png'
Time: 00:00.78 (Saving: 00:00.05)

Fra:0 Mem:102.44M (Peak 105.60M) | Time:00:00.27 | Rendering 1 / 64 samples
Fra:0 Mem:102.44M (Peak 105.60M) | Time:00:00.31 | Rendering 25 / 64 samples
Fra:0 Mem:102.44M (Peak 105.60M) | Time:00:00.35 | Rendering 50 / 64 samples
Fra:0 Mem:102.44M (Peak 105.60M) | Time:00:00.37 | Rendering 64 / 64 samples
Fra:0 Mem:70.40M (Peak 115.54M) | Time:00:00.40 | Compositing
Saved: 'I:\工作项目\BIGMANFIGHT\角色资产\美术资产\bigman_v001\previews\anim\_c14_cand\00_U5_out_front.png'
Time: 00:00.45 (Saving: 00:00.04)

Fra:0 Mem:102.45M (Peak 105.61M) | Time:00:00.23 | Rendering 1 / 64 samples
Fra:0 Mem:102.45M (Peak 105.61M) | Time:00:00.27 | Rendering 25 / 64 samples
Fra:0 Mem:102.45M (Peak 105.61M) | Time:00:00.31 | Rendering 50 / 64 samples
Fra:0 Mem:102.45M (Peak 105.61M) | Time:00:00.33 | Rendering 64 / 64 samples
Fra:0 Mem:70.40M (Peak 115.54M) | Time:00:00.36 | Compositing
Saved: 'I:\工作项目\BIGMANFIGHT\角色资产\美术资产\bigman_v001\previews\anim\_c14_cand\01_T1_mid_side.png'
Time: 00:00.41 (Saving: 00:00.04)

Fra:0 Mem:102.45M (Peak 105.61M) | Time:00:00.23 | Rendering 1 / 64 samples
Fra:0 Mem:102.45M (Peak 105.61M) | Time:00:00.27 | Rendering 25 / 64 samples
Fra:0 Mem:102.45M (Peak 105.61M) | Time:00:00.34 | Rendering 50 / 64 samples
Fra:0 Mem:102.45M (Peak 105.61M) | Time:00:00.37 | Rendering 64 / 64 samples
Fra:0 Mem:70.40M (Peak 115.54M) | Time:00:00.39 | Compositing
Saved: 'I:\工作项目\BIGMANFIGHT\角色资产\美术资产\bigman_v001\previews\anim\_c14_cand\01_T1_mid_front.png'
Time: 00:00.44 (Saving: 00:00.04)

Fra:0 Mem:102.45M (Peak 105.61M) | Time:00:00.22 | Rendering 1 / 64 samples
Fra:0 Mem:102.45M (Peak 105.61M) | Time:00:00.26 | Rendering 25 / 64 samples
Fra:0 Mem:102.45M (Peak 105.61M) | Time:00:00.30 | Rendering 50 / 64 samples
Fra:0 Mem:102.45M (Peak 105.61M) | Time:00:00.33 | Rendering 64 / 64 samples
Fra:0 Mem:70.40M (Peak 115.54M) | Time:00:00.35 | Compositing
Saved: 'I:\工作项目\BIGMANFIGHT\角色资产\美术资产\bigman_v001\previews\anim\_c14_cand\02_U4_back_side.png'
Time: 00:00.41 (Saving: 00:00.04)

Fra:0 Mem:102.45M (Peak 105.61M) | Time:00:00.23 | Rendering 1 / 64 samples
Fra:0 Mem:102.45M (Peak 105.61M) | Time:00:00.27 | Rendering 25 / 64 samples
Fra:0 Mem:102.45M (Peak 105.61M) | Time:00:00.31 | Rendering 50 / 64 samples
Fra:0 Mem:102.45M (Peak 105.61M) | Time:00:00.33 | Rendering 64 / 64 samples
Fra:0 Mem:70.40M (Peak 115.54M) | Time:00:00.35 | Compositing
Saved: 'I:\工作项目\BIGMANFIGHT\角色资产\美术资产\bigman_v001\previews\anim\_c14_cand\02_U4_back_front.png'
Time: 00:00.41 (Saving: 00:00.04)

Fra:0 Mem:102.45M (Peak 105.61M) | Time:00:00.23 | Rendering 1 / 64 samples
Fra:0 Mem:102.45M (Peak 105.61M) | Time:00:00.27 | Rendering 25 / 64 samples
Fra:0 Mem:102.45M (Peak 105.61M) | Time:00:00.31 | Rendering 50 / 64 samples
Fra:0 Mem:102.45M (Peak 105.61M) | Time:00:00.33 | Rendering 64 / 64 samples
Fra:0 Mem:70.40M (Peak 115.54M) | Time:00:00.35 | Compositing
Saved: 'I:\工作项目\BIGMANFIGHT\角色资产\美术资产\bigman_v001\previews\anim\_c14_cand\03_T4_wide_lo_side.png'
Time: 00:00.41 (Saving: 00:00.04)

Fra:0 Mem:102.45M (Peak 105.61M) | Time:00:00.24 | Rendering 1 / 64 samples
Fra:0 Mem:102.45M (Peak 105.61M) | Time:00:00.28 | Rendering 25 / 64 samples
Fra:0 Mem:102.45M (Peak 105.61M) | Time:00:00.32 | Rendering 50 / 64 samples
Fra:0 Mem:102.45M (Peak 105.61M) | Time:00:00.35 | Rendering 64 / 64 samples
Fra:0 Mem:70.40M (Peak 115.54M) | Time:00:00.37 | Compositing
Saved: 'I:\工作项目\BIGMANFIGHT\角色资产\美术资产\bigman_v001\previews\anim\_c14_cand\03_T4_wide_lo_front.png'
Time: 00:00.43 (Saving: 00:00.04)

Fra:0 Mem:102.45M (Peak 105.61M) | Time:00:00.23 | Rendering 1 / 64 samples
Fra:0 Mem:102.45M (Peak 105.61M) | Time:00:00.27 | Rendering 25 / 64 samples
Fra:0 Mem:102.45M (Peak 105.61M) | Time:00:00.31 | Rendering 50 / 64 samples
Fra:0 Mem:102.45M (Peak 105.61M) | Time:00:00.33 | Rendering 64 / 64 samples
Fra:0 Mem:70.40M (Peak 115.54M) | Time:00:00.35 | Compositing
Saved: 'I:\工作项目\BIGMANFIGHT\角色资产\美术资产\bigman_v001\previews\anim\_c14_cand\04_T0_ctrl_side.png'
Time: 00:00.41 (Saving: 00:00.05)

Fra:0 Mem:102.45M (Peak 105.61M) | Time:00:00.23 | Rendering 1 / 64 samples
Fra:0 Mem:102.45M (Peak 105.61M) | Time:00:00.27 | Rendering 25 / 64 samples
Fra:0 Mem:102.45M (Peak 105.61M) | Time:00:00.31 | Rendering 50 / 64 samples
Fra:0 Mem:102.45M (Peak 105.61M) | Time:00:00.34 | Rendering 64 / 64 samples
Fra:0 Mem:70.40M (Peak 115.54M) | Time:00:00.36 | Compositing
Saved: 'I:\工作项目\BIGMANFIGHT\角色资产\美术资产\bigman_v001\previews\anim\_c14_cand\04_T0_ctrl_front.png'
Time: 00:00.41 (Saving: 00:00.04)

Fra:0 Mem:102.45M (Peak 105.61M) | Time:00:00.23 | Rendering 1 / 64 samples
Fra:0 Mem:102.45M (Peak 105.61M) | Time:00:00.27 | Rendering 25 / 64 samples
Fra:0 Mem:102.45M (Peak 105.61M) | Time:00:00.31 | Rendering 50 / 64 samples
Fra:0 Mem:102.45M (Peak 105.61M) | Time:00:00.33 | Rendering 64 / 64 samples
Fra:0 Mem:70.40M (Peak 115.54M) | Time:00:00.35 | Compositing
Saved: 'I:\工作项目\BIGMANFIGHT\角色资产\美术资产\bigman_v001\previews\anim\_c14_cand\05_V6_press_side.png'
Time: 00:00.40 (Saving: 00:00.03)

Fra:0 Mem:102.45M (Peak 105.61M) | Time:00:00.23 | Rendering 1 / 64 samples
Fra:0 Mem:102.45M (Peak 105.61M) | Time:00:00.26 | Rendering 25 / 64 samples
Fra:0 Mem:102.45M (Peak 105.61M) | Time:00:00.30 | Rendering 50 / 64 samples
Fra:0 Mem:102.45M (Peak 105.61M) | Time:00:00.33 | Rendering 64 / 64 samples
Fra:0 Mem:70.40M (Peak 115.54M) | Time:00:00.35 | Compositing
Saved: 'I:\工作项目\BIGMANFIGHT\角色资产\美术资产\bigman_v001\previews\anim\_c14_cand\05_V6_press_front.png'
Time: 00:00.40 (Saving: 00:00.04)

Fra:0 Mem:102.45M (Peak 105.61M) | Time:00:00.22 | Rendering 1 / 64 samples
Fra:0 Mem:102.45M (Peak 105.61M) | Time:00:00.26 | Rendering 25 / 64 samples
Fra:0 Mem:102.45M (Peak 105.61M) | Time:00:00.30 | Rendering 50 / 64 samples
Fra:0 Mem:102.45M (Peak 105.61M) | Time:00:00.32 | Rendering 64 / 64 samples
Fra:0 Mem:70.40M (Peak 115.54M) | Time:00:00.35 | Compositing
Saved: 'I:\工作项目\BIGMANFIGHT\角色资产\美术资产\bigman_v001\previews\anim\_c14_cand\06_U1_fwd_side.png'
Time: 00:00.40 (Saving: 00:00.04)

Fra:0 Mem:102.45M (Peak 105.61M) | Time:00:00.22 | Rendering 1 / 64 samples
Fra:0 Mem:102.45M (Peak 105.61M) | Time:00:00.26 | Rendering 25 / 64 samples
Fra:0 Mem:102.45M (Peak 105.61M) | Time:00:00.30 | Rendering 50 / 64 samples
Fra:0 Mem:102.45M (Peak 105.61M) | Time:00:00.33 | Rendering 64 / 64 samples
Fra:0 Mem:70.40M (Peak 115.54M) | Time:00:00.35 | Compositing
Saved: 'I:\工作项目\BIGMANFIGHT\角色资产\美术资产\bigman_v001\previews\anim\_c14_cand\06_U1_fwd_front.png'
Time: 00:00.41 (Saving: 00:00.04)

Fra:0 Mem:102.45M (Peak 105.61M) | Time:00:00.22 | Rendering 1 / 64 samples
Fra:0 Mem:102.45M (Peak 105.61M) | Time:00:00.26 | Rendering 25 / 64 samples
Fra:0 Mem:102.45M (Peak 105.61M) | Time:00:00.30 | Rendering 50 / 64 samples
Fra:0 Mem:102.45M (Peak 105.61M) | Time:00:00.32 | Rendering 64 / 64 samples
Fra:0 Mem:70.40M (Peak 115.54M) | Time:00:00.35 | Compositing
Saved: 'I:\工作项目\BIGMANFIGHT\角色资产\美术资产\bigman_v001\previews\anim\_c14_cand\07_V5_cock_side.png'
Time: 00:00.40 (Saving: 00:00.04)

Fra:0 Mem:102.45M (Peak 105.61M) | Time:00:00.23 | Rendering 1 / 64 samples
Fra:0 Mem:102.45M (Peak 105.61M) | Time:00:00.27 | Rendering 25 / 64 samples
Fra:0 Mem:102.45M (Peak 105.61M) | Time:00:00.31 | Rendering 50 / 64 samples
Fra:0 Mem:102.45M (Peak 105.61M) | Time:00:00.33 | Rendering 64 / 64 samples
Fra:0 Mem:70.40M (Peak 115.54M) | Time:00:00.35 | Compositing
Saved: 'I:\工作项目\BIGMANFIGHT\角色资产\美术资产\bigman_v001\previews\anim\_c14_cand\07_V5_cock_front.png'
Time: 00:00.40 (Saving: 00:00.04)

Fra:0 Mem:102.45M (Peak 105.61M) | Time:00:00.22 | Rendering 1 / 64 samples
Fra:0 Mem:102.45M (Peak 105.61M) | Time:00:00.25 | Rendering 25 / 64 samples
Fra:0 Mem:102.45M (Peak 105.61M) | Time:00:00.29 | Rendering 50 / 64 samples
Fra:0 Mem:102.45M (Peak 105.61M) | Time:00:00.31 | Rendering 64 / 64 samples
Fra:0 Mem:70.40M (Peak 115.54M) | Time:00:00.34 | Compositing
Saved: 'I:\工作项目\BIGMANFIGHT\角色资产\美术资产\bigman_v001\previews\anim\_c14_cand\08_U6_power_side.png'
Time: 00:00.39 (Saving: 00:00.04)

Fra:0 Mem:102.45M (Peak 102.45M) | Time:00:00.23 | Rendering 1 / 64 samples
Fra:0 Mem:102.45M (Peak 102.45M) | Time:00:00.27 | Rendering 25 / 64 samples
Fra:0 Mem:102.45M (Peak 102.45M) | Time:00:00.31 | Rendering 50 / 64 samples
Fra:0 Mem:102.45M (Peak 102.45M) | Time:00:00.33 | Rendering 64 / 64 samples
Fra:0 Mem:70.40M (Peak 115.54M) | Time:00:00.35 | Compositing
Saved: 'I:\工作项目\BIGMANFIGHT\角色资产\美术资产\bigman_v001\previews\anim\_c14_cand\08_U6_power_front.png'
Time: 00:00.41 (Saving: 00:00.04)

Fra:0 Mem:102.45M (Peak 105.61M) | Time:00:00.23 | Rendering 1 / 64 samples
Fra:0 Mem:102.45M (Peak 105.61M) | Time:00:00.27 | Rendering 25 / 64 samples
Fra:0 Mem:102.45M (Peak 105.61M) | Time:00:00.31 | Rendering 50 / 64 samples
Fra:0 Mem:102.45M (Peak 105.61M) | Time:00:00.33 | Rendering 64 / 64 samples
Fra:0 Mem:70.40M (Peak 115.54M) | Time:00:00.36 | Compositing
Saved: 'I:\工作项目\BIGMANFIGHT\角色资产\美术资产\bigman_v001\previews\anim\_c14_cand\09_T5_deep_side.png'
Time: 00:00.41 (Saving: 00:00.04)

Fra:0 Mem:102.45M (Peak 105.61M) | Time:00:00.23 | Rendering 1 / 64 samples
Fra:0 Mem:102.45M (Peak 105.61M) | Time:00:00.27 | Rendering 25 / 64 samples
Fra:0 Mem:102.45M (Peak 105.61M) | Time:00:00.31 | Rendering 50 / 64 samples
Fra:0 Mem:102.45M (Peak 105.61M) | Time:00:00.33 | Rendering 64 / 64 samples
Fra:0 Mem:70.40M (Peak 115.54M) | Time:00:00.35 | Compositing
Saved: 'I:\工作项目\BIGMANFIGHT\角色资产\美术资产\bigman_v001\previews\anim\_c14_cand\09_T5_deep_front.png'
Time: 00:00.41 (Saving: 00:00.04)

Fra:0 Mem:102.45M (Peak 105.61M) | Time:00:00.23 | Rendering 1 / 64 samples
Fra:0 Mem:102.45M (Peak 105.61M) | Time:00:00.27 | Rendering 25 / 64 samples
Fra:0 Mem:102.45M (Peak 105.61M) | Time:00:00.31 | Rendering 50 / 64 samples
Fra:0 Mem:102.45M (Peak 105.61M) | Time:00:00.33 | Rendering 64 / 64 samples
Fra:0 Mem:70.40M (Peak 115.54M) | Time:00:00.35 | Compositing
Saved: 'I:\工作项目\BIGMANFIGHT\角色资产\美术资产\bigman_v001\previews\anim\_c14_cand\10_T6_head_side.png'
Time: 00:00.41 (Saving: 00:00.04)

Fra:0 Mem:102.45M (Peak 105.61M) | Time:00:00.24 | Rendering 1 / 64 samples
Fra:0 Mem:102.45M (Peak 105.61M) | Time:00:00.28 | Rendering 25 / 64 samples
Fra:0 Mem:102.45M (Peak 105.61M) | Time:00:00.32 | Rendering 50 / 64 samples
Fra:0 Mem:102.45M (Peak 105.61M) | Time:00:00.34 | Rendering 64 / 64 samples
Fra:0 Mem:70.40M (Peak 115.54M) | Time:00:00.36 | Compositing
Saved: 'I:\工作项目\BIGMANFIGHT\角色资产\美术资产\bigman_v001\previews\anim\_c14_cand\10_T6_head_front.png'
Time: 00:00.41 (Saving: 00:00.04)

Fra:0 Mem:102.45M (Peak 102.45M) | Time:00:00.23 | Rendering 1 / 64 samples
Fra:0 Mem:102.45M (Peak 102.45M) | Time:00:00.26 | Rendering 25 / 64 samples
Fra:0 Mem:102.45M (Peak 102.45M) | Time:00:00.30 | Rendering 50 / 64 samples
Fra:0 Mem:102.45M (Peak 102.45M) | Time:00:00.33 | Rendering 64 / 64 samples
Fra:0 Mem:70.40M (Peak 115.54M) | Time:00:00.35 | Compositing
Saved: 'I:\工作项目\BIGMANFIGHT\角色资产\美术资产\bigman_v001\previews\anim\_c14_cand\11_T2_mid_hi_side.png'
Time: 00:00.41 (Saving: 00:00.04)

Fra:0 Mem:102.45M (Peak 105.61M) | Time:00:00.22 | Rendering 1 / 64 samples
Fra:0 Mem:102.45M (Peak 105.61M) | Time:00:00.26 | Rendering 25 / 64 samples
Fra:0 Mem:102.45M (Peak 105.61M) | Time:00:00.30 | Rendering 50 / 64 samples
Fra:0 Mem:102.45M (Peak 105.61M) | Time:00:00.33 | Rendering 64 / 64 samples
Fra:0 Mem:70.40M (Peak 115.54M) | Time:00:00.35 | Compositing
Saved: 'I:\工作项目\BIGMANFIGHT\角色资产\美术资产\bigman_v001\previews\anim\_c14_cand\11_T2_mid_hi_front.png'
Time: 00:00.40 (Saving: 00:00.04)

Fra:0 Mem:102.45M (Peak 105.61M) | Time:00:00.23 | Rendering 1 / 64 samples
Fra:0 Mem:102.45M (Peak 105.61M) | Time:00:00.26 | Rendering 25 / 64 samples
Fra:0 Mem:102.45M (Peak 105.61M) | Time:00:00.30 | Rendering 50 / 64 samples
Fra:0 Mem:102.45M (Peak 105.61M) | Time:00:00.33 | Rendering 64 / 64 samples
Fra:0 Mem:70.40M (Peak 115.54M) | Time:00:00.35 | Compositing
Saved: 'I:\工作项目\BIGMANFIGHT\角色资产\美术资产\bigman_v001\previews\anim\_c14_cand\12_T7_open_side.png'
Time: 00:00.40 (Saving: 00:00.04)

Fra:0 Mem:102.45M (Peak 105.61M) | Time:00:00.24 | Rendering 1 / 64 samples
Fra:0 Mem:102.45M (Peak 105.61M) | Time:00:00.28 | Rendering 25 / 64 samples
Fra:0 Mem:102.45M (Peak 105.61M) | Time:00:00.32 | Rendering 50 / 64 samples
Fra:0 Mem:102.45M (Peak 105.61M) | Time:00:00.34 | Rendering 64 / 64 samples
Fra:0 Mem:70.40M (Peak 115.54M) | Time:00:00.37 | Compositing
Saved: 'I:\工作项目\BIGMANFIGHT\角色资产\美术资产\bigman_v001\previews\anim\_c14_cand\12_T7_open_front.png'
Time: 00:00.42 (Saving: 00:00.04)

Fra:0 Mem:102.45M (Peak 105.61M) | Time:00:00.22 | Rendering 1 / 64 samples
Fra:0 Mem:102.45M (Peak 105.61M) | Time:00:00.26 | Rendering 25 / 64 samples
Fra:0 Mem:102.45M (Peak 105.61M) | Time:00:00.30 | Rendering 50 / 64 samples
Fra:0 Mem:102.45M (Peak 105.61M) | Time:00:00.32 | Rendering 64 / 64 samples
Fra:0 Mem:70.40M (Peak 115.54M) | Time:00:00.34 | Compositing
Saved: 'I:\工作项目\BIGMANFIGHT\角色资产\美术资产\bigman_v001\previews\anim\_c14_cand\13_T3_wide_side.png'
Time: 00:00.40 (Saving: 00:00.04)

Fra:0 Mem:102.45M (Peak 105.61M) | Time:00:00.22 | Rendering 1 / 64 samples
Fra:0 Mem:102.45M (Peak 105.61M) | Time:00:00.26 | Rendering 25 / 64 samples
Fra:0 Mem:102.45M (Peak 105.61M) | Time:00:00.30 | Rendering 50 / 64 samples
Fra:0 Mem:102.45M (Peak 105.61M) | Time:00:00.33 | Rendering 64 / 64 samples
Fra:0 Mem:70.40M (Peak 115.54M) | Time:00:00.35 | Compositing
Saved: 'I:\工作项目\BIGMANFIGHT\角色资产\美术资产\bigman_v001\previews\anim\_c14_cand\13_T3_wide_front.png'
Time: 00:00.41 (Saving: 00:00.04)

Fra:0 Mem:102.45M (Peak 102.45M) | Time:00:00.23 | Rendering 1 / 64 samples
Fra:0 Mem:102.45M (Peak 102.45M) | Time:00:00.27 | Rendering 25 / 64 samples
Fra:0 Mem:102.45M (Peak 102.45M) | Time:00:00.31 | Rendering 50 / 64 samples
Fra:0 Mem:102.45M (Peak 102.45M) | Time:00:00.34 | Rendering 64 / 64 samples
Fra:0 Mem:70.40M (Peak 115.54M) | Time:00:00.36 | Compositing
Saved: 'I:\工作项目\BIGMANFIGHT\角色资产\美术资产\bigman_v001\previews\anim\_c14_cand\14_U2_fwd_hi_side.png'
Time: 00:00.41 (Saving: 00:00.04)

Fra:0 Mem:102.45M (Peak 102.45M) | Time:00:00.22 | Rendering 1 / 64 samples
Fra:0 Mem:102.45M (Peak 102.45M) | Time:00:00.26 | Rendering 25 / 64 samples
Fra:0 Mem:102.45M (Peak 102.45M) | Time:00:00.30 | Rendering 50 / 64 samples
Fra:0 Mem:102.45M (Peak 102.45M) | Time:00:00.32 | Rendering 64 / 64 samples
Fra:0 Mem:70.40M (Peak 115.54M) | Time:00:00.35 | Compositing
Saved: 'I:\工作项目\BIGMANFIGHT\角色资产\美术资产\bigman_v001\previews\anim\_c14_cand\14_U2_fwd_hi_front.png'
Time: 00:00.41 (Saving: 00:00.04)

Fra:0 Mem:102.45M (Peak 102.45M) | Time:00:00.22 | Rendering 1 / 64 samples
Fra:0 Mem:102.45M (Peak 102.45M) | Time:00:00.26 | Rendering 25 / 64 samples
Fra:0 Mem:102.45M (Peak 102.45M) | Time:00:00.31 | Rendering 50 / 64 samples
Fra:0 Mem:102.45M (Peak 102.45M) | Time:00:00.33 | Rendering 64 / 64 samples
Fra:0 Mem:70.40M (Peak 115.54M) | Time:00:00.35 | Compositing
Saved: 'I:\工作项目\BIGMANFIGHT\角色资产\美术资产\bigman_v001\previews\anim\_c14_cand\15_U3_vert_side.png'
Time: 00:00.40 (Saving: 00:00.04)

Fra:0 Mem:102.45M (Peak 105.61M) | Time:00:00.24 | Rendering 1 / 64 samples
Fra:0 Mem:102.45M (Peak 105.61M) | Time:00:00.28 | Rendering 25 / 64 samples
Fra:0 Mem:102.45M (Peak 105.61M) | Time:00:00.32 | Rendering 50 / 64 samples
Fra:0 Mem:102.45M (Peak 105.61M) | Time:00:00.34 | Rendering 64 / 64 samples
Fra:0 Mem:70.40M (Peak 115.54M) | Time:00:00.36 | Compositing
Saved: 'I:\工作项目\BIGMANFIGHT\角色资产\美术资产\bigman_v001\previews\anim\_c14_cand\15_U3_vert_front.png'
Time: 00:00.42 (Saving: 00:00.04)

Fra:0 Mem:102.45M (Peak 105.61M) | Time:00:00.21 | Rendering 1 / 64 samples
Fra:0 Mem:102.45M (Peak 105.61M) | Time:00:00.25 | Rendering 25 / 64 samples
Fra:0 Mem:102.45M (Peak 105.61M) | Time:00:00.29 | Rendering 50 / 64 samples
Fra:0 Mem:102.45M (Peak 105.61M) | Time:00:00.31 | Rendering 64 / 64 samples
Fra:0 Mem:70.40M (Peak 115.54M) | Time:00:00.33 | Compositing
Saved: 'I:\工作项目\BIGMANFIGHT\角色资产\美术资产\bigman_v001\previews\anim\_c14_cand\16_V2_sky_wide_side.png'
Time: 00:00.38 (Saving: 00:00.04)

Fra:0 Mem:102.45M (Peak 105.61M) | Time:00:00.22 | Rendering 1 / 64 samples
Fra:0 Mem:102.45M (Peak 105.61M) | Time:00:00.25 | Rendering 25 / 64 samples
Fra:0 Mem:102.45M (Peak 105.61M) | Time:00:00.30 | Rendering 50 / 64 samples
Fra:0 Mem:102.45M (Peak 105.61M) | Time:00:00.32 | Rendering 64 / 64 samples
Fra:0 Mem:70.40M (Peak 115.54M) | Time:00:00.34 | Compositing
Saved: 'I:\工作项目\BIGMANFIGHT\角色资产\美术资产\bigman_v001\previews\anim\_c14_cand\16_V2_sky_wide_front.png'
Time: 00:00.39 (Saving: 00:00.04)

Fra:0 Mem:102.45M (Peak 105.61M) | Time:00:00.22 | Rendering 1 / 64 samples
Fra:0 Mem:102.45M (Peak 105.61M) | Time:00:00.25 | Rendering 25 / 64 samples
Fra:0 Mem:102.45M (Peak 105.61M) | Time:00:00.30 | Rendering 50 / 64 samples
Fra:0 Mem:102.45M (Peak 105.61M) | Time:00:00.32 | Rendering 64 / 64 samples
Fra:0 Mem:70.40M (Peak 115.54M) | Time:00:00.34 | Compositing
Saved: 'I:\工作项目\BIGMANFIGHT\角色资产\美术资产\bigman_v001\previews\anim\_c14_cand\17_V3_sky_twist_side.png'
Time: 00:00.39 (Saving: 00:00.04)

Fra:0 Mem:102.45M (Peak 105.61M) | Time:00:00.22 | Rendering 1 / 64 samples
Fra:0 Mem:102.45M (Peak 105.61M) | Time:00:00.26 | Rendering 25 / 64 samples
Fra:0 Mem:102.45M (Peak 105.61M) | Time:00:00.30 | Rendering 50 / 64 samples
Fra:0 Mem:102.45M (Peak 105.61M) | Time:00:00.33 | Rendering 64 / 64 samples
Fra:0 Mem:70.40M (Peak 115.54M) | Time:00:00.35 | Compositing
Saved: 'I:\工作项目\BIGMANFIGHT\角色资产\美术资产\bigman_v001\previews\anim\_c14_cand\17_V3_sky_twist_front.png'
Time: 00:00.40 (Saving: 00:00.04)

Fra:0 Mem:102.45M (Peak 102.45M) | Time:00:00.20 | Rendering 1 / 64 samples
Fra:0 Mem:102.45M (Peak 102.45M) | Time:00:00.24 | Rendering 25 / 64 samples
Fra:0 Mem:102.45M (Peak 102.45M) | Time:00:00.28 | Rendering 50 / 64 samples
Fra:0 Mem:102.45M (Peak 102.45M) | Time:00:00.30 | Rendering 64 / 64 samples
Fra:0 Mem:70.40M (Peak 115.54M) | Time:00:00.33 | Compositing
Saved: 'I:\工作项目\BIGMANFIGHT\角色资产\美术资产\bigman_v001\previews\anim\_c14_cand\18_V1_sky_up_side.png'
Time: 00:00.39 (Saving: 00:00.04)

Fra:0 Mem:102.45M (Peak 105.61M) | Time:00:00.24 | Rendering 1 / 64 samples
Fra:0 Mem:102.45M (Peak 105.61M) | Time:00:00.28 | Rendering 25 / 64 samples
Fra:0 Mem:102.45M (Peak 105.61M) | Time:00:00.32 | Rendering 50 / 64 samples
Fra:0 Mem:102.45M (Peak 105.61M) | Time:00:00.34 | Rendering 64 / 64 samples
Fra:0 Mem:70.40M (Peak 115.54M) | Time:00:00.36 | Compositing
Saved: 'I:\工作项目\BIGMANFIGHT\角色资产\美术资产\bigman_v001\previews\anim\_c14_cand\18_V1_sky_up_front.png'
Time: 00:00.42 (Saving: 00:00.04)

Fra:0 Mem:102.45M (Peak 105.61M) | Time:00:00.22 | Rendering 1 / 64 samples
Fra:0 Mem:102.45M (Peak 105.61M) | Time:00:00.26 | Rendering 25 / 64 samples
Fra:0 Mem:102.45M (Peak 105.61M) | Time:00:00.30 | Rendering 50 / 64 samples
Fra:0 Mem:102.45M (Peak 105.61M) | Time:00:00.33 | Rendering 64 / 64 samples
Fra:0 Mem:70.40M (Peak 115.54M) | Time:00:00.35 | Compositing
Saved: 'I:\工作项目\BIGMANFIGHT\角色资产\美术资产\bigman_v001\previews\anim\_c14_cand\19_V4_sky_narrow_side.png'
Time: 00:00.40 (Saving: 00:00.04)

Fra:0 Mem:102.45M (Peak 105.61M) | Time:00:00.23 | Rendering 1 / 64 samples
Fra:0 Mem:102.45M (Peak 105.61M) | Time:00:00.27 | Rendering 25 / 64 samples
Fra:0 Mem:102.45M (Peak 105.61M) | Time:00:00.31 | Rendering 50 / 64 samples
Fra:0 Mem:102.45M (Peak 105.61M) | Time:00:00.33 | Rendering 64 / 64 samples
Fra:0 Mem:70.40M (Peak 115.54M) | Time:00:00.35 | Compositing
Saved: 'I:\工作项目\BIGMANFIGHT\角色资产\美术资产\bigman_v001\previews\anim\_c14_cand\19_V4_sky_narrow_front.png'
Time: 00:00.40 (Saving: 00:00.04)


C14_PROBE_SPREAD {"n": 20, "ar": [1.1113, 1.8093], "fr": [0.5934, 0.8348], "ar_max_at": "U5_out", "fr_max_at": "V6_press", "ar_ge_130": ["T0_ctrl", "T1_mid", "T2_mid_hi", "T3_wide", "T4_wide_lo", "T5_deep", "T6_head", "T7_open", "U1_fwd", "U2_fwd_hi", "U4_back", "U5_out", "U6_power", "V2_sky_wide", "V5_cock"], "fr_ge_075": ["U6_power", "V6_press"]}
C14_PROBE_PASS [["U5_out", 1.8093, 0.6003, 0.9353, 8.9, 1.0861], ["T1_mid", 1.7416, 0.6207, 0.9353, 506.1, 1.081], ["U4_back", 1.6401, 0.6568, 0.9353, 8.9, 1.0772], ["T4_wide_lo", 1.7708, 0.6072, 0.9353, 525.6, 1.0752], ["T0_ctrl", 1.718, 0.6254, 0.9353, 8.9, 1.0744], ["U1_fwd", 1.5712, 0.6768, 0.9353, 8.9, 1.0634], ["V5_cock", 1.4963, 0.7094, 0.9502, 18.7, 1.0615], ["T5_deep", 1.7577, 0.5934, 0.9353, 522.3, 1.043], ["T6_head", 1.7359, 0.5984, 0.9353, 524.1, 1.0388], ["T2_mid_hi", 1.7359, 0.5964, 0.9353, 522.9, 1.0353], ["T3_wide", 1.7305, 0.5941, 0.9353, 522.9, 1.0281]]
C14_PROBE_WINNER {"key": "U5_out", "family": "sky_hip", "drop": -0.07, "pz_delta_mm": 0.0, "aspect_ratio": 1.8093, "fill_ratio": 0.6003, "shoulder_ratio": 0.9353, "aspect": 0.6063, "fill": 0.3561, "shoulder_width_m": 0.2819, "height_m": 1.7292, "width_m": 1.0484, "head_top_dx_mm": 8.9, "torso_yaw_deg": -15.0, "head_yaw_deg": -3.0, "torso": {"pelvis": [3.0, -5.0, 0.0], "spine_01": [-2.0, -3.0, 0.0], "spine_02": [-2.0, -3.0, 0.0], "chest": [-7.0, -4.0, 0.0], "neck": [-8.0, 6.0, 0.0], "head": [8.0, 6.0, 0.0], "shoulder.L": [-4.0, 0.0, 0.0], "shoulder.R": [16.0, 0.0, 0.0]}, "fist_mm": {"L": [400.0, 60.0, 880.0], "R": [-580.0, -100.0, 1660.0]}, "elbow_dir": {"L": [0.4025, 0.6931, -0.598], "R": [-0.9978, -0.0304, 0.0595]}, "shoulder_mm": {"L": [152.49, -23.67, 1340.15], "R": [-129.36, 50.04, 1378.11]}}
C14_PROBE_RENDER ["I:\\工作项目\\BIGMANFIGHT\\角色资产\\美术资产\\bigman_v001\\previews\\anim\\_c14_cand\\00_U5_out_side.png", "I:\\工作项目\\BIGMANFIGHT\\角色资产\\美术资产\\bigman_v001\\previews\\anim\\_c14_cand\\00_U5_out_front.png", "I:\\工作项目\\BIGMANFIGHT\\角色资产\\美术资产\\bigman_v001\\previews\\anim\\_c14_cand\\01_T1_mid_side.png", "I:\\工作项目\\BIGMANFIGHT\\角色资产\\美术资产\\bigman_v001\\previews\\anim\\_c14_cand\\01_T1_mid_front.png", "I:\\工作项目\\BIGMANFIGHT\\角色资产\\美术资产\\bigman_v001\\previews\\anim\\_c14_cand\\02_U4_back_side.png", "I:\\工作项目\\BIGMANFIGHT\\角色资产\\美术资产\\bigman_v001\\previews\\anim\\_c14_cand\\02_U4_back_front.png", "I:\\工作项目\\BIGMANFIGHT\\角色资产\\美术资产\\bigman_v001\\previews\\anim\\_c14_cand\\03_T4_wide_lo_side.png", "I:\\工作项目\\BIGMANFIGHT\\角色资产\\美术资产\\bigman_v001\\previews\\anim\\_c14_cand\\03_T4_wide_lo_front.png", "I:\\工作项目\\BIGMANFIGHT\\角色资产\\美术资产\\bigman_v001\\previews\\anim\\_c14_cand\\04_T0_ctrl_side.png", "I:\\工作项目\\BIGMANFIGHT\\角色资产\\美术资产\\bigman_v001\\previews\\anim\\_c14_cand\\04_T0_ctrl_front.png", "I:\\工作项目\\BIGMANFIGHT\\角色资产\\美术资产\\bigman_v001\\previews\\anim\\_c14_cand\\05_V6_press_side.png", "I:\\工作项目\\BIGMANFIGHT\\角色资产\\美术资产\\bigman_v001\\previews\\anim\\_c14_cand\\05_V6_press_front.png", "I:\\工作项目\\BIGMANFIGHT\\角色资产\\美术资产\\bigman_v001\\previews\\anim\\_c14_cand\\06_U1_fwd_side.png", "I:\\工作项目\\BIGMANFIGHT\\角色资产\\美术资产\\bigman_v001\\previews\\anim\\_c14_cand\\06_U1_fwd_front.png", "I:\\工作项目\\BIGMANFIGHT\\角色资产\\美术资产\\bigman_v001\\previews\\anim\\_c14_cand\\07_V5_cock_side.png", "I:\\工作项目\\BIGMANFIGHT\\角色资产\\美术资产\\bigman_v001\\previews\\anim\\_c14_cand\\07_V5_cock_front.png", "I:\\工作项目\\BIGMANFIGHT\\角色资产\\美术资产\\bigman_v001\\previews\\anim\\_c14_cand\\08_U6_power_side.png", "I:\\工作项目\\BIGMANFIGHT\\角色资产\\美术资产\\bigman_v001\\previews\\anim\\_c14_cand\\08_U6_power_front.png", "I:\\工作项目\\BIGMANFIGHT\\角色资产\\美术资产\\bigman_v001\\previews\\anim\\_c14_cand\\09_T5_deep_side.png", "I:\\工作项目\\BIGMANFIGHT\\角色资产\\美术资产\\bigman_v001\\previews\\anim\\_c14_cand\\09_T5_deep_front.png", "I:\\工作项目\\BIGMANFIGHT\\角色资产\\美术资产\\bigman_v001\\previews\\anim\\_c14_cand\\10_T6_head_side.png", "I:\\工作项目\\BIGMANFIGHT\\角色资产\\美术资产\\bigman_v001\\previews\\anim\\_c14_cand\\10_T6_head_front.png", "I:\\工作项目\\BIGMANFIGHT\\角色资产\\美术资产\\bigman_v001\\previews\\anim\\_c14_cand\\11_T2_mid_hi_side.png", "I:\\工作项目\\BIGMANFIGHT\\角色资产\\美术资产\\bigman_v001\\previews\\anim\\_c14_cand\\11_T2_mid_hi_front.png", "I:\\工作项目\\BIGMANFIGHT\\角色资产\\美术资产\\bigman_v001\\previews\\anim\\_c14_cand\\12_T7_open_side.png", "I:\\工作项目\\BIGMANFIGHT\\角色资产\\美术资产\\bigman_v001\\previews\\anim\\_c14_cand\\12_T7_open_front.png", "I:\\工作项目\\BIGMANFIGHT\\角色资产\\美术资产\\bigman_v001\\previews\\anim\\_c14_cand\\13_T3_wide_side.png", "I:\\工作项目\\BIGMANFIGHT\\角色资产\\美术资产\\bigman_v001\\previews\\anim\\_c14_cand\\13_T3_wide_front.png", "I:\\工作项目\\BIGMANFIGHT\\角色资产\\美术资产\\bigman_v001\\previews\\anim\\_c14_cand\\14_U2_fwd_hi_side.png", "I:\\工作项目\\BIGMANFIGHT\\角色资产\\美术资产\\bigman_v001\\previews\\anim\\_c14_cand\\14_U2_fwd_hi_front.png", "I:\\工作项目\\BIGMANFIGHT\\角色资产\\美术资产\\bigman_v001\\previews\\anim\\_c14_cand\\15_U3_vert_side.png", "I:\\工作项目\\BIGMANFIGHT\\角色资产\\美术资产\\bigman_v001\\previews\\anim\\_c14_cand\\15_U3_vert_front.png", "I:\\工作项目\\BIGMANFIGHT\\角色资产\\美术资产\\bigman_v001\\previews\\anim\\_c14_cand\\16_V2_sky_wide_side.png", "I:\\工作项目\\BIGMANFIGHT\\角色资产\\美术资产\\bigman_v001\\previews\\anim\\_c14_cand\\16_V2_sky_wide_front.png", "I:\\工作项目\\BIGMANFIGHT\\角色资产\\美术资产\\bigman_v001\\previews\\anim\\_c14_cand\\17_V3_sky_twist_side.png", "I:\\工作项目\\BIGMANFIGHT\\角色资产\\美术资产\\bigman_v001\\previews\\anim\\_c14_cand\\17_V3_sky_twist_front.png", "I:\\工作项目\\BIGMANFIGHT\\角色资产\\美术资产\\bigman_v001\\previews\\anim\\_c14_cand\\18_V1_sky_up_side.png", "I:\\工作项目\\BIGMANFIGHT\\角色资产\\美术资产\\bigman_v001\\previews\\anim\\_c14_cand\\18_V1_sky_up_front.png", "I:\\工作项目\\BIGMANFIGHT\\角色资产\\美术资产\\bigman_v001\\previews\\anim\\_c14_cand\\19_V4_sky_narrow_side.png", "I:\\工作项目\\BIGMANFIGHT\\角色资产\\美术资产\\bigman_v001\\previews\\anim\\_c14_cand\\19_V4_sky_narrow_front.png"]
C14_PROBE_BASELINE {"aspect": 0.3351, "fill": 0.5932, "shoulder_m": 0.3014, "height_m": 1.7323, "width_m": 0.5805, "head_top_dx_mm": 16.3, "sole_mm": -0.96, "pelvis_mm": 830.0}
C14_PROBE_DONE

Blender quit
Error: Not freed memory blocks: 1, total unfreed memory 0.000008 MB
