C14_PROBE_BASE {"label": "Idle_01@0", "bbox_m": [[-0.2857, -0.3756, -0.001], [0.2949, 0.2407, 1.7314]], "bbox_all_m": [[-0.2857, -0.3756, -0.001], [0.2949, 0.2407, 1.7314]], "width_m": 0.5805, "height_m": 1.7323, "aspect": 0.3351, "proj_area_m2": 1.7593, "fill": 1.7493, "fill_grid": 0.5932, "grid": [59, 174, 5966], "com_xy_m": [0.0005, -0.0778], "com_z_m": 0.9268, "support_box_m": [[-0.2053, -0.3756, -0.001], [0.207, 0.2086, 0.019]], "com_inside_support": true, "sole_min_mm": -0.96, "shoulder_width_m": 0.3014, "shoulder_over_height": 0.174, "head_top_offset_mm": 0.0, "torso_yaw_deg": 0.0, "head_yaw_deg": 0.0, "pelvis_z_mm": 830.0}
C14_PROBE {"key": "lunge_punch", "drop_mm": 0.0, "pz_delta_mm": 70.0, "aspect": 0.3911, "ar": 1.1671, "fill": 0.4906, "fr": 0.827, "sh_ratio": 0.8942, "w": 0.6997, "h": 1.789, "head_top_mm": 0.0, "head_top_ok": true, "com_in": true, "sole_mm": 10.47, "pelvis_mm": 900.0, "torso_yaw": -1604.28, "head_yaw": -0.0}
C14_PROBE {"key": "lunge_punch", "drop_mm": -30.0, "pz_delta_mm": 40.0, "aspect": 0.3946, "ar": 1.1776, "fill": 0.4906, "fr": 0.827, "sh_ratio": 0.8942, "w": 0.6997, "h": 1.7734, "head_top_mm": 0.0, "head_top_ok": true, "com_in": true, "sole_mm": -3.88, "pelvis_mm": 870.0, "torso_yaw": -1604.28, "head_yaw": -0.0}
C14_PROBE {"key": "lunge_punch", "drop_mm": -55.0, "pz_delta_mm": 15.0, "aspect": 0.4001, "ar": 1.194, "fill": 0.4934, "fr": 0.8318, "sh_ratio": 0.8942, "w": 0.6997, "h": 1.7487, "head_top_mm": 0.0, "head_top_ok": true, "com_in": true, "sole_mm": -4.27, "pelvis_mm": 845.0, "torso_yaw": -1604.28, "head_yaw": -0.0}
C14_PROBE {"key": "press_down", "drop_mm": 0.0, "pz_delta_mm": 70.0, "aspect": 0.5009, "ar": 1.4948, "fill": 0.4243, "fr": 0.7153, "sh_ratio": 1.003, "w": 0.8828, "h": 1.7626, "head_top_mm": 0.0, "head_top_ok": true, "com_in": true, "sole_mm": 8.78, "pelvis_mm": 900.0, "torso_yaw": 0.0, "head_yaw": 0.0}
C14_PROBE {"key": "press_down", "drop_mm": -30.0, "pz_delta_mm": 40.0, "aspect": 0.5052, "ar": 1.5076, "fill": 0.4245, "fr": 0.7156, "sh_ratio": 1.003, "w": 0.8828, "h": 1.7475, "head_top_mm": 0.0, "head_top_ok": true, "com_in": true, "sole_mm": -6.16, "pelvis_mm": 870.0, "torso_yaw": 0.0, "head_yaw": 0.0}
C14_PROBE {"key": "press_down", "drop_mm": -55.0, "pz_delta_mm": 15.0, "aspect": 0.5124, "ar": 1.5291, "fill": 0.4271, "fr": 0.72, "sh_ratio": 1.003, "w": 0.8828, "h": 1.7231, "head_top_mm": 0.0, "head_top_ok": true, "com_in": true, "sole_mm": -6.75, "pelvis_mm": 845.0, "torso_yaw": 0.0, "head_yaw": 0.0}
C14_PROBE {"key": "raise_both", "drop_mm": 0.0, "pz_delta_mm": 70.0, "aspect": 0.359, "ar": 1.0713, "fill": 0.4541, "fr": 0.7655, "sh_ratio": 0.9522, "w": 0.7383, "h": 2.0563, "head_top_mm": 0.0, "head_top_ok": true, "com_in": true, "sole_mm": 10.7, "pelvis_mm": 900.0, "torso_yaw": 0.0, "head_yaw": 0.0}
C14_PROBE {"key": "raise_both", "drop_mm": -30.0, "pz_delta_mm": 40.0, "aspect": 0.362, "ar": 1.0803, "fill": 0.455, "fr": 0.767, "sh_ratio": 0.9522, "w": 0.7383, "h": 2.0393, "head_top_mm": 0.0, "head_top_ok": true, "com_in": true, "sole_mm": -2.35, "pelvis_mm": 870.0, "torso_yaw": 0.0, "head_yaw": 0.0}
C14_PROBE {"key": "raise_both", "drop_mm": -55.0, "pz_delta_mm": 15.0, "aspect": 0.3664, "ar": 1.0934, "fill": 0.4552, "fr": 0.7674, "sh_ratio": 0.9522, "w": 0.7383, "h": 2.0149, "head_top_mm": 0.0, "head_top_ok": true, "com_in": true, "sole_mm": -2.95, "pelvis_mm": 845.0, "torso_yaw": 0.0, "head_yaw": 0.0}
C14_PROBE {"key": "side_show", "drop_mm": 0.0, "pz_delta_mm": 70.0, "aspect": 0.4588, "ar": 1.3691, "fill": 0.3797, "fr": 0.6401, "sh_ratio": 0.8872, "w": 0.8754, "h": 1.9082, "head_top_mm": 0.0, "head_top_ok": true, "com_in": true, "sole_mm": 10.69, "pelvis_mm": 900.0, "torso_yaw": -1604.28, "head_yaw": -0.0}
C14_PROBE {"key": "side_show", "drop_mm": -30.0, "pz_delta_mm": 40.0, "aspect": 0.4629, "ar": 1.3814, "fill": 0.3821, "fr": 0.6441, "sh_ratio": 0.8872, "w": 0.8754, "h": 1.8912, "head_top_mm": 0.0, "head_top_ok": true, "com_in": true, "sole_mm": -2.33, "pelvis_mm": 870.0, "torso_yaw": -1604.28, "head_yaw": -0.0}
C14_PROBE {"key": "side_show", "drop_mm": -55.0, "pz_delta_mm": 15.0, "aspect": 0.4689, "ar": 1.3993, "fill": 0.3826, "fr": 0.645, "sh_ratio": 0.8872, "w": 0.8754, "h": 1.8668, "head_top_mm": 0.0, "head_top_ok": true, "com_in": true, "sole_mm": -2.92, "pelvis_mm": 845.0, "torso_yaw": -1604.28, "head_yaw": -0.0}
C14_PROBE {"key": "sky_punch", "drop_mm": 0.0, "pz_delta_mm": 70.0, "aspect": 0.3449, "ar": 1.0292, "fill": 0.4479, "fr": 0.7551, "sh_ratio": 0.9177, "w": 0.7153, "h": 2.0736, "head_top_mm": 0.0, "head_top_ok": true, "com_in": true, "sole_mm": 10.7, "pelvis_mm": 900.0, "torso_yaw": -1088.62, "head_yaw": 57.3}
C14_PROBE {"key": "sky_punch", "drop_mm": -30.0, "pz_delta_mm": 40.0, "aspect": 0.3478, "ar": 1.0379, "fill": 0.4484, "fr": 0.7559, "sh_ratio": 0.9177, "w": 0.7153, "h": 2.0567, "head_top_mm": 0.0, "head_top_ok": true, "com_in": true, "sole_mm": -2.34, "pelvis_mm": 870.0, "torso_yaw": -1088.62, "head_yaw": 57.3}
C14_PROBE {"key": "sky_punch", "drop_mm": -55.0, "pz_delta_mm": 15.0, "aspect": 0.352, "ar": 1.0504, "fill": 0.4492, "fr": 0.7572, "sh_ratio": 0.9177, "w": 0.7153, "h": 2.0322, "head_top_mm": 0.0, "head_top_ok": true, "com_in": true, "sole_mm": -2.93, "pelvis_mm": 845.0, "torso_yaw": -1088.62, "head_yaw": 57.3}
C14_PROBE {"key": "triumph_wide", "drop_mm": 0.0, "pz_delta_mm": 70.0, "aspect": 0.8016, "ar": 2.3921, "fill": 0.2664, "fr": 0.4491, "sh_ratio": 0.9522, "w": 1.432, "h": 1.7865, "head_top_mm": 0.0, "head_top_ok": true, "com_in": true, "sole_mm": 10.7, "pelvis_mm": 900.0, "torso_yaw": 0.0, "head_yaw": 0.0}
C14_PROBE {"key": "triumph_wide", "drop_mm": -30.0, "pz_delta_mm": 40.0, "aspect": 0.8093, "ar": 2.4151, "fill": 0.2668, "fr": 0.4498, "sh_ratio": 0.9522, "w": 1.432, "h": 1.7695, "head_top_mm": 0.0, "head_top_ok": true, "com_in": true, "sole_mm": -2.35, "pelvis_mm": 870.0, "torso_yaw": 0.0, "head_yaw": 0.0}
C14_PROBE {"key": "triumph_wide", "drop_mm": -55.0, "pz_delta_mm": 15.0, "aspect": 0.8206, "ar": 2.4488, "fill": 0.2672, "fr": 0.4504, "sh_ratio": 0.9522, "w": 1.432, "h": 1.7451, "head_top_mm": 0.0, "head_top_ok": true, "com_in": true, "sole_mm": -2.95, "pelvis_mm": 845.0, "torso_yaw": 0.0, "head_yaw": 0.0}
C14_PROBE_SPREAD {"n": 18, "ar_min": 1.0292, "ar_max": 2.4488, "ar_max_at": "triumph_wide@-55", "fr_min": 0.4491, "fr_max": 0.8318, "fr_max_at": "lunge_punch@-55", "pure": []}
C14_PROBE_PASS []
C14_PROBE_BASELINE {"aspect": 0.3351, "fill": 0.5932, "shoulder_m": 0.3014, "height_m": 1.7323, "width_m": 0.5805, "aspect_min_c12": 0.4356, "fill_min_c12": 0.4746, "shoulder_min_c12": 0.2713}
C14_PROBE_DONE
Blender 4.5.0 (hash 8cb6b388974a built 2025-07-15 01:36:24)
Read blend: "I:\工作项目\BIGMANFIGHT\角色资产\美术资产\bigman_v001\bigman_anim_v001.blend"

Blender quit
Error: Not freed memory blocks: 1, total unfreed memory 0.000008 MB
