D01_PROBE_BASE {"head_box_mm": {"lo_mm": [-83.5, -197.6, 1468.3], "hi_mm": [83.7, 10.3, 1731.4]}, "fist_mm": {"L": [144.5, -307.7, 1271.1], "R": [-129.6, -273.5, 1298.2]}, "torso_front_y_mm": -37.6, "chest_z_mm": 1187.9, "head_top_z_mm": 1713.3, "pelvis_z_mm": 830.0, "aspect": 0.3351, "fill_grid": 0.5932, "shoulder_width_m": 0.3014}
D01_PROBE {"key": "A1_1520", "family": "gate", "fist_L": [130.0, -300.0, 1520.0], "fist_R": [-130.0, -300.0, 1520.0], "in_front": [256.1, 256.1], "raise": [248.9, 221.8], "z": [1520.0, 1520.0], "cover_ok": true, "raise_ok": true, "in_front_ok": true, "z_window_ok": true, "lateral_ok": true, "cover_lo_mm": 1351.0, "cover_hi_mm": 1794.2, "clip_mm": 0.0, "clip_at": null, "no_clip_ok": true, "sym": [0.0, 0.0, 0.0], "symmetry_ok": true, "sole": {"L": 0.87, "R": -1.11}, "clamp_ok": true, "com_in": true, "aspect": 0.4804, "fill_grid": 0.4398}
D01_PROBE {"key": "A2_1600", "family": "gate", "fist_L": [130.0, -300.0, 1600.0], "fist_R": [-130.0, -300.0, 1600.0], "in_front": [256.1, 256.1], "raise": [328.9, 301.8], "z": [1600.0, 1600.0], "cover_ok": true, "raise_ok": true, "in_front_ok": true, "z_window_ok": true, "lateral_ok": true, "cover_lo_mm": 1351.0, "cover_hi_mm": 1794.2, "clip_mm": 0.0, "clip_at": null, "no_clip_ok": true, "sym": [0.0, 0.0, 0.0], "symmetry_ok": true, "sole": {"L": 0.87, "R": -1.11}, "clamp_ok": true, "com_in": true, "aspect": 0.4941, "fill_grid": 0.4425}
D01_PROBE {"key": "A3_1560i", "family": "gate", "fist_L": [110.0, -260.0, 1560.0], "fist_R": [-110.0, -260.0, 1560.0], "in_front": [216.1, 216.1], "raise": [288.9, 261.8], "z": [1560.0, 1560.0], "cover_ok": true, "raise_ok": true, "in_front_ok": true, "z_window_ok": true, "lateral_ok": true, "cover_lo_mm": 1351.0, "cover_hi_mm": 1794.2, "clip_mm": 6.25, "clip_at": ["hand.L", 8], "no_clip_ok": false, "sym": [0.0, 0.0, 0.0], "symmetry_ok": true, "sole": {"L": 0.87, "R": -1.11}, "clamp_ok": true, "com_in": true, "aspect": 0.4918, "fill_grid": 0.4397}
D01_PROBE {"key": "A4_tight", "family": "gate", "fist_L": [110.0, -215.0, 1580.0], "fist_R": [-110.0, -215.0, 1580.0], "in_front": [171.1, 171.1], "raise": [308.9, 281.8], "z": [1580.0, 1580.0], "cover_ok": true, "raise_ok": true, "in_front_ok": true, "z_window_ok": true, "lateral_ok": true, "cover_lo_mm": 1351.0, "cover_hi_mm": 1794.2, "clip_mm": 15.69, "clip_at": ["hand.L", 8], "no_clip_ok": false, "sym": [0.0, 0.0, 0.0], "symmetry_ok": true, "sole": {"L": 0.87, "R": -1.11}, "clamp_ok": true, "com_in": true, "aspect": 0.5084, "fill_grid": 0.4317}
D01_PROBE {"key": "B1_1450", "family": "stack", "fist_L": [85.0, -300.0, 1450.0], "fist_R": [-85.0, -300.0, 1450.0], "in_front": [256.1, 256.1], "raise": [178.9, 151.8], "z": [1450.0, 1450.0], "cover_ok": true, "raise_ok": true, "in_front_ok": true, "z_window_ok": true, "lateral_ok": true, "cover_lo_mm": 1351.0, "cover_hi_mm": 1794.2, "clip_mm": 0.0, "clip_at": null, "no_clip_ok": true, "sym": [0.0, 0.0, 0.0], "symmetry_ok": true, "sole": {"L": 0.87, "R": -1.11}, "clamp_ok": true, "com_in": true, "aspect": 0.4335, "fill_grid": 0.4627}
D01_PROBE {"key": "B2_1520", "family": "stack", "fist_L": [90.0, -280.0, 1520.0], "fist_R": [-90.0, -280.0, 1520.0], "in_front": [236.1, 236.1], "raise": [248.9, 221.8], "z": [1520.0, 1520.0], "cover_ok": true, "raise_ok": true, "in_front_ok": true, "z_window_ok": true, "lateral_ok": true, "cover_lo_mm": 1351.0, "cover_hi_mm": 1794.2, "clip_mm": 0.0, "clip_at": null, "no_clip_ok": true, "sym": [0.0, 0.0, 0.0], "symmetry_ok": true, "sole": {"L": 0.87, "R": -1.11}, "clamp_ok": true, "com_in": true, "aspect": 0.4634, "fill_grid": 0.4497}
D01_PROBE {"key": "B3_1500c", "family": "stack", "fist_L": [75.0, -240.0, 1500.0], "fist_R": [-75.0, -240.0, 1500.0], "in_front": [196.1, 196.1], "raise": [228.9, 201.8], "z": [1500.0, 1500.0], "cover_ok": true, "raise_ok": true, "in_front_ok": true, "z_window_ok": true, "lateral_ok": true, "cover_lo_mm": 1351.0, "cover_hi_mm": 1794.2, "clip_mm": 37.79, "clip_at": ["hand.L", 8], "no_clip_ok": false, "sym": [0.0, 0.0, 0.0], "symmetry_ok": true, "sole": {"L": 0.87, "R": -1.11}, "clamp_ok": true, "com_in": true, "aspect": 0.4479, "fill_grid": 0.4556}
D01_PROBE {"key": "C1_1420", "family": "cross", "fist_L": [-120.0, -300.0, 1420.0], "fist_R": [120.0, -300.0, 1420.0], "in_front": [256.1, 256.1], "raise": [148.9, 121.8], "z": [1420.0, 1420.0], "cover_ok": true, "raise_ok": true, "in_front_ok": true, "z_window_ok": true, "lateral_ok": true, "cover_lo_mm": 1351.0, "cover_hi_mm": 1794.2, "clip_mm": 0.0, "clip_at": null, "no_clip_ok": true, "sym": [0.0, 0.0, 0.0], "symmetry_ok": true, "sole": {"L": 0.87, "R": -1.11}, "clamp_ok": true, "com_in": true, "aspect": 0.3228, "fill_grid": 0.574}
D01_PROBE {"key": "C2_1500", "family": "cross", "fist_L": [-140.0, -280.0, 1500.0], "fist_R": [140.0, -280.0, 1500.0], "in_front": [236.1, 236.1], "raise": [228.9, 201.8], "z": [1500.0, 1500.0], "cover_ok": true, "raise_ok": true, "in_front_ok": true, "z_window_ok": true, "lateral_ok": true, "cover_lo_mm": 1351.0, "cover_hi_mm": 1794.2, "clip_mm": 0.0, "clip_at": null, "no_clip_ok": true, "sym": [0.0, 0.0, 0.0], "symmetry_ok": true, "sole": {"L": 0.87, "R": -1.11}, "clamp_ok": true, "com_in": true, "aspect": 0.3285, "fill_grid": 0.582}
D01_PROBE {"key": "D1_1620", "family": "cheek", "fist_L": [165.0, -300.0, 1620.0], "fist_R": [-165.0, -300.0, 1620.0], "in_front": [256.1, 256.1], "raise": [348.9, 321.8], "z": [1620.0, 1620.0], "cover_ok": true, "raise_ok": true, "in_front_ok": true, "z_window_ok": true, "lateral_ok": true, "cover_lo_mm": 1351.0, "cover_hi_mm": 1794.2, "clip_mm": 0.0, "clip_at": null, "no_clip_ok": true, "sym": [0.0, 0.0, 0.0], "symmetry_ok": true, "sole": {"L": 0.87, "R": -1.11}, "clamp_ok": true, "com_in": true, "aspect": 0.5164, "fill_grid": 0.4284}
D01_PROBE {"key": "D2_1650", "family": "cheek", "fist_L": [175.0, -270.0, 1650.0], "fist_R": [-175.0, -270.0, 1650.0], "in_front": [226.1, 226.1], "raise": [378.9, 351.8], "z": [1650.0, 1650.0], "cover_ok": true, "raise_ok": true, "in_front_ok": true, "z_window_ok": true, "lateral_ok": true, "cover_lo_mm": 1351.0, "cover_hi_mm": 1794.2, "clip_mm": 0.0, "clip_at": null, "no_clip_ok": true, "sym": [0.0, 0.0, 0.0], "symmetry_ok": true, "sole": {"L": 0.87, "R": -1.11}, "clamp_ok": true, "com_in": true, "aspect": 0.529, "fill_grid": 0.4207}
D01_PROBE {"key": "E1_1480", "family": "wall", "fist_L": [60.0, -290.0, 1480.0], "fist_R": [-60.0, -290.0, 1480.0], "in_front": [246.1, 246.1], "raise": [208.9, 181.8], "z": [1480.0, 1480.0], "cover_ok": true, "raise_ok": true, "in_front_ok": true, "z_window_ok": true, "lateral_ok": true, "cover_lo_mm": 1351.0, "cover_hi_mm": 1794.2, "clip_mm": 0.0, "clip_at": null, "no_clip_ok": true, "sym": [0.0, 0.0, 0.0], "symmetry_ok": true, "sole": {"L": 0.87, "R": -1.11}, "clamp_ok": true, "com_in": true, "aspect": 0.5234, "fill_grid": 0.4095}
D01_PROBE {"key": "E2_1560", "family": "wall", "fist_L": [70.0, -300.0, 1560.0], "fist_R": [-70.0, -300.0, 1560.0], "in_front": [256.1, 256.1], "raise": [288.9, 261.8], "z": [1560.0, 1560.0], "cover_ok": true, "raise_ok": true, "in_front_ok": true, "z_window_ok": true, "lateral_ok": true, "cover_lo_mm": 1351.0, "cover_hi_mm": 1794.2, "clip_mm": 0.0, "clip_at": null, "no_clip_ok": true, "sym": [0.0, 0.0, 0.0], "symmetry_ok": true, "sole": {"L": 0.87, "R": -1.11}, "clamp_ok": true, "com_in": true, "aspect": 0.524, "fill_grid": 0.4271}
D01_PROBE {"key": "F1_chest", "family": "chest_only", "fist_L": [140.0, -300.0, 1350.0], "fist_R": [-140.0, -300.0, 1350.0], "in_front": [256.1, 256.1], "raise": [78.9, 51.8], "z": [1350.0, 1350.0], "cover_ok": false, "raise_ok": false, "in_front_ok": true, "z_window_ok": false, "lateral_ok": true, "cover_lo_mm": 1351.0, "cover_hi_mm": 1794.2, "clip_mm": 0.0, "clip_at": null, "no_clip_ok": true, "sym": [0.0, 0.0, 0.0], "symmetry_ok": true, "sole": {"L": 0.87, "R": -1.11}, "clamp_ok": true, "com_in": true, "aspect": 0.4716, "fill_grid": 0.4362}
D01_PROBE {"key": "G1_open", "family": "open_wide", "fist_L": [330.0, -200.0, 1500.0], "fist_R": [-330.0, -200.0, 1500.0], "in_front": [156.1, 156.1], "raise": [228.9, 201.8], "z": [1500.0, 1500.0], "cover_ok": false, "raise_ok": true, "in_front_ok": true, "z_window_ok": true, "lateral_ok": false, "cover_lo_mm": 1351.0, "cover_hi_mm": 1794.2, "clip_mm": 0.0, "clip_at": null, "no_clip_ok": true, "sym": [0.0, 0.0, 0.0], "symmetry_ok": true, "sole": {"L": 0.87, "R": -1.11}, "clamp_ok": true, "com_in": true, "aspect": 0.6136, "fill_grid": 0.367}Blender 4.5.0 (hash 8cb6b388974a built 2025-07-15 01:36:24)
Read blend: "I:\工作项目\BIGMANFIGHT\角色资产\美术资产\bigman_v001\bigman_anim_v001.blend"
Fra:0 Mem:101.34M (Peak 104.53M) | Time:00:00.65 | Rendering 1 / 64 samples
Fra:0 Mem:101.34M (Peak 104.53M) | Time:00:00.69 | Rendering 25 / 64 samples
Fra:0 Mem:101.34M (Peak 104.53M) | Time:00:00.73 | Rendering 50 / 64 samples
Fra:0 Mem:101.34M (Peak 104.53M) | Time:00:00.75 | Rendering 64 / 64 samples
Fra:0 Mem:69.29M (Peak 114.43M) | Time:00:00.77 | Compositing
Saved: 'I:\工作项目\BIGMANFIGHT\角色资产\美术资产\bigman_v001\previews\anim\_d01_cand\00_A1_1520_side.png'
Time: 00:00.82 (Saving: 00:00.04)

Fra:0 Mem:103.40M (Peak 106.56M) | Time:00:00.29 | Rendering 1 / 64 samples
Fra:0 Mem:103.40M (Peak 106.56M) | Time:00:00.33 | Rendering 25 / 64 samples
Fra:0 Mem:103.40M (Peak 106.56M) | Time:00:00.37 | Rendering 50 / 64 samples
Fra:0 Mem:103.40M (Peak 106.56M) | Time:00:00.39 | Rendering 64 / 64 samples
Fra:0 Mem:71.36M (Peak 116.50M) | Time:00:00.41 | Compositing
Saved: 'I:\工作项目\BIGMANFIGHT\角色资产\美术资产\bigman_v001\previews\anim\_d01_cand\00_A1_1520_front.png'
Time: 00:00.44 (Saving: 00:00.03)

Fra:0 Mem:103.41M (Peak 106.57M) | Time:00:00.29 | Rendering 1 / 64 samples
Fra:0 Mem:103.41M (Peak 106.57M) | Time:00:00.33 | Rendering 25 / 64 samples
Fra:0 Mem:103.41M (Peak 106.57M) | Time:00:00.36 | Rendering 50 / 64 samples
Fra:0 Mem:103.41M (Peak 106.57M) | Time:00:00.39 | Rendering 64 / 64 samples
Fra:0 Mem:71.36M (Peak 116.50M) | Time:00:00.41 | Compositing
Saved: 'I:\工作项目\BIGMANFIGHT\角色资产\美术资产\bigman_v001\previews\anim\_d01_cand\01_A2_1600_side.png'
Time: 00:00.46 (Saving: 00:00.03)

Fra:0 Mem:103.41M (Peak 106.57M) | Time:00:00.30 | Rendering 1 / 64 samples
Fra:0 Mem:103.41M (Peak 106.57M) | Time:00:00.34 | Rendering 25 / 64 samples
Fra:0 Mem:103.41M (Peak 106.57M) | Time:00:00.38 | Rendering 50 / 64 samples
Fra:0 Mem:103.41M (Peak 106.57M) | Time:00:00.40 | Rendering 64 / 64 samples
Fra:0 Mem:71.36M (Peak 116.50M) | Time:00:00.42 | Compositing
Saved: 'I:\工作项目\BIGMANFIGHT\角色资产\美术资产\bigman_v001\previews\anim\_d01_cand\01_A2_1600_front.png'
Time: 00:00.46 (Saving: 00:00.03)

Fra:0 Mem:103.41M (Peak 106.57M) | Time:00:00.26 | Rendering 1 / 64 samples
Fra:0 Mem:103.41M (Peak 106.57M) | Time:00:00.29 | Rendering 25 / 64 samples
Fra:0 Mem:103.41M (Peak 106.57M) | Time:00:00.33 | Rendering 50 / 64 samples
Fra:0 Mem:103.41M (Peak 106.57M) | Time:00:00.35 | Rendering 64 / 64 samples
Fra:0 Mem:71.36M (Peak 116.50M) | Time:00:00.37 | Compositing
Saved: 'I:\工作项目\BIGMANFIGHT\角色资产\美术资产\bigman_v001\previews\anim\_d01_cand\02_A4_tight_side.png'
Time: 00:00.41 (Saving: 00:00.03)

Fra:0 Mem:103.41M (Peak 106.57M) | Time:00:00.26 | Rendering 1 / 64 samples
Fra:0 Mem:103.41M (Peak 106.57M) | Time:00:00.30 | Rendering 25 / 64 samples
Fra:0 Mem:103.41M (Peak 106.57M) | Time:00:00.34 | Rendering 50 / 64 samples
Fra:0 Mem:103.41M (Peak 106.57M) | Time:00:00.36 | Rendering 64 / 64 samples
Fra:0 Mem:71.36M (Peak 116.50M) | Time:00:00.38 | Compositing
Saved: 'I:\工作项目\BIGMANFIGHT\角色资产\美术资产\bigman_v001\previews\anim\_d01_cand\02_A4_tight_front.png'
Time: 00:00.42 (Saving: 00:00.03)

Fra:0 Mem:103.41M (Peak 106.57M) | Time:00:00.28 | Rendering 1 / 64 samples
Fra:0 Mem:103.41M (Peak 106.57M) | Time:00:00.31 | Rendering 25 / 64 samples
Fra:0 Mem:103.41M (Peak 106.57M) | Time:00:00.35 | Rendering 50 / 64 samples
Fra:0 Mem:103.41M (Peak 106.57M) | Time:00:00.37 | Rendering 64 / 64 samples
Fra:0 Mem:71.36M (Peak 116.50M) | Time:00:00.39 | Compositing
Saved: 'I:\工作项目\BIGMANFIGHT\角色资产\美术资产\bigman_v001\previews\anim\_d01_cand\03_B2_1520_side.png'
Time: 00:00.43 (Saving: 00:00.03)

Fra:0 Mem:103.41M (Peak 106.57M) | Time:00:00.28 | Rendering 1 / 64 samples
Fra:0 Mem:103.41M (Peak 106.57M) | Time:00:00.32 | Rendering 25 / 64 samples
Fra:0 Mem:103.41M (Peak 106.57M) | Time:00:00.35 | Rendering 50 / 64 samples
Fra:0 Mem:103.41M (Peak 106.57M) | Time:00:00.37 | Rendering 64 / 64 samples
Fra:0 Mem:71.36M (Peak 116.50M) | Time:00:00.40 | Compositing
Saved: 'I:\工作项目\BIGMANFIGHT\角色资产\美术资产\bigman_v001\previews\anim\_d01_cand\03_B2_1520_front.png'
Time: 00:00.44 (Saving: 00:00.03)

Fra:0 Mem:103.41M (Peak 106.57M) | Time:00:00.29 | Rendering 1 / 64 samples
Fra:0 Mem:103.41M (Peak 106.57M) | Time:00:00.32 | Rendering 25 / 64 samples
Fra:0 Mem:103.41M (Peak 106.57M) | Time:00:00.36 | Rendering 50 / 64 samples
Fra:0 Mem:103.41M (Peak 106.57M) | Time:00:00.38 | Rendering 64 / 64 samples
Fra:0 Mem:71.36M (Peak 116.50M) | Time:00:00.40 | Compositing
Saved: 'I:\工作项目\BIGMANFIGHT\角色资产\美术资产\bigman_v001\previews\anim\_d01_cand\04_C2_1500_side.png'
Time: 00:00.44 (Saving: 00:00.03)

Fra:0 Mem:103.41M (Peak 106.57M) | Time:00:00.30 | Rendering 1 / 64 samples
Fra:0 Mem:103.41M (Peak 106.57M) | Time:00:00.34 | Rendering 25 / 64 samples
Fra:0 Mem:103.41M (Peak 106.57M) | Time:00:00.38 | Rendering 50 / 64 samples
Fra:0 Mem:103.41M (Peak 106.57M) | Time:00:00.40 | Rendering 64 / 64 samples
Fra:0 Mem:71.36M (Peak 116.50M) | Time:00:00.42 | Compositing
Saved: 'I:\工作项目\BIGMANFIGHT\角色资产\美术资产\bigman_v001\previews\anim\_d01_cand\04_C2_1500_front.png'
Time: 00:00.46 (Saving: 00:00.03)

Fra:0 Mem:103.41M (Peak 106.57M) | Time:00:00.24 | Rendering 1 / 64 samples
Fra:0 Mem:103.41M (Peak 106.57M) | Time:00:00.28 | Rendering 25 / 64 samples
Fra:0 Mem:103.41M (Peak 106.57M) | Time:00:00.31 | Rendering 50 / 64 samples
Fra:0 Mem:103.41M (Peak 106.57M) | Time:00:00.33 | Rendering 64 / 64 samples
Fra:0 Mem:71.36M (Peak 116.50M) | Time:00:00.35 | Compositing
Saved: 'I:\工作项目\BIGMANFIGHT\角色资产\美术资产\bigman_v001\previews\anim\_d01_cand\05_D1_1620_side.png'
Time: 00:00.40 (Saving: 00:00.03)

Fra:0 Mem:103.41M (Peak 106.57M) | Time:00:00.28 | Rendering 1 / 64 samples
Fra:0 Mem:103.41M (Peak 106.57M) | Time:00:00.32 | Rendering 25 / 64 samples
Fra:0 Mem:103.41M (Peak 106.57M) | Time:00:00.35 | Rendering 50 / 64 samples
Fra:0 Mem:103.41M (Peak 106.57M) | Time:00:00.37 | Rendering 64 / 64 samples
Fra:0 Mem:71.36M (Peak 116.50M) | Time:00:00.40 | Compositing
Saved: 'I:\工作项目\BIGMANFIGHT\角色资产\美术资产\bigman_v001\previews\anim\_d01_cand\05_D1_1620_front.png'
Time: 00:00.44 (Saving: 00:00.03)

Fra:0 Mem:103.41M (Peak 106.57M) | Time:00:00.28 | Rendering 1 / 64 samples
Fra:0 Mem:103.41M (Peak 106.57M) | Time:00:00.31 | Rendering 25 / 64 samples
Fra:0 Mem:103.41M (Peak 106.57M) | Time:00:00.35 | Rendering 50 / 64 samples
Fra:0 Mem:103.41M (Peak 106.57M) | Time:00:00.37 | Rendering 64 / 64 samples
Fra:0 Mem:71.36M (Peak 116.50M) | Time:00:00.39 | Compositing
Saved: 'I:\工作项目\BIGMANFIGHT\角色资产\美术资产\bigman_v001\previews\anim\_d01_cand\06_E1_1480_side.png'
Time: 00:00.43 (Saving: 00:00.03)

Fra:0 Mem:103.41M (Peak 106.57M) | Time:00:00.26 | Rendering 1 / 64 samples
Fra:0 Mem:103.41M (Peak 106.57M) | Time:00:00.30 | Rendering 25 / 64 samples
Fra:0 Mem:103.41M (Peak 106.57M) | Time:00:00.34 | Rendering 50 / 64 samples
Fra:0 Mem:103.41M (Peak 106.57M) | Time:00:00.36 | Rendering 64 / 64 samples
Fra:0 Mem:71.36M (Peak 116.50M) | Time:00:00.38 | Compositing
Saved: 'I:\工作项目\BIGMANFIGHT\角色资产\美术资产\bigman_v001\previews\anim\_d01_cand\06_E1_1480_front.png'
Time: 00:00.42 (Saving: 00:00.03)

Fra:0 Mem:103.41M (Peak 106.57M) | Time:00:00.30 | Rendering 1 / 64 samples
Fra:0 Mem:103.41M (Peak 106.57M) | Time:00:00.34 | Rendering 25 / 64 samples
Fra:0 Mem:103.41M (Peak 106.57M) | Time:00:00.37 | Rendering 50 / 64 samples
Fra:0 Mem:103.41M (Peak 106.57M) | Time:00:00.39 | Rendering 64 / 64 samples
Fra:0 Mem:71.36M (Peak 116.50M) | Time:00:00.42 | Compositing
Saved: 'I:\工作项目\BIGMANFIGHT\角色资产\美术资产\bigman_v001\previews\anim\_d01_cand\07_G1_open_side.png'
Time: 00:00.46 (Saving: 00:00.03)

Fra:0 Mem:103.41M (Peak 106.57M) | Time:00:00.28 | Rendering 1 / 64 samples
Fra:0 Mem:103.41M (Peak 106.57M) | Time:00:00.32 | Rendering 25 / 64 samples
Fra:0 Mem:103.41M (Peak 106.57M) | Time:00:00.36 | Rendering 50 / 64 samples
Fra:0 Mem:103.41M (Peak 106.57M) | Time:00:00.38 | Rendering 64 / 64 samples
Fra:0 Mem:71.36M (Peak 116.50M) | Time:00:00.40 | Compositing
Saved: 'I:\工作项目\BIGMANFIGHT\角色资产\美术资产\bigman_v001\previews\anim\_d01_cand\07_G1_open_front.png'
Time: 00:00.45 (Saving: 00:00.03)


D01_PROBE {"key": "H0_idle_like", "family": "idle_ref", "fist_L": [144.5, -307.7, 1271.1], "fist_R": [-129.6, -273.5, 1298.2], "in_front": [270.1, 235.9], "raise": [0.0, 0.0], "z": [1271.1, 1298.2], "cover_ok": false, "raise_ok": false, "in_front_ok": true, "z_window_ok": false, "lateral_ok": true, "cover_lo_mm": 1365.7, "cover_hi_mm": 1813.3, "clip_mm": 0.0, "clip_at": null, "no_clip_ok": true, "sym": [14.9, 27.1, 34.2], "symmetry_ok": false, "sole": {"L": 1.06, "R": -0.96}, "clamp_ok": true, "com_in": true, "aspect": 0.288, "fill_grid": 0.6204}
D01_PROBE_PASS [["A2_1600", "gate", [130.0, -300.0, 1600.0], [328.9, 301.8], [256.1, 256.1], 0.0, {"L": 0.87, "R": -1.11}], ["D1_1620", "cheek", [165.0, -300.0, 1620.0], [348.9, 321.8], [256.1, 256.1], 0.0, {"L": 0.87, "R": -1.11}], ["E2_1560", "wall", [70.0, -300.0, 1560.0], [288.9, 261.8], [256.1, 256.1], 0.0, {"L": 0.87, "R": -1.11}], ["D2_1650", "cheek", [175.0, -270.0, 1650.0], [378.9, 351.8], [226.1, 226.1], 0.0, {"L": 0.87, "R": -1.11}], ["A1_1520", "gate", [130.0, -300.0, 1520.0], [248.9, 221.8], [256.1, 256.1], 0.0, {"L": 0.87, "R": -1.11}], ["B2_1520", "stack", [90.0, -280.0, 1520.0], [248.9, 221.8], [236.1, 236.1], 0.0, {"L": 0.87, "R": -1.11}], ["C2_1500", "cross", [-140.0, -280.0, 1500.0], [228.9, 201.8], [236.1, 236.1], 0.0, {"L": 0.87, "R": -1.11}], ["E1_1480", "wall", [60.0, -290.0, 1480.0], [208.9, 181.8], [246.1, 246.1], 0.0, {"L": 0.87, "R": -1.11}], ["B1_1450", "stack", [85.0, -300.0, 1450.0], [178.9, 151.8], [256.1, 256.1], 0.0, {"L": 0.87, "R": -1.11}], ["C1_1420", "cross", [-120.0, -300.0, 1420.0], [148.9, 121.8], [256.1, 256.1], 0.0, {"L": 0.87, "R": -1.11}]]
D01_PROBE_WINNER {"label": "A2_1600", "family": "gate", "drop_mm": -80.0, "torso": {"pelvis": [5.0, 0.0, 0.0], "spine_01": [2.0, 0.0, 0.0], "spine_02": [2.0, 0.0, 0.0], "chest": [6.0, 0.0, 0.0], "neck": [-8.0, 0.0, 0.0], "head": [6.0, 0.0, 0.0], "shoulder.L": [8.0, 0.0, 0.0], "shoulder.R": [8.0, 0.0, 0.0]}, "fist_mm": {"L": [130.0, -300.0, 1600.0], "R": [-130.0, -300.0, 1600.0]}, "elbow_dir": {"L": [0.6179, -0.783, 0.0717], "R": [-0.6179, -0.783, 0.0717]}, "shoulder_mm": {"L": [146.2, -91.8, 1345.4], "R": [-146.2, -91.8, 1345.4]}, "in_front_mm": [256.1, 256.1], "raise_mm": [328.9, 301.8], "clip_max_mm": 0.0, "sym": [0.0, 0.0, 0.0], "sole_mm": {"L": 0.87, "R": -1.11}, "pelvis_z_mm": 820.0}
D01_PROBE_RENDER ["I:\\工作项目\\BIGMANFIGHT\\角色资产\\美术资产\\bigman_v001\\previews\\anim\\_d01_cand\\00_A1_1520_side.png", "I:\\工作项目\\BIGMANFIGHT\\角色资产\\美术资产\\bigman_v001\\previews\\anim\\_d01_cand\\00_A1_1520_front.png", "I:\\工作项目\\BIGMANFIGHT\\角色资产\\美术资产\\bigman_v001\\previews\\anim\\_d01_cand\\01_A2_1600_side.png", "I:\\工作项目\\BIGMANFIGHT\\角色资产\\美术资产\\bigman_v001\\previews\\anim\\_d01_cand\\01_A2_1600_front.png", "I:\\工作项目\\BIGMANFIGHT\\角色资产\\美术资产\\bigman_v001\\previews\\anim\\_d01_cand\\02_A4_tight_side.png", "I:\\工作项目\\BIGMANFIGHT\\角色资产\\美术资产\\bigman_v001\\previews\\anim\\_d01_cand\\02_A4_tight_front.png", "I:\\工作项目\\BIGMANFIGHT\\角色资产\\美术资产\\bigman_v001\\previews\\anim\\_d01_cand\\03_B2_1520_side.png", "I:\\工作项目\\BIGMANFIGHT\\角色资产\\美术资产\\bigman_v001\\previews\\anim\\_d01_cand\\03_B2_1520_front.png", "I:\\工作项目\\BIGMANFIGHT\\角色资产\\美术资产\\bigman_v001\\previews\\anim\\_d01_cand\\04_C2_1500_side.png", "I:\\工作项目\\BIGMANFIGHT\\角色资产\\美术资产\\bigman_v001\\previews\\anim\\_d01_cand\\04_C2_1500_front.png", "I:\\工作项目\\BIGMANFIGHT\\角色资产\\美术资产\\bigman_v001\\previews\\anim\\_d01_cand\\05_D1_1620_side.png", "I:\\工作项目\\BIGMANFIGHT\\角色资产\\美术资产\\bigman_v001\\previews\\anim\\_d01_cand\\05_D1_1620_front.png", "I:\\工作项目\\BIGMANFIGHT\\角色资产\\美术资产\\bigman_v001\\previews\\anim\\_d01_cand\\06_E1_1480_side.png", "I:\\工作项目\\BIGMANFIGHT\\角色资产\\美术资产\\bigman_v001\\previews\\anim\\_d01_cand\\06_E1_1480_front.png", "I:\\工作项目\\BIGMANFIGHT\\角色资产\\美术资产\\bigman_v001\\previews\\anim\\_d01_cand\\07_G1_open_side.png", "I:\\工作项目\\BIGMANFIGHT\\角色资产\\美术资产\\bigman_v001\\previews\\anim\\_d01_cand\\07_G1_open_front.png"]
D01_PROBE_DONE n=16 pass=10

Blender quit
Error: Not freed memory blocks: 1, total unfreed memory 0.000008 MB
