BAR_PAIR hitleg f0000 -> f0003
BAR_DIFF px=11351 rows=[68..974]
BAR_CHANGEMAP (每字符 = 8px 宽 × 8px 高，上=头)
  ..................................................................................................
  ..................................................................................................
  ..................................................................................................
  ..................................................................................................
  ..................................................................................................
  ..................................................................................................
  ..................................................................................................
  ..................................................................................................
  ..................................................................................................
  ..................................................................................................
  ..................................................................................................
  ..................................................................................................
  ..................................................................................................
  ..................................................................................................
  ..................................................................................................
  ...........................................####...................................................
  .......................................##########.................................................
  ......................................##.......##.................................................
  ................................................##................................................
  .....................................#...........#................................................
  .................................................#................................................
  .....................................#...........#................................................
  .....................................#...........#................................................
  ....................................#............#................................................
  ....................................#............#................................................
  ....................................##............................................................
  ....................................#.............................................................
  ..................................................................................................
  ....................................##..........#.................................................
  ....................................##............................................................
  .....................................#.........#..................................................
  .....................................##........#..................................................
  ......................................###.........................................................
  ......................................###.......###...............................................
  .......................................##.......#.##..............................................
  ......................................##...........###............................................
  .....................................#...............#............................................
  ....................................##............................................................
  ...................................##.................#...........................................
  ......................................................#...........................................
  ......................................................#...........................................
  ................................###...................#...........................................
  ...............................#.#....................#...........................................
  ..................................................................................................
  ..................................................................................................
  ..................................................................................................
  ...........................#......................................................................
  ..................................................................................................
  ...........................##.....................................................................
  ............................##...####..................#..........................................
  ..............................####.##.............................................................
  ...............................#...##.............................................................
  .................................##...............................................................
  ...............................###.....................#..........................................
  ...............................##......................#..........................................
  ..............................##.......................##.........................................
  ..............................##.......................#..........................................
  ..............................##.......................#..........................................
  ..............................##..................................................................
  ..............................#.........................#.........................................
  .............................##...................................................................
  .............................###..................................................................
  ..............................##........................#.........................................
  ..............................##........................#.........................................
  ..............................###.................................................................
  ...............................###.......................#........................................
  ................................###......................#........................................
  .................................#######..........................................................
  ....................................#####.........................................................
  ........................................#.........................................................
  ..........................................................#.......................................
  ..........................................................#.......................................
  .........................................#...............##.......................................
  .........................................#...............##.......................................
  .........................................................#........................................
  .........................................##.............##........................................
  ........................................##..............#.........................................
  .......................................##...............#.........................................
  .......................................#...............##.........................................
  ......................................#................#..........................................
  .....................................##................#..........................................
  .....................................#............................................................
  ....................................#.................#...........................................
  ......................................................#...........................................
  ...................................#..................#...........................................
  ..................................................................................................
  ................................##...................#............................................
  ................................#....................#............................................
  ...............................#.....................#............................................
  ..............................#...................................................................
  .............................##.....................#.............................................
  .............................#......................#.............................................
  ............................##.....................#..............................................
  ............................#......................#..............................................
  ............................#.....................#...............................................
  ............................#.....................#...............................................
  ...........................##.....................................................................
  ...........................##....................#................................................
  ...........................##....................#................................................
  ...........................##....................#................................................
  ...........................##.........#...........#...............................................
  ............................#.........#...........#...............................................
  ............................#.....................##..............................................
  ............................#..........#...........#..............................................
  ............................##.........#............#.............................................
  .............................#..........#............#............................................
  .............................#..........#............##...........................................
  .............................##..........#............#...........................................
  ..............................#..........##............#..........................................
  ..............................#..........###...........#..........................................
  .........................................#.#............#.........................................
  ...............................#.........#..#...........#.........................................
  ...............................#.........#...#...........#........................................
  ...............................#.........#....#..........#........................................
  .........................................#....##..........#.......................................
  .........................................#.....#..........#.......................................
  .........................................#......#..........#......................................
  ................................#................#................................................
  ................................#................#..........#.....................................
  ................................#.................#...............................................
  ...........................................................##.....................................
  ......................................####.........#......##......................................
  .................................###.#..##...............#....##..................................
  ..................................#.................#...#.........................................
  ..................................................................................................
  ...........................................#....................#.................................
  ..................................................................................................
  ...............................................................##.................................
  .........................................###..............####....................................
  ..................................................................................................
  ..................................................................................................
  ..................................................................................................
  ..................................................................................................
  ..................................................................................................
  ..................................................................................................
  ..................................................................................................
  ..................................................................................................
  ..................................................................................................
BAR_ZONES [{"rows": [106, 974], "cols": [210, 508], "n": 11278, "z_mm": [76.0, 1726.0]}, {"rows": [68, 98], "cols": [275, 515], "n": 72, "z_mm": [4.0, 61.0]}, {"rows": [102, 102], "cols": [509, 509], "n": 1, "z_mm": [69.0, 69.0]}]
Blender 4.5.0 (hash 8cb6b388974a built 2025-07-15 01:36:24)

Blender quit
