Blender 4.5.0 (hash 8cb6b388974a built 2025-07-15 01:36:24)
Read blend: "I:\工作项目\BIGMANFIGHT\角色资产\美术资产\bigman_v001\bigman_anim_v001.blend"
Fra:0 Mem:107.69M (Peak 110.88M) | Time:00:00.60 | Rendering 1 / 64 samples
Fra:0 Mem:107.69M (Peak 110.88M) | Time:00:00.71 | Rendering 25 / 64 samples
Fra:0 Mem:107.69M (Peak 110.88M) | Time:00:00.82 | Rendering 50 / 64 samples
Fra:0 Mem:107.69M (Peak 110.88M) | Time:00:00.89 | Rendering 64 / 64 samples
Fra:0 Mem:75.64M (Peak 120.78M) | Time:00:00.91 | Compositing
Saved: 'I:\工作项目\BIGMANFIGHT\角色资产\美术资产\bigman_v001\previews\anim\_hemcheck_hit_leg_side_f0000_on.png'
Time: 00:00.96 (Saving: 00:00.04)

Fra:0 Mem:109.50M (Peak 112.66M) | Time:00:00.26 | Rendering 1 / 64 samples
Fra:0 Mem:109.50M (Peak 112.66M) | Time:00:00.38 | Rendering 25 / 64 samples
Fra:0 Mem:109.50M (Peak 112.66M) | Time:00:00.49 | Rendering 50 / 64 samples
Fra:0 Mem:109.50M (Peak 112.66M) | Time:00:00.55 | Rendering 64 / 64 samples
Fra:0 Mem:77.50M (Peak 122.59M) | Time:00:00.58 | Compositing
Saved: 'I:\工作项目\BIGMANFIGHT\角色资产\美术资产\bigman_v001\previews\anim\_hemcheck_hit_leg_side_f0000_nohem.png'
Time: 00:00.63 (Saving: 00:00.03)

Fra:0 Mem:109.76M (Peak 112.91M) | Time:00:00.28 | Rendering 1 / 64 samples
Fra:0 Mem:109.76M (Peak 112.91M) | Time:00:00.39 | Rendering 25 / 64 samples
Fra:0 Mem:109.76M (Peak 112.91M) | Time:00:00.51 | Rendering 50 / 64 samples
Fra:0 Mem:109.76M (Peak 112.91M) | Time:00:00.56 | Rendering 64 / 64 samples
Fra:0 Mem:77.71M (Peak 122.85M) | Time:00:00.60 | Compositing
Saved: 'I:\工作项目\BIGMANFIGHT\角色资产\美术资产\bigman_v001\previews\anim\_hemcheck_hit_leg_three_quarter_f0000_on.png'
Time: 00:00.64 (Saving: 00:00.03)

Fra:0 Mem:109.53M (Peak 112.69M) | Time:00:00.24 | Rendering 1 / 64 samples
Fra:0 Mem:109.53M (Peak 112.69M) | Time:00:00.35 | Rendering 25 / 64 samples
Fra:0 Mem:109.53M (Peak 112.69M) | Time:00:00.47 | Rendering 50 / 64 samples
Fra:0 Mem:109.53M (Peak 112.69M) | Time:00:00.53 | Rendering 64 / 64 samples
Fra:0 Mem:77.52M (Peak 122.63M) | Time:00:00.56 | Compositing
Saved: 'I:\工作项目\BIGMANFIGHT\角色资产\美术资产\bigman_v001\previews\anim\_hemcheck_hit_leg_three_quarter_f0000_nohem.png'
Time: 00:00.60 (Saving: 00:00.03)

Fra:3 Mem:109.76M (Peak 112.91M) | Time:00:00.26 | Rendering 1 / 64 samples
Fra:3 Mem:109.76M (Peak 112.91M) | Time:00:00.37 | Rendering 25 / 64 samples
Fra:3 Mem:109.76M (Peak 112.91M) | Time:00:00.48 | Rendering 50 / 64 samples
Fra:3 Mem:109.76M (Peak 112.91M) | Time:00:00.55 | Rendering 64 / 64 samples
Fra:3 Mem:77.71M (Peak 122.85M) | Time:00:00.58 | Compositing
Saved: 'I:\工作项目\BIGMANFIGHT\角色资产\美术资产\bigman_v001\previews\anim\_hemcheck_hit_leg_side_f0003_on.png'
Time: 00:00.62 (Saving: 00:00.04)

Fra:3 Mem:109.53M (Peak 112.69M) | Time:00:00.23 | Rendering 1 / 64 samples
Fra:3 Mem:109.53M (Peak 112.69M) | Time:00:00.34 | Rendering 25 / 64 samples
Fra:3 Mem:109.53M (Peak 112.69M) | Time:00:00.46 | Rendering 50 / 64 samples
Fra:3 Mem:109.53M (Peak 112.69M) | Time:00:00.52 | Rendering 64 / 64 samples
Fra:3 Mem:77.52M (Peak 122.63M) | Time:00:00.55 | Compositing
Saved: 'I:\工作项目\BIGMANFIGHT\角色资产\美术资产\bigman_v001\previews\anim\_hemcheck_hit_leg_side_f0003_nohem.png'
Time: 00:00.59 (Saving: 00:00.03)

Fra:3 Mem:109.76M (Peak 112.91M) | Time:00:00.28 | Rendering 1 / 64 samples
Fra:3 Mem:109.76M (Peak 112.91M) | Time:00:00.39 | Rendering 25 / 64 samples
Fra:3 Mem:109.76M (Peak 112.91M) | Time:00:00.50 | Rendering 50 / 64 samples
Fra:3 Mem:109.76M (Peak 112.91M) | Time:00:00.56 | Rendering 64 / 64 samples
Fra:3 Mem:77.71M (Peak 122.85M) | Time:00:00.62 | Compositing
Saved: 'I:\工作项目\BIGMANFIGHT\角色资产\美术资产\bigman_v001\previews\anim\_hemcheck_hit_leg_three_quarter_f0003_on.png'
Time: 00:00.66 (Saving: 00:00.03)

Fra:3 Mem:109.53M (Peak 112.69M) | Time:00:00.24 | Rendering 1 / 64 samples
Fra:3 Mem:109.53M (Peak 112.69M) | Time:00:00.35 | Rendering 25 / 64 samples
Fra:3 Mem:109.53M (Peak 112.69M) | Time:00:00.47 | Rendering 50 / 64 samples
Fra:3 Mem:109.53M (Peak 112.69M) | Time:00:00.52 | Rendering 64 / 64 samples
Fra:3 Mem:77.52M (Peak 122.63M) | Time:00:00.56 | Compositing
Saved: 'I:\工作项目\BIGMANFIGHT\角色资产\美术资产\bigman_v001\previews\anim\_hemcheck_hit_leg_three_quarter_f0003_nohem.png'
Time: 00:00.60 (Saving: 00:00.03)

Fra:8 Mem:109.76M (Peak 112.91M) | Time:00:00.25 | Rendering 1 / 64 samples
Fra:8 Mem:109.76M (Peak 112.91M) | Time:00:00.37 | Rendering 25 / 64 samples
Fra:8 Mem:109.76M (Peak 112.91M) | Time:00:00.48 | Rendering 50 / 64 samples
Fra:8 Mem:109.76M (Peak 112.91M) | Time:00:00.55 | Rendering 64 / 64 samples
Fra:8 Mem:77.71M (Peak 122.85M) | Time:00:00.57 | Compositing
Saved: 'I:\工作项目\BIGMANFIGHT\角色资产\美术资产\bigman_v001\previews\anim\_hemcheck_hit_leg_side_f0008_on.png'
Time: 00:00.61 (Saving: 00:00.03)

Fra:8 Mem:109.53M (Peak 112.69M) | Time:00:00.24 | Rendering 1 / 64 samples
Fra:8 Mem:109.53M (Peak 112.69M) | Time:00:00.36 | Rendering 25 / 64 samples
Fra:8 Mem:109.53M (Peak 112.69M) | Time:00:00.49 | Rendering 50 / 64 samples
Fra:8 Mem:109.53M (Peak 112.69M) | Time:00:00.54 | Rendering 64 / 64 samples
Fra:8 Mem:77.52M (Peak 122.63M) | Time:00:00.58 | Compositing
Saved: 'I:\工作项目\BIGMANFIGHT\角色资产\美术资产\bigman_v001\previews\anim\_hemcheck_hit_leg_side_f0008_nohem.png'
Time: 00:00.62 (Saving: 00:00.03)

Fra:8 Mem:109.76M (Peak 112.91M) | Time:00:00.27 | Rendering 1 / 64 samples
Fra:8 Mem:109.76M (Peak 112.91M) | Time:00:00.39 | Rendering 25 / 64 samples
Fra:8 Mem:109.76M (Peak 112.91M) | Time:00:00.50 | Rendering 50 / 64 samples
Fra:8 Mem:109.76M (Peak 112.91M) | Time:00:00.57 | Rendering 64 / 64 samples
Fra:8 Mem:77.71M (Peak 122.85M) | Time:00:00.59 | Compositing
Saved: 'I:\工作项目\BIGMANFIGHT\角色资产\美术资产\bigman_v001\previews\anim\_hemcheck_hit_leg_three_quarter_f0008_on.png'
Time: 00:00.63 (Saving: 00:00.03)

Fra:8 Mem:109.53M (Peak 112.69M) | Time:00:00.32 | Rendering 1 / 64 samples
Fra:8 Mem:109.53M (Peak 112.69M) | Time:00:00.43 | Rendering 25 / 64 samples
Fra:8 Mem:109.53M (Peak 112.69M) | Time:00:00.54 | Rendering 50 / 64 samples
Fra:8 Mem:109.53M (Peak 112.69M) | Time:00:00.60 | Rendering 64 / 64 samples
Fra:8 Mem:77.52M (Peak 122.63M) | Time:00:00.64 | Compositing
Saved: 'I:\工作项目\BIGMANFIGHT\角色资产\美术资产\bigman_v001\previews\anim\_hemcheck_hit_leg_three_quarter_f0008_nohem.png'
Time: 00:00.68 (Saving: 00:00.03)

Fra:0 Mem:109.76M (Peak 109.76M) | Time:00:00.32 | Rendering 1 / 64 samples
Fra:0 Mem:109.76M (Peak 109.76M) | Time:00:00.43 | Rendering 25 / 64 samples
Fra:0 Mem:109.76M (Peak 109.76M) | Time:00:00.54 | Rendering 50 / 64 samples
Fra:0 Mem:109.76M (Peak 109.76M) | Time:00:00.60 | Rendering 64 / 64 samples
Fra:0 Mem:77.71M (Peak 122.85M) | Time:00:00.62 | Compositing
Saved: 'I:\工作项目\BIGMANFIGHT\角色资产\美术资产\bigman_v001\previews\anim\_hemcheck_hit_body_side_f0000_on.png'
Time: 00:00.66 (Saving: 00:00.03)

Fra:0 Mem:109.53M (Peak 112.69M) | Time:00:00.31 | Rendering 1 / 64 samples
Fra:0 Mem:109.53M (Peak 112.69M) | Time:00:00.42 | Rendering 25 / 64 samples
Fra:0 Mem:109.53M (Peak 112.69M) | Time:00:00.53 | Rendering 50 / 64 samples
Fra:0 Mem:109.53M (Peak 112.69M) | Time:00:00.59 | Rendering 64 / 64 samples
Fra:0 Mem:77.52M (Peak 122.63M) | Time:00:00.63 | Compositing
Saved: 'I:\工作项目\BIGMANFIGHT\角色资产\美术资产\bigman_v001\previews\anim\_hemcheck_hit_body_side_f0000_nohem.png'
Time: 00:00.67 (Saving: 00:00.03)

Fra:0 Mem:109.76M (Peak 112.91M) | Time:00:00.31 | Rendering 1 / 64 samples
Fra:0 Mem:109.76M (Peak 112.91M) | Time:00:00.42 | Rendering 25 / 64 samples
Fra:0 Mem:109.76M (Peak 112.91M) | Time:00:00.54 | Rendering 50 / 64 samples
Fra:0 Mem:109.76M (Peak 112.91M) | Time:00:00.59 | Rendering 64 / 64 samples
Fra:0 Mem:77.71M (Peak 122.85M) | Time:00:00.63 | Compositing
Saved: 'I:\工作项目\BIGMANFIGHT\角色资产\美术资产\bigman_v001\previews\anim\_hemcheck_hit_body_three_quarter_f0000_on.png'
Time: 00:00.67 (Saving: 00:00.03)

Fra:0 Mem:109.53M (Peak 112.69M) | Time:00:00.31 | Rendering 1 / 64 samples
Fra:0 Mem:109.53M (Peak 112.69M) | Time:00:00.42 | Rendering 25 / 64 samples
Fra:0 Mem:109.53M (Peak 112.69M) | Time:00:00.54 | Rendering 50 / 64 samples
Fra:0 Mem:109.53M (Peak 112.69M) | Time:00:00.61 | Rendering 64 / 64 samples
Fra:0 Mem:77.52M (Peak 122.63M) | Time:00:00.63 | Compositing
Saved: 'I:\工作项目\BIGMANFIGHT\角色资产\美术资产\bigman_v001\previews\anim\_hemcheck_hit_body_three_quarter_f0000_nohem.png'
Time: 00:00.67 (Saving: 00:00.03)

Fra:3 Mem:109.76M (Peak 112.91M) | Time:00:00.32 | Rendering 1 / 64 samples
Fra:3 Mem:109.76M (Peak 112.91M) | Time:00:00.44 | Rendering 25 / 64 samples
Fra:3 Mem:109.76M (Peak 112.91M) | Time:00:00.55 | Rendering 50 / 64 samples
Fra:3 Mem:109.76M (Peak 112.91M) | Time:00:00.62 | Rendering 64 / 64 samples
Fra:3 Mem:77.71M (Peak 122.85M) | Time:00:00.64 | Compositing
Saved: 'I:\工作项目\BIGMANFIGHT\角色资产\美术资产\bigman_v001\previews\anim\_hemcheck_hit_body_side_f0003_on.png'
Time: 00:00.69 (Saving: 00:00.03)

Fra:3 Mem:109.53M (Peak 112.69M) | Time:00:00.30 | Rendering 1 / 64 samples
Fra:3 Mem:109.53M (Peak 112.69M) | Time:00:00.42 | Rendering 25 / 64 samples
Fra:3 Mem:109.53M (Peak 112.69M) | Time:00:00.53 | Rendering 50 / 64 samples
Fra:3 Mem:109.53M (Peak 112.69M) | Time:00:00.59 | Rendering 64 / 64 samples
Fra:3 Mem:77.52M (Peak 122.63M) | Time:00:00.62 | Compositing
Saved: 'I:\工作项目\BIGMANFIGHT\角色资产\美术资产\bigman_v001\previews\anim\_hemcheck_hit_body_side_f0003_nohem.png'
Time: 00:00.66 (Saving: 00:00.03)

Fra:3 Mem:109.76M (Peak 112.91M) | Time:00:00.33 | Rendering 1 / 64 samples
Fra:3 Mem:109.76M (Peak 112.91M) | Time:00:00.44 | Rendering 25 / 64 samples
Fra:3 Mem:109.76M (Peak 112.91M) | Time:00:00.55 | Rendering 50 / 64 samples
Fra:3 Mem:109.76M (Peak 112.91M) | Time:00:00.61 | Rendering 64 / 64 samples
Fra:3 Mem:77.71M (Peak 122.85M) | Time:00:00.64 | Compositing
Saved: 'I:\工作项目\BIGMANFIGHT\角色资产\美术资产\bigman_v001\previews\anim\_hemcheck_hit_body_three_quarter_f0003_on.png'
Time: 00:00.68 (Saving: 00:00.03)

Fra:3 Mem:109.53M (Peak 112.69M) | Time:00:00.32 | Rendering 1 / 64 samples
Fra:3 Mem:109.53M (Peak 112.69M) | Time:00:00.43 | Rendering 25 / 64 samples
Fra:3 Mem:109.53M (Peak 112.69M) | Time:00:00.55 | Rendering 50 / 64 samples
Fra:3 Mem:109.53M (Peak 112.69M) | Time:00:00.60 | Rendering 64 / 64 samples
Fra:3 Mem:77.52M (Peak 122.63M) | Time:00:00.64 | Compositing
Saved: 'I:\工作项目\BIGMANFIGHT\角色资产\美术资产\bigman_v001\previews\anim\_hemcheck_hit_body_three_quarter_f0003_nohem.png'
Time: 00:00.68 (Saving: 00:00.03)

Fra:8 Mem:109.76M (Peak 112.91M) | Time:00:00.34 | Rendering 1 / 64 samples
Fra:8 Mem:109.76M (Peak 112.91M) | Time:00:00.45 | Rendering 25 / 64 samples
Fra:8 Mem:109.76M (Peak 112.91M) | Time:00:00.57 | Rendering 50 / 64 samples
Fra:8 Mem:109.76M (Peak 112.91M) | Time:00:00.62 | Rendering 64 / 64 samples
Fra:8 Mem:77.71M (Peak 122.85M) | Time:00:00.66 | Compositing
Saved: 'I:\工作项目\BIGMANFIGHT\角色资产\美术资产\bigman_v001\previews\anim\_hemcheck_hit_body_side_f0008_on.png'
Time: 00:00.70 (Saving: 00:00.03)

Fra:8 Mem:109.54M (Peak 112.69M) | Time:00:00.32 | Rendering 1 / 64 samples
Fra:8 Mem:109.54M (Peak 112.69M) | Time:00:00.43 | Rendering 25 / 64 samples
Fra:8 Mem:109.54M (Peak 112.69M) | Time:00:00.54 | Rendering 50 / 64 samples
Fra:8 Mem:109.54M (Peak 112.69M) | Time:00:00.60 | Rendering 64 / 64 samples
Fra:8 Mem:77.52M (Peak 122.63M) | Time:00:00.64 | Compositing
Saved: 'I:\工作项目\BIGMANFIGHT\角色资产\美术资产\bigman_v001\previews\anim\_hemcheck_hit_body_side_f0008_nohem.png'
Time: 00:00.68 (Saving: 00:00.03)

Fra:8 Mem:109.76M (Peak 112.91M) | Time:00:00.33 | Rendering 1 / 64 samples
Fra:8 Mem:109.76M (Peak 112.91M) | Time:00:00.45 | Rendering 25 / 64 samples
Fra:8 Mem:109.76M (Peak 112.91M) | Time:00:00.56 | Rendering 50 / 64 samples
Fra:8 Mem:109.76M (Peak 112.91M) | Time:00:00.63 | Rendering 64 / 64 samples
Fra:8 Mem:77.71M (Peak 122.85M) | Time:00:00.65 | Compositing
Saved: 'I:\工作项目\BIGMANFIGHT\角色资产\美术资产\bigman_v001\previews\anim\_hemcheck_hit_body_three_quarter_f0008_on.png'
Time: 00:00.69 (Saving: 00:00.03)

Fra:8 Mem:109.54M (Peak 112.69M) | Time:00:00.32 | Rendering 1 / 64 samples
Fra:8 Mem:109.54M (Peak 112.69M) | Time:00:00.43 | Rendering 25 / 64 samples
Fra:8 Mem:109.54M (Peak 112.69M) | Time:00:00.55 | Rendering 50 / 64 samples
Fra:8 Mem:109.54M (Peak 112.69M) | Time:00:00.60 | Rendering 64 / 64 samples
Fra:8 Mem:77.52M (Peak 122.63M) | Time:00:00.64 | Compositing
Saved: 'I:\工作项目\BIGMANFIGHT\角色资产\美术资产\bigman_v001\previews\anim\_hemcheck_hit_body_three_quarter_f0008_nohem.png'
Time: 00:00.68 (Saving: 00:00.03)

HEM_PROBE {
 "Hit_Leg": {
  "0": {
   "side": {
    "px_with_hem": 143975,
    "px_without_hem": 143975,
    "px_hem_visible": 0,
    "nohem_png": "_hemcheck_hit_leg_side_f0000_nohem.png"
   },
   "three_quarter": {
    "px_with_hem": 145154,
    "px_without_hem": 145148,
    "px_hem_visible": 6,
    "nohem_png": "_hemcheck_hit_leg_three_quarter_f0000_nohem.png"
   }
  },
  "3": {
   "side": {
    "px_with_hem": 147238,
    "px_without_hem": 147238,
    "px_hem_visible": 0,
    "nohem_png": "_hemcheck_hit_leg_side_f0003_nohem.png"
   },
   "three_quarter": {
    "px_with_hem": 143950,
    "px_without_hem": 143667,
    "px_hem_visible": 283,
    "nohem_png": "_hemcheck_hit_leg_three_quarter_f0003_nohem.png"
   }
  },
  "8": {
   "side": {
    "px_with_hem": 147361,
    "px_without_hem": 147361,
    "px_hem_visible": 0,
    "nohem_png": "_hemcheck_hit_leg_side_f0008_nohem.png"
   },
   "three_quarter": {
    "px_with_hem": 142788,
    "px_without_hem": 142537,
    "px_hem_visible": 251,
    "nohem_png": "_hemcheck_hit_leg_three_quarter_f0008_nohem.png"
   }
  }
 },
 "Hit_Body": {
  "0": {
   "side": {
    "px_with_hem": 143975,
    "px_without_hem": 143975,
    "px_hem_visible": 0,
    "nohem_png": "_hemcheck_hit_body_side_f0000_nohem.png"
   },
   "three_quarter": {
    "px_with_hem": 145154,
    "px_without_hem": 145148,
    "px_hem_visible": 6,
    "nohem_png": "_hemcheck_hit_body_three_quarter_f0000_nohem.png"
   }
  },
  "3": {
   "side": {
    "px_with_hem": 144977,
    "px_without_hem": 144884,
    "px_hem_visible": 93,
    "nohem_png": "_hemcheck_hit_body_side_f0003_nohem.png"
   },
   "three_quarter": {
    "px_with_hem": 143277,
    "px_without_hem": 143173,
    "px_hem_visible": 104,
    "nohem_png": "_hemcheck_hit_body_three_quarter_f0003_nohem.png"
   }
  },
  "8": {
   "side": {
    "px_with_hem": 144893,
    "px_without_hem": 144821,
    "px_hem_visible": 72,
    "nohem_png": "_hemcheck_hit_body_side_f0008_nohem.png"
   },
   "three_quarter": {
    "px_with_hem": 143429,
    "px_without_hem": 143343,
    "px_hem_visible": 86,
    "nohem_png": "_hemcheck_hit_body_three_quarter_f0008_nohem.png"
   }
  }
 }
}
HEM_PROBE_DONE

Blender quit
Error: Not freed memory blocks: 1, total unfreed memory 0.000008 MB
