Blender 4.5.0 (hash 8cb6b388974a built 2025-07-15 01:36:24)
Read blend: "I:\工作项目\BIGMANFIGHT\角色资产\美术资产\bigman_v001\bigman_anim_v001.blend"
Fra:0 Mem:107.69M (Peak 110.88M) | Time:00:00.64 | Rendering 1 / 64 samples
Fra:0 Mem:107.69M (Peak 110.88M) | Time:00:00.75 | Rendering 25 / 64 samples
Fra:0 Mem:107.69M (Peak 110.88M) | Time:00:00.87 | Rendering 50 / 64 samples
Fra:0 Mem:107.69M (Peak 110.88M) | Time:00:00.93 | Rendering 64 / 64 samples
Fra:0 Mem:75.65M (Peak 120.78M) | Time:00:00.97 | Compositing
Append frame 0
Time: 00:00.99 (Saving: 00:00.00)

Fra:1 Mem:109.72M (Peak 120.78M) | Time:00:00.18 | Rendering 1 / 64 samples
Fra:1 Mem:109.72M (Peak 120.78M) | Time:00:00.29 | Rendering 25 / 64 samples
Fra:1 Mem:109.72M (Peak 120.78M) | Time:00:00.42 | Rendering 50 / 64 samples
Fra:1 Mem:109.72M (Peak 120.78M) | Time:00:00.49 | Rendering 64 / 64 samples
Fra:1 Mem:77.67M (Peak 122.81M) | Time:00:00.51 | Compositing
Append frame 1
Time: 00:00.53 (Saving: 00:00.00)

Fra:2 Mem:109.72M (Peak 122.81M) | Time:00:00.13 | Rendering 1 / 64 samples
Fra:2 Mem:109.72M (Peak 122.81M) | Time:00:00.24 | Rendering 25 / 64 samples
Fra:2 Mem:109.72M (Peak 122.81M) | Time:00:00.38 | Rendering 50 / 64 samples
Fra:2 Mem:109.72M (Peak 122.81M) | Time:00:00.44 | Rendering 64 / 64 samples
Fra:2 Mem:77.67M (Peak 122.81M) | Time:00:00.48 | Compositing
Append frame 2
Time: 00:00.50 (Saving: 00:00.00)

Fra:3 Mem:109.72M (Peak 122.81M) | Time:00:00.16 | Rendering 1 / 64 samples
Fra:3 Mem:109.72M (Peak 122.81M) | Time:00:00.28 | Rendering 25 / 64 samples
Fra:3 Mem:109.72M (Peak 122.81M) | Time:00:00.39 | Rendering 50 / 64 samples
Fra:3 Mem:109.72M (Peak 122.81M) | Time:00:00.46 | Rendering 64 / 64 samples
Fra:3 Mem:77.67M (Peak 122.81M) | Time:00:00.50 | Compositing
Append frame 3
Time: 00:00.51 (Saving: 00:00.00)

Fra:4 Mem:109.72M (Peak 122.81M) | Time:00:00.13 | Rendering 1 / 64 samples
Fra:4 Mem:109.72M (Peak 122.81M) | Time:00:00.24 | Rendering 25 / 64 samples
Fra:4 Mem:109.72M (Peak 122.81M) | Time:00:00.36 | Rendering 50 / 64 samples
Fra:4 Mem:109.72M (Peak 122.81M) | Time:00:00.44 | Rendering 64 / 64 samples
Fra:4 Mem:77.67M (Peak 122.81M) | Time:00:00.46 | Compositing
Append frame 4
Time: 00:00.48 (Saving: 00:00.00)

Fra:5 Mem:109.72M (Peak 122.81M) | Time:00:00.16 | Rendering 1 / 64 samples
Fra:5 Mem:109.72M (Peak 122.81M) | Time:00:00.28 | Rendering 25 / 64 samples
Fra:5 Mem:109.72M (Peak 122.81M) | Time:00:00.40 | Rendering 50 / 64 samples
Fra:5 Mem:109.72M (Peak 122.81M) | Time:00:00.47 | Rendering 64 / 64 samples
Fra:5 Mem:77.67M (Peak 122.81M) | Time:00:00.50 | Compositing
Append frame 5
Time: 00:00.51 (Saving: 00:00.00)

Fra:6 Mem:109.72M (Peak 122.81M) | Time:00:00.13 | Rendering 1 / 64 samples
Fra:6 Mem:109.72M (Peak 122.81M) | Time:00:00.24 | Rendering 25 / 64 samples
Fra:6 Mem:109.72M (Peak 122.81M) | Time:00:00.36 | Rendering 50 / 64 samples
Fra:6 Mem:109.72M (Peak 122.81M) | Time:00:00.43 | Rendering 64 / 64 samples
Fra:6 Mem:77.67M (Peak 122.81M) | Time:00:00.46 | Compositing
Append frame 6
Time: 00:00.48 (Saving: 00:00.00)

Fra:7 Mem:109.72M (Peak 122.81M) | Time:00:00.11 | Rendering 1 / 64 samples
Fra:7 Mem:109.72M (Peak 122.81M) | Time:00:00.23 | Rendering 25 / 64 samples
Fra:7 Mem:109.72M (Peak 122.81M) | Time:00:00.35 | Rendering 50 / 64 samples
Fra:7 Mem:109.72M (Peak 122.81M) | Time:00:00.43 | Rendering 64 / 64 samples
Fra:7 Mem:77.67M (Peak 122.81M) | Time:00:00.45 | Compositing
Append frame 7
Time: 00:00.47 (Saving: 00:00.00)

Fra:8 Mem:109.72M (Peak 122.81M) | Time:00:00.16 | Rendering 1 / 64 samples
Fra:8 Mem:109.72M (Peak 122.81M) | Time:00:00.29 | Rendering 25 / 64 samples
Fra:8 Mem:109.72M (Peak 122.81M) | Time:00:00.41 | Rendering 50 / 64 samples
Fra:8 Mem:109.72M (Peak 122.81M) | Time:00:00.47 | Rendering 64 / 64 samples
Fra:8 Mem:77.67M (Peak 122.81M) | Time:00:00.51 | Compositing
Append frame 8
Time: 00:00.52 (Saving: 00:00.00)

Fra:9 Mem:109.72M (Peak 122.81M) | Time:00:00.15 | Rendering 1 / 64 samples
Fra:9 Mem:109.72M (Peak 122.81M) | Time:00:00.27 | Rendering 25 / 64 samples
Fra:9 Mem:109.72M (Peak 122.81M) | Time:00:00.39 | Rendering 50 / 64 samples
Fra:9 Mem:109.72M (Peak 122.81M) | Time:00:00.46 | Rendering 64 / 64 samples
Fra:9 Mem:77.67M (Peak 122.81M) | Time:00:00.50 | Compositing
Append frame 9
Time: 00:00.51 (Saving: 00:00.00)

Fra:10 Mem:109.72M (Peak 122.81M) | Time:00:00.14 | Rendering 1 / 64 samples
Fra:10 Mem:109.72M (Peak 122.81M) | Time:00:00.26 | Rendering 25 / 64 samples
Fra:10 Mem:109.72M (Peak 122.81M) | Time:00:00.39 | Rendering 50 / 64 samples
Fra:10 Mem:109.72M (Peak 122.81M) | Time:00:00.46 | Rendering 64 / 64 samples
Fra:10 Mem:77.67M (Peak 122.81M) | Time:00:00.48 | Compositing
Append frame 10
Time: 00:00.49 (Saving: 00:00.00)

Fra:11 Mem:109.72M (Peak 122.81M) | Time:00:00.16 | Rendering 1 / 64 samples
Fra:11 Mem:109.72M (Peak 122.81M) | Time:00:00.29 | Rendering 25 / 64 samples
Fra:11 Mem:109.72M (Peak 122.81M) | Time:00:00.43 | Rendering 50 / 64 samples
Fra:11 Mem:109.72M (Peak 122.81M) | Time:00:00.49 | Rendering 64 / 64 samples
Fra:11 Mem:77.67M (Peak 122.81M) | Time:00:00.52 | Compositing
Append frame 11
Time: 00:00.53 (Saving: 00:00.00)

Fra:12 Mem:109.72M (Peak 122.81M) | Time:00:00.15 | Rendering 1 / 64 samples
Fra:12 Mem:109.72M (Peak 122.81M) | Time:00:00.26 | Rendering 25 / 64 samples
Fra:12 Mem:109.72M (Peak 122.81M) | Time:00:00.38 | Rendering 50 / 64 samples
Fra:12 Mem:109.72M (Peak 122.81M) | Time:00:00.45 | Rendering 64 / 64 samples
Fra:12 Mem:77.67M (Peak 122.81M) | Time:00:00.49 | Compositing
Append frame 12
Time: 00:00.50 (Saving: 00:00.00)

Fra:13 Mem:109.72M (Peak 122.81M) | Time:00:00.15 | Rendering 1 / 64 samples
Fra:13 Mem:109.72M (Peak 122.81M) | Time:00:00.26 | Rendering 25 / 64 samples
Fra:13 Mem:109.72M (Peak 122.81M) | Time:00:00.38 | Rendering 50 / 64 samples
Fra:13 Mem:109.72M (Peak 122.81M) | Time:00:00.46 | Rendering 64 / 64 samples
Fra:13 Mem:77.67M (Peak 122.81M) | Time:00:00.48 | Compositing
Append frame 13
Time: 00:00.50 (Saving: 00:00.00)

Fra:14 Mem:109.72M (Peak 122.81M) | Time:00:00.08 | Rendering 1 / 64 samples
Fra:14 Mem:109.72M (Peak 122.81M) | Time:00:00.19 | Rendering 25 / 64 samples
Fra:14 Mem:109.72M (Peak 122.81M) | Time:00:00.31 | Rendering 50 / 64 samples
Fra:14 Mem:109.72M (Peak 122.81M) | Time:00:00.38 | Rendering 64 / 64 samples
Fra:14 Mem:77.67M (Peak 122.81M) | Time:00:00.40 | Compositing
Append frame 14
Time: 00:00.41 (Saving: 00:00.00)

Fra:15 Mem:109.72M (Peak 122.81M) | Time:00:00.11 | Rendering 1 / 64 samples
Fra:15 Mem:109.72M (Peak 122.81M) | Time:00:00.23 | Rendering 25 / 64 samples
Fra:15 Mem:109.72M (Peak 122.81M) | Time:00:00.35 | Rendering 50 / 64 samples
Fra:15 Mem:109.72M (Peak 122.81M) | Time:00:00.41 | Rendering 64 / 64 samples
Fra:15 Mem:77.67M (Peak 122.81M) | Time:00:00.44 | Compositing
Append frame 15
Time: 00:00.45 (Saving: 00:00.00)

Fra:16 Mem:109.72M (Peak 122.81M) | Time:00:00.13 | Rendering 1 / 64 samples
Fra:16 Mem:109.72M (Peak 122.81M) | Time:00:00.24 | Rendering 25 / 64 samples
Fra:16 Mem:109.72M (Peak 122.81M) | Time:00:00.36 | Rendering 50 / 64 samples
Fra:16 Mem:109.72M (Peak 122.81M) | Time:00:00.43 | Rendering 64 / 64 samples
Fra:16 Mem:77.67M (Peak 122.81M) | Time:00:00.46 | Compositing
Append frame 16
Time: 00:00.47 (Saving: 00:00.00)

Fra:17 Mem:109.72M (Peak 122.81M) | Time:00:00.13 | Rendering 1 / 64 samples
Fra:17 Mem:109.72M (Peak 122.81M) | Time:00:00.25 | Rendering 25 / 64 samples
Fra:17 Mem:109.72M (Peak 122.81M) | Time:00:00.36 | Rendering 50 / 64 samples
Fra:17 Mem:109.72M (Peak 122.81M) | Time:00:00.43 | Rendering 64 / 64 samples
Fra:17 Mem:77.67M (Peak 122.81M) | Time:00:00.47 | Compositing
Append frame 17
Time: 00:00.48 (Saving: 00:00.01)

Fra:18 Mem:109.72M (Peak 122.81M) | Time:00:00.14 | Rendering 1 / 64 samples
Fra:18 Mem:109.72M (Peak 122.81M) | Time:00:00.26 | Rendering 25 / 64 samples
Fra:18 Mem:109.72M (Peak 122.81M) | Time:00:00.38 | Rendering 50 / 64 samples
Fra:18 Mem:109.72M (Peak 122.81M) | Time:00:00.44 | Rendering 64 / 64 samples
Fra:18 Mem:77.67M (Peak 122.81M) | Time:00:00.46 | Compositing
Append frame 18
Time: 00:00.47 (Saving: 00:00.00)

Fra:19 Mem:109.72M (Peak 122.81M) | Time:00:00.15 | Rendering 1 / 64 samples
Fra:19 Mem:109.72M (Peak 122.81M) | Time:00:00.27 | Rendering 25 / 64 samples
Fra:19 Mem:109.72M (Peak 122.81M) | Time:00:00.40 | Rendering 50 / 64 samples
Fra:19 Mem:109.72M (Peak 122.81M) | Time:00:00.46 | Rendering 64 / 64 samples
Fra:19 Mem:77.67M (Peak 122.81M) | Time:00:00.49 | Compositing
Append frame 19
Time: 00:00.50 (Saving: 00:00.00)

Fra:20 Mem:109.72M (Peak 122.81M) | Time:00:00.16 | Rendering 1 / 64 samples
Fra:20 Mem:109.72M (Peak 122.81M) | Time:00:00.27 | Rendering 25 / 64 samples
Fra:20 Mem:109.72M (Peak 122.81M) | Time:00:00.39 | Rendering 50 / 64 samples
Fra:20 Mem:109.72M (Peak 122.81M) | Time:00:00.46 | Rendering 64 / 64 samples
Fra:20 Mem:77.67M (Peak 122.81M) | Time:00:00.48 | Compositing
Append frame 20
Time: 00:00.49 (Saving: 00:00.00)

Fra:21 Mem:109.72M (Peak 122.81M) | Time:00:00.13 | Rendering 1 / 64 samples
Fra:21 Mem:109.72M (Peak 122.81M) | Time:00:00.24 | Rendering 25 / 64 samples
Fra:21 Mem:109.72M (Peak 122.81M) | Time:00:00.36 | Rendering 50 / 64 samples
Fra:21 Mem:109.72M (Peak 122.81M) | Time:00:00.43 | Rendering 64 / 64 samples
Fra:21 Mem:77.67M (Peak 122.81M) | Time:00:00.45 | Compositing
Append frame 21
Time: 00:00.46 (Saving: 00:00.00)

Fra:22 Mem:109.72M (Peak 122.81M) | Time:00:00.15 | Rendering 1 / 64 samples
Fra:22 Mem:109.72M (Peak 122.81M) | Time:00:00.26 | Rendering 25 / 64 samples
Fra:22 Mem:109.72M (Peak 122.81M) | Time:00:00.39 | Rendering 50 / 64 samples
Fra:22 Mem:109.72M (Peak 122.81M) | Time:00:00.46 | Rendering 64 / 64 samples
Fra:22 Mem:77.67M (Peak 122.81M) | Time:00:00.49 | Compositing
Append frame 22
Time: 00:00.50 (Saving: 00:00.00)

Fra:23 Mem:109.72M (Peak 122.81M) | Time:00:00.14 | Rendering 1 / 64 samples
Fra:23 Mem:109.72M (Peak 122.81M) | Time:00:00.26 | Rendering 25 / 64 samples
Fra:23 Mem:109.72M (Peak 122.81M) | Time:00:00.38 | Rendering 50 / 64 samples
Fra:23 Mem:109.72M (Peak 122.81M) | Time:00:00.44 | Rendering 64 / 64 samples
Fra:23 Mem:77.67M (Peak 122.81M) | Time:00:00.47 | Compositing
Append frame 23
Time: 00:00.48 (Saving: 00:00.00)

Fra:24 Mem:109.72M (Peak 122.81M) | Time:00:00.14 | Rendering 1 / 64 samples
Fra:24 Mem:109.72M (Peak 122.81M) | Time:00:00.26 | Rendering 25 / 64 samples
Fra:24 Mem:109.72M (Peak 122.81M) | Time:00:00.38 | Rendering 50 / 64 samples
Fra:24 Mem:109.72M (Peak 122.81M) | Time:00:00.44 | Rendering 64 / 64 samples
Fra:24 Mem:77.67M (Peak 122.81M) | Time:00:00.47 | Compositing
Append frame 24
Time: 00:00.48 (Saving: 00:00.00)

Fra:25 Mem:109.72M (Peak 122.81M) | Time:00:00.15 | Rendering 1 / 64 samples
Fra:25 Mem:109.72M (Peak 122.81M) | Time:00:00.26 | Rendering 25 / 64 samples
Fra:25 Mem:109.72M (Peak 122.81M) | Time:00:00.39 | Rendering 50 / 64 samples
Fra:25 Mem:109.72M (Peak 122.81M) | Time:00:00.46 | Rendering 64 / 64 samples
Fra:25 Mem:77.67M (Peak 122.81M) | Time:00:00.48 | Compositing
Append frame 25
Time: 00:00.49 (Saving: 00:00.00)

Fra:26 Mem:109.72M (Peak 122.81M) | Time:00:00.13 | Rendering 1 / 64 samples
Fra:26 Mem:109.72M (Peak 122.81M) | Time:00:00.26 | Rendering 25 / 64 samples
Fra:26 Mem:109.72M (Peak 122.81M) | Time:00:00.38 | Rendering 50 / 64 samples
Fra:26 Mem:109.72M (Peak 122.81M) | Time:00:00.45 | Rendering 64 / 64 samples
Fra:26 Mem:77.67M (Peak 122.81M) | Time:00:00.47 | Compositing
Append frame 26
Time: 00:00.48 (Saving: 00:00.00)

Fra:27 Mem:109.72M (Peak 122.81M) | Time:00:00.13 | Rendering 1 / 64 samples
Fra:27 Mem:109.72M (Peak 122.81M) | Time:00:00.24 | Rendering 25 / 64 samples
Fra:27 Mem:109.72M (Peak 122.81M) | Time:00:00.38 | Rendering 50 / 64 samples
Fra:27 Mem:109.72M (Peak 122.81M) | Time:00:00.44 | Rendering 64 / 64 samples
Fra:27 Mem:77.67M (Peak 122.81M) | Time:00:00.47 | Compositing
Append frame 27
Time: 00:00.48 (Saving: 00:00.00)

Fra:28 Mem:109.72M (Peak 122.81M) | Time:00:00.15 | Rendering 1 / 64 samples
Fra:28 Mem:109.72M (Peak 122.81M) | Time:00:00.26 | Rendering 25 / 64 samples
Fra:28 Mem:109.72M (Peak 122.81M) | Time:00:00.39 | Rendering 50 / 64 samples
Fra:28 Mem:109.72M (Peak 122.81M) | Time:00:00.45 | Rendering 64 / 64 samples
Fra:28 Mem:77.68M (Peak 122.81M) | Time:00:00.49 | Compositing
Append frame 28
Time: 00:00.50 (Saving: 00:00.00)

Fra:29 Mem:109.72M (Peak 122.81M) | Time:00:00.15 | Rendering 1 / 64 samples
Fra:29 Mem:109.72M (Peak 122.81M) | Time:00:00.27 | Rendering 25 / 64 samples
Fra:29 Mem:109.72M (Peak 122.81M) | Time:00:00.39 | Rendering 50 / 64 samples
Fra:29 Mem:109.72M (Peak 122.81M) | Time:00:00.46 | Rendering 64 / 64 samples
Fra:29 Mem:77.68M (Peak 122.81M) | Time:00:00.48 | Compositing
Append frame 29
Time: 00:00.50 (Saving: 00:00.01)

Fra:30 Mem:109.72M (Peak 122.81M) | Time:00:00.14 | Rendering 1 / 64 samples
Fra:30 Mem:109.72M (Peak 122.81M) | Time:00:00.26 | Rendering 25 / 64 samples
Fra:30 Mem:109.72M (Peak 122.81M) | Time:00:00.37 | Rendering 50 / 64 samples
Fra:30 Mem:109.72M (Peak 122.81M) | Time:00:00.44 | Rendering 64 / 64 samples
Fra:30 Mem:77.68M (Peak 122.81M) | Time:00:00.48 | Compositing
Append frame 30
Time: 00:00.49 (Saving: 00:00.00)

Fra:31 Mem:109.72M (Peak 122.81M) | Time:00:00.13 | Rendering 1 / 64 samples
Fra:31 Mem:109.72M (Peak 122.81M) | Time:00:00.25 | Rendering 25 / 64 samples
Fra:31 Mem:109.72M (Peak 122.81M) | Time:00:00.36 | Rendering 50 / 64 samples
Fra:31 Mem:109.72M (Peak 122.81M) | Time:00:00.43 | Rendering 64 / 64 samples
Fra:31 Mem:77.68M (Peak 122.81M) | Time:00:00.45 | Compositing
Append frame 31
Time: 00:00.46 (Saving: 00:00.00)

Fra:32 Mem:109.72M (Peak 122.81M) | Time:00:00.15 | Rendering 1 / 64 samples
Fra:32 Mem:109.72M (Peak 122.81M) | Time:00:00.27 | Rendering 25 / 64 samples
Fra:32 Mem:109.72M (Peak 122.81M) | Time:00:00.40 | Rendering 50 / 64 samples
Fra:32 Mem:109.72M (Peak 122.81M) | Time:00:00.46 | Rendering 64 / 64 samples
Fra:32 Mem:77.68M (Peak 122.81M) | Time:00:00.48 | Compositing
Append frame 32
Time: 00:00.50 (Saving: 00:00.00)

Fra:33 Mem:109.72M (Peak 122.81M) | Time:00:00.11 | Rendering 1 / 64 samples
Fra:33 Mem:109.72M (Peak 122.81M) | Time:00:00.23 | Rendering 25 / 64 samples
Fra:33 Mem:109.72M (Peak 122.81M) | Time:00:00.35 | Rendering 50 / 64 samples
Fra:33 Mem:109.72M (Peak 122.81M) | Time:00:00.41 | Rendering 64 / 64 samples
Fra:33 Mem:77.68M (Peak 122.81M) | Time:00:00.44 | Compositing
Append frame 33
Time: 00:00.45 (Saving: 00:00.01)

Fra:34 Mem:109.72M (Peak 122.81M) | Time:00:00.14 | Rendering 1 / 64 samples
Fra:34 Mem:109.72M (Peak 122.81M) | Time:00:00.25 | Rendering 25 / 64 samples
Fra:34 Mem:109.72M (Peak 122.81M) | Time:00:00.37 | Rendering 50 / 64 samples
Fra:34 Mem:109.72M (Peak 122.81M) | Time:00:00.44 | Rendering 64 / 64 samples
Fra:34 Mem:77.68M (Peak 122.81M) | Time:00:00.47 | Compositing
Append frame 34
Time: 00:00.49 (Saving: 00:00.01)

Fra:35 Mem:109.72M (Peak 122.81M) | Time:00:00.14 | Rendering 1 / 64 samples
Fra:35 Mem:109.72M (Peak 122.81M) | Time:00:00.26 | Rendering 25 / 64 samples
Fra:35 Mem:109.72M (Peak 122.81M) | Time:00:00.37 | Rendering 50 / 64 samples
Fra:35 Mem:109.72M (Peak 122.81M) | Time:00:00.44 | Rendering 64 / 64 samples
Fra:35 Mem:77.68M (Peak 122.81M) | Time:00:00.46 | Compositing
Append frame 35
Time: 00:00.47 (Saving: 00:00.00)

Fra:36 Mem:109.72M (Peak 122.81M) | Time:00:00.11 | Rendering 1 / 64 samples
Fra:36 Mem:109.72M (Peak 122.81M) | Time:00:00.23 | Rendering 25 / 64 samples
Fra:36 Mem:109.72M (Peak 122.81M) | Time:00:00.36 | Rendering 50 / 64 samples
Fra:36 Mem:109.72M (Peak 122.81M) | Time:00:00.43 | Rendering 64 / 64 samples
Fra:36 Mem:77.68M (Peak 122.81M) | Time:00:00.45 | Compositing
Append frame 36
Time: 00:00.46 (Saving: 00:00.00)

Fra:37 Mem:109.72M (Peak 122.81M) | Time:00:00.11 | Rendering 1 / 64 samples
Fra:37 Mem:109.72M (Peak 122.81M) | Time:00:00.23 | Rendering 25 / 64 samples
Fra:37 Mem:109.72M (Peak 122.81M) | Time:00:00.34 | Rendering 50 / 64 samples
Fra:37 Mem:109.72M (Peak 122.81M) | Time:00:00.41 | Rendering 64 / 64 samples
Fra:37 Mem:77.68M (Peak 122.81M) | Time:00:00.43 | Compositing
Append frame 37
Time: 00:00.44 (Saving: 00:00.00)

Fra:38 Mem:109.72M (Peak 122.81M) | Time:00:00.11 | Rendering 1 / 64 samples
Fra:38 Mem:109.72M (Peak 122.81M) | Time:00:00.23 | Rendering 25 / 64 samples
Fra:38 Mem:109.72M (Peak 122.81M) | Time:00:00.35 | Rendering 50 / 64 samples
Fra:38 Mem:109.72M (Peak 122.81M) | Time:00:00.41 | Rendering 64 / 64 samples
Fra:38 Mem:77.68M (Peak 122.81M) | Time:00:00.45 | Compositing
Append frame 38
Time: 00:00.47 (Saving: 00:00.01)

MP4_DONE I:\工作项目\BIGMANFIGHT\角色资产\美术资产\bigman_v001\previews\anim\Hit_Leg_side.mp4

Blender quit
Error: Not freed memory blocks: 1, total unfreed memory 0.000008 MB
