Blender 4.5.0 (hash 8cb6b388974a built 2025-07-15 01:36:24)
Read blend: "I:\工作项目\BIGMANFIGHT\角色资产\美术资产\bigman_v001\bigman_anim_v001.blend"
Fra:3 Mem:107.69M (Peak 110.88M) | Time:00:00.60 | Rendering 1 / 64 samples
Fra:3 Mem:107.69M (Peak 110.88M) | Time:00:00.69 | Rendering 25 / 64 samples
Fra:3 Mem:107.69M (Peak 110.88M) | Time:00:00.80 | Rendering 50 / 64 samples
Fra:3 Mem:107.69M (Peak 110.88M) | Time:00:00.85 | Rendering 64 / 64 samples
Fra:3 Mem:75.64M (Peak 120.78M) | Time:00:00.88 | Compositing
Saved: 'I:\工作项目\BIGMANFIGHT\角色资产\美术资产\bigman_v001\previews\anim\_owner_base_f0003.png'
Time: 00:00.93 (Saving: 00:00.04)

Fra:3 Mem:109.72M (Peak 112.87M) | Time:00:00.25 | Rendering 1 / 64 samples
Fra:3 Mem:109.72M (Peak 112.87M) | Time:00:00.35 | Rendering 25 / 64 samples
Fra:3 Mem:109.72M (Peak 112.87M) | Time:00:00.45 | Rendering 50 / 64 samples
Fra:3 Mem:109.72M (Peak 112.87M) | Time:00:00.52 | Rendering 64 / 64 samples
Fra:3 Mem:77.68M (Peak 122.81M) | Time:00:00.54 | Compositing
Saved: 'I:\工作项目\BIGMANFIGHT\角色资产\美术资产\bigman_v001\previews\anim\_owner_Jacket_Back_Seam_f0003.png'
Time: 00:00.58 (Saving: 00:00.03)

Fra:3 Mem:109.70M (Peak 112.85M) | Time:00:00.23 | Rendering 1 / 64 samples
Fra:3 Mem:109.70M (Peak 112.85M) | Time:00:00.33 | Rendering 25 / 64 samples
Fra:3 Mem:109.70M (Peak 112.85M) | Time:00:00.43 | Rendering 50 / 64 samples
Fra:3 Mem:109.70M (Peak 112.85M) | Time:00:00.50 | Rendering 64 / 64 samples
Fra:3 Mem:77.67M (Peak 122.80M) | Time:00:00.52 | Compositing
Saved: 'I:\工作项目\BIGMANFIGHT\角色资产\美术资产\bigman_v001\previews\anim\_owner_Jacket_Button_2_f0003.png'
Time: 00:00.56 (Saving: 00:00.03)

Fra:3 Mem:109.61M (Peak 112.77M) | Time:00:00.19 | Rendering 1 / 64 samples
Fra:3 Mem:109.61M (Peak 112.77M) | Time:00:00.29 | Rendering 25 / 64 samples
Fra:3 Mem:109.61M (Peak 112.77M) | Time:00:00.39 | Rendering 50 / 64 samples
Fra:3 Mem:109.61M (Peak 112.77M) | Time:00:00.45 | Rendering 64 / 64 samples
Fra:3 Mem:77.59M (Peak 122.70M) | Time:00:00.47 | Compositing
Saved: 'I:\工作项目\BIGMANFIGHT\角色资产\美术资产\bigman_v001\previews\anim\_owner_Jacket_Hem_f0003.png'
Time: 00:00.52 (Saving: 00:00.04)

Fra:3 Mem:109.69M (Peak 112.84M) | Time:00:00.25 | Rendering 1 / 64 samples
Fra:3 Mem:109.69M (Peak 112.84M) | Time:00:00.36 | Rendering 25 / 64 samples
Fra:3 Mem:109.69M (Peak 112.84M) | Time:00:00.47 | Rendering 50 / 64 samples
Fra:3 Mem:109.69M (Peak 112.84M) | Time:00:00.52 | Rendering 64 / 64 samples
Fra:3 Mem:77.65M (Peak 122.78M) | Time:00:00.54 | Compositing
Saved: 'I:\工作项目\BIGMANFIGHT\角色资产\美术资产\bigman_v001\previews\anim\_owner_Jacket_Hem_Line_f0003.png'
Time: 00:00.58 (Saving: 00:00.03)

Fra:3 Mem:109.72M (Peak 112.88M) | Time:00:00.26 | Rendering 1 / 64 samples
Fra:3 Mem:109.72M (Peak 112.88M) | Time:00:00.36 | Rendering 25 / 64 samples
Fra:3 Mem:109.72M (Peak 112.88M) | Time:00:00.47 | Rendering 50 / 64 samples
Fra:3 Mem:109.72M (Peak 112.88M) | Time:00:00.53 | Rendering 64 / 64 samples
Fra:3 Mem:77.68M (Peak 122.81M) | Time:00:00.55 | Compositing
Saved: 'I:\工作项目\BIGMANFIGHT\角色资产\美术资产\bigman_v001\previews\anim\_owner_Jacket_Vent_f0003.png'
Time: 00:00.59 (Saving: 00:00.03)

Fra:3 Mem:109.72M (Peak 112.87M) | Time:00:00.23 | Rendering 1 / 64 samples
Fra:3 Mem:109.72M (Peak 112.87M) | Time:00:00.33 | Rendering 25 / 64 samples
Fra:3 Mem:109.72M (Peak 112.87M) | Time:00:00.43 | Rendering 50 / 64 samples
Fra:3 Mem:109.72M (Peak 112.87M) | Time:00:00.49 | Rendering 64 / 64 samples
Fra:3 Mem:77.67M (Peak 122.81M) | Time:00:00.52 | Compositing
Saved: 'I:\工作项目\BIGMANFIGHT\角色资产\美术资产\bigman_v001\previews\anim\_owner_Pocket_Flap_L_f0003.png'
Time: 00:00.57 (Saving: 00:00.04)

Fra:3 Mem:109.72M (Peak 112.87M) | Time:00:00.26 | Rendering 1 / 64 samples
Fra:3 Mem:109.72M (Peak 112.87M) | Time:00:00.36 | Rendering 25 / 64 samples
Fra:3 Mem:109.72M (Peak 112.87M) | Time:00:00.46 | Rendering 50 / 64 samples
Fra:3 Mem:109.72M (Peak 112.87M) | Time:00:00.54 | Rendering 64 / 64 samples
Fra:3 Mem:77.67M (Peak 122.81M) | Time:00:00.57 | Compositing
Saved: 'I:\工作项目\BIGMANFIGHT\角色资产\美术资产\bigman_v001\previews\anim\_owner_Pocket_Flap_R_f0003.png'
Time: 00:00.61 (Saving: 00:00.03)

Fra:3 Mem:109.31M (Peak 112.33M) | Time:00:00.26 | Rendering 1 / 64 samples
Fra:3 Mem:109.31M (Peak 112.33M) | Time:00:00.35 | Rendering 25 / 64 samples
Fra:3 Mem:109.31M (Peak 112.33M) | Time:00:00.45 | Rendering 50 / 64 samples
Fra:3 Mem:109.31M (Peak 112.33M) | Time:00:00.52 | Rendering 64 / 64 samples
Fra:3 Mem:77.37M (Peak 122.41M) | Time:00:00.54 | Compositing
Saved: 'I:\工作项目\BIGMANFIGHT\角色资产\美术资产\bigman_v001\previews\anim\_owner_Sleeve_L_f0003.png'
Time: 00:00.59 (Saving: 00:00.03)

Fra:3 Mem:109.31M (Peak 112.33M) | Time:00:00.25 | Rendering 1 / 64 samples
Fra:3 Mem:109.31M (Peak 112.33M) | Time:00:00.35 | Rendering 25 / 64 samples
Fra:3 Mem:109.31M (Peak 112.33M) | Time:00:00.45 | Rendering 50 / 64 samples
Fra:3 Mem:109.31M (Peak 112.33M) | Time:00:00.51 | Rendering 64 / 64 samples
Fra:3 Mem:77.37M (Peak 122.41M) | Time:00:00.54 | Compositing
Saved: 'I:\工作项目\BIGMANFIGHT\角色资产\美术资产\bigman_v001\previews\anim\_owner_Sleeve_R_f0003.png'
Time: 00:00.58 (Saving: 00:00.03)

Fra:3 Mem:109.28M (Peak 112.28M) | Time:00:00.29 | Rendering 1 / 64 samples
Fra:3 Mem:109.28M (Peak 112.28M) | Time:00:00.38 | Rendering 25 / 64 samples
Fra:3 Mem:109.28M (Peak 112.28M) | Time:00:00.48 | Rendering 50 / 64 samples
Fra:3 Mem:109.28M (Peak 112.28M) | Time:00:00.54 | Rendering 64 / 64 samples
Fra:3 Mem:77.35M (Peak 122.37M) | Time:00:00.57 | Compositing
Saved: 'I:\工作项目\BIGMANFIGHT\角色资产\美术资产\bigman_v001\previews\anim\_owner_Suit_Torso_f0003.png'
Time: 00:00.62 (Saving: 00:00.03)

Fra:3 Mem:109.37M (Peak 112.40M) | Time:00:00.29 | Rendering 1 / 64 samples
Fra:3 Mem:109.37M (Peak 112.40M) | Time:00:00.39 | Rendering 25 / 64 samples
Fra:3 Mem:109.37M (Peak 112.40M) | Time:00:00.49 | Rendering 50 / 64 samples
Fra:3 Mem:109.37M (Peak 112.40M) | Time:00:00.54 | Rendering 64 / 64 samples
Fra:3 Mem:77.42M (Peak 122.46M) | Time:00:00.58 | Compositing
Saved: 'I:\工作项目\BIGMANFIGHT\角色资产\美术资产\bigman_v001\previews\anim\_owner_Trouser_L_f0003.png'
Time: 00:00.63 (Saving: 00:00.04)

Fra:3 Mem:109.37M (Peak 112.40M) | Time:00:00.32 | Rendering 1 / 64 samples
Fra:3 Mem:109.37M (Peak 112.40M) | Time:00:00.42 | Rendering 25 / 64 samples
Fra:3 Mem:109.37M (Peak 112.40M) | Time:00:00.52 | Rendering 50 / 64 samples
Fra:3 Mem:109.37M (Peak 112.40M) | Time:00:00.57 | Rendering 64 / 64 samples
Fra:3 Mem:77.42M (Peak 122.46M) | Time:00:00.60 | Compositing
Saved: 'I:\工作项目\BIGMANFIGHT\角色资产\美术资产\bigman_v001\previews\anim\_owner_Trouser_R_f0003.png'
Time: 00:00.63 (Saving: 00:00.03)

OWNER_BASE_PX 144977
OWNER [
 {
  "name": "Trouser_L",
  "px_removed": 22847,
  "vgroups": 3,
  "z_mm": [
   104,
   955
  ],
  "y_mm": [
   -305,
   153
  ]
 },
 {
  "name": "Trouser_R",
  "px_removed": 22392,
  "vgroups": 3,
  "z_mm": [
   71,
   950
  ],
  "y_mm": [
   -177,
   176
  ]
 },
 {
  "name": "Suit_Torso",
  "px_removed": 16180,
  "vgroups": 5,
  "z_mm": [
   810,
   1439
  ],
  "y_mm": [
   -260,
   164
  ]
 },
 {
  "name": "Sleeve_R",
  "px_removed": 1451,
  "vgroups": 3,
  "z_mm": [
   919,
   1349
  ],
  "y_mm": [
   -329,
   12
  ]
 },
 {
  "name": "Sleeve_L",
  "px_removed": 911,
  "vgroups": 3,
  "z_mm": [
   914,
   1352
  ],
  "y_mm": [
   -299,
   24
  ]
 },
 {
  "name": "Jacket_Back_Seam",
  "px_removed": 308,
  "vgroups": 5,
  "z_mm": [
   1053,
   1342
  ],
  "y_mm": [
   13,
   134
  ]
 },
 {
  "name": "Jacket_Vent",
  "px_removed": 75,
  "vgroups": 5,
  "z_mm": [
   846,
   955
  ],
  "y_mm": [
   146,
   169
  ]
 },
 {
  "name": "Jacket_Hem",
  "px_removed": 74,
  "vgroups": 0,
  "z_mm": [
   903,
   926
  ],
  "y_mm": [
   -122,
   129
  ]
 },
 {
  "name": "Jacket_Hem_Line",
  "px_removed": 19,
  "vgroups": 0,
  "z_mm": [
   897,
   901
  ],
  "y_mm": [
   -120,
   126
  ]
 },
 {
  "name": "Pocket_Flap_R",
  "px_removed": 8,
  "vgroups": 5,
  "z_mm": [
   888,
   943
  ],
  "y_mm": [
   -110,
   -54
  ]
 },
 {
  "name": "Jacket_Button_2",
  "px_removed": 0,
  "vgroups": 5,
  "z_mm": [
   1056,
   1073
  ],
  "y_mm": [
   -153,
   -143
  ]
 },
 {
  "name": "Pocket_Flap_L",
  "px_removed": 0,
  "vgroups": 5,
  "z_mm": [
   888,
   944
  ],
  "y_mm": [
   -109,
   -51
  ]
 }
]
OWNER_DONE

Blender quit
Error: Not freed memory blocks: 1, total unfreed memory 0.000008 MB
