D18_LAYOUT {"total_frames": 36, "seconds": 0.6, "legs_down": 4, "plant": 8, "chest_up": 12, "hand_off": 17, "tuck": 21, "foot_set": 25, "rise_mid": 30, "stand": 34, "vertical_channel": {"shape": "★ **无弹道段**：骨盆沿单调上升曲线 128 → 830 mm（四段支点：背/臀→掌→脚→双腿）", "pelvis_z_keys": [[0, 128.0], [4, 152.0], [8, 172.0], [12, 250.0], [17, 420.0], [21, 520.0], [25, 620.0], [30, 730.0], [34, 830.0], [36, 830.0]], "pelvis_y_keys": [[0, 470.0], [4, 452.0], [8, 430.0], [12, 398.0], [17, 350.0], [21, 290.0], [25, 220.0], [30, 110.0], [34, 0.0], [36, 0.0]]}, "seam": {"action": "Knockdown_B", "frame": 20, "src": {"action": "Knockdown_B", "found": true, "frame": 20, "rot_bones": 53, "loc_bones": ["pelvis"], "frame_range": [0, 20]}}, "end": {"action": "Idle_01", "frame": 0, "src": {"action": "Idle_01", "found": true, "frame": 0, "rot_bones": 52, "loc_bones": ["pelvis"], "frame_range": [0, 180]}}, "measured": {"seam_pelvis_z_mm": 128.0, "end_pelvis_z_mm": 830.0, "rise_mm": 702.0, "seam_ankle_mm": {"L": [329.978, 231.262, 300.001], "R": [-329.982, 228.703, 299.997]}, "end_ankle_mm": {"L": [143.178, -169.571, 79.76], "R": [-141.579, 140.432, 79.827]}, "seam_fist_mm": {"L": [595.461, 1275.328, -42.735], "R": [-635.184, 1255.257, -31.84]}, "seam_shoulder_mm": null, "end_off_mm": {"L": [-6.173, -256.577, -41.816], "R": [21.12, -222.327, -14.704]}}, "chest_tail_at_chest_up_mm": 441.698, "roll_weight_mode": "always", "note": "D18 背面起身：零位 = **`Knockdown_B@20` 落盘帧**；终点 = **`Idle_01@0` 落盘帧**（跨族接缝）。竖直通道**无弹道段**，骨盆单调升 **702 mm**；支点**背/臀 → 掌 → 脚**，换**两次**。"}
D18_MULTI {"f": 1, "bone": "foot.R", "eul": [-22.84, 12.14, 2.78], "prev_eul": [-22.84, 12.14, 2.78], "step": 0.0, "dw": 10.65, "ddir": 10.64, "y": 12.14}
D18_MULTI {"f": 1, "bone": "forearm.R", "eul": [123.31, 46.34, 62.6], "prev_eul": [109.59, 59.12, 77.55], "step": 14.95, "dw": 19.25, "ddir": 19.15, "y": 46.34}
D18_MULTI {"f": 1, "bone": "forearm.L", "eul": [61.31, -74.62, 12.16], "prev_eul": [45.09, -68.16, -1.0], "step": 16.22, "dw": 18.44, "ddir": 18.43, "y": -74.62}
D18_MULTI {"f": 1, "bone": "hand.L", "eul": [-53.58, 31.63, -43.42], "prev_eul": [-39.47, 45.51, -30.17], "step": 14.11, "dw": 4.3, "ddir": 1.59, "y": 31.63}
D18_MULTI {"f": 1, "bone": "shin.L", "eul": [133.82, 76.73, 14.65], "prev_eul": [139.73, 76.63, 15.37], "step": 5.91, "dw": 11.04, "ddir": 11.04, "y": 76.73}
D18_MULTI {"f": 1, "bone": "shin.R", "eul": [118.35, -95.26, 0.95], "prev_eul": [149.96, -94.43, -25.55], "step": 31.61, "dw": 10.65, "ddir": 10.65, "y": -95.26}
D18_MULTI {"f": 1, "bone": "thigh.L", "eul": [-10.84, 46.96, 8.33], "prev_eul": [-15.39, 45.61, 0.53], "step": 7.8, "dw": 5.85, "ddir": 5.85, "y": 46.96}
D18_MULTI {"f": 1, "bone": "upperarm.R", "eul": [41.2, 9.09, 10.29], "prev_eul": [46.41, 14.63, 3.57], "step": 6.72, "dw": 10.99, "ddir": 10.99, "y": 9.09}
D18_MULTI {"f": 2, "bone": "foot.R", "eul": [-22.84, 12.14, 2.78], "prev_eul": [-22.84, 12.14, 2.78], "step": 0.0, "dw": 21.69, "ddir": 21.48, "y": 12.14}
D18_MULTI {"f": 2, "bone": "forearm.R", "eul": [136.0, 47.3, 49.26], "prev_eul": [123.31, 46.34, 62.6], "step": 13.34, "dw": 17.47, "ddir": 16.0, "y": 47.3}
D18_MULTI {"f": 2, "bone": "forearm.L", "eul": [74.37, -84.05, 19.79], "prev_eul": [61.31, -74.62, 12.16], "step": 13.06, "dw": 15.47, "ddir": 15.23, "y": -84.05}
D18_MULTI {"f": 2, "bone": "hand.L", "eul": [-63.65, 21.72, -54.14], "prev_eul": [-53.58, 31.63, -43.42], "step": 10.72, "dw": 2.53, "ddir": 1.59, "y": 21.72}
D18_MULTI {"f": 2, "bone": "shin.L", "eul": [119.0, 77.52, 17.19], "prev_eul": [133.82, 76.73, 14.65], "step": 14.82, "dw": 22.44, "ddir": 22.44, "y": 77.52}
D18_MULTI {"f": 2, "bone": "shin.R", "eul": [79.91, -100.59, 22.48], "prev_eul": [118.35, -95.26, 0.95], "step": 38.44, "dw": 21.69, "ddir": 21.69, "y": -100.59}
D18_MULTI {"f": 2, "bone": "thigh.L", "eul": [-6.94, 47.85, 15.23], "prev_eul": [-10.84, 46.96, 8.33], "step": 6.9, "dw": 5.11, "ddir": 5.11, "y": 47.85}
D18_MULTI {"f": 2, "bone": "upperarm.R", "eul": [38.94, 4.29, 13.89], "prev_eul": [41.2, 9.09, 10.29], "step": 4.8, "dw": 7.0, "ddir": 6.67, "y": 4.29}
D18_MULTI {"f": 3, "bone": "foot.R", "eul": [-22.84, 12.14, 2.78], "prev_eul": [-22.84, 12.14, 2.78], "step": 0.0, "dw": 20.37, "ddir": 20.01, "y": 12.14}
D18_MULTI {"f": 3, "bone": "forearm.R", "eul": [146.95, 52.82, 38.57], "prev_eul": [136.0, 47.3, 49.26], "step": 10.95, "dw": 17.71, "ddir": 15.91, "y": 52.82}
D18_MULTI {"f": 3, "bone": "forearm.L", "eul": [97.94, -93.25, 13.8], "prev_eul": [74.37, -84.05, 19.79], "step": 23.57, "dw": 15.2, "ddir": 15.07, "y": -93.25}
D18_MULTI {"f": 3, "bone": "hand.L", "eul": [-71.05, 10.94, -64.04], "prev_eul": [-63.65, 21.72, -54.14], "step": 10.78, "dw": 1.59, "ddir": 1.59, "y": 10.94}
D18_MULTI {"f": 3, "bone": "shin.L", "eul": [97.26, 78.9, 19.43], "prev_eul": [119.0, 77.52, 17.19], "step": 21.74, "dw": 20.82, "ddir": 20.82, "y": 78.9}
D18_MULTI {"f": 3, "bone": "shin.R", "eul": [57.7, -106.7, 21.1], "prev_eul": [79.91, -100.59, 22.48], "step": 22.21, "dw": 20.37, "ddir": 20.36, "y": -106.7}
D18_MULTI {"f": 3, "bone": "thigh.L", "eul": [-10.35, 47.48, 10.18], "prev_eul": [-6.94, 47.85, 15.23], "step": 5.05, "dw": 3.16, "ddir": 3.16, "y": 47.48}
D18_MULTI {"f": 3, "bone": "upperarm.R", "eul": [38.56, 2.73, 16.97], "prev_eul": [38.94, 4.29, 13.89], "step": 3.08, "dw": 3.73, "ddir": 3.72, "y": 2.73}
D18_MULTI {"f": 4, "bone": "foot.R", "eul": [-22.84, 12.14, 2.78], "prev_eul": [-22.84, 12.14, 2.78], "step": 0.0, "dw": 350.44, "ddir": 9.44, "y": 12.14}
D18_MULTI {"f": 4, "bone": "forearm.R", "eul": [158.03, 63.23, 30.99], "prev_eul": [146.95, 52.82, 38.57], "step": 11.08, "dw": 20.48, "ddir": 17.46, "y": 63.23}
D18_MULTI {"f": 4, "bone": "forearm.L", "eul": [102.12, -99.93, 25.8], "prev_eul": [97.94, -93.25, 13.8], "step": 12.0, "dw": 16.49, "ddir": 16.47, "y": -99.93}
D18_MULTI {"f": 4, "bone": "hand.L", "eul": [-75.73, -2.02, -75.55], "prev_eul": [-71.05, 10.94, -64.04], "step": 12.96, "dw": 4.31, "ddir": 1.59, "y": -2.02}
D18_MULTI {"f": 4, "bone": "shin.L", "eul": [82.93, 79.52, 18.39], "prev_eul": [97.26, 78.9, 19.43], "step": 14.33, "dw": 9.68, "ddir": 9.68, "y": 79.52}
D18_MULTI {"f": 4, "bone": "shin.R", "eul": [47.81, -108.96, 17.68], "prev_eul": [57.7, -106.7, 21.1], "step": 9.89, "dw": 9.56, "ddir": 9.56, "y": -108.96}
D18_MULTI {"f": 4, "bone": "thigh.L", "eul": [-14.05, 46.78, 4.52], "prev_eul": [-10.35, 47.48, 10.18], "step": 5.66, "dw": 3.65, "ddir": 3.65, "y": 46.78}
D18_MULTI {"f": 4, "bone": "upperarm.R", "eul": [39.22, 3.45, 17.49], "prev_eul": [38.56, 2.73, 16.97], "step": 0.72, "dw": 0.49, "ddir": 0.48, "y": 3.45}
D18_MULTI {"f": 5, "bone": "foot.R", "eul": [-22.0, 11.65, 2.67], "prev_eul": [-22.84, 12.14, 2.78], "step": 0.84, "dw": 2.33, "ddir": 2.33, "y": 11.65}
D18_MULTI {"f": 5, "bone": "forearm.R", "eul": [164.71, 69.32, 35.5], "prev_eul": [158.03, 63.23, 30.99], "step": 6.68, "dw": 8.13, "ddir": 6.45, "y": 69.32}
D18_MULTI {"f": 5, "bone": "forearm.L", "eul": [105.15, -102.25, 24.48], "prev_eul": [102.12, -99.93, 25.8], "step": 3.03, "dw": 6.71, "ddir": 6.43, "y": -102.25}
D18_MULTI {"f": 5, "bone": "hand.L", "eul": [-73.2, -7.75, -81.04], "prev_eul": [-75.73, -2.02, -75.55], "step": 5.73, "dw": 4.36, "ddir": 1.59, "y": -7.75}
D18_MULTI {"f": 5, "bone": "shin.L", "eul": [84.84, 79.09, 17.27], "prev_eul": [82.93, 79.52, 18.39], "step": 1.91, "dw": 1.57, "ddir": 1.56, "y": 79.09}
D18_MULTI {"f": 5, "bone": "shin.R", "eul": [50.13, -108.58, 18.41], "prev_eul": [47.81, -108.96, 17.68], "step": 2.32, "dw": 1.47, "ddir": 1.47, "y": -108.58}
D18_MULTI {"f": 5, "bone": "thigh.L", "eul": [-13.55, 47.2, 6.01], "prev_eul": [-14.05, 46.78, 4.52], "step": 1.49, "dw": 1.49, "ddir": 1.49, "y": 47.2}
D18_MULTI {"f": 5, "bone": "upperarm.R", "eul": [38.85, 6.32, 13.27], "prev_eul": [39.22, 3.45, 17.49], "step": 4.22, "dw": 4.97, "ddir": 4.71, "y": 6.32}
D18_MULTI {"f": 6, "bone": "foot.R", "eul": [-20.06, 10.54, 2.42], "prev_eul": [-22.0, 11.65, 2.67], "step": 1.94, "dw": 5.21, "ddir": 5.16, "y": 10.54}
D18_MULTI {"f": 6, "bone": "forearm.R", "eul": [172.23, 75.41, 41.89], "prev_eul": [164.71, 69.32, 35.5], "step": 7.52, "dw": 8.19, "ddir": 5.69, "y": 75.41}
D18_MULTI {"f": 6, "bone": "forearm.L", "eul": [104.87, -105.26, 25.96], "prev_eul": [105.15, -102.25, 24.48], "step": 3.01, "dw": 5.83, "ddir": 5.77, "y": -105.26}
D18_MULTI {"f": 6, "bone": "hand.L", "eul": [-70.75, -12.48, -85.32], "prev_eul": [-73.2, -7.75, -81.04], "step": 4.73, "dw": 4.38, "ddir": 1.59, "y": -12.48}
D18_MULTI {"f": 6, "bone": "shin.L", "eul": [90.57, 78.76, 17.32], "prev_eul": [84.84, 79.09, 17.27], "step": 5.73, "dw": 3.11, "ddir": 3.11, "y": 78.76}
D18_MULTI {"f": 6, "bone": "shin.R", "eul": [54.29, -108.22, 20.0], "prev_eul": [50.13, -108.58, 18.41], "step": 4.16, "dw": 3.12, "ddir": 3.12, "y": -108.22}
D18_MULTI {"f": 6, "bone": "thigh.L", "eul": [-12.34, 47.88, 8.95], "prev_eul": [-13.55, 47.2, 6.01], "step": 2.94, "dw": 2.58, "ddir": 2.58, "y": 47.88}
D18_MULTI {"f": 6, "bone": "upperarm.R", "eul": [37.12, 9.69, 8.88], "prev_eul": [38.85, 6.32, 13.27], "step": 4.39, "dw": 5.41, "ddir": 5.21, "y": 9.69}
D18_MULTI {"f": 7, "bone": "foot.R", "eul": [-17.92, 9.32, 2.14], "prev_eul": [-20.06, 10.54, 2.42], "step": 2.14, "dw": 353.41, "ddir": 6.54, "y": 9.32}
D18_MULTI {"f": 7, "bone": "forearm.R", "eul": [181.85, 66.12, 51.5], "prev_eul": [172.23, 75.41, 41.89], "step": 9.62, "dw": 9.99, "ddir": 4.89, "y": 66.12}
D18_MULTI {"f": 7, "bone": "forearm.L", "eul": [104.64, -107.81, 26.4], "prev_eul": [104.87, -105.26, 25.96], "step": 2.55, "dw": 5.23, "ddir": 5.06, "y": -107.81}
D18_MULTI {"f": 7, "bone": "hand.L", "eul": [-67.09, -16.12, -88.97], "prev_eul": [-70.75, -12.48, -85.32], "step": 3.66, "dw": 4.47, "ddir": 1.59, "y": -16.12}
D18_MULTI {"f": 7, "bone": "shin.L", "eul": [98.39, 78.39, 17.5], "prev_eul": [90.57, 78.76, 17.32], "step": 7.82, "dw": 4.25, "ddir": 4.25, "y": 78.39}
D18_MULTI {"f": 7, "bone": "shin.R", "eul": [59.92, -107.67, 22.09], "prev_eul": [54.29, -108.22, 20.0], "step": 5.63, "dw": 4.3, "ddir": 4.29, "y": -107.67}
D18_MULTI {"f": 7, "bone": "thigh.L", "eul": [-10.45, 48.71, 13.05], "prev_eul": [-12.34, 47.88, 8.95], "step": 4.1, "dw": 3.4, "ddir": 3.4, "y": 48.71}
D18_MULTI {"f": 7, "bone": "upperarm.R", "eul": [34.17, 13.24, 4.28], "prev_eul": [37.12, 9.69, 8.88], "step": 4.6, "dw": 5.81, "ddir": 5.65, "y": 13.24}
D18_MULTI {"f": 8, "bone": "foot.R", "eul": [-16.44, 8.5, 1.95], "prev_eul": [-17.92, 9.32, 2.14], "step": 1.48, "dw": 6.55, "ddir": 6.54, "y": 8.5}
D18_MULTI {"f": 8, "bone": "forearm.R", "eul": [186.26, 62.02, 56.86], "prev_eul": [181.85, 66.12, 51.5], "step": 5.36, "dw": 4.92, "ddir": 3.93, "y": 62.02}
D18_MULTI {"f": 8, "bone": "forearm.L", "eul": [102.26, -109.92, 27.85], "prev_eul": [104.64, -107.81, 26.4], "step": 2.38, "dw": 4.33, "ddir": 4.2, "y": -109.92}
D18_MULTI {"f": 8, "bone": "hand.L", "eul": [-63.78, -19.18, -90.15], "prev_eul": [-67.09, -16.12, -88.97], "step": 3.31, "dw": 2.74, "ddir": 1.59, "y": -19.18}
D18_MULTI {"f": 8, "bone": "shin.L", "eul": [106.67, 77.86, 16.78], "prev_eul": [98.39, 78.39, 17.5], "step": 8.28, "dw": 5.01, "ddir": 5.01, "y": 77.86}
D18_MULTI {"f": 8, "bone": "shin.R", "eul": [66.83, -106.78, 24.23], "prev_eul": [59.92, -107.67, 22.09], "step": 6.91, "dw": 5.03, "ddir": 5.02, "y": -106.78}
D18_MULTI {"f": 8, "bone": "thigh.L", "eul": [-7.93, 49.57, 18.07], "prev_eul": [-10.45, 48.71, 13.05], "step": 5.02, "dw": 3.99, "ddir": 3.99, "y": 49.57}
D18_MULTI {"f": 8, "bone": "upperarm.R", "eul": [30.14, 16.65, -0.59], "prev_eul": [34.17, 13.24, 4.28], "step": 4.87, "dw": 6.12, "ddir": 5.97, "y": 16.65}
D18_MULTI {"f": 9, "bone": "foot.R", "eul": [-15.72, 8.1, 1.86], "prev_eul": [-16.44, 8.5, 1.95], "step": 0.72, "dw": 6.02, "ddir": 5.99, "y": 8.1}
D18_MULTI {"f": 9, "bone": "forearm.R", "eul": [183.67, 60.18, 59.62], "prev_eul": [186.26, 62.02, 56.86], "step": 2.76, "dw": 4.32, "ddir": 3.56, "y": 60.18}
D18_MULTI {"f": 9, "bone": "forearm.L", "eul": [101.9, -109.61, 22.83], "prev_eul": [102.26, -109.92, 27.85], "step": 5.02, "dw": 3.7, "ddir": 3.56, "y": -109.61}
D18_MULTI {"f": 9, "bone": "hand.L", "eul": [-60.96, -16.71, -88.09], "prev_eul": [-63.78, -19.18, -90.15], "step": 2.82, "dw": 1.64, "ddir": 1.59, "y": -16.71}
D18_MULTI {"f": 9, "bone": "shin.L", "eul": [113.6, 76.97, 13.72], "prev_eul": [106.67, 77.86, 16.78], "step": 6.93, "dw": 5.47, "ddir": 5.47, "y": 76.97}
D18_MULTI {"f": 9, "bone": "shin.R", "eul": [75.23, -105.3, 25.77], "prev_eul": [66.83, -106.78, 24.23], "step": 8.4, "dw": 5.32, "ddir": 5.31, "y": -105.3}
D18_MULTI {"f": 9, "bone": "thigh.L", "eul": [-4.85, 50.43, 23.9], "prev_eul": [-7.93, 49.57, 18.07], "step": 5.83, "dw": 4.52, "ddir": 4.52, "y": 50.43}
D18_MULTI {"f": 9, "bone": "upperarm.R", "eul": [28.46, 18.56, -3.37], "prev_eul": [30.14, 16.65, -0.59], "step": 2.78, "dw": 3.31, "ddir": 2.87, "y": 18.56}
D18_MULTI {"f": 10, "bone": "foot.R", "eul": [-15.16, 7.8, 1.79], "prev_eul": [-15.72, 8.1, 1.86], "step": 0.56, "dw": 6.19, "ddir": 6.14, "y": 7.8}
D18_MULTI {"f": 10, "bone": "forearm.R", "eul": [181.22, 56.09, 64.6], "prev_eul": [183.67, 60.18, 59.62], "step": 4.98, "dw": 6.16, "ddir": 3.98, "y": 56.09}
D18_MULTI {"f": 10, "bone": "forearm.L", "eul": [95.52, -109.15, 22.07], "prev_eul": [101.9, -109.61, 22.83], "step": 6.38, "dw": 3.79, "ddir": 3.77, "y": -109.15}
D18_MULTI {"f": 10, "bone": "hand.L", "eul": [-59.61, -13.61, -85.77], "prev_eul": [-60.96, -16.71, -88.09], "step": 3.1, "dw": 1.6, "ddir": 1.59, "y": -13.61}
D18_MULTI {"f": 10, "bone": "shin.L", "eul": [118.85, 75.73, 8.36], "prev_eul": [113.6, 76.97, 13.72], "step": 5.36, "dw": 5.77, "ddir": 5.75, "y": 75.73}
D18_MULTI {"f": 10, "bone": "shin.R", "eul": [77.21, -103.51, 34.41], "prev_eul": [75.23, -105.3, 25.77], "step": 8.64, "dw": 5.67, "ddir": 5.35, "y": -103.51}
D18_MULTI {"f": 10, "bone": "thigh.L", "eul": [-1.47, 51.24, 30.28], "prev_eul": [-4.85, 50.43, 23.9], "step": 6.38, "dw": 4.88, "ddir": 4.88, "y": 51.24}
D18_MULTI {"f": 10, "bone": "upperarm.R", "eul": [26.44, 21.38, -7.24], "prev_eul": [28.46, 18.56, -3.37], "step": 3.87, "dw": 4.33, "ddir": 4.07, "y": 21.38}
D18_MULTI {"f": 11, "bone": "foot.R", "eul": [-14.67, 7.54, 1.73], "prev_eul": [-15.16, 7.8, 1.79], "step": 0.49, "dw": 6.0, "ddir": 5.8, "y": 7.54}
D18_MULTI {"f": 11, "bone": "forearm.R", "eul": [179.39, 62.95, 71.61], "prev_eul": [181.22, 56.09, 64.6], "step": 7.01, "dw": 7.67, "ddir": 4.45, "y": 62.95}
D18_MULTI {"f": 11, "bone": "forearm.L", "eul": [92.04, -109.05, 16.78], "prev_eul": [95.52, -109.15, 22.07], "step": 5.29, "dw": 4.32, "ddir": 4.15, "y": -109.05}
D18_MULTI {"f": 11, "bone": "hand.L", "eul": [-56.74, -10.9, -82.72], "prev_eul": [-59.61, -13.61, -85.77], "step": 3.05, "dw": 2.24, "ddir": 1.59, "y": -10.9}
D18_MULTI {"f": 11, "bone": "shin.L", "eul": [123.27, 74.22, 1.96], "prev_eul": [118.85, 75.73, 8.36], "step": 6.4, "dw": 6.05, "ddir": 6.01, "y": 74.22}
D18_MULTI {"f": 11, "bone": "shin.R", "eul": [77.45, -100.86, 44.75], "prev_eul": [77.21, -103.51, 34.41], "step": 10.34, "dw": 5.58, "ddir": 5.31, "y": -100.86}
D18_MULTI {"f": 11, "bone": "thigh.L", "eul": [1.86, 51.93, 36.81], "prev_eul": [-1.47, 51.24, 30.28], "step": 6.53, "dw": 4.93, "ddir": 4.93, "y": 51.93}
D18_MULTI {"f": 11, "bone": "upperarm.R", "eul": [23.98, 24.29, -11.9], "prev_eul": [26.44, 21.38, -7.24], "step": 4.66, "dw": 4.9, "ddir": 4.7, "y": 24.29}
D18_MULTI {"f": 12, "bone": "foot.R", "eul": [-14.16, 7.28, 1.67], "prev_eul": [-14.67, 7.54, 1.73], "step": 0.51, "dw": 5.73, "ddir": 5.11, "y": 7.28}
D18_MULTI {"f": 12, "bone": "forearm.R", "eul": [174.46, 58.56, 76.6], "prev_eul": [179.39, 62.95, 71.61], "step": 4.99, "dw": 6.54, "ddir": 4.76, "y": 58.56}
D18_MULTI {"f": 12, "bone": "forearm.L", "eul": [85.94, -107.04, 13.47], "prev_eul": [92.04, -109.05, 16.78], "step": 6.1, "dw": 4.63, "ddir": 4.48, "y": -107.04}
D18_MULTI {"f": 12, "bone": "hand.L", "eul": [-53.55, -7.85, -80.02], "prev_eul": [-56.74, -10.9, -82.72], "step": 3.19, "dw": 2.22, "ddir": 1.59, "y": -7.85}
D18_MULTI {"f": 12, "bone": "shin.L", "eul": [127.65, 72.54, -4.42], "prev_eul": [123.27, 74.22, 1.96], "step": 6.38, "dw": 6.42, "ddir": 6.37, "y": 72.54}
D18_MULTI {"f": 12, "bone": "shin.R", "eul": [86.77, -97.25, 45.54], "prev_eul": [77.45, -100.86, 44.75], "step": 9.32, "dw": 5.38, "ddir": 5.36, "y": -97.25}
D18_MULTI {"f": 12, "bone": "thigh.L", "eul": [4.69, 52.52, 42.96], "prev_eul": [1.86, 51.93, 36.81], "step": 6.15, "dw": 4.63, "ddir": 4.63, "y": 52.52}
D18_MULTI {"f": 12, "bone": "upperarm.R", "eul": [21.58, 28.43, -16.18], "prev_eul": [23.98, 24.29, -11.9], "step": 4.28, "dw": 4.86, "ddir": 4.82, "y": 28.43}
D18_MULTI {"f": 13, "bone": "foot.R", "eul": [-13.52, 6.98, 1.6], "prev_eul": [-14.16, 7.28, 1.67], "step": 0.64, "dw": 5.87, "ddir": 4.43, "y": 6.98}
D18_MULTI {"f": 13, "bone": "forearm.R", "eul": [168.64, 54.81, 82.07], "prev_eul": [174.46, 58.56, 76.6], "step": 5.82, "dw": 5.37, "ddir": 4.48, "y": 54.81}
D18_MULTI {"f": 13, "bone": "forearm.L", "eul": [81.15, -105.63, 8.05], "prev_eul": [85.94, -107.04, 13.47], "step": 5.42, "dw": 5.03, "ddir": 4.2, "y": -105.63}
D18_MULTI {"f": 13, "bone": "hand.L", "eul": [-48.77, -6.93, -76.53], "prev_eul": [-53.55, -7.85, -80.02], "step": 4.78, "dw": 4.28, "ddir": 1.59, "y": -6.93}
D18_MULTI {"f": 13, "bone": "shin.L", "eul": [131.55, 70.29, -11.15], "prev_eul": [127.65, 72.54, -4.42], "step": 6.73, "dw": 7.2, "ddir": 7.1, "y": 70.29}
D18_MULTI {"f": 13, "bone": "shin.R", "eul": [100.22, -92.98, 41.84], "prev_eul": [86.77, -97.25, 45.54], "step": 13.45, "dw": 5.59, "ddir": 5.53, "y": -92.98}
D18_MULTI {"f": 13, "bone": "thigh.L", "eul": [6.36, 53.19, 48.37], "prev_eul": [4.69, 52.52, 42.96], "step": 5.41, "dw": 4.36, "ddir": 4.34, "y": 53.19}
D18_MULTI {"f": 13, "bone": "upperarm.R", "eul": [17.72, 34.04, -21.27], "prev_eul": [21.58, 28.43, -16.18], "step": 5.61, "dw": 6.35, "ddir": 5.77, "y": 34.04}
D18_MULTI {"f": 14, "bone": "foot.R", "eul": [-12.79, 6.66, 1.53], "prev_eul": [-13.52, 6.98, 1.6], "step": 0.73, "dw": 7.7, "ddir": 3.31, "y": 6.66}
D18_MULTI {"f": 14, "bone": "forearm.R", "eul": [161.88, 55.72, 89.37], "prev_eul": [168.64, 54.81, 82.07], "step": 7.3, "dw": 6.15, "ddir": 6.13, "y": 55.72}
D18_MULTI {"f": 14, "bone": "forearm.L", "eul": [75.0, -101.46, 1.21], "prev_eul": [81.15, -105.63, 8.05], "step": 6.84, "dw": 6.63, "ddir": 5.85, "y": -101.46}
D18_MULTI {"f": 14, "bone": "hand.L", "eul": [-43.07, -6.51, -72.05], "prev_eul": [-48.77, -6.93, -76.53], "step": 5.7, "dw": 6.19, "ddir": 1.59, "y": -6.51}
D18_MULTI {"f": 14, "bone": "shin.L", "eul": [135.37, 66.98, -17.87], "prev_eul": [131.55, 70.29, -11.15], "step": 6.72, "dw": 9.34, "ddir": 9.2, "y": 66.98}
D18_MULTI {"f": 14, "bone": "shin.R", "eul": [101.97, -87.34, 49.44], "prev_eul": [100.22, -92.98, 41.84], "step": 7.6, "dw": 7.69, "ddir": 7.55, "y": -87.34}
D18_MULTI {"f": 14, "bone": "thigh.L", "eul": [4.67, 54.6, 51.09], "prev_eul": [6.36, 53.19, 48.37], "step": 2.72, "dw": 4.22, "ddir": 4.08, "y": 54.6}
D18_MULTI {"f": 14, "bone": "upperarm.R", "eul": [12.57, 39.6, -28.64], "prev_eul": [17.72, 34.04, -21.27], "step": 7.37, "dw": 7.47, "ddir": 6.9, "y": 39.6}
D18_MULTI {"f": 15, "bone": "foot.R", "eul": [-12.12, 6.37, 1.46], "prev_eul": [-12.79, 6.66, 1.53], "step": 0.67, "dw": 14.64, "ddir": 5.4, "y": 6.37}
D18_MULTI {"f": 15, "bone": "forearm.R", "eul": [152.3, 53.38, 99.28], "prev_eul": [161.88, 55.72, 89.37], "step": 9.91, "dw": 10.46, "ddir": 8.32, "y": 53.38}
D18_MULTI {"f": 15, "bone": "forearm.L", "eul": [73.7, -94.37, -13.81], "prev_eul": [75.0, -101.46, 1.21], "step": 15.02, "dw": 8.5, "ddir": 8.02, "y": -94.37}
D18_MULTI {"f": 15, "bone": "hand.L", "eul": [-36.62, -6.74, -66.68], "prev_eul": [-43.07, -6.51, -72.05], "step": 6.45, "dw": 8.54, "ddir": 1.59, "y": -6.74}
D18_MULTI {"f": 15, "bone": "shin.L", "eul": [139.78, 63.48, -23.76], "prev_eul": [135.37, 66.98, -17.87], "step": 5.89, "dw": 13.39, "ddir": 13.18, "y": 63.48}
D18_MULTI {"f": 15, "bone": "shin.R", "eul": [112.12, -80.2, 48.65], "prev_eul": [101.97, -87.34, 49.44], "step": 10.15, "dw": 14.67, "ddir": 13.92, "y": -80.2}
D18_MULTI {"f": 15, "bone": "thigh.L", "eul": [-3.77, 56.7, 45.2], "prev_eul": [4.67, 54.6, 51.09], "step": 8.44, "dw": 355.29, "ddir": 4.45, "y": 56.7}
D18_MULTI {"f": 15, "bone": "upperarm.R", "eul": [6.07, 48.9, -38.48], "prev_eul": [12.57, 39.6, -28.64], "step": 9.84, "dw": 10.92, "ddir": 8.23, "y": 48.9}
D18_MULTI {"f": 16, "bone": "foot.R", "eul": [-11.62, 6.15, 1.41], "prev_eul": [-12.12, 6.37, 1.46], "step": 0.5, "dw": 25.13, "ddir": 19.19, "y": 6.15}
D18_MULTI {"f": 16, "bone": "forearm.R", "eul": [161.78, 82.14, 125.75], "prev_eul": [152.3, 53.38, 99.28], "step": 28.76, "dw": 35.95, "ddir": 12.31, "y": 82.14}
D18_MULTI {"f": 16, "bone": "forearm.L", "eul": [58.48, -99.47, -21.5], "prev_eul": [73.7, -94.37, -13.81], "step": 15.22, "dw": 13.3, "ddir": 11.88, "y": -99.47}
D18_MULTI {"f": 16, "bone": "hand.L", "eul": [-26.16, -17.25, -57.23], "prev_eul": [-36.62, -6.74, -66.68], "step": 10.51, "dw": 20.76, "ddir": 1.59, "y": -17.25}
D18_MULTI {"f": 16, "bone": "shin.L", "eul": [143.42, 61.87, -29.17], "prev_eul": [139.78, 63.48, -23.76], "step": 5.41, "dw": 17.31, "ddir": 17.25, "y": 61.87}
D18_MULTI {"f": 16, "bone": "shin.R", "eul": [116.36, -74.37, 54.65], "prev_eul": [112.12, -80.2, 48.65], "step": 6.0, "dw": 24.9, "ddir": 23.13, "y": -74.37}
D18_MULTI {"f": 16, "bone": "thigh.L", "eul": [-11.48, 55.86, 30.71], "prev_eul": [-3.77, 56.7, 45.2], "step": 14.49, "dw": 8.94, "ddir": 8.94, "y": 55.86}
D18_MULTI {"f": 16, "bone": "upperarm.R", "eul": [-3.46, 33.77, -53.49], "prev_eul": [6.07, 48.9, -38.48], "step": 15.13, "dw": 19.34, "ddir": 10.74, "y": 33.77}
D18_MULTI {"f": 17, "bone": "foot.R", "eul": [-11.42, 6.07, 1.39], "prev_eul": [-11.62, 6.15, 1.41], "step": 0.2, "dw": 23.25, "ddir": 22.61, "y": 6.07}
D18_MULTI {"f": 17, "bone": "forearm.R", "eul": [166.53, 91.85, 163.02], "prev_eul": [161.78, 82.14, 125.75], "step": 37.27, "dw": 27.78, "ddir": 18.16, "y": 91.85}
D18_MULTI {"f": 17, "bone": "forearm.L", "eul": [47.57, -91.82, -44.26], "prev_eul": [58.48, -99.47, -21.5], "step": 22.76, "dw": 25.04, "ddir": 18.68, "y": -91.82}
D18_MULTI {"f": 17, "bone": "hand.L", "eul": [-0.43, -41.88, -59.2], "prev_eul": [-26.16, -17.25, -57.23], "step": 25.73, "dw": 31.26, "ddir": 1.59, "y": -41.88}
D18_MULTI {"f": 17, "bone": "shin.L", "eul": [145.85, 60.24, -32.91], "prev_eul": [143.42, 61.87, -29.17], "step": 3.74, "dw": 17.32, "ddir": 16.87, "y": 60.24}
D18_MULTI {"f": 17, "bone": "shin.R", "eul": [122.07, -71.61, 56.46], "prev_eul": [116.36, -74.37, 54.65], "step": 5.71, "dw": 23.05, "ddir": 23.0, "y": -71.61}
D18_MULTI {"f": 17, "bone": "thigh.L", "eul": [1.64, 52.67, 29.17], "prev_eul": [-11.48, 55.86, 30.71], "step": 13.12, "dw": 344.59, "ddir": 14.94, "y": 52.67}
D18_MULTI {"f": 17, "bone": "upperarm.R", "eul": [-11.93, 19.85, -67.84], "prev_eul": [-3.46, 33.77, -53.49], "step": 14.35, "dw": 19.28, "ddir": 14.55, "y": 19.85}
D18_MULTI {"f": 18, "bone": "foot.R", "eul": [-13.71, 6.07, 1.39], "prev_eul": [-11.42, 6.07, 1.39], "step": 2.29, "dw": 16.4, "ddir": 4.93, "y": 6.07}
D18_MULTI {"f": 18, "bone": "forearm.R", "eul": [202.89, 128.52, 135.57], "prev_eul": [166.53, 91.85, 163.02], "step": 36.67, "dw": 43.69, "ddir": 35.54, "y": 128.52}
D18_MULTI {"f": 18, "bone": "forearm.L", "eul": [53.74, -92.0, 8.74], "prev_eul": [47.57, -91.82, -44.26], "step": 53.0, "dw": 37.96, "ddir": 34.8, "y": -92.0}
D18_MULTI {"f": 18, "bone": "hand.L", "eul": [-29.23, -14.74, -65.21], "prev_eul": [-0.43, -41.88, -59.2], "step": 28.8, "dw": 51.03, "ddir": 0.0, "y": -14.74}
D18_MULTI {"f": 18, "bone": "shin.L", "eul": [148.36, 56.68, -34.68], "prev_eul": [145.85, 60.24, -32.91], "step": 3.56, "dw": 14.92, "ddir": 13.26, "y": 56.68}
D18_MULTI {"f": 18, "bone": "shin.R", "eul": [125.18, -69.04, 57.39], "prev_eul": [122.07, -71.61, 56.46], "step": 3.11, "dw": 17.2, "ddir": 16.54, "y": -69.04}
D18_MULTI {"f": 18, "bone": "thigh.L", "eul": [22.22, 49.03, 39.98], "prev_eul": [1.64, 52.67, 29.17], "step": 20.58, "dw": 16.3, "ddir": 16.01, "y": 49.03}
D18_MULTI {"f": 18, "bone": "upperarm.R", "eul": [-6.13, 43.02, -43.51], "prev_eul": [-11.93, 19.85, -67.84], "step": 24.33, "dw": 30.63, "ddir": 24.63, "y": 43.02}
D18_MULTI {"f": 19, "bone": "foot.R", "eul": [-18.74, 6.07, 1.39], "prev_eul": [-13.71, 6.07, 1.39], "step": 5.03, "dw": 13.17, "ddir": 6.03, "y": 6.07}
D18_MULTI {"f": 19, "bone": "forearm.R", "eul": [220.45, 133.66, 117.37], "prev_eul": [202.89, 128.52, 135.57], "step": 18.2, "dw": 23.08, "ddir": 17.67, "y": 133.66}
D18_MULTI {"f": 19, "bone": "forearm.L", "eul": [68.35, -80.45, 23.51], "prev_eul": [53.74, -92.0, 8.74], "step": 14.77, "dw": 19.98, "ddir": 16.72, "y": -80.45}
D18_MULTI {"f": 19, "bone": "hand.L", "eul": [-22.94, -21.1, -71.38], "prev_eul": [-29.23, -14.74, -65.21], "step": 6.36, "dw": 14.64, "ddir": 0.0, "y": -21.1}
D18_MULTI {"f": 19, "bone": "shin.L", "eul": [149.38, 54.05, -37.78], "prev_eul": [148.36, 56.68, -34.68], "step": 3.1, "dw": 10.06, "ddir": 9.18, "y": 54.05}
D18_MULTI {"f": 19, "bone": "shin.R", "eul": [127.6, -65.64, 57.72], "prev_eul": [125.18, -69.04, 57.39], "step": 3.4, "dw": 12.13, "ddir": 10.94, "y": -65.64}
D18_MULTI {"f": 19, "bone": "thigh.L", "eul": [36.35, 45.32, 51.31], "prev_eul": [22.22, 49.03, 39.98], "step": 14.13, "dw": 13.39, "ddir": 13.37, "y": 45.32}
D18_MULTI {"f": 19, "bone": "upperarm.R", "eul": [-8.91, 53.76, -31.11], "prev_eul": [-6.13, 43.02, -43.51], "step": 12.4, "dw": 15.53, "ddir": 13.85, "y": 53.76}
D18_MULTI {"f": 20, "bone": "foot.R", "eul": [-23.77, 6.07, 1.39], "prev_eul": [-18.74, 6.07, 1.39], "step": 5.03, "dw": 8.18, "ddir": 6.52, "y": 6.07}
D18_MULTI {"f": 20, "bone": "forearm.R", "eul": [231.83, 127.33, 107.47], "prev_eul": [220.45, 133.66, 117.37], "step": 11.38, "dw": 13.61, "ddir": 10.86, "y": 127.33}
D18_MULTI {"f": 20, "bone": "forearm.L", "eul": [74.93, -75.15, 37.02], "prev_eul": [68.35, -80.45, 23.51], "step": 13.51, "dw": 16.59, "ddir": 9.75, "y": -75.15}
D18_MULTI {"f": 20, "bone": "hand.L", "eul": [-11.34, -30.9, -73.04], "prev_eul": [-22.94, -21.1, -71.38], "step": 11.6, "dw": 2.85, "ddir": 0.0, "y": -30.9}
D18_MULTI {"f": 20, "bone": "shin.L", "eul": [147.91, 54.11, -43.66], "prev_eul": [149.38, 54.05, -37.78], "step": 5.88, "dw": 4.21, "ddir": 4.16, "y": 54.11}
D18_MULTI {"f": 20, "bone": "shin.R", "eul": [127.6, -62.48, 60.23], "prev_eul": [127.6, -65.64, 57.72], "step": 3.16, "dw": 5.62, "ddir": 4.77, "y": -62.48}
D18_MULTI {"f": 20, "bone": "thigh.L", "eul": [42.45, 43.98, 58.84], "prev_eul": [36.35, 45.32, 51.31], "step": 7.53, "dw": 8.63, "ddir": 8.58, "y": 43.98}
D18_MULTI {"f": 20, "bone": "upperarm.R", "eul": [-16.47, 59.4, -22.77], "prev_eul": [-8.91, 53.76, -31.11], "step": 8.34, "dw": 13.53, "ddir": 13.48, "y": 59.4}
D18_MULTI {"f": 21, "bone": "foot.R", "eul": [-26.06, 6.07, 1.39], "prev_eul": [-23.77, 6.07, 1.39], "step": 2.29, "dw": 6.04, "ddir": 5.77, "y": 6.07}
D18_MULTI {"f": 21, "bone": "forearm.R", "eul": [232.14, 116.22, 95.19], "prev_eul": [231.83, 127.33, 107.47], "step": 12.28, "dw": 11.63, "ddir": 10.6, "y": 116.22}
D18_MULTI {"f": 21, "bone": "forearm.L", "eul": [80.19, -76.44, 46.78], "prev_eul": [74.93, -75.15, 37.02], "step": 9.76, "dw": 15.52, "ddir": 9.21, "y": -76.44}
D18_MULTI {"f": 21, "bone": "hand.L", "eul": [1.04, -19.68, -72.58], "prev_eul": [-11.34, -30.9, -73.04], "step": 12.38, "dw": 20.28, "ddir": 0.0, "y": -19.68}
D18_MULTI {"f": 21, "bone": "shin.L", "eul": [141.74, 57.06, -54.1], "prev_eul": [147.91, 54.11, -43.66], "step": 10.44, "dw": 6.05, "ddir": 2.29, "y": 57.06}
D18_MULTI {"f": 21, "bone": "shin.R", "eul": [116.1, -62.94, 75.49], "prev_eul": [127.6, -62.48, 60.23], "step": 15.26, "dw": 5.91, "ddir": 1.71, "y": -62.94}
D18_MULTI {"f": 21, "bone": "thigh.L", "eul": [41.98, 46.2, 60.48], "prev_eul": [42.45, 43.98, 58.84], "step": 2.22, "dw": 2.8, "ddir": 2.67, "y": 46.2}
D18_MULTI {"f": 21, "bone": "upperarm.R", "eul": [-26.16, 57.55, -13.42], "prev_eul": [-16.47, 59.4, -22.77], "step": 9.69, "dw": 17.33, "ddir": 15.89, "y": 57.55}
D18_MULTI {"f": 22, "bone": "foot.R", "eul": [-34.22, 3.93, -16.04], "prev_eul": [-26.06, 6.07, 1.39], "step": 17.43, "dw": 28.47, "ddir": 11.36, "y": 3.93}
D18_MULTI {"f": 22, "bone": "forearm.R", "eul": [218.45, 101.49, 84.4], "prev_eul": [232.14, 116.22, 95.19], "step": 14.73, "dw": 8.82, "ddir": 6.45, "y": 101.49}
D18_MULTI {"f": 22, "bone": "forearm.L", "eul": [60.35, -87.54, 66.03], "prev_eul": [80.19, -76.44, 46.78], "step": 19.84, "dw": 6.43, "ddir": 4.84, "y": -87.54}
D18_MULTI {"f": 22, "bone": "hand.L", "eul": [5.56, -16.38, -69.08], "prev_eul": [1.04, -19.68, -72.58], "step": 4.52, "dw": 3.61, "ddir": 0.0, "y": -16.38}
D18_MULTI {"f": 22, "bone": "shin.L", "eul": [136.95, 53.43, -54.28], "prev_eul": [141.74, 57.06, -54.1], "step": 4.79, "dw": 25.4, "ddir": 25.18, "y": 53.43}
D18_MULTI {"f": 22, "bone": "shin.R", "eul": [113.75, -59.88, 79.84], "prev_eul": [116.1, -62.94, 75.49], "step": 4.35, "dw": 20.16, "ddir": 19.8, "y": -59.88}
D18_MULTI {"f": 22, "bone": "thigh.L", "eul": [-2.15, 58.93, 24.85], "prev_eul": [41.98, 46.2, 60.48], "step": 44.13, "dw": 25.48, "ddir": 25.35, "y": 58.93}
D18_MULTI {"f": 22, "bone": "upperarm.R", "eul": [-35.77, 48.59, -5.18], "prev_eul": [-26.16, 57.55, -13.42], "step": 9.61, "dw": 19.75, "ddir": 14.64, "y": 48.59}
D18_MULTI {"f": 23, "bone": "foot.R", "eul": [-36.86, 0.13, -50.62], "prev_eul": [-34.22, 3.93, -16.04], "step": 34.58, "dw": 52.74, "ddir": 24.15, "y": 0.13}
D18_MULTI {"f": 23, "bone": "forearm.R", "eul": [206.67, 92.95, 69.85], "prev_eul": [218.45, 101.49, 84.4], "step": 14.55, "dw": 11.05, "ddir": 9.39, "y": 92.95}
D18_MULTI {"f": 23, "bone": "forearm.L", "eul": [50.55, -92.41, 77.78], "prev_eul": [60.35, -87.54, 66.03], "step": 11.75, "dw": 13.46, "ddir": 8.26, "y": -92.41}
D18_MULTI {"f": 23, "bone": "hand.L", "eul": [18.05, -5.05, -65.53], "prev_eul": [5.56, -16.38, -69.08], "step": 12.49, "dw": 8.9, "ddir": 0.0, "y": -5.05}
D18_MULTI {"f": 23, "bone": "shin.L", "eul": [119.74, 35.9, -63.56], "prev_eul": [136.95, 53.43, -54.28], "step": 17.53, "dw": 45.15, "ddir": 45.12, "y": 35.9}
D18_MULTI {"f": 23, "bone": "shin.R", "eul": [109.23, -49.53, 88.65], "prev_eul": [113.75, -59.88, 79.84], "step": 10.35, "dw": 31.78, "ddir": 31.47, "y": -49.53}
D18_MULTI {"f": 23, "bone": "thigh.L", "eul": [-56.58, 58.37, -10.24], "prev_eul": [-2.15, 58.93, 24.85], "step": 54.43, "dw": 333.42, "ddir": 25.82, "y": 58.37}
D18_MULTI {"f": 23, "bone": "upperarm.R", "eul": [-46.31, 57.23, 6.4], "prev_eul": [-35.77, 48.59, -5.18], "step": 11.58, "dw": 20.01, "ddir": 20.0, "y": 57.23}
D18_MULTI {"f": 24, "bone": "foot.R", "eul": [-30.69, -2.31, -69.35], "prev_eul": [-36.86, 0.13, -50.62], "step": 18.73, "dw": 40.8, "ddir": 31.71, "y": -2.31}
D18_MULTI {"f": 24, "bone": "forearm.R", "eul": [204.82, 87.75, 72.35], "prev_eul": [206.67, 92.95, 69.85], "step": 5.2, "dw": 24.03, "ddir": 20.43, "y": 87.75}
D18_MULTI {"f": 24, "bone": "forearm.L", "eul": [46.87, -97.47, 76.75], "prev_eul": [50.55, -92.41, 77.78], "step": 5.06, "dw": 21.62, "ddir": 18.3, "y": -97.47}
D18_MULTI {"f": 24, "bone": "hand.L", "eul": [35.57, 0.65, -71.42], "prev_eul": [18.05, -5.05, -65.53], "step": 17.52, "dw": 7.96, "ddir": 0.0, "y": 0.65}
D18_MULTI {"f": 24, "bone": "shin.L", "eul": [99.53, 5.11, -54.95], "prev_eul": [119.74, 35.9, -63.56], "step": 30.79, "dw": 35.85, "ddir": 29.82, "y": 5.11}
D18_MULTI {"f": 24, "bone": "shin.R", "eul": [114.06, -26.91, 83.2], "prev_eul": [109.23, -49.53, 88.65], "step": 22.62, "dw": 26.1, "ddir": 22.91, "y": -26.91}
D18_MULTI {"f": 24, "bone": "thigh.L", "eul": [-56.55, 58.37, -13.18], "prev_eul": [-56.58, 58.37, -10.24], "step": 2.94, "dw": 354.87, "ddir": 4.98, "y": 58.37}
D18_MULTI {"f": 24, "bone": "upperarm.R", "eul": [-49.24, 78.71, 21.92], "prev_eul": [-46.31, 57.23, 6.4], "step": 21.48, "dw": 335.92, "ddir": 22.61, "y": 78.71}
D18_MULTI {"f": 25, "bone": "foot.R", "eul": [-22.17, -5.64, -73.28], "prev_eul": [-30.69, -2.31, -69.35], "step": 8.52, "dw": 13.29, "ddir": 12.19, "y": -5.64}
D18_MULTI {"f": 25, "bone": "forearm.R", "eul": [204.82, 87.75, 72.35], "prev_eul": [204.82, 87.75, 72.35], "step": 0.0, "dw": 4.86, "ddir": 4.34, "y": 87.75}
D18_MULTI {"f": 25, "bone": "forearm.L", "eul": [46.87, -97.47, 76.75], "prev_eul": [46.87, -97.47, 76.75], "step": 0.0, "dw": 4.86, "ddir": 4.57, "y": -97.47}
D18_MULTI {"f": 25, "bone": "hand.L", "eul": [35.57, 0.65, -71.42], "prev_eul": [35.57, 0.65, -71.42], "step": 0.0, "dw": 4.86, "ddir": 4.3, "y": 0.65}
D18_MULTI {"f": 25, "bone": "shin.L", "eul": [80.34, -15.73, -49.19], "prev_eul": [99.53, 5.11, -54.95], "step": 20.84, "dw": 15.79, "ddir": 14.73, "y": -15.73}
D18_MULTI {"f": 25, "bone": "shin.R", "eul": [112.68, -7.08, 87.02], "prev_eul": [114.06, -26.91, 83.2], "step": 19.83, "dw": 13.1, "ddir": 12.11, "y": -7.08}
D18_MULTI {"f": 25, "bone": "thigh.L", "eul": [-46.75, 56.1, -14.31], "prev_eul": [-56.55, 58.37, -13.18], "step": 9.8, "dw": 13.46, "ddir": 13.08, "y": 56.1}
D18_MULTI {"f": 25, "bone": "upperarm.R", "eul": [-49.24, 78.71, 21.92], "prev_eul": [-49.24, 78.71, 21.92], "step": 0.0, "dw": 4.86, "ddir": 4.6, "y": 78.71}
D18_MULTI {"f": 26, "bone": "foot.R", "eul": [-23.4, -8.24, -72.67], "prev_eul": [-22.17, -5.64, -73.28], "step": 2.6, "dw": 0.14, "ddir": 0.15, "y": -8.24}
D18_MULTI {"f": 26, "bone": "forearm.R", "eul": [222.36, 77.01, 80.56], "prev_eul": [204.82, 87.75, 72.35], "step": 17.54, "dw": 24.61, "ddir": 19.71, "y": 77.01}
D18_MULTI {"f": 26, "bone": "forearm.L", "eul": [42.23, -85.16, 92.9], "prev_eul": [46.87, -97.47, 76.75], "step": 16.15, "dw": 26.8, "ddir": 26.5, "y": -85.16}
D18_MULTI {"f": 26, "bone": "hand.L", "eul": [31.9, 0.53, -61.13], "prev_eul": [35.57, 0.65, -71.42], "step": 10.29, "dw": 22.47, "ddir": 15.36, "y": 0.53}
D18_MULTI {"f": 26, "bone": "shin.L", "eul": [81.05, -18.39, -50.73], "prev_eul": [80.34, -15.73, -49.19], "step": 2.66, "dw": 5.69, "ddir": 4.28, "y": -18.39}
D18_MULTI {"f": 26, "bone": "shin.R", "eul": [112.3, -3.2, 87.53], "prev_eul": [112.68, -7.08, 87.02], "step": 3.88, "dw": 2.86, "ddir": 2.86, "y": -3.2}
D18_MULTI {"f": 26, "bone": "thigh.L", "eul": [-51.65, 51.85, -19.24], "prev_eul": [-46.75, 56.1, -14.31], "step": 4.93, "dw": 3.94, "ddir": 2.55, "y": 51.85}
D18_MULTI {"f": 26, "bone": "upperarm.R", "eul": [-49.33, 71.66, 23.02], "prev_eul": [-49.24, 78.71, 21.92], "step": 7.05, "dw": 346.73, "ddir": 11.37, "y": 71.66}
D18_MULTI {"f": 27, "bone": "foot.R", "eul": [-26.93, -10.54, -67.16], "prev_eul": [-23.4, -8.24, -72.67], "step": 5.51, "dw": 0.37, "ddir": 0.37, "y": -10.54}
D18_MULTI {"f": 27, "bone": "forearm.R", "eul": [239.91, 66.27, 88.78], "prev_eul": [222.36, 77.01, 80.56], "step": 17.55, "dw": 24.77, "ddir": 20.33, "y": 66.27}
D18_MULTI {"f": 27, "bone": "forearm.L", "eul": [37.6, -72.86, 109.06], "prev_eul": [42.23, -85.16, 92.9], "step": 16.16, "dw": 27.6, "ddir": 26.48, "y": -72.86}
D18_MULTI {"f": 27, "bone": "hand.L", "eul": [28.23, 0.4, -50.84], "prev_eul": [31.9, 0.53, -61.13], "step": 10.29, "dw": 25.6, "ddir": 11.26, "y": 0.4}
D18_MULTI {"f": 27, "bone": "shin.L", "eul": [79.82, -19.9, -48.65], "prev_eul": [81.05, -18.39, -50.73], "step": 2.08, "dw": 7.12, "ddir": 6.14, "y": -19.9}
D18_MULTI {"f": 27, "bone": "shin.R", "eul": [109.51, 2.87, 82.19], "prev_eul": [112.3, -3.2, 87.53], "step": 6.07, "dw": 6.3, "ddir": 3.97, "y": 2.87}
D18_MULTI {"f": 27, "bone": "thigh.L", "eul": [-55.08, 42.89, -21.31], "prev_eul": [-51.65, 51.85, -19.24], "step": 8.96, "dw": 7.97, "ddir": 4.02, "y": 42.89}
D18_MULTI {"f": 27, "bone": "upperarm.R", "eul": [-49.42, 64.6, 24.13], "prev_eul": [-49.33, 71.66, 23.02], "step": 7.06, "dw": 15.0, "ddir": 13.17, "y": 64.6}
D18_MULTI {"f": 28, "bone": "foot.R", "eul": [-31.88, -11.09, -56.65], "prev_eul": [-26.93, -10.54, -67.16], "step": 10.51, "dw": 0.49, "ddir": 0.49, "y": -11.09}
D18_MULTI {"f": 28, "bone": "forearm.R", "eul": [257.45, 55.53, 96.99], "prev_eul": [239.91, 66.27, 88.78], "step": 17.54, "dw": 22.87, "ddir": 19.57, "y": 55.53}
D18_MULTI {"f": 28, "bone": "forearm.L", "eul": [32.96, -60.55, 125.22], "prev_eul": [37.6, -72.86, 109.06], "step": 16.16, "dw": 27.03, "ddir": 24.56, "y": -60.55}
D18_MULTI {"f": 28, "bone": "hand.L", "eul": [24.56, 0.28, -40.56], "prev_eul": [28.23, 0.4, -50.84], "step": 10.28, "dw": 27.53, "ddir": 6.17, "y": 0.28}
D18_MULTI {"f": 28, "bone": "shin.L", "eul": [76.15, -19.94, -42.22], "prev_eul": [79.82, -19.9, -48.65], "step": 6.43, "dw": 6.76, "ddir": 6.65, "y": -19.94}
D18_MULTI {"f": 28, "bone": "shin.R", "eul": [103.37, 9.57, 70.64], "prev_eul": [109.51, 2.87, 82.19], "step": 11.55, "dw": 10.59, "ddir": 4.1, "y": 9.57}
D18_MULTI {"f": 28, "bone": "thigh.L", "eul": [-56.36, 32.18, -19.94], "prev_eul": [-55.08, 42.89, -21.31], "step": 10.71, "dw": 10.27, "ddir": 4.98, "y": 32.18}
D18_MULTI {"f": 28, "bone": "upperarm.R", "eul": [-49.51, 57.54, 25.24], "prev_eul": [-49.42, 64.6, 24.13], "step": 7.06, "dw": 14.86, "ddir": 13.12, "y": 57.54}
D18_MULTI {"f": 29, "bone": "foot.R", "eul": [-36.59, -9.06, -42.54], "prev_eul": [-31.88, -11.09, -56.65], "step": 14.11, "dw": 0.52, "ddir": 0.52, "y": -9.06}
D18_MULTI {"f": 29, "bone": "forearm.R", "eul": [274.99, 44.79, 105.21], "prev_eul": [257.45, 55.53, 96.99], "step": 17.54, "dw": 19.86, "ddir": 18.28, "y": 44.79}
D18_MULTI {"f": 29, "bone": "forearm.L", "eul": [28.32, -48.25, 141.37], "prev_eul": [32.96, -60.55, 125.22], "step": 16.15, "dw": 25.57, "ddir": 21.7, "y": -48.25}
D18_MULTI {"f": 29, "bone": "hand.L", "eul": [20.89, 0.15, -30.27], "prev_eul": [24.56, 0.28, -40.56], "step": 10.29, "dw": 28.59, "ddir": 8.05, "y": 0.15}
D18_MULTI {"f": 29, "bone": "shin.L", "eul": [70.48, -17.9, -32.18], "prev_eul": [76.15, -19.94, -42.22], "step": 10.04, "dw": 6.48, "ddir": 6.13, "y": -17.9}
D18_MULTI {"f": 29, "bone": "shin.R", "eul": [93.53, 14.03, 53.51], "prev_eul": [103.37, 9.57, 70.64], "step": 17.13, "dw": 14.09, "ddir": 3.68, "y": 14.03}
D18_MULTI {"f": 29, "bone": "thigh.L", "eul": [-56.08, 21.94, -16.36], "prev_eul": [-56.36, 32.18, -19.94], "step": 10.24, "dw": 10.85, "ddir": 5.27, "y": 21.94}
D18_MULTI {"f": 29, "bone": "upperarm.R", "eul": [-49.6, 50.48, 26.35], "prev_eul": [-49.51, 57.54, 25.24], "step": 7.06, "dw": 13.42, "ddir": 11.73, "y": 50.48}
D18_MULTI {"f": 30, "bone": "foot.R", "eul": [-39.27, -4.89, -27.28], "prev_eul": [-36.59, -9.06, -42.54], "step": 15.26, "dw": 0.44, "ddir": 0.44, "y": -4.89}
D18_MULTI {"f": 30, "bone": "forearm.R", "eul": [292.53, 34.05, 113.43], "prev_eul": [274.99, 44.79, 105.21], "step": 17.54, "dw": 16.92, "ddir": 16.73, "y": 34.05}
D18_MULTI {"f": 30, "bone": "forearm.L", "eul": [23.68, -35.95, 157.53], "prev_eul": [28.32, -48.25, 141.37], "step": 16.16, "dw": 23.91, "ddir": 19.13, "y": -35.95}
D18_MULTI {"f": 30, "bone": "hand.L", "eul": [17.22, 0.03, -19.98], "prev_eul": [20.89, 0.15, -30.27], "step": 10.29, "dw": 29.31, "ddir": 14.5, "y": 0.03}
D18_MULTI {"f": 30, "bone": "shin.L", "eul": [64.1, -13.54, -20.64], "prev_eul": [70.48, -17.9, -32.18], "step": 11.54, "dw": 6.96, "ddir": 5.03, "y": -13.54}
D18_MULTI {"f": 30, "bone": "shin.R", "eul": [81.76, 13.74, 33.76], "prev_eul": [93.53, 14.03, 53.51], "step": 19.75, "dw": 15.67, "ddir": 3.05, "y": 13.74}
D18_MULTI {"f": 30, "bone": "thigh.L", "eul": [-54.49, 13.23, -11.99], "prev_eul": [-56.08, 21.94, -16.36], "step": 8.71, "dw": 10.26, "ddir": 5.24, "y": 13.23}
D18_MULTI {"f": 30, "bone": "upperarm.R", "eul": [-49.69, 43.43, 27.45], "prev_eul": [-49.6, 50.48, 26.35], "step": 7.05, "dw": 11.43, "ddir": 9.68, "y": 43.43}
D18_MULTI {"f": 31, "bone": "foot.R", "eul": [-39.1, -0.19, -13.37], "prev_eul": [-39.27, -4.89, -27.28], "step": 13.91, "dw": 0.43, "ddir": 0.43, "y": -0.19}
D18_MULTI {"f": 31, "bone": "forearm.R", "eul": [310.08, 23.32, 121.64], "prev_eul": [292.53, 34.05, 113.43], "step": 17.55, "dw": 15.24, "ddir": 15.09, "y": 23.32}
D18_MULTI {"f": 31, "bone": "forearm.L", "eul": [19.05, -23.64, 173.69], "prev_eul": [23.68, -35.95, 157.53], "step": 16.16, "dw": 22.98, "ddir": 18.14, "y": -23.64}
D18_MULTI {"f": 31, "bone": "hand.L", "eul": [13.55, -0.1, -9.69], "prev_eul": [17.22, 0.03, -19.98], "step": 10.29, "dw": 30.37, "ddir": 20.58, "y": -0.1}
D18_MULTI {"f": 31, "bone": "shin.L", "eul": [57.47, -7.93, -10.06], "prev_eul": [64.1, -13.54, -20.64], "step": 10.58, "dw": 7.0, "ddir": 3.83, "y": -7.93}
D18_MULTI {"f": 31, "bone": "shin.R", "eul": [69.74, 9.36, 15.94], "prev_eul": [81.76, 13.74, 33.76], "step": 17.82, "dw": 14.67, "ddir": 2.6, "y": 9.36}
D18_MULTI {"f": 31, "bone": "thigh.L", "eul": [-50.94, 6.43, -8.0], "prev_eul": [-54.49, 13.23, -11.99], "step": 6.8, "dw": 9.44, "ddir": 5.95, "y": 6.43}
D18_MULTI {"f": 31, "bone": "upperarm.R", "eul": [-49.78, 36.37, 28.56], "prev_eul": [-49.69, 43.43, 27.45], "step": 7.06, "dw": 9.81, "ddir": 7.94, "y": 36.37}
D18_MULTI {"f": 32, "bone": "foot.R", "eul": [-36.55, 3.38, -3.36], "prev_eul": [-39.1, -0.19, -13.37], "step": 10.01, "dw": 0.46, "ddir": 0.47, "y": 3.38}
D18_MULTI {"f": 32, "bone": "forearm.R", "eul": [327.62, 12.58, 129.86], "prev_eul": [310.08, 23.32, 121.64], "step": 17.54, "dw": 14.83, "ddir": 13.79, "y": 12.58}
D18_MULTI {"f": 32, "bone": "forearm.L", "eul": [14.41, -11.34, 189.84], "prev_eul": [19.05, -23.64, 173.69], "step": 16.15, "dw": 22.74, "ddir": 18.5, "y": -11.34}
D18_MULTI {"f": 32, "bone": "hand.L", "eul": [9.88, -0.22, 0.6], "prev_eul": [13.55, -0.1, -9.69], "step": 10.29, "dw": 31.53, "ddir": 25.17, "y": -0.22}
D18_MULTI {"f": 32, "bone": "shin.L", "eul": [50.39, -2.5, -2.62], "prev_eul": [57.47, -7.93, -10.06], "step": 7.44, "dw": 5.47, "ddir": 2.32, "y": -2.5}
D18_MULTI {"f": 32, "bone": "shin.R", "eul": [58.04, 3.23, 3.97], "prev_eul": [69.74, 9.36, 15.94], "step": 11.97, "dw": 10.91, "ddir": 2.74, "y": 3.23}
D18_MULTI {"f": 32, "bone": "thigh.L", "eul": [-45.43, 1.78, -5.28], "prev_eul": [-50.94, 6.43, -8.0], "step": 5.51, "dw": 8.55, "ddir": 6.87, "y": 1.78}
D18_MULTI {"f": 32, "bone": "upperarm.R", "eul": [-49.87, 29.31, 29.67], "prev_eul": [-49.78, 36.37, 28.56], "step": 7.06, "dw": 8.51, "ddir": 6.45, "y": 29.31}
D18_MULTI {"f": 33, "bone": "foot.R", "eul": [-33.45, 4.62, 0.31], "prev_eul": [-36.55, 3.38, -3.36], "step": 3.67, "dw": 0.37, "ddir": 0.37, "y": 4.62}
D18_MULTI {"f": 33, "bone": "forearm.R", "eul": [345.16, 1.84, 138.08], "prev_eul": [327.62, 12.58, 129.86], "step": 17.54, "dw": 15.43, "ddir": 13.75, "y": 1.84}
D18_MULTI {"f": 33, "bone": "forearm.L", "eul": [9.77, 0.96, 206.0], "prev_eul": [14.41, -11.34, 189.84], "step": 16.16, "dw": 23.13, "ddir": 19.71, "y": 0.96}
D18_MULTI {"f": 33, "bone": "hand.L", "eul": [6.21, -0.35, 10.89], "prev_eul": [9.88, -0.22, 0.6], "step": 10.29, "dw": 32.64, "ddir": 28.17, "y": -0.35}
D18_MULTI {"f": 33, "bone": "shin.L", "eul": [43.78, 0.06, -0.0], "prev_eul": [50.39, -2.5, -2.62], "step": 6.61, "dw": 2.21, "ddir": 0.93, "y": 0.06}
D18_MULTI {"f": 33, "bone": "shin.R", "eul": [47.85, -0.07, 0.01], "prev_eul": [58.04, 3.23, 3.97], "step": 10.19, "dw": 5.0, "ddir": 3.03, "y": -0.07}
D18_MULTI {"f": 33, "bone": "thigh.L", "eul": [-39.77, -0.02, -4.32], "prev_eul": [-45.43, 1.78, -5.28], "step": 5.66, "dw": 6.39, "ddir": 6.09, "y": -0.02}
D18_MULTI {"f": 33, "bone": "upperarm.R", "eul": [-49.96, 22.25, 30.78], "prev_eul": [-49.87, 29.31, 29.67], "step": 7.06, "dw": 7.55, "ddir": 5.27, "y": 22.25}
D18_MULTI {"f": 34, "bone": "foot.R", "eul": [-31.96, 4.51, 0.26], "prev_eul": [-33.45, 4.62, 0.31], "step": 1.49, "dw": 0.15, "ddir": 0.15, "y": 4.51}
D18_MULTI {"f": 34, "bone": "forearm.R", "eul": [362.7, -8.9, 146.29], "prev_eul": [345.16, 1.84, 138.08], "step": 17.54, "dw": 16.48, "ddir": 15.1, "y": -8.9}
D18_MULTI {"f": 34, "bone": "forearm.L", "eul": [5.13, 13.27, 222.15], "prev_eul": [9.77, 0.96, 206.0], "step": 16.15, "dw": 24.19, "ddir": 21.55, "y": 13.27}
D18_MULTI {"f": 34, "bone": "hand.L", "eul": [2.54, -0.47, 21.18], "prev_eul": [6.21, -0.35, 10.89], "step": 10.29, "dw": 33.82, "ddir": 30.1, "y": -0.47}
D18_MULTI {"f": 34, "bone": "shin.L", "eul": [40.59, -0.0, 0.0], "prev_eul": [43.78, 0.06, -0.0], "step": 3.19, "dw": 0.47, "ddir": 0.47, "y": -0.0}
D18_MULTI {"f": 34, "bone": "shin.R", "eul": [42.96, -0.0, 0.0], "prev_eul": [47.85, -0.07, 0.01], "step": 4.89, "dw": 1.65, "ddir": 1.65, "y": -0.0}
D18_MULTI {"f": 34, "bone": "thigh.L", "eul": [-37.08, -0.0, -4.3], "prev_eul": [-39.77, -0.02, -4.32], "step": 2.69, "dw": 2.73, "ddir": 2.73, "y": -0.0}
D18_MULTI {"f": 34, "bone": "upperarm.R", "eul": [-50.05, 15.19, 31.89], "prev_eul": [-49.96, 22.25, 30.78], "step": 7.06, "dw": 7.18, "ddir": 4.79, "y": 15.19}
D18_MULTI {"f": 35, "bone": "foot.R", "eul": [-31.96, 4.51, 0.26], "prev_eul": [-31.96, 4.51, 0.26], "step": 0.0, "dw": 0.0, "ddir": 0.0, "y": 4.51}
D18_MULTI {"f": 35, "bone": "forearm.R", "eul": [362.7, -8.9, 146.29], "prev_eul": [362.7, -8.9, 146.29], "step": 0.0, "dw": 0.0, "ddir": 0.0, "y": -8.9}
D18_MULTI {"f": 35, "bone": "forearm.L", "eul": [5.13, 13.27, 222.15], "prev_eul": [5.13, 13.27, 222.15], "step": 0.0, "dw": 0.0, "ddir": 0.0, "y": 13.27}
D18_MULTI {"f": 35, "bone": "hand.L", "eul": [2.54, -0.47, 21.18], "prev_eul": [2.54, -0.47, 21.18], "step": 0.0, "dw": 0.0, "ddir": 0.0, "y": -0.47}
D18_MULTI {"f": 35, "bone": "shin.L", "eul": [40.59, -0.0, 0.0], "prev_eul": [40.59, -0.0, 0.0], "step": 0.0, "dw": 0.0, "ddir": 0.0, "y": -0.0}
D18_MULTI {"f": 35, "bone": "shin.R", "eul": [42.96, -0.0, 0.0], "prev_eul": [42.96, -0.0, 0.0], "step": 0.0, "dw": 0.0, "ddir": 0.0, "y": -0.0}
D18_MULTI {"f": 35, "bone": "thigh.L", "eul": [-37.08, -0.0, -4.3], "prev_eul": [-37.08, -0.0, -4.3], "step": 0.0, "dw": 0.0, "ddir": 0.0, "y": -0.0}
D18_MULTI {"f": 35, "bone": "upperarm.R", "eul": [-50.05, 15.19, 31.89], "prev_eul": [-50.05, 15.19, 31.89], "step": 0.0, "dw": 0.0, "ddir": 0.0, "y": 15.19}
D18_MULTI {"f": 36, "bone": "foot.R", "eul": [-31.96, 4.51, 0.26], "prev_eul": [-31.96, 4.51, 0.26], "step": 0.0, "dw": 0.0, "ddir": 0.0, "y": 4.51}
D18_MULTI {"f": 36, "bone": "forearm.R", "eul": [362.7, -8.9, 146.29], "prev_eul": [362.7, -8.9, 146.29], "step": 0.0, "dw": 0.0, "ddir": 0.0, "y": -8.9}
D18_MULTI {"f": 36, "bone": "forearm.L", "eul": [5.13, 13.27, 222.15], "prev_eul": [5.13, 13.27, 222.15], "step": 0.0, "dw": 0.0, "ddir": 0.0, "y": 13.27}
D18_MULTI {"f": 36, "bone": "hand.L", "eul": [2.54, -0.47, 21.18], "prev_eul": [2.54, -0.47, 21.18], "step": 0.0, "dw": 0.0, "ddir": 0.0, "y": -0.47}
D18_MULTI {"f": 36, "bone": "shin.L", "eul": [40.59, -0.0, 0.0], "prev_eul": [40.59, -0.0, 0.0], "step": 0.0, "dw": 0.0, "ddir": 0.0, "y": -0.0}
D18_MULTI {"f": 36, "bone": "shin.R", "eul": [42.96, -0.0, 0.0], "prev_eul": [42.96, -0.0, 0.0], "step": 0.0, "dw": 0.0, "ddir": 0.0, "y": -0.0}
D18_MULTI {"f": 36, "bone": "thigh.L", "eul": [-37.08, -0.0, -4.3], "prev_eul": [-37.08, -0.0, -4.3], "step": 0.0, "dw": 0.0, "ddir": 0.0, "y": -0.0}
D18_MULTI {"f": 36, "bone": "upperarm.R", "eul": [-50.05, 15.19, 31.89], "prev_eul": [-50.05, 15.19, 31.89], "step": 0.0, "dw": 0.0, "ddir": 0.0, "y": 15.19}
Blender 4.5.0 (hash 8cb6b388974a built 2025-07-15 01:36:24)
Read blend: "I:\工作项目\BIGMANFIGHT\角色资产\美术资产\bigman_v001\bigman_anim_v001.blend"

Blender quit
Error: Not freed memory blocks: 1, total unfreed memory 0.000008 MB
