D18_LAYOUT {"total_frames": 36, "seconds": 0.6, "legs_down": 4, "plant": 8, "chest_up": 12, "hand_off": 17, "tuck": 21, "foot_set": 25, "rise_mid": 30, "stand": 34, "vertical_channel": {"shape": "★ **无弹道段**：骨盆沿单调上升曲线 128 → 830 mm（四段支点：背/臀→掌→脚→双腿）", "pelvis_z_keys": [[0, 128.0], [4, 152.0], [8, 172.0], [12, 250.0], [17, 420.0], [21, 520.0], [25, 620.0], [30, 730.0], [34, 830.0], [36, 830.0]], "pelvis_y_keys": [[0, 470.0], [4, 452.0], [8, 430.0], [12, 398.0], [17, 350.0], [21, 290.0], [25, 220.0], [30, 110.0], [34, 0.0], [36, 0.0]]}, "seam": {"action": "Knockdown_B", "frame": 20, "src": {"action": "Knockdown_B", "found": true, "frame": 20, "rot_bones": 53, "loc_bones": ["pelvis"], "frame_range": [0, 20]}}, "end": {"action": "Idle_01", "frame": 0, "src": {"action": "Idle_01", "found": true, "frame": 0, "rot_bones": 52, "loc_bones": ["pelvis"], "frame_range": [0, 180]}}, "measured": {"seam_pelvis_z_mm": 128.0, "end_pelvis_z_mm": 830.0, "rise_mm": 702.0, "seam_ankle_mm": {"L": [329.978, 231.262, 300.001], "R": [-329.982, 228.703, 299.997]}, "end_ankle_mm": {"L": [143.178, -169.571, 79.76], "R": [-141.579, 140.432, 79.827]}, "seam_fist_mm": {"L": [595.461, 1275.328, -42.735], "R": [-635.184, 1255.257, -31.84]}, "seam_shoulder_mm": null, "end_off_mm": {"L": [-6.173, -256.577, -41.816], "R": [21.12, -222.327, -14.704]}}, "chest_tail_at_chest_up_mm": 441.698, "roll_weight_mode": "always", "note": "D18 背面起身：零位 = **`Knockdown_B@20` 落盘帧**；终点 = **`Idle_01@0` 落盘帧**（跨族接缝）。竖直通道**无弹道段**，骨盆单调升 **702 mm**；支点**背/臀 → 掌 → 脚**，换**两次**。"}
D18_ARMPROBE {"f": 1, "side": "L", "axis": [0.7753, 0.4902, -0.3982], "edir": [0.9136, 0.3989, -0.0786], "perp_len": 0.3542, "cos_axis_edir": 0.9352, "dist_mm": 447.82, "limit_mm": 551.72, "clamp": false, "sin_sh": 0.4785, "elbow_z": 219.23, "shoulder_z": 203.7}
D18_ARMPROBE {"f": 1, "side": "R", "axis": [-0.7711, 0.4914, -0.4049], "edir": [-0.9202, 0.381, -0.0901], "perp_len": 0.3593, "cos_axis_edir": 0.9332, "dist_mm": 446.66, "limit_mm": 551.72, "clamp": false, "sin_sh": 0.4808, "elbow_z": 224.27, "shoulder_z": 214.4}
D18_ARMPROBE {"f": 1, "side": "L", "axis": [0.7753, 0.4902, -0.3982], "edir": [0.9136, 0.3989, -0.0786], "perp_len": 0.3542, "cos_axis_edir": 0.9352, "dist_mm": 447.82, "limit_mm": 551.72, "clamp": false, "sin_sh": 0.4785, "elbow_z": 219.23, "shoulder_z": 203.7}
D18_ARMPROBE {"f": 1, "side": "R", "axis": [-0.7711, 0.4914, -0.4049], "edir": [-0.9202, 0.381, -0.0901], "perp_len": 0.3593, "cos_axis_edir": 0.9332, "dist_mm": 446.66, "limit_mm": 551.72, "clamp": false, "sin_sh": 0.4808, "elbow_z": 224.27, "shoulder_z": 214.4}
D18_ARMPROBE {"f": 1, "side": "L", "axis": [0.7753, 0.4902, -0.3982], "edir": [0.9136, 0.3989, -0.0786], "perp_len": 0.3542, "cos_axis_edir": 0.9352, "dist_mm": 447.82, "limit_mm": 551.72, "clamp": false, "sin_sh": 0.4785, "elbow_z": 219.23, "shoulder_z": 203.7}
D18_ARMPROBE {"f": 1, "side": "R", "axis": [-0.7711, 0.4914, -0.4049], "edir": [-0.9202, 0.381, -0.0901], "perp_len": 0.3593, "cos_axis_edir": 0.9332, "dist_mm": 446.66, "limit_mm": 551.72, "clamp": false, "sin_sh": 0.4808, "elbow_z": 224.27, "shoulder_z": 214.4}
D18_ARMPROBE {"f": 1, "side": "L", "axis": [0.7753, 0.4902, -0.3982], "edir": [0.9136, 0.3989, -0.0786], "perp_len": 0.3542, "cos_axis_edir": 0.9352, "dist_mm": 447.82, "limit_mm": 551.72, "clamp": false, "sin_sh": 0.4785, "elbow_z": 219.23, "shoulder_z": 203.7}
D18_ARMPROBE {"f": 1, "side": "R", "axis": [-0.7711, 0.4914, -0.4049], "edir": [-0.9202, 0.381, -0.0901], "perp_len": 0.3593, "cos_axis_edir": 0.9332, "dist_mm": 446.66, "limit_mm": 551.72, "clamp": false, "sin_sh": 0.4808, "elbow_z": 224.27, "shoulder_z": 214.4}
D18_ARMPROBE {"f": 2, "side": "L", "axis": [0.7918, 0.4488, -0.4142], "edir": [0.926, 0.3765, -0.027], "perp_len": 0.407, "cos_axis_edir": 0.9134, "dist_mm": 383.89, "limit_mm": 551.72, "clamp": false, "sin_sh": 0.582, "elbow_z": 268.87, "shoulder_z": 214.55}
D18_ARMPROBE {"f": 2, "side": "R", "axis": [-0.782, 0.4514, -0.4298], "edir": [-0.9324, 0.3594, -0.038], "perp_len": 0.4197, "cos_axis_edir": 0.9077, "dist_mm": 381.6, "limit_mm": 551.72, "clamp": false, "sin_sh": 0.585, "elbow_z": 271.69, "shoulder_z": 225.01}
D18_ARMPROBE {"f": 2, "side": "L", "axis": [0.7918, 0.4488, -0.4142], "edir": [0.926, 0.3765, -0.027], "perp_len": 0.407, "cos_axis_edir": 0.9134, "dist_mm": 383.89, "limit_mm": 551.72, "clamp": false, "sin_sh": 0.582, "elbow_z": 268.87, "shoulder_z": 214.55}
D18_ARMPROBE {"f": 2, "side": "R", "axis": [-0.782, 0.4514, -0.4298], "edir": [-0.9324, 0.3594, -0.038], "perp_len": 0.4197, "cos_axis_edir": 0.9077, "dist_mm": 381.6, "limit_mm": 551.72, "clamp": false, "sin_sh": 0.585, "elbow_z": 271.69, "shoulder_z": 225.01}
D18_ARMPROBE {"f": 2, "side": "L", "axis": [0.7918, 0.4488, -0.4142], "edir": [0.926, 0.3765, -0.027], "perp_len": 0.407, "cos_axis_edir": 0.9134, "dist_mm": 383.89, "limit_mm": 551.72, "clamp": false, "sin_sh": 0.582, "elbow_z": 268.87, "shoulder_z": 214.55}
D18_ARMPROBE {"f": 2, "side": "R", "axis": [-0.782, 0.4514, -0.4298], "edir": [-0.9324, 0.3594, -0.038], "perp_len": 0.4197, "cos_axis_edir": 0.9077, "dist_mm": 381.6, "limit_mm": 551.72, "clamp": false, "sin_sh": 0.585, "elbow_z": 271.69, "shoulder_z": 225.01}
D18_ARMPROBE {"f": 2, "side": "L", "axis": [0.7918, 0.4488, -0.4142], "edir": [0.926, 0.3765, -0.027], "perp_len": 0.407, "cos_axis_edir": 0.9134, "dist_mm": 383.89, "limit_mm": 551.72, "clamp": false, "sin_sh": 0.582, "elbow_z": 268.87, "shoulder_z": 214.55}
D18_ARMPROBE {"f": 2, "side": "R", "axis": [-0.782, 0.4514, -0.4298], "edir": [-0.9324, 0.3594, -0.038], "perp_len": 0.4197, "cos_axis_edir": 0.9077, "dist_mm": 381.6, "limit_mm": 551.72, "clamp": false, "sin_sh": 0.585, "elbow_z": 271.69, "shoulder_z": 225.01}
D18_ARMPROBE {"f": 3, "side": "L", "axis": [0.8111, 0.3902, -0.4358], "edir": [0.9354, 0.3528, 0.0247], "perp_len": 0.4645, "cos_axis_edir": 0.8856, "dist_mm": 321.56, "limit_mm": 551.72, "clamp": false, "sin_sh": 0.6472, "elbow_z": 304.49, "shoulder_z": 225.82}
D18_ARMPROBE {"f": 3, "side": "R", "axis": [-0.7934, 0.3941, -0.4638], "edir": [-0.9416, 0.3366, 0.0143], "perp_len": 0.4876, "cos_axis_edir": 0.8731, "dist_mm": 318.23, "limit_mm": 551.72, "clamp": false, "sin_sh": 0.6498, "elbow_z": 303.65, "shoulder_z": 236.03}
D18_ARMPROBE {"f": 3, "side": "L", "axis": [0.8111, 0.3902, -0.4358], "edir": [0.9354, 0.3528, 0.0247], "perp_len": 0.4645, "cos_axis_edir": 0.8856, "dist_mm": 321.56, "limit_mm": 551.72, "clamp": false, "sin_sh": 0.6472, "elbow_z": 304.49, "shoulder_z": 225.82}
D18_ARMPROBE {"f": 3, "side": "R", "axis": [-0.7934, 0.3941, -0.4638], "edir": [-0.9416, 0.3366, 0.0143], "perp_len": 0.4876, "cos_axis_edir": 0.8731, "dist_mm": 318.23, "limit_mm": 551.72, "clamp": false, "sin_sh": 0.6498, "elbow_z": 303.65, "shoulder_z": 236.03}
D18_ARMPROBE {"f": 3, "side": "L", "axis": [0.8111, 0.3902, -0.4358], "edir": [0.9354, 0.3528, 0.0247], "perp_len": 0.4645, "cos_axis_edir": 0.8856, "dist_mm": 321.56, "limit_mm": 551.72, "clamp": false, "sin_sh": 0.6472, "elbow_z": 304.49, "shoulder_z": 225.82}
D18_ARMPROBE {"f": 3, "side": "R", "axis": [-0.7934, 0.3941, -0.4638], "edir": [-0.9416, 0.3366, 0.0143], "perp_len": 0.4876, "cos_axis_edir": 0.8731, "dist_mm": 318.23, "limit_mm": 551.72, "clamp": false, "sin_sh": 0.6498, "elbow_z": 303.65, "shoulder_z": 236.03}
D18_ARMPROBE {"f": 3, "side": "L", "axis": [0.8111, 0.3902, -0.4358], "edir": [0.9354, 0.3528, 0.0247], "perp_len": 0.4645, "cos_axis_edir": 0.8856, "dist_mm": 321.56, "limit_mm": 551.72, "clamp": false, "sin_sh": 0.6472, "elbow_z": 304.49, "shoulder_z": 225.82}
D18_ARMPROBE {"f": 3, "side": "R", "axis": [-0.7934, 0.3941, -0.4638], "edir": [-0.9416, 0.3366, 0.0143], "perp_len": 0.4876, "cos_axis_edir": 0.8731, "dist_mm": 318.23, "limit_mm": 551.72, "clamp": false, "sin_sh": 0.6498, "elbow_z": 303.65, "shoulder_z": 236.03}
D18_ARMPROBE {"f": 4, "side": "L", "axis": [0.8323, 0.3024, -0.4646], "edir": [0.9416, 0.3279, 0.0763], "perp_len": 0.5309, "cos_axis_edir": 0.8474, "dist_mm": 261.53, "limit_mm": 551.72, "clamp": false, "sin_sh": 0.6799, "elbow_z": 323.01, "shoulder_z": 237.33}
D18_ARMPROBE {"f": 4, "side": "R", "axis": [-0.803, 0.307, -0.5108], "edir": [-0.9475, 0.3126, 0.0665], "perp_len": 0.5682, "cos_axis_edir": 0.8229, "dist_mm": 257.31, "limit_mm": 551.72, "clamp": false, "sin_sh": 0.6809, "elbow_z": 315.93, "shoulder_z": 247.26}
D18_ARMPROBE {"f": 4, "side": "L", "axis": [0.8323, 0.3024, -0.4646], "edir": [0.9416, 0.3279, 0.0763], "perp_len": 0.5309, "cos_axis_edir": 0.8474, "dist_mm": 261.53, "limit_mm": 551.72, "clamp": false, "sin_sh": 0.6799, "elbow_z": 323.01, "shoulder_z": 237.33}
D18_ARMPROBE {"f": 4, "side": "R", "axis": [-0.803, 0.307, -0.5108], "edir": [-0.9475, 0.3126, 0.0665], "perp_len": 0.5682, "cos_axis_edir": 0.8229, "dist_mm": 257.31, "limit_mm": 551.72, "clamp": false, "sin_sh": 0.6809, "elbow_z": 315.93, "shoulder_z": 247.26}
D18_ARMPROBE {"f": 4, "side": "L", "axis": [0.8323, 0.3024, -0.4646], "edir": [0.9416, 0.3279, 0.0763], "perp_len": 0.5309, "cos_axis_edir": 0.8474, "dist_mm": 261.53, "limit_mm": 551.72, "clamp": false, "sin_sh": 0.6799, "elbow_z": 323.01, "shoulder_z": 237.33}
D18_ARMPROBE {"f": 4, "side": "R", "axis": [-0.803, 0.307, -0.5108], "edir": [-0.9475, 0.3126, 0.0665], "perp_len": 0.5682, "cos_axis_edir": 0.8229, "dist_mm": 257.31, "limit_mm": 551.72, "clamp": false, "sin_sh": 0.6809, "elbow_z": 315.93, "shoulder_z": 247.26}
D18_ARMPROBE {"f": 4, "side": "L", "axis": [0.8323, 0.3024, -0.4646], "edir": [0.9416, 0.3279, 0.0763], "perp_len": 0.5309, "cos_axis_edir": 0.8474, "dist_mm": 261.53, "limit_mm": 551.72, "clamp": false, "sin_sh": 0.6799, "elbow_z": 323.01, "shoulder_z": 237.33}
D18_ARMPROBE {"f": 4, "side": "R", "axis": [-0.803, 0.307, -0.5108], "edir": [-0.9475, 0.3126, 0.0665], "perp_len": 0.5682, "cos_axis_edir": 0.8229, "dist_mm": 257.31, "limit_mm": 551.72, "clamp": false, "sin_sh": 0.6809, "elbow_z": 315.93, "shoulder_z": 247.26}
D18_ARMPROBE {"f": 5, "side": "L", "axis": [0.8109, 0.237, -0.535], "edir": [0.9448, 0.3019, 0.1276], "perp_len": 0.6387, "cos_axis_edir": 0.7694, "dist_mm": 255.65, "limit_mm": 551.72, "clamp": false, "sin_sh": 0.6813, "elbow_z": 308.95, "shoulder_z": 248.76}
D18_ARMPROBE {"f": 5, "side": "R", "axis": [-0.7774, 0.2401, -0.5813], "edir": [-0.9504, 0.2877, 0.1185], "perp_len": 0.6737, "cos_axis_edir": 0.739, "dist_mm": 251.83, "limit_mm": 551.72, "clamp": false, "sin_sh": 0.682, "elbow_z": 300.92, "shoulder_z": 258.38}
D18_ARMPROBE {"f": 5, "side": "L", "axis": [0.8109, 0.237, -0.535], "edir": [0.9448, 0.3019, 0.1276], "perp_len": 0.6387, "cos_axis_edir": 0.7694, "dist_mm": 255.65, "limit_mm": 551.72, "clamp": false, "sin_sh": 0.6813, "elbow_z": 308.95, "shoulder_z": 248.76}
D18_ARMPROBE {"f": 5, "side": "R", "axis": [-0.7774, 0.2401, -0.5813], "edir": [-0.9504, 0.2877, 0.1185], "perp_len": 0.6737, "cos_axis_edir": 0.739, "dist_mm": 251.83, "limit_mm": 551.72, "clamp": false, "sin_sh": 0.682, "elbow_z": 300.92, "shoulder_z": 258.38}
D18_ARMPROBE {"f": 5, "side": "L", "axis": [0.8109, 0.237, -0.535], "edir": [0.9448, 0.3019, 0.1276], "perp_len": 0.6387, "cos_axis_edir": 0.7694, "dist_mm": 255.65, "limit_mm": 551.72, "clamp": false, "sin_sh": 0.6813, "elbow_z": 308.95, "shoulder_z": 248.76}
D18_ARMPROBE {"f": 5, "side": "R", "axis": [-0.7774, 0.2401, -0.5813], "edir": [-0.9504, 0.2877, 0.1185], "perp_len": 0.6737, "cos_axis_edir": 0.739, "dist_mm": 251.83, "limit_mm": 551.72, "clamp": false, "sin_sh": 0.682, "elbow_z": 300.92, "shoulder_z": 258.38}
D18_ARMPROBE {"f": 5, "side": "L", "axis": [0.8109, 0.237, -0.535], "edir": [0.9448, 0.3019, 0.1276], "perp_len": 0.6387, "cos_axis_edir": 0.7694, "dist_mm": 255.65, "limit_mm": 551.72, "clamp": false, "sin_sh": 0.6813, "elbow_z": 308.95, "shoulder_z": 248.76}
D18_ARMPROBE {"f": 5, "side": "R", "axis": [-0.7774, 0.2401, -0.5813], "edir": [-0.9504, 0.2877, 0.1185], "perp_len": 0.6737, "cos_axis_edir": 0.739, "dist_mm": 251.83, "limit_mm": 551.72, "clamp": false, "sin_sh": 0.682, "elbow_z": 300.92, "shoulder_z": 258.38}
D18_EUL {"f": 0, "upperarmL": {"eul": [38.52, 0.71, 4.69], "step": null, "angZ": 0.01, "angE": 76.9, "wdir": [0.898, 0.42, -0.13], "phi": 0.0, "mix": 0.0, "dw": null}, "forearmL": {"eul": [45.09, -68.16, -1.0], "step": null, "angZ": 0.0, "angE": 164.76, "wdir": [0.428, 0.578, -0.695], "phi": 0.0, "mix": 0.0, "dw": null}, "handL": {"eul": [-39.47, 45.51, -30.17], "step": null, "angZ": 0.0, "angE": 141.5, "wdir": [0.761, 0.521, -0.387], "phi": 0.0, "mix": 0.0, "dw": null}}
D18_EUL {"f": 1, "upperarmL": {"eul": [34.82, 8.13, -2.88], "step": 7.57, "angZ": 11.14, "angE": 84.58, "wdir": [0.936, 0.35, 0.047], "phi": 0.0, "mix": 0.0, "dw": 11.32}, "forearmL": {"eul": [61.31, -74.62, 12.16], "step": 16.22, "angZ": 18.43, "angE": 171.09, "wdir": [0.18, 0.467, -0.865], "phi": 0.0, "mix": 0.0, "dw": 18.44}, "handL": {"eul": [-55.68, 33.94, -47.3], "step": 17.13, "angZ": 1.59, "angE": 142.59, "wdir": [0.746, 0.544, -0.384], "phi": 0.0, "mix": 0.0, "dw": 1.59}}
D18_EUL {"f": 2, "upperarmL": {"eul": [33.46, 13.05, -7.78], "step": 4.92, "angZ": 18.12, "angE": 90.27, "wdir": [0.934, 0.317, 0.166], "phi": 0.0, "mix": 0.0, "dw": 7.35}, "forearmL": {"eul": [45.74, -81.99, 48.62], "step": 36.46, "angZ": 33.52, "angE": 159.51, "wdir": [-0.01, 0.305, -0.952], "phi": 0.0, "mix": 0.0, "dw": 15.28}, "handL": {"eul": [-62.21, 22.23, -58.56], "step": 11.71, "angZ": 3.19, "angE": 143.65, "wdir": [0.73, 0.567, -0.382], "phi": 0.0, "mix": 0.0, "dw": 1.59}}
D18_EUL {"f": 3, "upperarmL": {"eul": [33.59, 16.35, -10.44], "step": 3.3, "angZ": 22.32, "angE": 94.21, "wdir": [0.921, 0.307, 0.24], "phi": 0.0, "mix": 0.0, "dw": 4.88}, "forearmL": {"eul": [-3.41, -19.52, 112.89], "step": 64.27, "angZ": 48.42, "angE": 145.51, "wdir": [-0.184, 0.11, -0.977], "phi": 0.0, "mix": 0.0, "dw": 65.56}, "handL": {"eul": [-17.51, 67.08, -88.41], "step": 44.85, "angZ": 4.78, "angE": 144.67, "wdir": [0.714, 0.589, -0.379], "phi": 0.0, "mix": 0.0, "dw": 82.05}}
D18_EUL {"f": 4, "upperarmL": {"eul": [34.24, 16.11, -11.55], "step": 1.11, "angZ": 23.41, "angE": 95.56, "wdir": [0.913, 0.313, 0.261], "phi": 0.0, "mix": 0.0, "dw": 1.36}, "forearmL": {"eul": [-9.73, -3.84, 128.75], "step": 15.86, "angZ": 64.82, "angE": 129.46, "wdir": [-0.365, -0.106, -0.925], "phi": 0.0, "mix": 0.0, "dw": 21.07}, "handL": {"eul": [10.74, 39.04, -81.54], "step": 28.25, "angZ": 6.37, "angE": 145.65, "wdir": [0.697, 0.611, -0.376], "phi": 0.0, "mix": 0.0, "dw": 29.77}}
D18_EUL {"f": 5, "upperarmL": {"eul": [33.08, 12.21, -8.51], "step": 3.9, "angZ": 19.42, "angE": 90.91, "wdir": [0.936, 0.301, 0.184], "phi": 0.0, "mix": 0.0, "dw": 4.72}, "forearmL": {"eul": [-11.83, -2.69, 130.54], "step": 2.1, "angZ": 71.19, "angE": 123.04, "wdir": [-0.445, -0.17, -0.879], "phi": 0.0, "mix": 0.0, "dw": 6.71}, "handL": {"eul": [14.85, 36.97, -85.78], "step": 4.24, "angZ": 7.96, "angE": 146.6, "wdir": [0.679, 0.632, -0.372], "phi": 0.0, "mix": 0.0, "dw": 2.93}}
Blender 4.5.0 (hash 8cb6b388974a built 2025-07-15 01:36:24)
Read blend: "I:\工作项目\BIGMANFIGHT\角色资产\美术资产\bigman_v001\bigman_anim_v001.blend"

Blender quit
Error: Not freed memory blocks: 1, total unfreed memory 0.000008 MB
