D18_LAYOUT {"total_frames": 36, "seconds": 0.6, "legs_down": 4, "plant": 8, "chest_up": 12, "hand_off": 17, "tuck": 21, "foot_set": 25, "rise_mid": 30, "stand": 34, "vertical_channel": {"shape": "★ **无弹道段**：骨盆沿单调上升曲线 128 → 830 mm（四段支点：背/臀→掌→脚→双腿）", "pelvis_z_keys": [[0, 128.0], [4, 152.0], [8, 172.0], [12, 250.0], [17, 420.0], [21, 520.0], [25, 620.0], [30, 730.0], [34, 830.0], [36, 830.0]], "pelvis_y_keys": [[0, 470.0], [4, 452.0], [8, 430.0], [12, 398.0], [17, 350.0], [21, 290.0], [25, 220.0], [30, 110.0], [34, 0.0], [36, 0.0]]}, "seam": {"action": "Knockdown_B", "frame": 20, "src": {"action": "Knockdown_B", "found": true, "frame": 20, "rot_bones": 53, "loc_bones": ["pelvis"], "frame_range": [0, 20]}}, "end": {"action": "Idle_01", "frame": 0, "src": {"action": "Idle_01", "found": true, "frame": 0, "rot_bones": 52, "loc_bones": ["pelvis"], "frame_range": [0, 180]}}, "measured": {"seam_pelvis_z_mm": 128.0, "end_pelvis_z_mm": 830.0, "rise_mm": 702.0, "seam_ankle_mm": {"L": [329.978, 231.262, 300.001], "R": [-329.982, 228.703, 299.997]}, "end_ankle_mm": {"L": [143.178, -169.571, 79.76], "R": [-141.579, 140.432, 79.827]}, "seam_fist_mm": {"L": [595.461, 1275.328, -42.735], "R": [-635.184, 1255.257, -31.84]}, "seam_shoulder_mm": null, "end_off_mm": {"L": [-6.173, -256.577, -41.816], "R": [21.12, -222.327, -14.704]}}, "chest_tail_at_chest_up_mm": 441.698, "roll_weight_mode": "always", "note": "D18 背面起身：零位 = **`Knockdown_B@20` 落盘帧**；终点 = **`Idle_01@0` 落盘帧**（跨族接缝）。竖直通道**无弹道段**，骨盆单调升 **702 mm**；支点**背/臀 → 掌 → 脚**，换**两次**。"}
D18_MULTI {"f": 1, "bone": "shin.R", "eul": [118.35, -95.26, 0.95], "prev_eul": [149.96, -94.43, -25.55], "step": 31.61, "dw": 10.65, "ddir": 10.65, "y": -95.26}
D18_MULTI {"f": 2, "bone": "shin.R", "eul": [79.91, -100.59, 22.48], "prev_eul": [118.35, -95.26, 0.95], "step": 38.44, "dw": 21.69, "ddir": 21.69, "y": -100.59}
D18_MULTI {"f": 3, "bone": "forearm.L", "eul": [97.94, -93.25, 13.8], "prev_eul": [74.37, -84.05, 19.79], "step": 23.57, "dw": 15.2, "ddir": 15.07, "y": -93.25}
D18_MULTI {"f": 3, "bone": "shin.L", "eul": [97.26, 78.9, 19.43], "prev_eul": [119.0, 77.52, 17.19], "step": 21.74, "dw": 20.82, "ddir": 20.82, "y": 78.9}
D18_MULTI {"f": 3, "bone": "shin.R", "eul": [57.7, -106.7, 21.1], "prev_eul": [79.91, -100.59, 22.48], "step": 22.21, "dw": 20.37, "ddir": 20.36, "y": -106.7}
D18_MULTI {"f": 16, "bone": "forearm.R", "eul": [161.78, 82.14, 125.75], "prev_eul": [152.3, 53.38, 99.28], "step": 28.76, "dw": 35.95, "ddir": 12.31, "y": 82.14}
D18_MULTI {"f": 16, "bone": "hand.R", "eul": [-55.95, 39.4, 17.98], "prev_eul": [-77.48, 10.15, -10.11], "step": 29.25, "dw": 14.64, "ddir": 1.59, "y": 39.4}
D18_MULTI {"f": 17, "bone": "thigh.R", "eul": [3.27, -45.9, -26.86], "prev_eul": [9.08, -44.38, -47.59], "step": 20.73, "dw": 16.95, "ddir": 16.94, "y": -45.9}
D18_MULTI {"f": 17, "bone": "forearm.L", "eul": [47.57, -91.82, -44.26], "prev_eul": [58.48, -99.47, -21.5], "step": 22.76, "dw": 25.04, "ddir": 18.68, "y": -91.82}
D18_MULTI {"f": 17, "bone": "forearm.R", "eul": [166.53, 91.85, 163.02], "prev_eul": [161.78, 82.14, 125.75], "step": 37.27, "dw": 27.78, "ddir": 18.16, "y": 91.85}
D18_MULTI {"f": 17, "bone": "hand.L", "eul": [-0.43, -41.88, -59.2], "prev_eul": [-26.16, -17.25, -57.23], "step": 25.73, "dw": 31.26, "ddir": 1.59, "y": -41.88}
D18_MULTI {"f": 17, "bone": "hand.R", "eul": [-28.06, 65.61, 33.48], "prev_eul": [-55.95, 39.4, 17.98], "step": 27.89, "dw": 18.17, "ddir": 1.59, "y": 65.61}
D18_MULTI {"f": 18, "bone": "thigh.L", "eul": [22.22, 49.03, 39.98], "prev_eul": [1.64, 52.67, 29.17], "step": 20.58, "dw": 16.3, "ddir": 16.01, "y": 49.03}
D18_MULTI {"f": 18, "bone": "forearm.L", "eul": [53.74, -92.0, 8.74], "prev_eul": [47.57, -91.82, -44.26], "step": 53.0, "dw": 37.96, "ddir": 34.8, "y": -92.0}
D18_MULTI {"f": 18, "bone": "forearm.R", "eul": [202.89, 128.52, 135.57], "prev_eul": [166.53, 91.85, 163.02], "step": 36.67, "dw": 43.69, "ddir": 35.54, "y": 128.52}
D18_MULTI {"f": 18, "bone": "hand.L", "eul": [-29.23, -14.74, -65.21], "prev_eul": [-0.43, -41.88, -59.2], "step": 28.8, "dw": 51.03, "ddir": 0.0, "y": -14.74}
D18_MULTI {"f": 18, "bone": "hand.R", "eul": [-14.19, 88.24, 61.93], "prev_eul": [-28.06, 65.61, 33.48], "step": 28.45, "dw": 20.75, "ddir": 0.0, "y": 88.24}
D18_MULTI {"f": 19, "bone": "forearm.R", "eul": [220.45, 133.66, 117.37], "prev_eul": [202.89, 128.52, 135.57], "step": 18.2, "dw": 23.08, "ddir": 17.67, "y": 133.66}
D18_MULTI {"f": 19, "bone": "hand.R", "eul": [-34.33, 109.94, 49.09], "prev_eul": [-14.19, 88.24, 61.93], "step": 21.7, "dw": 0.32, "ddir": 0.0, "y": 109.94}
D18_MULTI {"f": 22, "bone": "thigh.L", "eul": [-2.15, 58.93, 24.85], "prev_eul": [41.98, 46.2, 60.48], "step": 44.13, "dw": 25.48, "ddir": 25.35, "y": 58.93}
D18_MULTI {"f": 22, "bone": "thigh.R", "eul": [9.54, -45.39, -17.95], "prev_eul": [33.63, -37.78, -30.09], "step": 24.09, "dw": 16.18, "ddir": 15.89, "y": -45.39}
D18_MULTI {"f": 22, "bone": "forearm.L", "eul": [60.35, -87.54, 66.03], "prev_eul": [80.19, -76.44, 46.78], "step": 19.84, "dw": 6.43, "ddir": 4.84, "y": -87.54}
D18_MULTI {"f": 23, "bone": "thigh.L", "eul": [-56.58, 58.37, -10.24], "prev_eul": [-2.15, 58.93, 24.85], "step": 54.43, "dw": 333.42, "ddir": 25.82, "y": 58.37}
D18_MULTI {"f": 23, "bone": "thigh.R", "eul": [-24.12, -48.95, 0.68], "prev_eul": [9.54, -45.39, -17.95], "step": 33.66, "dw": 19.99, "ddir": 19.56, "y": -48.95}
D18_MULTI {"f": 23, "bone": "foot.R", "eul": [-36.86, 0.13, -50.62], "prev_eul": [-34.22, 3.93, -16.04], "step": 34.58, "dw": 52.74, "ddir": 24.15, "y": 0.13}
D18_MULTI {"f": 24, "bone": "shin.L", "eul": [99.53, 5.11, -54.95], "prev_eul": [119.74, 35.9, -63.56], "step": 30.79, "dw": 35.85, "ddir": 29.82, "y": 5.11}
D18_MULTI {"f": 24, "bone": "shin.R", "eul": [114.06, -26.91, 83.2], "prev_eul": [109.23, -49.53, 88.65], "step": 22.62, "dw": 26.1, "ddir": 22.91, "y": -26.91}
D18_MULTI {"f": 24, "bone": "foot.R", "eul": [-30.69, -2.31, -69.35], "prev_eul": [-36.86, 0.13, -50.62], "step": 18.73, "dw": 40.8, "ddir": 31.71, "y": -2.31}
D18_MULTI {"f": 24, "bone": "hand.R", "eul": [-55.33, 143.45, 22.73], "prev_eul": [-37.9, 124.87, 27.1], "step": 18.58, "dw": 22.35, "ddir": 0.0, "y": 143.45}
D18_MULTI {"f": 25, "bone": "shin.L", "eul": [80.34, -15.73, -49.19], "prev_eul": [99.53, 5.11, -54.95], "step": 20.84, "dw": 15.79, "ddir": 14.73, "y": -15.73}
D18_MULTI {"f": 25, "bone": "shin.R", "eul": [112.68, -7.08, 87.02], "prev_eul": [114.06, -26.91, 83.2], "step": 19.83, "dw": 13.1, "ddir": 12.11, "y": -7.08}
D18_MULTI {"f": 30, "bone": "shin.R", "eul": [81.76, 13.74, 33.76], "prev_eul": [93.53, 14.03, 53.51], "step": 19.75, "dw": 15.67, "ddir": 3.05, "y": 13.74}
Blender 4.5.0 (hash 8cb6b388974a built 2025-07-15 01:36:24)
Read blend: "I:\工作项目\BIGMANFIGHT\角色资产\美术资产\bigman_v001\bigman_anim_v001.blend"

Blender quit
Error: Not freed memory blocks: 1, total unfreed memory 0.000008 MB
