D19PX2_GEOM mm_per_px=3.363636 floor_row=118.9189 center_y=200.0 wall_col=540.302
D19PX2_HEMBOX [293, 370, 384, 396]
D19PX2_G_MM=2.722222  halfG/mm_per_px=0.404655 px/f2  second_diff=0.809309 px

f | raw_top raw_bot raw_chi | cut_top cut_bot cut_chi | cut_area  raw_area
0   |    385    955    439 |    444    955    439 |   679.753   675.037
1   |    385    951    443 |    461    951    443 |   677.437   672.736
2   |    385    945    447 |    460    945    447 |   675.060   670.415
3   |    385    939    456 |    457    939    456 |   671.917   667.351
4   |    385    932    465 |    452    932    465 |   666.916   662.447
5   |    385    925    474 |    445    925    474 |   660.820   656.462
6   |    385    917    483 |    437    917    483 |   653.847   649.607
7   |    385    908    491 |    428    908    491 |   645.918   641.808
8   |    385    898    499 |    417    898    499 |   637.157   633.197
9   |    385    887    506 |    405    887    506 |   627.315   623.510
10  |    385    876    513 |    393    876    513 |   616.888   612.880
11  |    379    864    520 |    379    864    520 |   609.053   604.379
12  |    364    852    527 |    364    852    527 |   594.821   590.848
13  |    349    838    533 |    349    838    533 |   580.455   576.844
14  |    333    824    540 |    333    824    540 |   566.136   562.720
15  |    333    824    540 |    333    824    540 |   566.136   562.720
16  |    333    824    540 |    333    824    540 |   566.136   562.720
17  |    328    821    540 |    328    821    540 |   561.418   558.039
18  |    323    817    539 |    323    817    539 |   556.480   553.220
19  |    317    811    539 |    317    811    539 |   550.368   547.247
20  |    310    805    539 |    310    805    539 |   543.713   540.737
21  |    303    799    539 |    303    799    539 |   536.463   533.641
22  |    295    792    538 |    295    792    538 |   528.603   525.933
23  |    287    784    538 |    287    784    538 |   520.413   517.904
24  |    278    776    538 |    278    776    538 |   512.092   509.740
25  |    269    768    538 |    269    768    538 |   502.999   500.819
26  |    262    759    537 |    262    759    537 |   494.655   492.617
27  |    255    751    534 |    255    751    534 |   485.983   484.089
28  |    247    741    531 |    247    741    531 |   476.334   474.611
29  |    238    730    528 |    238    730    528 |   465.690   464.168
30  |    229    719    526 |    229    719    526 |   454.550   453.251
31  |    218    707    522 |    218    707    522 |   442.233   441.188
32  |    207    694    518 |    207    694    518 |   428.895   428.132
33  |    195    681    515 |    195    681    515 |   414.837   414.367
34  |    181    666    511 |    181    666    511 |   400.165   399.975

== (1) px_wall_side_ok 素材：cut_chi ==
  approach [0..14]: chi0=439 chiN=540 delta=+101
  stay [14..25]: [540, 540, 540, 540, 539, 539, 539, 539, 538, 538, 538, 538]  max_dev=2  min=538 max=540
  fall [26..34]: [537, 534, 531, 528, 526, 522, 518, 515, 511]  retreat=26
  wall_col=540.302  chi_wall_hit=540  gap=0.302

== (1b) D18 反对照：右缘在起身窗口的行为 ==
  chi f0..f40: [730, 729, 727, 725, 723, 721, 718, 715, 711, 706, 701, 697, 694, 692, 690, 688, 686, 684, 681, 677, 672, 651, 624, 612, 602, 595, 588, 582, 574, 564, 549, 517, 466, 416, 390, 388, 387, 387, 386, 386, 386]
  window[4..40] max_dev=337  delta=-337

== (2) px_hitstop_ok 素材 ==
  f14  cut_top=333 cut_chi=540 cut_area=566.1360 cut_bot=824
  f15  cut_top=333 cut_chi=540 cut_area=566.1360 cut_bot=824
  f16  cut_top=333 cut_chi=540 cut_area=566.1360 cut_bot=824
  -- 基线与 NOHITSTOP 三点读数差 --
  stem f14  cut_top=333 cut_chi=540 cut_area=566.1360
  stem f15  cut_top=330 cut_chi=540 cut_area=563.7925
  stem f16  cut_top=327 cut_chi=540 cut_area=560.1522
  stem spread top   = [333, 330, 327]  (max-min = 6)
  stem spread chi   = [540, 540, 540]  (max-min = 0)
  stem spread area  = [566.135998360917, 563.7924627120574, 560.1521853007494]  (max-min = 5.983813060167677)

== (3) px_seam_steps_ok 素材：cut_top 二阶差分（理论 0.8093 px）==
   f2   d2=-18.0000 px  (err vs 理论 -18.8093)
   f3   d2=-2.0000 px  (err vs 理论 -2.8093)
   f4   d2=-2.0000 px  (err vs 理论 -2.8093)
   f5   d2=-2.0000 px  (err vs 理论 -2.8093)
   f6   d2=-1.0000 px  (err vs 理论 -1.8093)
   f7   d2=-1.0000 px  (err vs 理论 -1.8093)
   f8   d2=-2.0000 px  (err vs 理论 -2.8093)
   f9   d2=-1.0000 px  (err vs 理论 -1.8093)
   f10  d2=+0.0000 px  (err vs 理论 -0.8093)
   f11  d2=-2.0000 px  (err vs 理论 -2.8093)
   f12  d2=-1.0000 px  (err vs 理论 -1.8093)
   f13  d2=+0.0000 px  (err vs 理论 -0.8093)
   f14  d2=-1.0000 px  (err vs 理论 -1.8093)
  -- 已知曲率最小二乘残差（只用 f 的二次项固定 = -G/2/mm）--
   window [0, 13]: max|res| = 20.6504 px  coef=[464.65040755  -3.10652246]
   window [0, 14]: max|res| = 21.6088 px  coef=[465.60880881  -3.32769198]
   window [0, 12]: max|res| = 19.5921 px  coef=[463.59210309  -2.84194634]
   ★ 反面窗口 [17..34]（撞墙后）: max|res| = 10.9525 px
   ★ 反面窗口 [0..34]（全程）: max|res| = 65.0466 px

== (4) px_fall_ok 素材：cut_area 行心 ==
   f14  area=566.136
   f15  area=566.136
   f16  area=566.136
   f17  area=561.418
   f18  area=556.480
   f19  area=550.368
   f20  area=543.713
   f21  area=536.463
   f22  area=528.603
   f23  area=520.413
   f24  area=512.092
   f25  area=502.999
   f26  area=494.655
   f27  area=485.983
   f28  area=476.334
   f29  area=465.690
   f30  area=454.550
   f31  area=442.233
   f32  area=428.895
   f33  area=414.837
   f34  area=400.165
  fall[26..34] first=494.655 last=400.165 drop=94.491  mono_bad=[]
  hit..end[14..34] drop=165.971  mono_bad(1px)=[]

== (4b) D18 反对照：面积行心 ==
  area f0..f40: [308.7, 309.4, 310.3, 313.7, 317.7, 319.4, 321.5, 324.2, 328.2, 334.0, 340.7, 346.7, 351.9, 356.9, 362.2, 368.5, 375.0, 378.9, 381.3, 385.1, 392.7, 417.5, 439.1, 447.5, 455.4, 457.8, 457.7, 454.5, 454.8, 455.9, 454.5, 461.9, 470.1, 476.3, 481.8, 488.3, 494.5, 498.6, 500.2, 500.2, 500.2]
  window[4..40] first=317.662 last=500.191 rise=182.529  mono_bad(desc)=[27, 30]

== (5) px_hem_* 素材 ==
  raw_top != cut_top 的帧 = [0, 1, 2, 3, 4, 5, 6, 7, 8, 9, 10] (11 帧)
  raw_bot != cut_bot 的帧 = []
  f0: raw_top=385 cut_top=444 | raw_bot=955 cut_bot=955

== (6) 底缘（cut_bot）==
  {0: 955, 1: 951, 2: 945, 3: 939, 4: 932, 5: 925, 6: 917, 7: 908, 8: 898, 9: 887, 10: 876, 11: 864, 12: 852, 13: 838, 14: 824, 15: 824, 16: 824, 17: 821, 18: 817, 19: 811, 20: 805, 21: 799, 22: 792, 23: 784, 24: 776, 25: 768, 26: 759, 27: 751, 28: 741, 29: 730, 30: 719, 31: 707, 32: 694, 33: 681, 34: 666}
  raw_bot: {0: 955, 1: 951, 2: 945, 3: 939, 4: 932, 5: 925, 6: 917, 7: 908, 8: 898, 9: 887, 10: 876, 11: 864, 12: 852, 13: 838, 14: 824, 15: 824, 16: 824, 17: 821, 18: 817, 19: 811, 20: 805, 21: 799, 22: 792, 23: 784, 24: 776, 25: 768, 26: 759, 27: 751, 28: 741, 29: 730, 30: 719, 31: 707, 32: 694, 33: 681, 34: 666}
  底缘 z_mm: {0: 2812.3, 1: 2798.8, 2: 2778.6, 3: 2758.5, 4: 2734.9, 5: 2711.4, 6: 2684.5, 7: 2654.2, 8: 2620.5, 9: 2583.5, 10: 2546.5, 11: 2506.2, 12: 2465.8, 13: 2418.7, 14: 2371.6, 15: 2371.6, 16: 2371.6, 17: 2361.5, 18: 2348.1, 19: 2327.9, 20: 2307.7, 21: 2287.5, 22: 2264.0, 23: 2237.1, 24: 2210.2, 25: 2183.3, 26: 2153.0, 27: 2126.1, 28: 2092.5, 29: 2055.5, 30: 2018.5, 31: 1978.1, 32: 1934.4, 33: 1890.6, 34: 1840.2}
Blender 4.5.0 (hash 8cb6b388974a built 2025-07-15 01:36:24)

Blender quit
