DIAG_A euler_continuity
f=  0 B=0.0000 upperarm=(-2867.92, 870.58,1826.98) forearm=( 154.77,-509.94,8381.89) hand=( 487.38, 106.27,-1407.09)
f=  1 B=0.0060 upperarm=(-2858.55, 862.43,1808.19) forearm=( 152.03,-503.82,8281.99) hand=( 481.54, 104.99,-1390.22)
f=  2 B=0.0233 upperarm=(-2832.49, 840.65,1756.73) forearm=( 144.23,-486.41,7998.22) hand=( 464.94, 101.37,-1342.31)
f=  3 B=0.0507 upperarm=(-2793.48, 811.05,1682.86) forearm=( 132.16,-459.42,7558.36) hand=( 439.20,  95.76,-1267.99)
f=  4 B=0.0872 upperarm=(-2745.36, 780.74,1599.41) forearm=( 116.65,-424.73,6993.76) hand=( 406.13,  88.55,-1172.51)
f=  5 B=0.1315 upperarm=(-2691.13, 756.96,1520.51) forearm=(  98.63,-384.35,6337.50) hand=( 367.64,  80.16,-1061.40)
f=  6 B=0.1826 upperarm=(-2632.26, 745.93,1460.49) forearm=(  79.01,-340.29,5622.75) hand=( 325.66,  71.01,-940.20)
f=  7 B=0.2393 upperarm=(-2568.48, 751.90,1433.02) forearm=(  58.71,-294.48,4881.38) hand=( 282.03,  61.49,-814.24)
f=  8 B=0.3005 upperarm=(-2498.16, 776.46,1450.10) forearm=(  38.55,-248.71,4142.80) hand=( 238.46,  51.99,-688.44)
f=  9 B=0.3651 upperarm=(-2418.99, 818.31,1520.97) forearm=(  19.28,-204.55,3432.93) hand=( 196.44,  42.83,-567.12)
f= 10 B=0.4320 upperarm=(-2329.17, 873.46,1650.99) forearm=(   1.55,-163.33,2773.51) hand=( 157.24,  34.28,-453.95)
f= 11 B=0.5000 upperarm=(-2228.47, 936.10,1840.63) forearm=( -14.13,-126.10,2181.54) hand=( 121.84,  26.57,-351.77)
f= 12 B=0.5680 upperarm=(-2094.11, 912.96,1946.53) forearm=(-195.80, -70.92,1964.82) hand=(  90.96,  19.83,-262.60)
f= 13 B=0.6349 upperarm=(-1936.65, 804.07,1921.56) forearm=(-527.40,  74.90,2175.18) hand=(  64.98,  14.17,-187.60)
f= 14 B=0.6995 upperarm=(-1815.04, 749.82,1982.09) forearm=(-713.76, 215.86,2332.88) hand=(  44.02,   9.60,-127.08)
f= 15 B=0.7607 upperarm=(-1718.03, 712.62,2069.88) forearm=(-831.77, 342.00,2542.71) hand=(  27.91,   6.09, -80.57)
f= 16 B=0.8174 upperarm=(-1642.67, 685.60,2170.48) forearm=(-901.43, 447.12,2803.36) hand=(  16.25,   3.54, -46.90)
f= 17 B=0.8685 upperarm=(-1586.40, 665.94,2274.87) forearm=(-936.04, 528.71,3095.35) hand=(   8.43,   1.84, -24.32)
f= 18 B=0.9128 upperarm=(-1546.32, 651.95,2375.29) forearm=(-946.84, 587.52,3392.70) hand=(   3.70,   0.81, -10.69)
f= 19 B=0.9493 upperarm=(-1519.36, 642.37,2464.41) forearm=(-943.62, 626.58,3667.38) hand=(   1.25,   0.27,  -3.62)
f= 20 B=0.9767 upperarm=(-1502.58, 636.22,2535.29) forearm=(-934.56, 650.05,3891.80) hand=(   0.26,   0.06,  -0.76)
f= 21 B=0.9940 upperarm=(-1493.53, 632.79,2581.61) forearm=(-926.10, 662.13,4040.93) hand=(   0.02,   0.00,  -0.05)
f= 22 B=1.0000 upperarm=(-1490.66, 631.67,2598.02) forearm=(-922.68, 665.82,4094.19) hand=(  -0.00,  -0.00,   0.00)
f= 23 B=1.0000 upperarm=(-1575.96, 660.59,2568.57) forearm=(-942.54, 666.07,4028.39) hand=(   0.00,   0.00,  -0.00)
f= 24 B=1.0000 upperarm=(-1659.33, 688.28,2540.14) forearm=(-960.49, 664.78,3963.49) hand=(   0.00,   0.00,  -0.00)
f= 25 B=1.0000 upperarm=(-1738.45, 714.07,2513.51) forearm=(-976.13, 662.20,3901.39) hand=(  -0.00,  -0.00,   0.00)
f= 96 B=1.0000 upperarm=(-1323.65, 573.21,2656.63) forearm=(-879.61, 660.64,4221.17) hand=(   0.00,  -0.00,  -0.00)
f= 97 B=1.0000 upperarm=(-1405.79, 602.28,2627.66) forearm=(-901.47, 663.98,4159.03) hand=(  -0.00,   0.00,   0.00)
f= 98 B=1.0000 upperarm=(-1490.66, 631.67,2598.02) forearm=(-922.68, 665.82,4094.19) hand=(  -0.00,  -0.00,   0.00)
f= 99 B=0.9940 upperarm=(-1493.53, 632.79,2581.61) forearm=(-926.10, 662.13,4040.93) hand=(   0.02,   0.00,  -0.05)
f=100 B=0.9767 upperarm=(-1502.58, 636.22,2535.29) forearm=(-934.56, 650.05,3891.80) hand=(   0.26,   0.06,  -0.76)
f=101 B=0.9493 upperarm=(-1519.36, 642.37,2464.41) forearm=(-943.62, 626.58,3667.38) hand=(   1.25,   0.27,  -3.62)
f=102 B=0.9128 upperarm=(-1546.32, 651.95,2375.29) forearm=(-946.84, 587.52,3392.70) hand=(   3.70,   0.81, -10.69)
f=103 B=0.8685 upperarm=(-1586.40, 665.94,2274.87) forearm=(-936.04, 528.71,3095.35) hand=(   8.43,   1.84, -24.32)
f=104 B=0.8174 upperarm=(-1642.67, 685.60,2170.48) forearm=(-901.43, 447.12,2803.36) hand=(  16.25,   3.54, -46.90)
f=105 B=0.7607 upperarm=(-1718.03, 712.62,2069.88) forearm=(-831.77, 342.00,2542.71) hand=(  27.91,   6.09, -80.57)
f=106 B=0.6995 upperarm=(-1815.04, 749.82,1982.09) forearm=(-713.76, 215.86,2332.88) hand=(  44.02,   9.60,-127.08)
f=107 B=0.6349 upperarm=(-1936.65, 804.07,1921.56) forearm=(-527.40,  74.90,2175.18) hand=(  64.98,  14.17,-187.60)
f=108 B=0.5680 upperarm=(-2094.11, 912.96,1946.53) forearm=(-195.80, -70.92,1964.82) hand=(  90.96,  19.83,-262.60)
f=109 B=0.5000 upperarm=(-2228.47, 936.10,1840.63) forearm=( -14.13,-126.10,2181.54) hand=( 121.84,  26.57,-351.77)
f=110 B=0.4320 upperarm=(-2329.17, 873.46,1650.99) forearm=(   1.55,-163.33,2773.51) hand=( 157.24,  34.28,-453.95)
f=111 B=0.3651 upperarm=(-2418.99, 818.31,1520.97) forearm=(  19.28,-204.55,3432.93) hand=( 196.44,  42.83,-567.12)
f=112 B=0.3005 upperarm=(-2498.16, 776.46,1450.10) forearm=(  38.55,-248.71,4142.80) hand=( 238.46,  51.99,-688.44)
f=113 B=0.2393 upperarm=(-2568.48, 751.90,1433.02) forearm=(  58.71,-294.48,4881.38) hand=( 282.03,  61.49,-814.24)
f=114 B=0.1826 upperarm=(-2632.26, 745.93,1460.49) forearm=(  79.01,-340.29,5622.75) hand=( 325.66,  71.01,-940.20)
f=115 B=0.1315 upperarm=(-2691.13, 756.96,1520.51) forearm=(  98.63,-384.35,6337.50) hand=( 367.64,  80.16,-1061.40)
f=116 B=0.0872 upperarm=(-2745.36, 780.74,1599.41) forearm=( 116.65,-424.73,6993.76) hand=( 406.13,  88.55,-1172.51)
f=117 B=0.0507 upperarm=(-2793.48, 811.05,1682.86) forearm=( 132.16,-459.42,7558.36) hand=( 439.20,  95.76,-1267.99)
f=118 B=0.0233 upperarm=(-2832.49, 840.65,1756.73) forearm=( 144.23,-486.41,7998.22) hand=( 464.94, 101.37,-1342.31)
f=119 B=0.0060 upperarm=(-2858.55, 862.43,1808.19) forearm=( 152.03,-503.82,8281.99) hand=( 481.54, 104.99,-1390.22)
f=120 B=0.0000 upperarm=(-2867.92, 870.58,1826.98) forearm=( 154.77,-509.94,8381.89) hand=( 487.38, 106.27,-1407.09)
DIAG_B worst_step
worst_step_deg=(99.8997, (1, 'forearm.R', 154.77, '->', 152.03))
  arm steps by frame (deg/frame, worst component):
   f=  1 upper.L= 11.92 forea.L= 93.95 hand.L= 14.54 upper.R= 18.79 forea.R= 99.90 hand.R= 16.86
   f=  2 upper.L= 32.40 forea.L=266.87 hand.L= 41.32 upper.R= 51.46 forea.R=283.77 hand.R= 47.92
   f=  3 upper.L= 45.63 forea.L=413.70 hand.L= 64.09 upper.R= 73.87 forea.R=439.86 hand.R= 74.32
   f=  4 upper.L= 56.82 forea.L=531.08 hand.L= 82.33 upper.R= 83.45 forea.R=564.60 hand.R= 95.48
   f=  5 upper.L= 64.77 forea.L=617.38 hand.L= 95.81 upper.R= 78.90 forea.R=656.26 hand.R=111.11
   f=  6 upper.L= 69.91 forea.L=672.51 hand.L=104.51 upper.R= 60.01 forea.R=714.75 hand.R=121.20
   f=  7 upper.L= 73.33 forea.L=697.67 hand.L=108.62 upper.R= 63.77 forea.R=741.36 hand.R=125.96
   f=  8 upper.L= 76.20 forea.L=695.19 hand.L=108.49 upper.R= 70.33 forea.R=738.59 hand.R=125.81
   f=  9 upper.L= 84.69 forea.L=668.31 hand.L=104.61 upper.R= 79.17 forea.R=709.87 hand.R=121.31
   f= 10 upper.L=134.67 forea.L=620.97 hand.L= 97.59 upper.R=130.02 forea.R=659.41 hand.R=113.17
   f= 11 upper.L=186.45 forea.L=557.63 hand.L= 88.11 upper.R=189.64 forea.R=591.98 hand.R=102.18
   f= 12 upper.L=131.00 forea.L=269.13 hand.L= 76.89 upper.R=134.36 forea.R=216.71 hand.R= 89.17
   f= 13 upper.L=127.01 forea.L=256.34 hand.L= 64.68 upper.R=157.46 forea.R=331.60 hand.R= 75.00
   f= 14 upper.L=106.69 forea.L=176.57 hand.L= 52.19 upper.R=121.61 forea.R=186.36 hand.R= 60.52
   f= 15 upper.L=100.19 forea.L=197.33 hand.L= 40.11 upper.R= 97.00 forea.R=209.83 hand.R= 46.51
   f= 16 upper.L=107.21 forea.L=263.48 hand.L= 29.04 upper.R=100.61 forea.R=260.65 hand.R= 33.67
   f= 17 upper.L=106.38 forea.L=307.36 hand.L= 19.47 upper.R=104.39 forea.R=291.99 hand.R= 22.58
   f= 18 upper.L= 98.90 forea.L=321.66 hand.L= 11.76 upper.R=100.42 forea.R=297.36 hand.R= 13.64
   f= 19 upper.L= 85.47 forea.L=302.89 hand.L=  6.10 upper.R= 89.12 forea.R=274.67 hand.R=  7.07
   f= 20 upper.L= 66.64 forea.L=250.78 hand.L=  2.46 upper.R= 70.88 forea.R=224.43 hand.R=  2.86
   f= 21 upper.L= 42.97 forea.L=168.03 hand.L=  0.62 upper.R= 46.32 forea.R=149.13 hand.R=  0.71
   f= 22 upper.L= 15.12 forea.L= 60.25 hand.L=  0.04 upper.R= 16.41 forea.R= 53.25 hand.R=  0.05
   f= 23 upper.L= 85.30 forea.L= 65.80 hand.L=  0.00 upper.R= 85.30 forea.R= 65.80 hand.R=  0.00
   f= 24 upper.L= 83.37 forea.L= 64.90 hand.L=  0.00 upper.R= 83.37 forea.R= 64.90 hand.R=  0.00
   f= 25 upper.L= 79.11 forea.L= 62.10 hand.L=  0.00 upper.R= 79.11 forea.R= 62.10 hand.R=  0.00
   f= 96 upper.L= 77.21 forea.L= 57.83 hand.L=  0.00 upper.R= 77.21 forea.R= 57.83 hand.R=  0.00
   f= 97 upper.L= 82.14 forea.L= 62.14 hand.L=  0.00 upper.R= 82.14 forea.R= 62.14 hand.R=  0.00
   f= 98 upper.L= 84.87 forea.L= 64.85 hand.L=  0.00 upper.R= 84.87 forea.R= 64.85 hand.R=  0.00
   f= 99 upper.L= 15.12 forea.L= 60.25 hand.L=  0.04 upper.R= 16.41 forea.R= 53.25 hand.R=  0.05
   f=100 upper.L= 42.97 forea.L=168.03 hand.L=  0.62 upper.R= 46.32 forea.R=149.13 hand.R=  0.71
   f=101 upper.L= 66.64 forea.L=250.78 hand.L=  2.46 upper.R= 70.88 forea.R=224.43 hand.R=  2.86
   f=102 upper.L= 85.47 forea.L=302.89 hand.L=  6.10 upper.R= 89.12 forea.R=274.67 hand.R=  7.07
   f=103 upper.L= 98.90 forea.L=321.66 hand.L= 11.76 upper.R=100.42 forea.R=297.36 hand.R= 13.64
   f=104 upper.L=106.38 forea.L=307.36 hand.L= 19.47 upper.R=104.39 forea.R=291.99 hand.R= 22.58
   f=105 upper.L=107.21 forea.L=263.48 hand.L= 29.04 upper.R=100.61 forea.R=260.65 hand.R= 33.67
   f=106 upper.L=100.19 forea.L=197.33 hand.L= 40.11 upper.R= 97.00 forea.R=209.83 hand.R= 46.51
   f=107 upper.L=106.69 forea.L=176.57 hand.L= 52.19 upper.R=121.61 forea.R=186.36 hand.R= 60.52
   f=108 upper.L=127.01 forea.L=256.34 hand.L= 64.68 upper.R=157.46 forea.R=331.60 hand.R= 75.00
   f=109 upper.L=131.00 forea.L=269.13 hand.L= 76.89 upper.R=134.36 forea.R=216.71 hand.R= 89.17
   f=110 upper.L=186.45 forea.L=557.63 hand.L= 88.11 upper.R=189.64 forea.R=591.98 hand.R=102.18
   f=111 upper.L=134.67 forea.L=620.97 hand.L= 97.59 upper.R=130.02 forea.R=659.41 hand.R=113.17
   f=112 upper.L= 84.69 forea.L=668.31 hand.L=104.61 upper.R= 79.17 forea.R=709.87 hand.R=121.31
   f=113 upper.L= 76.20 forea.L=695.19 hand.L=108.49 upper.R= 70.33 forea.R=738.59 hand.R=125.81
   f=114 upper.L= 73.33 forea.L=697.67 hand.L=108.62 upper.R= 63.77 forea.R=741.36 hand.R=125.96
   f=115 upper.L= 69.91 forea.L=672.51 hand.L=104.51 upper.R= 60.01 forea.R=714.75 hand.R=121.20
   f=116 upper.L= 64.77 forea.L=617.38 hand.L= 95.81 upper.R= 78.90 forea.R=656.26 hand.R=111.11
   f=117 upper.L= 56.82 forea.L=531.08 hand.L= 82.33 upper.R= 83.45 forea.R=564.60 hand.R= 95.48
   f=118 upper.L= 45.63 forea.L=413.70 hand.L= 64.09 upper.R= 73.87 forea.R=439.86 hand.R= 74.32
   f=119 upper.L= 32.40 forea.L=266.87 hand.L= 41.32 upper.R= 51.46 forea.R=283.77 hand.R= 47.92
   f=120 upper.L= 11.92 forea.L= 93.95 hand.L= 14.54 upper.R= 18.79 forea.R= 99.90 hand.R= 16.86
  upperarm.R   base=(-2867.92,  870.58, 1826.98) ik=(-4164.59,  359.78,  488.60)
  forearm.R    base=(  154.77, -509.94, 8381.89) ik=( -148.19,    2.07,   91.60)
  hand.R       base=(  487.38,  106.27,-1407.09) ik=(    0.00,    0.00,    0.00)
DIAG_C geometry
--- frame 21  limb_clearance=-56.30 mm  min@hand.L[L] t=0.12 vs thigh.L u=0.69
   L sh=[151.2, -262.8, 1081.1] el=[305.2, -149.9, 814.4] wrist=[172.7, -202.0, 641.5] fist=[114.7, -224.8, 565.9]
      hip=[90.0, 59.6, 755.5] knee=[109.8, -245.9, 482.7]  fist-knee=85.9
   R sh=[-151.2, -262.8, 1081.1] el=[-305.4, -150.0, 814.5] wrist=[-172.7, -202.3, 641.8] fist=[-114.7, -225.1, 566.3]
      hip=[-90.0, 59.6, 755.5] knee=[-109.8, -246.2, 483.1]  fist-knee=85.9
--- frame 22  limb_clearance=-54.69 mm  min@hand.L[L] t=0.12 vs thigh.L u=0.69
   L sh=[151.2, -263.6, 1079.1] el=[304.6, -149.7, 812.5] wrist=[169.1, -202.7, 642.2] fist=[109.8, -225.9, 567.7]
      hip=[90.0, 60.0, 755.0] knee=[109.8, -245.9, 482.7]  fist-knee=87.3
   R sh=[-151.2, -263.6, 1079.1] el=[-304.6, -149.7, 812.5] wrist=[-169.1, -202.7, 642.2] fist=[-109.8, -225.9, 567.7]
      hip=[-90.0, 60.0, 755.0] knee=[-109.8, -245.9, 482.7]  fist-knee=87.3
--- frame 60  limb_clearance=-54.69 mm  min@hand.L[L] t=0.12 vs thigh.L u=0.69
   L sh=[151.2, -263.6, 1079.1] el=[304.6, -149.7, 812.5] wrist=[169.1, -202.7, 642.2] fist=[109.8, -225.9, 567.7]
      hip=[90.0, 60.0, 755.0] knee=[109.8, -245.9, 482.7]  fist-knee=87.3
   R sh=[-151.2, -263.6, 1079.1] el=[-304.6, -149.7, 812.5] wrist=[-169.1, -202.7, 642.2] fist=[-109.8, -225.9, 567.7]
      hip=[-90.0, 60.0, 755.0] knee=[-109.8, -245.9, 482.7]  fist-knee=87.3
--- frame 98  limb_clearance=-54.69 mm  min@hand.L[L] t=0.12 vs thigh.L u=0.69
   L sh=[151.2, -263.6, 1079.1] el=[304.6, -149.7, 812.5] wrist=[169.1, -202.7, 642.2] fist=[109.8, -225.9, 567.7]
      hip=[90.0, 60.0, 755.0] knee=[109.8, -245.9, 482.7]  fist-knee=87.3
   R sh=[-151.2, -263.6, 1079.1] el=[-304.6, -149.7, 812.5] wrist=[-169.1, -202.7, 642.2] fist=[-109.8, -225.9, 567.7]
      hip=[-90.0, 60.0, 755.0] knee=[-109.8, -245.9, 482.7]  fist-knee=87.3
--- frame 114  limb_clearance=176.51 mm  min@hand.R[R] t=1.00 vs shin.R u=0.00
   L sh=[150.8, -99.0, 1288.5] el=[271.6, -126.9, 984.8] wrist=[218.1, -344.1, 996.2] fist=[209.6, -440.7, 982.0]
      hip=[90.0, 11.0, 816.3] knee=[113.5, -230.8, 486.0]  fist-knee=547.1
   R sh=[-150.8, -99.0, 1288.5] el=[-264.8, -133.7, 982.9] wrist=[-195.4, -344.1, 1015.5] fist=[-185.8, -441.5, 1009.1]
      hip=[-90.0, 11.0, 816.3] knee=[-116.9, -150.5, 440.4]  fist-knee=642.5
Blender 4.5.0 (hash 8cb6b388974a built 2025-07-15 01:36:24)
Read blend: "I:\工作项目\BIGMANFIGHT\角色资产\美术资产\bigman_v001\bigman_anim_v001.blend"

Blender quit
Error: Not freed memory blocks: 1, total unfreed memory 0.000008 MB
