D2_1 aim_bone_roundtrip
  rotation_mode   = XYZ
  aim_bone_return = [70.207, -6.101, 8.672]
  read_back_euler = [70.207, -6.101, 8.672]
  matrix_basis_eul= [70.207, -6.101, 8.672]
D2_2 set_huge
  read_back       = [8381.89, -509.94, -1407.09]
D2_3 build_action_fcurve
  upperarm.R fcurves=ok
    comp0 {0: -50.05, 1: -49.89, 2: -49.44, 3: -48.76, 4: -47.92, 5: -46.97, 20: -26.23, 21: -26.07, 22: -26.02, 23: -27.51, 24: -28.96, 25: -30.34, 96: -23.1, 97: -24.54, 98: -26.02, 99: -26.07, 100: -26.23, 112: -43.6, 113: -44.83, 114: -45.94, 118: -49.44, 119: -49.89, 120: -50.05}
    comp1 {0: 15.19, 1: 15.05, 2: 14.67, 3: 14.16, 4: 13.63, 5: 13.21, 20: 11.1, 21: 11.04, 22: 11.02, 23: 11.53, 24: 12.01, 25: 12.46, 96: 10.0, 97: 10.51, 98: 11.02, 99: 11.04, 100: 11.1, 112: 13.55, 113: 13.12, 114: 13.02, 118: 14.67, 119: 15.05, 120: 15.19}
    comp2 {0: 31.89, 1: 31.56, 2: 30.66, 3: 29.37, 4: 27.91, 5: 26.54, 20: 44.25, 21: 45.06, 22: 45.34, 23: 44.83, 24: 44.33, 25: 43.87, 96: 46.37, 97: 45.86, 98: 45.34, 99: 45.06, 100: 44.25, 112: 25.31, 113: 25.01, 114: 25.49, 118: 30.66, 119: 31.56, 120: 31.89}
  forearm.R fcurves=ok
    comp0 {0: 2.7, 1: 2.65, 2: 2.52, 3: 2.31, 4: 2.04, 5: 1.72, 20: -16.31, 21: -16.16, 22: -16.1, 23: -16.45, 24: -16.76, 25: -17.04, 96: -15.35, 97: -15.73, 98: -16.1, 99: -16.16, 100: -16.31, 112: 0.67, 113: 1.02, 114: 1.38, 118: 2.52, 119: 2.65, 120: 2.7}
    comp1 {0: -8.9, 1: -8.79, 2: -8.49, 3: -8.02, 4: -7.41, 5: -6.71, 20: 11.35, 21: 11.56, 22: 11.62, 23: 11.63, 24: 11.6, 25: 11.56, 96: 11.53, 97: 11.59, 98: 11.62, 99: 11.56, 100: 11.35, 112: -4.34, 113: -5.14, 114: -5.94, 118: -8.49, 119: -8.79, 120: -8.9}
    comp2 {0: 146.29, 1: 144.55, 2: 139.6, 3: 131.92, 4: 122.06, 5: 110.61, 20: 67.92, 21: 70.53, 22: 71.46, 23: 70.31, 24: 69.18, 25: 68.09, 96: 73.67, 97: 72.59, 98: 71.46, 99: 70.53, 100: 67.92, 112: 72.31, 113: 85.2, 114: 98.14, 118: 139.6, 119: 144.55, 120: 146.29}
  hand.R fcurves=ok
    comp0 {0: 8.51, 1: 8.4, 2: 8.11, 3: 7.67, 4: 7.09, 5: 6.42, 20: 0.0, 21: 0.0, 22: -0.0, 23: 0.0, 24: 0.0, 25: -0.0, 96: 0.0, 97: -0.0, 98: -0.0, 99: 0.0, 100: 0.0, 112: 4.16, 113: 4.92, 114: 5.68, 118: 8.11, 119: 8.4, 120: 8.51}
    comp1 {0: 1.85, 1: 1.83, 2: 1.77, 3: 1.67, 4: 1.55, 5: 1.4, 20: 0.0, 21: 0.0, 22: -0.0, 23: 0.0, 24: 0.0, 25: -0.0, 96: -0.0, 97: 0.0, 98: -0.0, 99: 0.0, 100: 0.0, 112: 0.91, 113: 1.07, 114: 1.24, 118: 1.77, 119: 1.83, 120: 1.85}
    comp2 {0: -24.56, 1: -24.26, 2: -23.43, 3: -22.13, 4: -20.46, 5: -18.52, 20: -0.01, 21: -0.0, 22: 0.0, 23: -0.0, 24: -0.0, 25: 0.0, 96: -0.0, 97: 0.0, 98: 0.0, 99: -0.0, 100: -0.01, 112: -12.02, 113: -14.21, 114: -16.41, 118: -23.43, 119: -24.26, 120: -24.56}
D2_4 sample_animation_euler
  f=  0 forearm.R=[2.7, -8.9, 146.29]
  f=  1 forearm.R=[2.65, -8.79, 144.55]
  f=  2 forearm.R=[2.52, -8.49, 139.6]
  f=  3 forearm.R=[2.31, -8.02, 131.92]
  f=  4 forearm.R=[2.04, -7.41, 122.06]
  f=  5 forearm.R=[1.72, -6.71, 110.61]
  f= 20 forearm.R=[-16.31, 11.35, 67.92]
  f= 21 forearm.R=[-16.16, 11.56, 70.53]
  f= 22 forearm.R=[-16.1, 11.62, 71.46]
  f= 23 forearm.R=[-16.45, 11.63, 70.31]
  f= 24 forearm.R=[-16.76, 11.6, 69.18]
  f= 25 forearm.R=[-17.04, 11.56, 68.09]
  f=112 forearm.R=[0.67, -4.34, 72.31]
  f=113 forearm.R=[1.02, -5.14, 85.2]
  f=114 forearm.R=[1.38, -5.94, 98.14]
  f=120 forearm.R=[2.7, -8.9, 146.29]
Blender 4.5.0 (hash 8cb6b388974a built 2025-07-15 01:36:24)
Read blend: "I:\工作项目\BIGMANFIGHT\角色资产\美术资产\bigman_v001\bigman_anim_v001.blend"

Blender quit
Error: Not freed memory blocks: 1, total unfreed memory 0.000008 MB
