Blender 4.5.0 (hash 8cb6b388974a built 2025-07-15 01:36:24)
Read blend: "I:\工作项目\BIGMANFIGHT\角色资产\美术资产\bigman_v001\bigman_anim_v001.blend"
Fra:98 Mem:111.63M (Peak 114.82M) | Time:00:00.54 | Rendering 1 / 64 samples
Fra:98 Mem:111.63M (Peak 114.82M) | Time:00:00.59 | Rendering 25 / 64 samples
Fra:98 Mem:111.63M (Peak 114.82M) | Time:00:00.64 | Rendering 50 / 64 samples
Fra:98 Mem:111.63M (Peak 114.82M) | Time:00:00.67 | Rendering 64 / 64 samples
Fra:98 Mem:79.59M (Peak 123.99M) | Time:00:00.69 | Compositing
Saved: 'I:\工作项目\BIGMANFIGHT\角色资产\美术资产\bigman_v001\previews\anim\_e03_twist\close_twist-180.png'
Time: 00:00.74 (Saving: 00:00.04)

Fra:98 Mem:113.70M (Peak 116.86M) | Time:00:00.25 | Rendering 1 / 64 samples
Fra:98 Mem:113.70M (Peak 116.86M) | Time:00:00.30 | Rendering 25 / 64 samples
Fra:98 Mem:113.70M (Peak 116.86M) | Time:00:00.34 | Rendering 50 / 64 samples
Fra:98 Mem:113.70M (Peak 116.86M) | Time:00:00.37 | Rendering 64 / 64 samples
Fra:98 Mem:81.66M (Peak 126.06M) | Time:00:00.40 | Compositing
Saved: 'I:\工作项目\BIGMANFIGHT\角色资产\美术资产\bigman_v001\previews\anim\_e03_twist\close_twist-090.png'
Time: 00:00.45 (Saving: 00:00.04)

Fra:98 Mem:113.71M (Peak 116.86M) | Time:00:00.23 | Rendering 1 / 64 samples
Fra:98 Mem:113.71M (Peak 116.86M) | Time:00:00.27 | Rendering 25 / 64 samples
Fra:98 Mem:113.71M (Peak 116.86M) | Time:00:00.32 | Rendering 50 / 64 samples
Fra:98 Mem:113.71M (Peak 116.86M) | Time:00:00.34 | Rendering 64 / 64 samples
Fra:98 Mem:81.66M (Peak 126.07M) | Time:00:00.36 | Compositing
Saved: 'I:\工作项目\BIGMANFIGHT\角色资产\美术资产\bigman_v001\previews\anim\_e03_twist\close_twist+000.png'
Time: 00:00.41 (Saving: 00:00.04)

Fra:98 Mem:113.71M (Peak 113.71M) | Time:00:00.23 | Rendering 1 / 64 samples
Fra:98 Mem:113.71M (Peak 113.71M) | Time:00:00.28 | Rendering 25 / 64 samples
Fra:98 Mem:113.71M (Peak 113.71M) | Time:00:00.33 | Rendering 50 / 64 samples
Fra:98 Mem:113.71M (Peak 113.71M) | Time:00:00.36 | Rendering 64 / 64 samples
Fra:98 Mem:81.66M (Peak 126.07M) | Time:00:00.38 | Compositing
Saved: 'I:\工作项目\BIGMANFIGHT\角色资产\美术资产\bigman_v001\previews\anim\_e03_twist\close_twist+090.png'
Time: 00:00.42 (Saving: 00:00.03)

Fra:98 Mem:113.71M (Peak 113.71M) | Time:00:00.23 | Rendering 1 / 64 samples
Fra:98 Mem:113.71M (Peak 113.71M) | Time:00:00.28 | Rendering 25 / 64 samples
Fra:98 Mem:113.71M (Peak 113.71M) | Time:00:00.32 | Rendering 50 / 64 samples
Fra:98 Mem:113.71M (Peak 113.71M) | Time:00:00.35 | Rendering 64 / 64 samples
Fra:98 Mem:81.66M (Peak 126.07M) | Time:00:00.37 | Compositing
Saved: 'I:\工作项目\BIGMANFIGHT\角色资产\美术资产\bigman_v001\previews\anim\_e03_twist\close_twist+105.png'
Time: 00:00.43 (Saving: 00:00.04)

Fra:98 Mem:113.71M (Peak 116.86M) | Time:00:00.19 | Rendering 1 / 64 samples
Fra:98 Mem:113.71M (Peak 116.86M) | Time:00:00.24 | Rendering 25 / 64 samples
Fra:98 Mem:113.71M (Peak 116.86M) | Time:00:00.29 | Rendering 50 / 64 samples
Fra:98 Mem:113.71M (Peak 116.86M) | Time:00:00.31 | Rendering 64 / 64 samples
Fra:98 Mem:81.66M (Peak 126.07M) | Time:00:00.33 | Compositing
Saved: 'I:\工作项目\BIGMANFIGHT\角色资产\美术资产\bigman_v001\previews\anim\_e03_twist\close_twist+180.png'
Time: 00:00.38 (Saving: 00:00.04)

E03_SHOT I:\工作项目\BIGMANFIGHT\角色资产\美术资产\bigman_v001\previews\anim\_e03_twist\close_twist-180.png
E03_SHOT I:\工作项目\BIGMANFIGHT\角色资产\美术资产\bigman_v001\previews\anim\_e03_twist\close_twist-090.png
E03_SHOT I:\工作项目\BIGMANFIGHT\角色资产\美术资产\bigman_v001\previews\anim\_e03_twist\close_twist+000.png
E03_SHOT I:\工作项目\BIGMANFIGHT\角色资产\美术资产\bigman_v001\previews\anim\_e03_twist\close_twist+090.png
E03_SHOT I:\工作项目\BIGMANFIGHT\角色资产\美术资产\bigman_v001\previews\anim\_e03_twist\close_twist+105.png
E03_SHOT I:\工作项目\BIGMANFIGHT\角色资产\美术资产\bigman_v001\previews\anim\_e03_twist\close_twist+180.png
E03_SHOT_DONE

Blender quit
Error: Not freed memory blocks: 1, total unfreed memory 0.000008 MB
