Blender 4.5.0 (hash 8cb6b388974a built 2025-07-15 01:36:24)
Read blend: "I:\工作项目\BIGMANFIGHT\角色资产\美术资产\bigman_v001\bigman_anim_v001.blend"
Fra:98 Mem:112.37M (Peak 115.56M) | Time:00:00.61 | Rendering 1 / 64 samples
Fra:98 Mem:112.37M (Peak 115.56M) | Time:00:00.65 | Rendering 25 / 64 samples
Fra:98 Mem:112.37M (Peak 115.56M) | Time:00:00.69 | Rendering 50 / 64 samples
Fra:98 Mem:112.37M (Peak 115.56M) | Time:00:00.71 | Rendering 64 / 64 samples
Fra:98 Mem:80.32M (Peak 125.46M) | Time:00:00.73 | Compositing
Saved: 'I:\工作项目\BIGMANFIGHT\角色资产\美术资产\bigman_v001\previews\anim\_e03_handmode\thumb_up_front.png'
Time: 00:00.79 (Saving: 00:00.04)

Fra:98 Mem:113.70M (Peak 116.86M) | Time:00:00.18 | Rendering 1 / 64 samples
Fra:98 Mem:113.70M (Peak 116.86M) | Time:00:00.23 | Rendering 25 / 64 samples
Fra:98 Mem:113.70M (Peak 116.86M) | Time:00:00.28 | Rendering 50 / 64 samples
Fra:98 Mem:113.70M (Peak 116.86M) | Time:00:00.31 | Rendering 64 / 64 samples
Fra:98 Mem:81.66M (Peak 126.06M) | Time:00:00.33 | Compositing
Saved: 'I:\工作项目\BIGMANFIGHT\角色资产\美术资产\bigman_v001\previews\anim\_e03_handmode\thumb_up_chest_close.png'
Time: 00:00.37 (Saving: 00:00.03)

Fra:98 Mem:114.44M (Peak 117.59M) | Time:00:00.24 | Rendering 1 / 64 samples
Fra:98 Mem:114.44M (Peak 117.59M) | Time:00:00.27 | Rendering 25 / 64 samples
Fra:98 Mem:114.44M (Peak 117.59M) | Time:00:00.32 | Rendering 50 / 64 samples
Fra:98 Mem:114.44M (Peak 117.59M) | Time:00:00.34 | Rendering 64 / 64 samples
Fra:98 Mem:82.39M (Peak 127.53M) | Time:00:00.36 | Compositing
Saved: 'I:\工作项目\BIGMANFIGHT\角色资产\美术资产\bigman_v001\previews\anim\_e03_handmode\thumb_down_front.png'
Time: 00:00.40 (Saving: 00:00.03)

Fra:98 Mem:113.71M (Peak 116.86M) | Time:00:00.23 | Rendering 1 / 64 samples
Fra:98 Mem:113.71M (Peak 116.86M) | Time:00:00.28 | Rendering 25 / 64 samples
Fra:98 Mem:113.71M (Peak 116.86M) | Time:00:00.33 | Rendering 50 / 64 samples
Fra:98 Mem:113.71M (Peak 116.86M) | Time:00:00.36 | Rendering 64 / 64 samples
Fra:98 Mem:81.66M (Peak 126.07M) | Time:00:00.38 | Compositing
Saved: 'I:\工作项目\BIGMANFIGHT\角色资产\美术资产\bigman_v001\previews\anim\_e03_handmode\thumb_down_chest_close.png'
Time: 00:00.43 (Saving: 00:00.03)

Fra:98 Mem:114.44M (Peak 114.44M) | Time:00:00.23 | Rendering 1 / 64 samples
Fra:98 Mem:114.44M (Peak 114.44M) | Time:00:00.27 | Rendering 25 / 64 samples
Fra:98 Mem:114.44M (Peak 114.44M) | Time:00:00.31 | Rendering 50 / 64 samples
Fra:98 Mem:114.44M (Peak 114.44M) | Time:00:00.33 | Rendering 64 / 64 samples
Fra:98 Mem:82.39M (Peak 127.53M) | Time:00:00.36 | Compositing
Saved: 'I:\工作项目\BIGMANFIGHT\角色资产\美术资产\bigman_v001\previews\anim\_e03_handmode\outward_front.png'
Time: 00:00.40 (Saving: 00:00.03)

Fra:98 Mem:113.71M (Peak 116.86M) | Time:00:00.20 | Rendering 1 / 64 samples
Fra:98 Mem:113.71M (Peak 116.86M) | Time:00:00.25 | Rendering 25 / 64 samples
Fra:98 Mem:113.71M (Peak 116.86M) | Time:00:00.30 | Rendering 50 / 64 samples
Fra:98 Mem:113.71M (Peak 116.86M) | Time:00:00.33 | Rendering 64 / 64 samples
Fra:98 Mem:81.66M (Peak 126.07M) | Time:00:00.35 | Compositing
Saved: 'I:\工作项目\BIGMANFIGHT\角色资产\美术资产\bigman_v001\previews\anim\_e03_handmode\outward_chest_close.png'
Time: 00:00.39 (Saving: 00:00.03)

Fra:98 Mem:114.44M (Peak 117.60M) | Time:00:00.23 | Rendering 1 / 64 samples
Fra:98 Mem:114.44M (Peak 117.60M) | Time:00:00.27 | Rendering 25 / 64 samples
Fra:98 Mem:114.44M (Peak 117.60M) | Time:00:00.30 | Rendering 50 / 64 samples
Fra:98 Mem:114.44M (Peak 117.60M) | Time:00:00.33 | Rendering 64 / 64 samples
Fra:98 Mem:82.39M (Peak 127.53M) | Time:00:00.35 | Compositing
Saved: 'I:\工作项目\BIGMANFIGHT\角色资产\美术资产\bigman_v001\previews\anim\_e03_handmode\inward_front.png'
Time: 00:00.39 (Saving: 00:00.03)

Fra:98 Mem:113.71M (Peak 116.86M) | Time:00:00.23 | Rendering 1 / 64 samples
Fra:98 Mem:113.71M (Peak 116.86M) | Time:00:00.28 | Rendering 25 / 64 samples
Fra:98 Mem:113.71M (Peak 116.86M) | Time:00:00.34 | Rendering 50 / 64 samples
Fra:98 Mem:113.71M (Peak 116.86M) | Time:00:00.37 | Rendering 64 / 64 samples
Fra:98 Mem:81.66M (Peak 126.07M) | Time:00:00.39 | Compositing
Saved: 'I:\工作项目\BIGMANFIGHT\角色资产\美术资产\bigman_v001\previews\anim\_e03_handmode\inward_chest_close.png'
Time: 00:00.44 (Saving: 00:00.04)

E03_MODE {"mode": "thumb_up", "worst_thumb_mm": -52.45, "worst_all_mm": -52.45}
E03_MODE {"mode": "thumb_down", "worst_thumb_mm": -60.23, "worst_all_mm": -60.23}
E03_MODE {"mode": "outward", "worst_thumb_mm": -56.13, "worst_all_mm": -56.13}
E03_MODE {"mode": "inward", "worst_thumb_mm": -55.94, "worst_all_mm": -55.94}
E03_MODE_RANK [["thumb_up", -52.45], ["inward", -55.94], ["outward", -56.13], ["thumb_down", -60.23]]
E03_MODE_RENDER_DONE I:\工作项目\BIGMANFIGHT\角色资产\美术资产\bigman_v001\previews\anim\_e03_handmode
E03_MODE_DONE

Blender quit
Error: Not freed memory blocks: 1, total unfreed memory 0.000008 MB
