========================================================================================================
(A) 手骨热点帧（R 侧优先，本支 matrix/euler 峰都在 R）
  侧    f    env  blend   along·(-nrm)  ∠      rx       ry       rz     euler步   mat步  穷举步
--------------------------------------------------------------------------------------------------------
   R   13  0.985  0.000     -0.936   159.5    -25.6     65.5    -17.7     64.36    38.22    64.36
   L   13  0.985  0.000     -0.917   156.5    -20.2    -64.5     13.8     51.73    34.38    51.73
--------------------------------------------------------------------------------------------------------
   R   14  1.000  0.000     -0.927   158.0     -5.3     70.0     -3.9     20.22    12.78    20.22
   L   14  1.000  0.000     -0.910   155.5     -5.1    -68.4      3.6     15.17    10.89    15.17
--------------------------------------------------------------------------------------------------------
--------------------------------------------------------------------------------------------------------
   R   16  1.000  0.074     -0.877   151.3    -41.0     70.3    -31.8     29.88     6.89    29.88
   L   16  1.000  0.074     -0.858   149.1    -41.7    -68.8     33.5     30.03     6.98    30.03
--------------------------------------------------------------------------------------------------------
   R   17  1.000  0.156     -0.872   150.6    -69.9     65.2    -48.4     28.85    12.32    28.85
   L   17  1.000  0.156     -0.852   148.4    -72.2    -62.9     52.9     30.51    12.39    30.51
--------------------------------------------------------------------------------------------------------
   R   18  1.000  0.259     -0.867   150.1    -87.5     59.1    -48.0     17.67    17.84    17.67
   L   18  1.000  0.259     -0.847   147.9    -90.7    -55.7     53.3     18.47    18.14    18.47
--------------------------------------------------------------------------------------------------------
   R   19  1.000  0.376     -0.863   149.6    -92.6     56.1    -30.5     17.50    23.52    17.50
   L   19  1.000  0.376     -0.844   147.6    -95.2    -52.9     33.7     19.55    24.75    19.55
--------------------------------------------------------------------------------------------------------
   R   20  1.000  0.500     -0.862   149.5    -84.7     55.6      1.6     32.13    28.15    32.13
   L   20  1.000  0.500     -0.843   147.5    -85.9    -52.9     -1.7     35.43    30.53    35.43
--------------------------------------------------------------------------------------------------------
   R   21  1.000  0.624     -0.866   150.0    -66.3     60.1     40.4     38.82    27.60    38.82
   L   21  1.000  0.624     -0.846   147.8    -68.3    -56.5    -41.3     39.62    29.74    39.62
--------------------------------------------------------------------------------------------------------
   R   22  1.000  0.741     -0.875   151.1    -37.0     60.1     82.8     42.38    23.32    42.38
   L   22  1.000  0.741     -0.856   148.9    -42.2    -57.6    -80.9     39.52    23.89    39.52
--------------------------------------------------------------------------------------------------------
   R   23  1.000  0.844     -0.889   152.7    -24.3     55.3    104.2     21.38    18.00    21.38
   L   23  1.000  0.844     -0.869   150.4    -30.0    -54.4   -101.8     20.92    18.19    20.92
--------------------------------------------------------------------------------------------------------
--------------------------------------------------------------------------------------------------------
--------------------------------------------------------------------------------------------------------
   R   26  1.000  1.000     -0.860   149.3    -53.2     49.7     89.4     18.07    11.64    18.07
   L   26  1.000  1.000     -0.860   149.4    -56.0    -49.5    -87.5     16.64     9.90    16.64
--------------------------------------------------------------------------------------------------------
   R   27  1.000  1.000     -0.885   152.3    -59.5     44.2     74.4     14.99     5.75    14.99
   L   27  1.000  1.000     -0.887   152.5    -61.2    -44.6    -74.1     13.39     3.58    13.39
--------------------------------------------------------------------------------------------------------
   R   28  1.000  1.000     -0.778   141.1    -68.0     36.2     67.2      8.44     4.35     8.44
   L   28  1.000  1.000     -0.799   143.0    -65.9    -37.2    -65.9      8.24     3.40     8.24
--------------------------------------------------------------------------------------------------------
--------------------------------------------------------------------------------------------------------
--------------------------------------------------------------------------------------------------------
   R   70  1.000  0.945     -0.987   170.7   -103.5     58.2     41.9     35.49    21.93    35.49
   L   70  1.000  0.945     -0.966   165.1   -112.3    -64.1    -34.5     46.43    23.01    46.43
   L   71  1.000  0.882     -0.989   171.4    -98.4    -53.9    -39.5     13.98    19.95    13.98
   L   73  1.000  0.708     -0.991   172.5    -89.4    -45.7    -25.9      8.20    13.38     8.20
   R   74  1.000  0.606     -0.994   173.6    -83.9     43.3     15.1     10.32    15.03    10.32
   L   74  1.000  0.606     -0.993   173.1    -84.4    -43.0    -14.9     10.95    15.35    10.95
   R   75  0.985  0.500     -0.994   173.5    -75.4     41.3      2.8     12.25    17.27    12.25
   L   75  0.985  0.500     -0.994   173.6    -76.0    -41.3     -2.6     12.29    17.63    12.29
   R   76  0.945  0.394     -0.945   161.0    -67.2     37.8    -11.1     13.92    16.79    13.92
   L   76  0.945  0.394     -0.943   160.5    -68.5    -37.4     12.2     14.90    18.15    14.90
   R   77  0.882  0.292     -0.951   162.0    -46.1     37.1    -12.7     21.08    13.95    21.08
   L   77  0.882  0.292     -0.948   161.4    -47.3    -36.7     13.6     21.14    14.89    21.14
   R   78  0.802  0.198     -0.957   163.1    -24.2     33.8     -9.0     21.93    13.75    21.93
   L   78  0.802  0.198     -0.953   162.4    -25.3    -33.3      9.3     22.00    15.00    22.00
   R   79  0.708  0.118     -0.962   164.1     -8.1     28.2     -7.2     16.15    14.78    16.15
   L   79  0.708  0.118     -0.958   163.3     -9.5    -27.3      7.1     15.79    15.92    15.79
   R   80  0.606  0.055     -0.966   165.0      0.9     21.9     -9.4      8.92    14.03     8.92
   L   80  0.606  0.055     -0.962   164.2     -1.4    -20.8      9.1      8.19    14.90     8.19
   R   85  0.118  0.000     -0.973   166.8      7.7      3.4    -25.4     12.84    22.40    12.84
   L   85  0.118  0.000     -0.974   167.0      1.9     -1.8     22.6     13.01    24.25    13.01
   R   88  0.000  0.000     -0.964   164.6      8.5      1.9    -24.6      0.25     0.56     0.25
   L   88  0.000  0.000     -0.973   166.6      2.5     -0.5     21.2      0.30     0.56     0.30
   R   89  0.000  0.000     -0.959   163.6      8.5      1.9    -24.6      0.00     0.55     0.00
   L   89  0.000  0.000     -0.971   166.2      2.5     -0.5     21.2      0.00     0.55     0.00
   R   90  0.000  0.000     -0.954   162.5      8.5      1.9    -24.6      0.00     0.49     0.00
   L   90  0.000  0.000     -0.969   165.7      2.5     -0.5     21.2      0.00     0.49     0.00
   R   91  0.000  0.000     -0.947   161.2      8.5      1.9    -24.6      0.00     0.44     0.00
   L   91  0.000  0.000     -0.967   165.1      2.5     -0.5     21.2      0.00     0.44     0.00
   R   92  0.000  0.000     -0.941   160.2      8.5      1.9    -24.6      0.00     0.37     0.00
   L   92  0.000  0.000     -0.964   164.6      2.5     -0.5     21.2      0.00     0.37     0.00
   R   93  0.000  0.000     -0.937   159.6      8.5      1.9    -24.6      0.00     0.30     0.00
   L   93  0.000  0.000     -0.962   164.2      2.5     -0.5     21.2      0.00     0.30     0.00
   R   94  0.000  0.000     -0.933   158.9      8.5      1.9    -24.6      0.00     0.22     0.00
   L   94  0.000  0.000     -0.960   163.8      2.5     -0.5     21.2      0.00     0.22     0.00
   R   95  0.000  0.000     -0.931   158.5      8.5      1.9    -24.6      0.00     0.14     0.00
   L   95  0.000  0.000     -0.959   163.6      2.5     -0.5     21.2      0.00     0.14     0.00
   R   96  0.000  0.000     -0.930   158.4      8.5      1.9    -24.6      0.00     0.04     0.00
   L   96  0.000  0.000     -0.959   163.5      2.5     -0.5     21.2      0.00     0.04     0.00
========================================================================================================
(B) push_out 原始/推出（f=28 / 51 / 52）
f=28  FIST_MIN_CLEAR_MM=32.00  TOUCH_OFF=32.0 mm  blend=1.000
  [L] 胸面=(+0.079 -0.261 +1.239) nrm=(+0.251 -0.967 +0.039)
       raw gap= +32.00  最近面=(+0.079 -0.261 +1.239) ∠(最近法线,nrm)=  0.0°  raw沿nrm= +32.00
       pushed gap= +32.00  位移=   0.00 mm  (raw→pushed)
  [R] 胸面=(-0.079 -0.261 +1.239) nrm=(-0.250 -0.967 +0.059)
       raw gap= +30.04  最近面=(-0.079 -0.261 +1.239) ∠(最近法线,nrm)= 20.1°  raw沿nrm= +32.00
       pushed gap= +30.04  位移=  11.19 mm  (raw→pushed)
f=51  FIST_MIN_CLEAR_MM=32.00  TOUCH_OFF=32.0 mm  blend=1.000
  [L] 胸面=(+0.076 -0.173 +1.299) nrm=(+0.019 -0.980 -0.200)
       raw gap= +32.00  最近面=(+0.076 -0.173 +1.299) ∠(最近法线,nrm)=  0.0°  raw沿nrm= +32.00
       pushed gap= +32.00  位移=   0.00 mm  (raw→pushed)
  [R] 胸面=(-0.076 -0.173 +1.299) nrm=(-0.020 -0.980 -0.200)
       raw gap= +31.22  最近面=(-0.076 -0.173 +1.299) ∠(最近法线,nrm)= 12.7°  raw沿nrm= +32.00
       pushed gap= +31.22  位移=   7.05 mm  (raw→pushed)
f=52  FIST_MIN_CLEAR_MM=32.00  TOUCH_OFF=32.0 mm  blend=1.000
  [L] 胸面=(+0.077 -0.191 +1.285) nrm=(+0.255 -0.966 -0.032)
       raw gap= +32.00  最近面=(+0.077 -0.191 +1.285) ∠(最近法线,nrm)=  0.0°  raw沿nrm= +32.00
       pushed gap= +32.00  位移=   0.00 mm  (raw→pushed)
  [R] 胸面=(-0.077 -0.191 +1.285) nrm=(-0.252 -0.967 -0.032)
       raw gap= +32.00  最近面=(-0.077 -0.191 +1.285) ∠(最近法线,nrm)=  0.0°  raw沿nrm= +32.00
       pushed gap= +32.00  位移=   0.00 mm  (raw→pushed)
========================================================================================================
(C) 收招段臂包络（ARM_DN_AT=74 TOTAL=96）
   f= 72 env=1.0000  Δ=+0.0000
   f= 73 env=1.0000  Δ=+0.0000
   f= 74 env=1.0000  Δ=+0.0000
   f= 75 env=0.9854  Δ=-0.0146
   f= 76 env=0.9446  Δ=-0.0408
   f= 77 env=0.8819  Δ=-0.0627
   f= 78 env=0.8017  Δ=-0.0802
   f= 79 env=0.7085  Δ=-0.0933
   f= 80 env=0.6064  Δ=-0.1020
   f= 81 env=0.5000  Δ=-0.1064
   f= 82 env=0.3936  Δ=-0.1064
   f= 83 env=0.2915  Δ=-0.1020
   f= 84 env=0.1983  Δ=-0.0933
   f= 85 env=0.1181  Δ=-0.0802
   f= 86 env=0.0554  Δ=-0.0627
   f= 87 env=0.0146  Δ=-0.0408
   f= 88 env=0.0000  Δ=-0.0146
   f= 89 env=0.0000  Δ=+0.0000
   f= 90 env=0.0000  Δ=+0.0000
   f= 91 env=0.0000  Δ=+0.0000
   f= 92 env=0.0000  Δ=+0.0000
   f= 93 env=0.0000  Δ=+0.0000
   f= 94 env=0.0000  Δ=+0.0000
   f= 95 env=0.0000  Δ=+0.0000
   f= 96 env=0.0000  Δ=+0.0000
E03_DIAG2_DONE
Blender 4.5.0 (hash 8cb6b388974a built 2025-07-15 01:36:24)
Read blend: "I:\工作项目\BIGMANFIGHT\角色资产\美术资产\bigman_v001\bigman_anim_v001.blend"

Blender quit
Error: Not freed memory blocks: 1, total unfreed memory 0.000008 MB
