Blender 4.5.0 (hash 8cb6b388974a built 2025-07-15 01:36:24)
Read blend: "I:\工作项目\BIGMANFIGHT\角色资产\美术资产\bigman_v001\bigman_anim_v001.blend"
Fra:98 Mem:112.37M (Peak 115.56M) | Time:00:00.66 | Rendering 1 / 64 samples
Fra:98 Mem:112.37M (Peak 115.56M) | Time:00:00.69 | Rendering 25 / 64 samples
Fra:98 Mem:112.37M (Peak 115.56M) | Time:00:00.73 | Rendering 50 / 64 samples
Fra:98 Mem:112.37M (Peak 115.56M) | Time:00:00.76 | Rendering 64 / 64 samples
Fra:98 Mem:80.32M (Peak 125.46M) | Time:00:00.78 | Compositing
Saved: 'I:\工作项目\BIGMANFIGHT\角色资产\美术资产\bigman_v001\previews\anim\_e03_twist\twist+000_front.png'
Time: 00:00.83 (Saving: 00:00.04)

Fra:98 Mem:114.43M (Peak 117.59M) | Time:00:00.25 | Rendering 1 / 64 samples
Fra:98 Mem:114.43M (Peak 117.59M) | Time:00:00.28 | Rendering 25 / 64 samples
Fra:98 Mem:114.43M (Peak 117.59M) | Time:00:00.31 | Rendering 50 / 64 samples
Fra:98 Mem:114.43M (Peak 117.59M) | Time:00:00.33 | Rendering 64 / 64 samples
Fra:98 Mem:82.39M (Peak 127.53M) | Time:00:00.36 | Compositing
Saved: 'I:\工作项目\BIGMANFIGHT\角色资产\美术资产\bigman_v001\previews\anim\_e03_twist\twist+000_three_quarter.png'
Time: 00:00.39 (Saving: 00:00.03)

Fra:98 Mem:114.44M (Peak 117.59M) | Time:00:00.23 | Rendering 1 / 64 samples
Fra:98 Mem:114.44M (Peak 117.59M) | Time:00:00.27 | Rendering 25 / 64 samples
Fra:98 Mem:114.44M (Peak 117.59M) | Time:00:00.31 | Rendering 50 / 64 samples
Fra:98 Mem:114.44M (Peak 117.59M) | Time:00:00.33 | Rendering 64 / 64 samples
Fra:98 Mem:82.39M (Peak 127.53M) | Time:00:00.35 | Compositing
Saved: 'I:\工作项目\BIGMANFIGHT\角色资产\美术资产\bigman_v001\previews\anim\_e03_twist\twist-180_front.png'
Time: 00:00.40 (Saving: 00:00.04)

Fra:98 Mem:114.44M (Peak 117.59M) | Time:00:00.23 | Rendering 1 / 64 samples
Fra:98 Mem:114.44M (Peak 117.59M) | Time:00:00.27 | Rendering 25 / 64 samples
Fra:98 Mem:114.44M (Peak 117.59M) | Time:00:00.30 | Rendering 50 / 64 samples
Fra:98 Mem:114.44M (Peak 117.59M) | Time:00:00.32 | Rendering 64 / 64 samples
Fra:98 Mem:82.39M (Peak 127.53M) | Time:00:00.34 | Compositing
Saved: 'I:\工作项目\BIGMANFIGHT\角色资产\美术资产\bigman_v001\previews\anim\_e03_twist\twist-180_three_quarter.png'
Time: 00:00.39 (Saving: 00:00.03)

Fra:98 Mem:114.44M (Peak 117.60M) | Time:00:00.23 | Rendering 1 / 64 samples
Fra:98 Mem:114.44M (Peak 117.60M) | Time:00:00.26 | Rendering 25 / 64 samples
Fra:98 Mem:114.44M (Peak 117.60M) | Time:00:00.30 | Rendering 50 / 64 samples
Fra:98 Mem:114.44M (Peak 117.60M) | Time:00:00.32 | Rendering 64 / 64 samples
Fra:98 Mem:82.39M (Peak 127.53M) | Time:00:00.34 | Compositing
Saved: 'I:\工作项目\BIGMANFIGHT\角色资产\美术资产\bigman_v001\previews\anim\_e03_twist\twist+180_front.png'
Time: 00:00.39 (Saving: 00:00.04)

Fra:98 Mem:114.44M (Peak 117.60M) | Time:00:00.22 | Rendering 1 / 64 samples
Fra:98 Mem:114.44M (Peak 117.60M) | Time:00:00.25 | Rendering 25 / 64 samples
Fra:98 Mem:114.44M (Peak 117.60M) | Time:00:00.29 | Rendering 50 / 64 samples
Fra:98 Mem:114.44M (Peak 117.60M) | Time:00:00.31 | Rendering 64 / 64 samples
Fra:98 Mem:82.39M (Peak 127.53M) | Time:00:00.33 | Compositing
Saved: 'I:\工作项目\BIGMANFIGHT\角色资产\美术资产\bigman_v001\previews\anim\_e03_twist\twist+180_three_quarter.png'
Time: 00:00.37 (Saving: 00:00.03)

Fra:98 Mem:114.44M (Peak 114.44M) | Time:00:00.22 | Rendering 1 / 64 samples
Fra:98 Mem:114.44M (Peak 114.44M) | Time:00:00.26 | Rendering 25 / 64 samples
Fra:98 Mem:114.44M (Peak 114.44M) | Time:00:00.30 | Rendering 50 / 64 samples
Fra:98 Mem:114.44M (Peak 114.44M) | Time:00:00.32 | Rendering 64 / 64 samples
Fra:98 Mem:82.39M (Peak 127.53M) | Time:00:00.34 | Compositing
Saved: 'I:\工作项目\BIGMANFIGHT\角色资产\美术资产\bigman_v001\previews\anim\_e03_twist\twist+150_front.png'
Time: 00:00.38 (Saving: 00:00.03)

Fra:98 Mem:114.44M (Peak 117.60M) | Time:00:00.21 | Rendering 1 / 64 samples
Fra:98 Mem:114.44M (Peak 117.60M) | Time:00:00.25 | Rendering 25 / 64 samples
Fra:98 Mem:114.44M (Peak 117.60M) | Time:00:00.28 | Rendering 50 / 64 samples
Fra:98 Mem:114.44M (Peak 117.60M) | Time:00:00.30 | Rendering 64 / 64 samples
Fra:98 Mem:82.39M (Peak 127.53M) | Time:00:00.33 | Compositing
Saved: 'I:\工作项目\BIGMANFIGHT\角色资产\美术资产\bigman_v001\previews\anim\_e03_twist\twist+150_three_quarter.png'
Time: 00:00.37 (Saving: 00:00.03)

E03_TWIST {"twist": -180, "L": {"core_gap_mm": 38.0, "all_min_mm": -2.56, "thumb_min_mm": 102.66, "palm_min_mm": -2.56}, "R": {"core_gap_mm": 38.0, "all_min_mm": -2.46, "thumb_min_mm": 102.5, "palm_min_mm": -2.46}}
E03_TWIST {"twist": -165, "L": {"core_gap_mm": 38.0, "all_min_mm": -4.05, "thumb_min_mm": 104.11, "palm_min_mm": -4.05}, "R": {"core_gap_mm": 38.0, "all_min_mm": 1.8, "thumb_min_mm": 98.1, "palm_min_mm": 1.8}}
E03_TWIST {"twist": -150, "L": {"core_gap_mm": 38.0, "all_min_mm": -2.59, "thumb_min_mm": 100.87, "palm_min_mm": -2.59}, "R": {"core_gap_mm": 38.0, "all_min_mm": 8.31, "thumb_min_mm": 90.14, "palm_min_mm": 8.31}}
E03_TWIST {"twist": -135, "L": {"core_gap_mm": 38.0, "all_min_mm": -4.27, "thumb_min_mm": 98.53, "palm_min_mm": -4.27}, "R": {"core_gap_mm": 38.0, "all_min_mm": 16.51, "thumb_min_mm": 82.06, "palm_min_mm": 16.51}}
E03_TWIST {"twist": -120, "L": {"core_gap_mm": 38.0, "all_min_mm": -8.91, "thumb_min_mm": 89.57, "palm_min_mm": -8.91}, "R": {"core_gap_mm": 38.0, "all_min_mm": 22.52, "thumb_min_mm": 71.22, "palm_min_mm": 22.52}}
E03_TWIST {"twist": -105, "L": {"core_gap_mm": 38.0, "all_min_mm": -10.86, "thumb_min_mm": 70.53, "palm_min_mm": -10.86}, "R": {"core_gap_mm": 38.0, "all_min_mm": 20.22, "thumb_min_mm": 58.58, "palm_min_mm": 20.22}}
E03_TWIST {"twist": -90, "L": {"core_gap_mm": 38.0, "all_min_mm": -6.97, "thumb_min_mm": 48.0, "palm_min_mm": -6.97}, "R": {"core_gap_mm": 38.0, "all_min_mm": 13.78, "thumb_min_mm": 45.14, "palm_min_mm": 13.78}}
E03_TWIST {"twist": -75, "L": {"core_gap_mm": 38.0, "all_min_mm": -8.4, "thumb_min_mm": 24.58, "palm_min_mm": -8.4}, "R": {"core_gap_mm": 38.0, "all_min_mm": 6.03, "thumb_min_mm": 29.76, "palm_min_mm": 6.03}}
E03_TWIST {"twist": -60, "L": {"core_gap_mm": 38.0, "all_min_mm": -10.48, "thumb_min_mm": 2.56, "palm_min_mm": -10.48}, "R": {"core_gap_mm": 38.0, "all_min_mm": -0.2, "thumb_min_mm": 13.45, "palm_min_mm": -0.2}}
E03_TWIST {"twist": -45, "L": {"core_gap_mm": 38.0, "all_min_mm": -16.51, "thumb_min_mm": -16.51, "palm_min_mm": -14.65}, "R": {"core_gap_mm": 38.0, "all_min_mm": -3.26, "thumb_min_mm": -1.44, "palm_min_mm": -3.26}}
E03_TWIST {"twist": -30, "L": {"core_gap_mm": 38.0, "all_min_mm": -30.91, "thumb_min_mm": -30.91, "palm_min_mm": -19.96}, "R": {"core_gap_mm": 38.0, "all_min_mm": -14.82, "thumb_min_mm": -14.82, "palm_min_mm": -3.25}}
E03_TWIST {"twist": -15, "L": {"core_gap_mm": 38.0, "all_min_mm": -38.02, "thumb_min_mm": -38.02, "palm_min_mm": -19.54}, "R": {"core_gap_mm": 38.0, "all_min_mm": -27.41, "thumb_min_mm": -27.41, "palm_min_mm": -5.91}}
E03_TWIST {"twist": 0, "L": {"core_gap_mm": 38.0, "all_min_mm": -36.26, "thumb_min_mm": -36.26, "palm_min_mm": -13.33}, "R": {"core_gap_mm": 38.0, "all_min_mm": -36.19, "thumb_min_mm": -36.19, "palm_min_mm": -13.38}}
E03_TWIST {"twist": 15, "L": {"core_gap_mm": 38.0, "all_min_mm": -27.39, "thumb_min_mm": -27.39, "palm_min_mm": -5.72}, "R": {"core_gap_mm": 38.0, "all_min_mm": -38.01, "thumb_min_mm": -38.01, "palm_min_mm": -19.66}}
E03_TWIST {"twist": 30, "L": {"core_gap_mm": 38.0, "all_min_mm": -14.84, "thumb_min_mm": -14.84, "palm_min_mm": -3.27}, "R": {"core_gap_mm": 38.0, "all_min_mm": -30.99, "thumb_min_mm": -30.99, "palm_min_mm": -19.82}}
E03_TWIST {"twist": 45, "L": {"core_gap_mm": 38.0, "all_min_mm": -3.13, "thumb_min_mm": -1.49, "palm_min_mm": -3.13}, "R": {"core_gap_mm": 38.0, "all_min_mm": -16.68, "thumb_min_mm": -16.68, "palm_min_mm": -14.76}}
E03_TWIST {"twist": 60, "L": {"core_gap_mm": 38.0, "all_min_mm": -0.08, "thumb_min_mm": 13.38, "palm_min_mm": -0.08}, "R": {"core_gap_mm": 38.0, "all_min_mm": -10.32, "thumb_min_mm": 2.18, "palm_min_mm": -10.32}}
E03_TWIST {"twist": 75, "L": {"core_gap_mm": 38.0, "all_min_mm": 6.12, "thumb_min_mm": 29.6, "palm_min_mm": 6.12}, "R": {"core_gap_mm": 38.0, "all_min_mm": -8.37, "thumb_min_mm": 24.12, "palm_min_mm": -8.37}}
E03_TWIST {"twist": 90, "L": {"core_gap_mm": 38.0, "all_min_mm": 13.92, "thumb_min_mm": 45.11, "palm_min_mm": 13.92}, "R": {"core_gap_mm": 38.0, "all_min_mm": -7.13, "thumb_min_mm": 47.55, "palm_min_mm": -7.13}}
E03_TWIST {"twist": 105, "L": {"core_gap_mm": 38.0, "all_min_mm": 20.4, "thumb_min_mm": 58.41, "palm_min_mm": 20.4}, "R": {"core_gap_mm": 38.0, "all_min_mm": -10.99, "thumb_min_mm": 70.11, "palm_min_mm": -10.99}}
E03_TWIST {"twist": 120, "L": {"core_gap_mm": 38.0, "all_min_mm": 22.7, "thumb_min_mm": 70.61, "palm_min_mm": 22.7}, "R": {"core_gap_mm": 38.0, "all_min_mm": -8.88, "thumb_min_mm": 89.28, "palm_min_mm": -8.88}}
E03_TWIST {"twist": 135, "L": {"core_gap_mm": 38.0, "all_min_mm": 16.62, "thumb_min_mm": 82.07, "palm_min_mm": 16.62}, "R": {"core_gap_mm": 38.0, "all_min_mm": -4.32, "thumb_min_mm": 95.86, "palm_min_mm": -4.32}}
E03_TWIST {"twist": 150, "L": {"core_gap_mm": 38.0, "all_min_mm": 8.45, "thumb_min_mm": 90.2, "palm_min_mm": 8.45}, "R": {"core_gap_mm": 38.0, "all_min_mm": -2.58, "thumb_min_mm": 100.2, "palm_min_mm": -2.58}}
E03_TWIST {"twist": 165, "L": {"core_gap_mm": 38.0, "all_min_mm": 1.8, "thumb_min_mm": 98.37, "palm_min_mm": 1.8}, "R": {"core_gap_mm": 38.0, "all_min_mm": -4.02, "thumb_min_mm": 102.71, "palm_min_mm": -4.02}}
E03_TWIST {"twist": 180, "L": {"core_gap_mm": 38.0, "all_min_mm": -2.56, "thumb_min_mm": 103.02, "palm_min_mm": -2.56}, "R": {"core_gap_mm": 38.0, "all_min_mm": -2.46, "thumb_min_mm": 102.5, "palm_min_mm": -2.46}}
E03_TWIST_BEST [-180, 180, 150, -150, 165, -165]
E03_TWIST_RENDER_DONE I:\工作项目\BIGMANFIGHT\角色资产\美术资产\bigman_v001\previews\anim\_e03_twist

Blender quit
Error: Not freed memory blocks: 1, total unfreed memory 0.000008 MB
