========================================================================================================
(A) 手骨热点帧（R 侧优先，本支 matrix/euler 峰都在 R）
  侧    f    env  blend   along·(-nrm)  ∠      rx       ry       rz     euler步   mat步  穷举步
--------------------------------------------------------------------------------------------------------
   R   13  0.985  0.000     -0.911   155.6     -2.6    131.0     13.4     97.92    44.58    97.92
   L   13  0.985  0.000     -0.889   152.8     -1.6   -128.2    -11.5    101.03    40.93   101.03
--------------------------------------------------------------------------------------------------------
   R   14  1.000  0.000     -0.895   153.5     -0.7    138.6      3.2     10.27    15.46    10.27
   L   14  1.000  0.000     -0.876   151.1     -0.5   -135.1     -3.1      8.35    13.10     8.35
--------------------------------------------------------------------------------------------------------
--------------------------------------------------------------------------------------------------------
   R   16  1.000  0.074     -0.827   145.8     -2.4    143.9     14.3     10.02     6.72    10.02
   L   16  1.000  0.074     -0.805   143.6      1.1   -142.0    -16.9     11.75     6.85    11.75
--------------------------------------------------------------------------------------------------------
   R   17  1.000  0.156     -0.816   144.7     -7.7    142.1     26.0     11.71    12.46    11.71
   L   17  1.000  0.156     -0.794   142.5     -0.9   -143.0    -31.3     14.41    12.42    14.41
--------------------------------------------------------------------------------------------------------
   R   18  1.000  0.259     -0.807   143.8    -16.2    135.0     37.1     11.16    18.29    11.16
   L   18  1.000  0.259     -0.785   141.7     -6.4   -137.3    -46.0     14.70    18.51    14.70
--------------------------------------------------------------------------------------------------------
   R   19  1.000  0.376     -0.801   143.2    -31.9    121.5     40.4     15.69    24.31    15.69
   L   19  1.000  0.376     -0.779   141.2    -18.2   -121.2    -54.2     16.10    25.96    16.10
--------------------------------------------------------------------------------------------------------
   R   20  1.000  0.500     -0.799   143.0    -84.3    109.3      3.7     52.41    29.78    52.41
   L   20  1.000  0.500     -0.777   141.0    -83.7   -102.7     -5.5     65.45    33.54    65.45
--------------------------------------------------------------------------------------------------------
   R   21  1.000  0.624     -0.805   143.7     41.2     59.4    141.4    137.71    29.56    54.55
   L   21  1.000  0.624     -0.783   141.5     27.7    -60.5   -130.1    124.63    32.77    68.57
--------------------------------------------------------------------------------------------------------
   R   22  1.000  0.741     -0.822   145.3     24.3     45.1    134.7     16.88    24.57    16.88
   L   22  1.000  0.741     -0.800   143.1     16.2    -44.6   -129.5     15.85    25.23    15.85
--------------------------------------------------------------------------------------------------------
   R   23  1.000  0.844     -0.846   147.8     16.5     37.4    135.1      7.82    18.57     7.82
   L   23  1.000  0.844     -0.824   145.4     10.6    -37.3   -132.5      7.34    18.68     7.34
--------------------------------------------------------------------------------------------------------
--------------------------------------------------------------------------------------------------------
--------------------------------------------------------------------------------------------------------
   R   26  1.000  1.000     -0.850   148.2     -7.6     39.8    122.0     16.11    11.63    16.11
   L   26  1.000  1.000     -0.850   148.2     -9.8    -40.1   -120.7     14.80     9.87    14.80
--------------------------------------------------------------------------------------------------------
   R   27  1.000  1.000     -0.885   152.3    -11.9     43.3    108.3     13.69     5.75    13.69
   L   27  1.000  1.000     -0.886   152.4    -12.9    -43.3   -108.7     12.01     3.58    12.01
--------------------------------------------------------------------------------------------------------
   R   28  1.000  1.000     -0.809   144.0    -23.2     43.3     95.7     12.60     4.35    12.60
   L   28  1.000  1.000     -0.813   144.4    -23.2    -43.4    -95.3     13.46     3.40    13.46
--------------------------------------------------------------------------------------------------------
--------------------------------------------------------------------------------------------------------
--------------------------------------------------------------------------------------------------------
   R   70  1.000  0.945     -0.980   168.7     -0.4     60.9    134.9     39.18    21.39    39.18
   L   70  1.000  0.945     -0.955   162.8      9.6    -58.9   -148.6     53.36    22.59    53.36
   R   71  1.000  0.882     -0.982   169.3     -2.3     64.1    124.7     10.15    10.23    10.15
   L   71  1.000  0.882     -0.983   169.5     -4.7    -62.4   -122.8     25.83    20.12    25.83
   R   72  1.000  0.802     -0.986   170.3     -3.8     68.2    114.2     10.51    10.87    10.51
   L   72  1.000  0.802     -0.985   170.2     -7.9    -66.3   -110.6     12.17    11.08    12.17
   R   73  1.000  0.708     -0.987   170.7    -12.4     73.4     94.8     19.42    13.19    19.42
   L   73  1.000  0.708     -0.987   170.9    -14.6    -71.4    -93.2     17.48    13.32    17.48
   R   74  1.000  0.606     -0.990   172.1    -25.8     79.0     68.8     25.99    14.98    25.99
   L   74  1.000  0.606     -0.989   171.6    -29.8    -77.2    -65.2     27.94    15.41    27.94
   R   75  1.000  0.500     -0.991   172.4    -69.4     82.2     10.7     58.10    16.44    58.10
   L   75  1.000  0.500     -0.991   172.4    -65.6    -81.2    -14.9     50.32    16.96    50.32
   R   76  1.000  0.394     -0.937   159.6   -114.6     73.8    -46.9     57.65    16.25    57.65
   L   76  1.000  0.394     -0.934   159.1   -114.0    -72.3     46.4     61.32    17.75    61.32
   R   77  1.000  0.292     -0.944   160.8     50.4    108.9    100.8    165.01    18.37    32.29
   L   77  1.000  0.292     -0.941   160.2     49.4   -110.6    -99.3    163.34    19.34    34.30
   R   78  1.000  0.198     -0.951   162.0     41.3    108.9     75.0     25.76    16.07    25.76
   L   78  1.000  0.198     -0.947   161.3     39.3   -110.8    -72.4     26.86    16.54    26.86
   R   79  1.000  0.118     -0.957   163.1     31.1    106.8     50.6     24.43    12.75    24.43
   L   79  1.000  0.118     -0.953   162.3     28.5   -108.9    -47.5     24.91    12.98    24.91
   R   80  1.000  0.055     -0.962   164.2     17.5    104.5     26.1     24.50     9.03    24.50
   L   80  1.000  0.055     -0.958   163.4     15.3   -107.0    -23.7     23.84     9.22    23.84
   R   81  1.000  0.015     -0.967   165.2      4.7    103.5      6.5     19.62     4.98    19.62
   L   81  1.000  0.015     -0.963   164.4      4.0   -106.3     -5.7     18.00     5.20    18.00
   R   85  0.980  0.000     -0.973   166.7     -2.8     99.0     -6.9     13.41     5.31    13.41
   L   85  0.980  0.000     -0.974   166.8     -1.7   -102.6      5.5     11.22     4.90    11.22
   R   86  0.926  0.000     -0.971   166.2     -7.3     87.6    -12.0     11.34    13.17    11.34
   L   86  0.926  0.000     -0.974   166.9     -2.7    -90.8      6.8     11.82    13.70    11.82
   R   87  0.844  0.000     -0.968   165.5     12.7     71.9      4.7     20.01    17.14    20.01
   L   87  0.844  0.000     -0.974   166.8     18.6    -74.4    -11.9     21.37    18.09    21.37
   R   88  0.741  0.000     -0.964   164.6      7.0     54.9     -5.3     17.01    17.82    17.01
   L   88  0.741  0.000     -0.973   166.6      3.6    -56.6      6.6     18.44    19.45    18.44
   R   89  0.624  0.000     -0.959   163.5      6.5     39.2    -11.0     15.76    16.10    15.76
   L   89  0.624  0.000     -0.971   166.2      2.4    -40.0     11.7     16.61    17.37    16.61
   R   90  0.500  0.000     -0.953   162.5      6.7     26.1    -16.3     13.09    13.13    13.09
   L   90  0.500  0.000     -0.969   165.7      1.9    -26.1     16.3     13.84    14.31    13.84
   R   91  0.376  0.000     -0.947   161.2      7.0     16.0    -20.9     10.08     9.95    10.08
   L   91  0.376  0.000     -0.967   165.1      1.7    -15.5     20.0     10.67    10.94    10.67
   R   92  0.259  0.000     -0.941   160.2      7.4      8.9    -24.1      7.07     6.88     7.07
   L   92  0.259  0.000     -0.964   164.6      1.6     -8.0     22.3      7.50     7.60     7.50
   R   93  0.156  0.000     -0.937   159.6      7.8      4.6    -25.6      4.28     4.05     4.28
   L   93  0.156  0.000     -0.962   164.2      1.8     -3.4     23.1      4.55     4.46     4.55
   R   94  0.074  0.000     -0.933   158.9      8.1      2.6    -25.6      2.03     1.78     2.03
   L   94  0.074  0.000     -0.960   163.8      2.1     -1.2     22.6      2.17     1.93     2.17
   R   95  0.020  0.000     -0.930   158.5      8.4      1.9    -24.9      0.65     0.44     0.65
   L   95  0.020  0.000     -0.959   163.6      2.4     -0.6     21.6      0.92     0.44     0.92
   R   96  0.000  0.000     -0.930   158.4      8.5      1.9    -24.6      0.38     0.09     0.38
   L   96  0.000  0.000     -0.959   163.5      2.5     -0.5     21.2      0.46     0.10     0.46
========================================================================================================
(B) push_out 原始/推出（f=28 / 51 / 52）
f=28  FIST_MIN_CLEAR_MM=41.00  TOUCH_OFF=39.0 mm  blend=1.000
  [L] 胸面=(+0.079 -0.261 +1.239) nrm=(+0.251 -0.967 +0.039)
       raw gap= +39.00  最近面=(+0.079 -0.261 +1.239) ∠(最近法线,nrm)=  0.0°  raw沿nrm= +39.00
       pushed gap= +41.00  位移=   2.00 mm  (raw→pushed)
  [R] 胸面=(-0.079 -0.261 +1.239) nrm=(-0.250 -0.967 +0.059)
       raw gap= +39.00  最近面=(-0.079 -0.261 +1.239) ∠(最近法线,nrm)=  0.0°  raw沿nrm= +39.00
       pushed gap= +41.00  位移=   2.00 mm  (raw→pushed)
f=51  FIST_MIN_CLEAR_MM=41.00  TOUCH_OFF=39.0 mm  blend=1.000
  [L] 胸面=(+0.076 -0.173 +1.299) nrm=(+0.019 -0.980 -0.200)
       raw gap= +39.00  最近面=(+0.076 -0.173 +1.299) ∠(最近法线,nrm)=  0.0°  raw沿nrm= +39.00
       pushed gap= +41.00  位移=   2.00 mm  (raw→pushed)
  [R] 胸面=(-0.076 -0.173 +1.299) nrm=(-0.020 -0.980 -0.200)
       raw gap= +39.00  最近面=(-0.076 -0.173 +1.299) ∠(最近法线,nrm)=  0.0°  raw沿nrm= +39.00
       pushed gap= +40.00  位移=   2.00 mm  (raw→pushed)
f=52  FIST_MIN_CLEAR_MM=41.00  TOUCH_OFF=39.0 mm  blend=1.000
  [L] 胸面=(+0.077 -0.191 +1.285) nrm=(+0.255 -0.966 -0.032)
       raw gap= +39.00  最近面=(+0.077 -0.191 +1.285) ∠(最近法线,nrm)=  0.0°  raw沿nrm= +39.00
       pushed gap= +41.00  位移=   2.00 mm  (raw→pushed)
  [R] 胸面=(-0.077 -0.191 +1.285) nrm=(-0.252 -0.967 -0.032)
       raw gap= +39.00  最近面=(-0.077 -0.191 +1.285) ∠(最近法线,nrm)=  0.0°  raw沿nrm= +39.00
       pushed gap= +41.00  位移=   2.00 mm  (raw→pushed)
========================================================================================================
(C) 收招段臂包络（ARM_DN_AT=84 TOTAL=96）
   f= 82 env=1.0000  Δ=+0.0000
   f= 83 env=1.0000  Δ=+0.0000
   f= 84 env=1.0000  Δ=+0.0000
   f= 85 env=0.9803  Δ=-0.0197
   f= 86 env=0.9259  Δ=-0.0544
   f= 87 env=0.8438  Δ=-0.0822
   f= 88 env=0.7407  Δ=-0.1030
   f= 89 env=0.6238  Δ=-0.1169
   f= 90 env=0.5000  Δ=-0.1238
   f= 91 env=0.3762  Δ=-0.1238
   f= 92 env=0.2593  Δ=-0.1169
   f= 93 env=0.1562  Δ=-0.1030
   f= 94 env=0.0741  Δ=-0.0822
   f= 95 env=0.0197  Δ=-0.0544
   f= 96 env=0.0000  Δ=-0.0197
E03_DIAG2_DONE
Blender 4.5.0 (hash 8cb6b388974a built 2025-07-15 01:36:24)
Read blend: "I:\工作项目\BIGMANFIGHT\角色资产\美术资产\bigman_v001\bigman_anim_v001.blend"

Blender quit
Error: Not freed memory blocks: 1, total unfreed memory 0.000008 MB
