E04_TRACE f=  0 root_dz=   +0.0 ankle=   +0.0 sole={'L': 1.1, 'R': -1.0} lock=1.8774 env=0.000
E04_TRACE f=  1 root_dz=  -15.7 ankle=   +0.0 sole={'L': 1.0, 'R': -1.1} lock=2.2260 env=0.020
E04_TRACE f=  2 root_dz=  -30.5 ankle=   +0.0 sole={'L': 0.9, 'R': -1.3} lock=3.1727 env=0.074
E04_TRACE f=  3 root_dz=  -44.2 ankle=   +0.0 sole={'L': 0.9, 'R': -1.4} lock=4.3294 env=0.156
E04_TRACE f=  4 root_dz=  -56.9 ankle=   +0.0 sole={'L': 0.9, 'R': -1.4} lock=5.5529 env=0.259
E04_TRACE f=  5 root_dz=  -68.6 ankle=   +0.0 sole={'L': 0.9, 'R': -1.5} lock=6.7783 env=0.376
E04_TRACE f=  6 root_dz=  -79.2 ankle=   +0.0 sole={'L': 0.9, 'R': -1.5} lock=7.9689 env=0.500
E04_TRACE f=  7 root_dz=  -88.9 ankle=   +0.0 sole={'L': 0.9, 'R': -1.6} lock=9.0993 env=0.624
E04_TRACE f=  8 root_dz=  -97.5 ankle=   +0.0 sole={'L': 0.9, 'R': -1.6} lock=10.1506 env=0.741
E04_TRACE f=  9 root_dz= -105.1 ankle=   +0.0 sole={'L': 0.9, 'R': -1.6} lock=11.1079 env=0.844
E04_TRACE f= 10 root_dz= -111.7 ankle=   +0.0 sole={'L': 0.9, 'R': -1.6} lock=11.9591 env=0.926
E04_TRACE f= 11 root_dz= -117.3 ankle=   +0.0 sole={'L': 1.0, 'R': -1.7} lock=12.6943 env=0.980
E04_TRACE f= 12 root_dz= -121.9 ankle=   +0.0 sole={'L': 1.0, 'R': -1.7} lock=13.3058 env=1.000
E04_TRACE f= 13 root_dz= -125.4 ankle=   +0.0 sole={'L': 1.0, 'R': -1.7} lock=13.7875 env=1.000
E04_TRACE f= 14 root_dz= -128.0 ankle=   +0.0 sole={'L': 1.0, 'R': -1.7} lock=14.1347 env=1.000
E04_TRACE f= 15 root_dz= -129.5 ankle=   +0.0 sole={'L': 1.0, 'R': -1.7} lock=14.3443 env=1.000
E04_TRACE f= 16 root_dz= -130.0 ankle=   +0.0 sole={'L': 1.0, 'R': -1.7} lock=14.4144 env=1.000
E04_TRACE f= 17 root_dz= -127.3 ankle=   +0.0 sole={'L': 1.0, 'R': -1.7} lock=14.0501 env=1.000
E04_TRACE f= 18 root_dz= -119.4 ankle=   +0.0 sole={'L': 1.0, 'R': -1.7} lock=12.9741 env=1.000
E04_TRACE f= 19 root_dz= -106.1 ankle=   +0.0 sole={'L': 1.0, 'R': -1.6} lock=11.2394 env=1.000
E04_TRACE f= 20 root_dz=  -87.5 ankle=   +0.0 sole={'L': 0.9, 'R': -1.6} lock=8.9433 env=1.000
E04_TRACE f= 21 root_dz=  -63.6 ankle=   +0.0 sole={'L': 0.9, 'R': -1.4} lock=6.2486 env=1.000
E04_TRACE f= 22 root_dz=  -34.4 ankle=   +0.0 sole={'L': 1.0, 'R': -1.3} lock=3.4680 env=1.000
E04_TRACE f= 23 root_dz=   +0.2 ankle=   +0.0 sole={'L': 1.1, 'R': -0.9} lock=1.8741 env=1.000
E04_TRACE f= 24 root_dz=  +40.0 ankle=   +0.0 sole={'L': 1.6, 'R': -0.2} lock=3.1076 env=1.000
E04_TRACE f= 25 root_dz=  +78.9 ankle=  +59.4 sole={'L': 60.5, 'R': 58.7} lock=2.2443 env=1.000
E04_TRACE f= 26 root_dz= +115.6 ankle= +115.4 sole={'L': 116.2, 'R': 114.4} lock=2.1272 env=1.000
E04_TRACE f= 27 root_dz= +150.0 ankle= +168.1 sole={'L': 168.5, 'R': 166.8} lock=2.6348 env=1.000
E04_TRACE f= 28 root_dz= +182.2 ankle= +217.3 sole={'L': 217.6, 'R': 215.8} lock=3.2949 env=1.000
E04_TRACE f= 29 root_dz= +212.2 ankle= +263.1 sole={'L': 263.2, 'R': 261.5} lock=4.0720 env=1.000
E04_TRACE f= 30 root_dz= +240.0 ankle= +305.6 sole={'L': 305.5, 'R': 303.8} lock=5.0901 env=1.000
E04_TRACE f= 31 root_dz= +265.6 ankle= +344.6 sole={'L': 344.4, 'R': 342.7} lock=6.0745 env=1.000
E04_TRACE f= 32 root_dz= +288.9 ankle= +380.2 sole={'L': 380.0, 'R': 378.2} lock=7.0025 env=1.000
E04_TRACE f= 33 root_dz= +310.0 ankle= +412.5 sole={'L': 412.1, 'R': 410.4} lock=7.8610 env=1.000
E04_TRACE f= 34 root_dz= +328.9 ankle= +441.4 sole={'L': 440.9, 'R': 439.2} lock=8.6421 env=1.000
E04_TRACE f= 35 root_dz= +345.6 ankle= +466.8 sole={'L': 466.3, 'R': 464.6} lock=9.3401 env=1.000
E04_TRACE f= 36 root_dz= +360.0 ankle= +488.9 sole={'L': 488.3, 'R': 486.6} lock=9.9511 env=1.000
E04_TRACE f= 37 root_dz= +372.2 ankle= +507.6 sole={'L': 506.9, 'R': 505.2} lock=10.4722 env=1.000
E04_TRACE f= 38 root_dz= +382.2 ankle= +522.8 sole={'L': 522.2, 'R': 520.5} lock=10.9012 env=1.000
E04_TRACE f= 39 root_dz= +390.0 ankle= +534.7 sole={'L': 534.0, 'R': 532.3} lock=11.2363 env=1.000
E04_TRACE f= 40 root_dz= +395.6 ankle= +543.2 sole={'L': 542.5, 'R': 540.8} lock=11.4765 env=1.000
E04_TRACE f= 41 root_dz= +398.9 ankle= +548.3 sole={'L': 547.6, 'R': 545.9} lock=11.6209 env=1.000
E04_TRACE f= 42 root_dz= +400.0 ankle= +550.0 sole={'L': 549.3, 'R': 547.6} lock=11.6691 env=1.000
E04_TRACE f= 43 root_dz= +397.8 ankle= +547.2 sole={'L': 546.5, 'R': 544.8} lock=11.6294 env=1.000
E04_TRACE f= 44 root_dz= +391.2 ankle= +538.8 sole={'L': 538.1, 'R': 536.4} lock=11.5103 env=1.000
E04_TRACE f= 45 root_dz= +380.3 ankle= +524.7 sole={'L': 524.1, 'R': 522.3} lock=11.3125 env=1.000
E04_TRACE f= 46 root_dz= +364.9 ankle= +505.1 sole={'L': 504.5, 'R': 502.7} lock=11.0372 env=1.000
E04_TRACE f= 47 root_dz= +345.2 ankle= +479.8 sole={'L': 479.3, 'R': 477.5} lock=10.6859 env=1.000
E04_TRACE f= 48 root_dz= +321.0 ankle= +449.0 sole={'L': 448.6, 'R': 446.7} lock=10.2607 env=1.000
E04_TRACE f= 49 root_dz= +292.5 ankle= +412.5 sole={'L': 412.2, 'R': 410.3} lock=9.7644 env=1.000
E04_TRACE f= 50 root_dz= +259.6 ankle= +370.4 sole={'L': 370.2, 'R': 368.3} lock=9.2004 env=1.000
E04_TRACE f= 51 root_dz= +222.3 ankle= +322.7 sole={'L': 322.7, 'R': 320.7} lock=8.5731 env=1.000
E04_TRACE f= 52 root_dz= +180.6 ankle= +269.4 sole={'L': 269.5, 'R': 267.5} lock=7.8881 env=1.000
E04_TRACE f= 53 root_dz= +134.5 ankle= +210.5 sole={'L': 210.8, 'R': 208.7} lock=7.1526 env=1.000
E04_TRACE f= 54 root_dz=  +84.1 ankle= +145.9 sole={'L': 146.5, 'R': 144.4} lock=6.3759 env=1.000
E04_TRACE f= 55 root_dz=  +29.2 ankle=  +75.8 sole={'L': 76.7, 'R': 74.4} lock=5.5715 env=1.000
E04_TRACE f= 56 root_dz=  -30.0 ankle=   +0.0 sole={'L': 1.3, 'R': -1.1} lock=4.7584 env=1.000
E04_TRACE f= 57 root_dz=  -93.4 ankle=   +0.0 sole={'L': 1.0, 'R': -1.5} lock=10.5393 env=1.000
E04_TRACE f= 58 root_dz= -138.7 ankle=   +0.0 sole={'L': 1.0, 'R': -1.7} lock=15.0682 env=1.000
E04_TRACE f= 59 root_dz= -165.9 ankle=   +0.0 sole={'L': 1.0, 'R': -1.8} lock=17.8952 env=1.000
E04_TRACE f= 60 root_dz= -175.0 ankle=   +0.0 sole={'L': 1.1, 'R': -1.8} lock=18.8532 env=1.000
E04_TRACE f= 61 root_dz= -175.0 ankle=   +0.0 sole={'L': 1.1, 'R': -1.8} lock=18.8532 env=1.000
E04_TRACE f= 62 root_dz= -175.0 ankle=   +0.0 sole={'L': 1.1, 'R': -1.8} lock=18.8532 env=1.000
E04_TRACE f= 63 root_dz= -160.5 ankle=   +0.0 sole={'L': 1.0, 'R': -1.8} lock=17.0906 env=1.000
E04_TRACE f= 64 root_dz= -146.9 ankle=   +0.0 sole={'L': 1.0, 'R': -1.8} lock=15.4781 env=1.000
E04_TRACE f= 65 root_dz= -134.2 ankle=   +0.0 sole={'L': 0.9, 'R': -1.7} lock=14.0105 env=1.000
E04_TRACE f= 66 root_dz= -122.5 ankle=   +0.0 sole={'L': 0.9, 'R': -1.7} lock=12.6823 env=1.000
E04_TRACE f= 67 root_dz= -111.7 ankle=   +0.0 sole={'L': 0.9, 'R': -1.7} lock=11.4881 env=1.000
E04_TRACE f= 68 root_dz= -101.9 ankle=   +0.0 sole={'L': 0.9, 'R': -1.6} lock=10.4224 env=1.000
E04_TRACE f= 69 root_dz=  -93.0 ankle=   +0.0 sole={'L': 0.9, 'R': -1.6} lock=9.4796 env=1.000
E04_TRACE f= 70 root_dz=  -85.0 ankle=   +0.0 sole={'L': 0.9, 'R': -1.6} lock=8.6544 env=1.000
E04_TRACE f= 71 root_dz=  -78.0 ankle=   +0.0 sole={'L': 0.9, 'R': -1.5} lock=7.9416 env=1.000
E04_TRACE f= 72 root_dz=  -71.9 ankle=   +0.0 sole={'L': 0.9, 'R': -1.5} lock=7.3361 env=1.000
E04_TRACE f= 73 root_dz=  -66.7 ankle=   +0.0 sole={'L': 0.9, 'R': -1.5} lock=6.8334 env=1.000
E04_TRACE f= 74 root_dz=  -62.5 ankle=   +0.0 sole={'L': 0.9, 'R': -1.4} lock=6.4290 env=1.000
E04_TRACE f= 75 root_dz=  -59.2 ankle=   +0.0 sole={'L': 0.9, 'R': -1.4} lock=6.1190 env=1.000
E04_TRACE f= 76 root_dz=  -56.9 ankle=   +0.0 sole={'L': 0.9, 'R': -1.4} lock=5.9002 env=1.000
E04_TRACE f= 77 root_dz=  -55.5 ankle=   +0.0 sole={'L': 0.9, 'R': -1.4} lock=5.7699 env=1.000
E04_TRACE f= 78 root_dz=  -55.0 ankle=   +0.0 sole={'L': 0.9, 'R': -1.4} lock=5.7267 env=1.000
E04_TRACE f= 79 root_dz=  -54.9 ankle=   +0.0 sole={'L': 0.9, 'R': -1.4} lock=5.7165 env=1.000
E04_TRACE f= 80 root_dz=  -54.6 ankle=   +0.0 sole={'L': 0.9, 'R': -1.4} lock=5.6864 env=1.000
E04_TRACE f= 81 root_dz=  -54.2 ankle=   +0.0 sole={'L': 0.9, 'R': -1.4} lock=5.6377 env=1.000
E04_TRACE f= 82 root_dz=  -53.6 ankle=   +0.0 sole={'L': 0.9, 'R': -1.4} lock=5.5715 env=1.000
E04_TRACE f= 83 root_dz=  -52.8 ankle=   +0.0 sole={'L': 0.9, 'R': -1.4} lock=5.4890 env=1.000
E04_TRACE f= 84 root_dz=  -52.0 ankle=   +0.0 sole={'L': 0.9, 'R': -1.4} lock=5.3915 env=1.000
E04_TRACE f= 85 root_dz=  -50.9 ankle=   +0.0 sole={'L': 0.9, 'R': -1.4} lock=5.2803 env=1.000
E04_TRACE f= 86 root_dz=  -49.8 ankle=   +0.0 sole={'L': 0.9, 'R': -1.4} lock=5.1568 env=1.000
E04_TRACE f= 87 root_dz=  -48.5 ankle=   +0.0 sole={'L': 0.9, 'R': -1.4} lock=5.0223 env=1.000
E04_TRACE f= 88 root_dz=  -47.1 ankle=   +0.0 sole={'L': 0.9, 'R': -1.4} lock=4.8782 env=1.000
E04_TRACE f= 89 root_dz=  -45.7 ankle=   +0.0 sole={'L': 0.9, 'R': -1.3} lock=4.7259 env=1.000
E04_TRACE f= 90 root_dz=  -44.1 ankle=   +0.0 sole={'L': 0.9, 'R': -1.3} lock=4.5667 env=1.000
E04_TRACE f= 91 root_dz=  -42.5 ankle=   +0.0 sole={'L': 0.9, 'R': -1.3} lock=4.4021 env=1.000
E04_TRACE f= 92 root_dz=  -40.7 ankle=   +0.0 sole={'L': 0.9, 'R': -1.3} lock=4.2335 env=1.000
E04_TRACE f= 93 root_dz=  -39.0 ankle=   +0.0 sole={'L': 0.9, 'R': -1.3} lock=4.0622 env=0.985
E04_TRACE f= 94 root_dz=  -37.1 ankle=   +0.0 sole={'L': 0.9, 'R': -1.3} lock=3.8896 env=0.945
E04_TRACE f= 95 root_dz=  -35.3 ankle=   +0.0 sole={'L': 0.9, 'R': -1.3} lock=3.7172 env=0.882
E04_TRACE f= 96 root_dz=  -33.4 ankle=   +0.0 sole={'L': 0.9, 'R': -1.3} lock=3.5461 env=0.802
E04_TRACE f= 97 root_dz=  -31.4 ankle=   +0.0 sole={'L': 1.0, 'R': -1.3} lock=3.3778 env=0.708
E04_TRACE f= 98 root_dz=  -29.5 ankle=   +0.0 sole={'L': 1.0, 'R': -1.2} lock=3.2135 env=0.606
E04_TRACE f= 99 root_dz=  -27.5 ankle=   +0.0 sole={'L': 1.0, 'R': -1.2} lock=3.0546 env=0.500
E04_TRACE f=100 root_dz=  -25.5 ankle=   +0.0 sole={'L': 1.0, 'R': -1.2} lock=2.9021 env=0.394
E04_TRACE f=101 root_dz=  -23.6 ankle=   +0.0 sole={'L': 1.0, 'R': -1.2} lock=2.7574 env=0.292
E04_TRACE f=102 root_dz=  -21.6 ankle=   +0.0 sole={'L': 1.0, 'R': -1.2} lock=2.6214 env=0.198
E04_TRACE f=103 root_dz=  -19.7 ankle=   +0.0 sole={'L': 1.0, 'R': -1.2} lock=2.4953 env=0.118
E04_TRACE f=104 root_dz=  -17.9 ankle=   +0.0 sole={'L': 1.0, 'R': -1.1} lock=2.3798 env=0.055
E04_TRACE f=105 root_dz=  -16.0 ankle=   +0.0 sole={'L': 1.0, 'R': -1.1} lock=2.2755 env=0.015
E04_TRACE f=106 root_dz=  -14.3 ankle=   +0.0 sole={'L': 1.0, 'R': -1.1} lock=2.1830 env=0.000
E04_TRACE f=107 root_dz=  -12.5 ankle=   +0.0 sole={'L': 1.0, 'R': -1.1} lock=2.1025 env=0.000
E04_TRACE f=108 root_dz=  -10.9 ankle=   +0.0 sole={'L': 1.0, 'R': -1.1} lock=2.0337 env=0.000
E04_TRACE f=109 root_dz=   -9.3 ankle=   +0.0 sole={'L': 1.0, 'R': -1.1} lock=1.9765 env=0.000
E04_TRACE f=110 root_dz=   -7.9 ankle=   +0.0 sole={'L': 1.0, 'R': -1.0} lock=1.9301 env=0.000
E04_TRACE f=111 root_dz=   -6.5 ankle=   +0.0 sole={'L': 1.0, 'R': -1.0} lock=1.8936 env=0.000
E04_TRACE f=112 root_dz=   -5.2 ankle=   +0.0 sole={'L': 1.0, 'R': -1.0} lock=1.8818 env=0.000
E04_TRACE f=113 root_dz=   -4.1 ankle=   +0.0 sole={'L': 1.0, 'R': -1.0} lock=1.8797 env=0.000
E04_TRACE f=114 root_dz=   -3.0 ankle=   +0.0 sole={'L': 1.0, 'R': -1.0} lock=1.8784 env=0.000
E04_TRACE f=115 root_dz=   -2.2 ankle=   +0.0 sole={'L': 1.0, 'R': -1.0} lock=1.8776 env=0.000
E04_TRACE f=116 root_dz=   -1.4 ankle=   +0.0 sole={'L': 1.0, 'R': -1.0} lock=1.8774 env=0.000
E04_TRACE f=117 root_dz=   -0.8 ankle=   +0.0 sole={'L': 1.1, 'R': -1.0} lock=1.8773 env=0.000
E04_TRACE f=118 root_dz=   -0.4 ankle=   +0.0 sole={'L': 1.1, 'R': -1.0} lock=1.8774 env=0.000
E04_TRACE f=119 root_dz=   -0.1 ankle=   +0.0 sole={'L': 1.1, 'R': -1.0} lock=1.8775 env=0.000
E04_TRACE f=120 root_dz=   +0.0 ankle=   +0.0 sole={'L': 1.1, 'R': -1.0} lock=1.8774 env=0.000
E04_REPORT {"loop_seamless": false, "ground_min_mm": -1.82, "ground_contact_ok": true, "max_frame_step_deg": 153.865, "max_frame_step_at": [100, "hand.L"], "no_teleport": false, "bone_travel_mm": {"pelvis": 400.5, "chest": 395.7, "head": 399.54, "hand.L": 794.0, "hand.R": 780.49}, "spawn_sole_min_mm": -1.816, "spawn_sole_max_mm": 547.554, "spawn_liftoff_threshold_mm": 12.0, "spawn_airborne_frames": [25, 55], "spawn_airborne_span": 31, "spawn_airborne_peak_mm": 547.554, "spawn_ground_frames": 90, "spawn_measured_takeoff": 25, "spawn_measured_land": 56, "spawn_nominal_takeoff": 24, "spawn_nominal_touch": 56, "spawn_airborne_ok": true, "spawn_airborne_note": "★★★ **「脚离地」由实测现算，不写死**：逐帧量鞋底最低点（`foot_lowest_by_side`，按**鞋对象**分左右，不用顶点 x 符号 —— 那会在两脚靠近时串门），`sole_min_z > 12.0 mm` 的帧即空中帧。实测空中段 **f=[25, 55]（31 帧）**、鞋底峰值 **547.6 mm**（下限 300）、实测起飞帧 f=25、实测落地帧 f=56。★ 标称 `TAKEOFF=24` / `TOUCH=56` 只用来说明设计意图，**断言用实测值核对它们（±2 帧）** —— 实测与标称不一致就说明相位排错了。", "spawn_ground_ankle_drift_mm": {"L": 0.2103, "R": 0.0179}, "spawn_ground_toe_drift_mm": {"L": 0.2103, "R": 0.0179}, "spawn_ground_sole_min_mm": -1.816, "spawn_ground_sole_max_mm": -0.165, "spawn_foot_lock_phased_ok": true, "spawn_foot_lock_phased_note": "★★★ **「脚锁」按相位分段**（本支最大的口径改动，见 §1 风险 1）。E01~E03 的 `foot_lock_ok` 建在「踝全程钉在站架世界点」上；本支一跳起来这个前提**当场失效** —— 照抄全程口径会在空中段**合理见红**。★ 本判据**只判地面段**（鞋底 ≤ 12.0 mm 的帧，共 **90** 帧）：踝到站架锚点漂移 **L 0.2103 / R 0.0179 mm**、趾 **L 0.2103 / R 0.0179 mm**（阈值 0.5 mm），鞋底 **-1.82 ~ -0.17 mm**（带 -2 ~ 6）。★ 空中段（f=[25, 55]）**停用并登记理由**：脚此刻**真的离地**（实测最高 547.6 mm），要求它不动等于要求角色不许跳。", "spawn_crouch_drop_mm": 130.0, "spawn_crouch_knee_deg": 81.57, "spawn_crouch_range": [95.0, 215.0], "spawn_crouch_ok": true, "spawn_crouch_note": "★ 起跳前摇 = **看得见的预备动作**（「猛男型角色起跳需要明显预备动作」，A10 `Jump_Start` 同源要求）。实测骨盆下沉 **130.0 mm**（区间 95~215，两端卡：太小 = 没预备、太大 = 蹲成马步）+ 膝屈 **81.6°**（≥ 60°）。", "spawn_land_sink_mm": 175.0, "spawn_land_knee_deg": 90.68, "spawn_land_range": [120.0, 260.0], "spawn_land_sink_ok": true, "spawn_land_sink_note": "★★★ 落地的「重」**三件套之一**：躯干**净下沉**（站架骨盆 z 830.0 → 落地 655.0 mm）。实测 **175.0 mm**（区间 120~260，**两端都卡**：太小 = 轻飘飘地站住；太大 = 蹲到地上穿模）+ 落地膝屈 **90.7°**（≥ 70°）。★ 另两件见 `spawn_impact_hitstop_ok`（定格）与 `spawn_airborne_ok`（真的跳起来）。", "spawn_root_apex_mm": 400.0, "spawn_root_apex_frame": 42, "spawn_root_apex_range": [300.0, 520.0], "spawn_root_end_delta_mm": 0.0, "spawn_root_motion_ok": true, "spawn_root_motion_note": "★★ www **E 族首次「带根位移」**：实测骨盆 z 峰值 **+400.0 mm** @ f=42（标称 APEX=42，区间 300~520，两端卡：太低 = 没跳起来；太高 = 出画 / 不真实）；★ **END 必须归零**（实测残差 **0.0000 mm**）——根位移不归零会在下一支的 START 处炸 `seam_in_ok`。★ 起跳的物理上限 ≈ **+46 mm**（`_e04_conv.py` 实测：dz=+60 时锁踝解发散、误差 8.58 mm ⟹ 站架腿完全蹬直的可达高度），腾空那 **+400 mm** 靠**踝随根抬起**（`SPECS[*]['ankle']`）实现，不是靠拉长腿。", "spawn_hitstop_frames": 3, "spawn_hitstop_window": [60, 62], "spawn_hitstop_steps_deg": [{"from": 60, "step_deg": 13.572021, "at": [61, "hand.L"]}, {"from": 61, "step_deg": 0.012353, "at": [62, "hand.R"]}], "spawn_hitstop_worst_step_deg": 13.572021, "spawn_impact_hitstop_ok": false, "spawn_impact_hitstop_note": "★★★ **「突出角色力量」= 落地冲击必须有定格**（照 E03 `rage_hitstop_ok` 模式）。判据量的是**定格窗口内逐帧姿态**（`max |Δ euler|`），窗口 **f=[60, 61]** 共 3 帧，实测窗口内最大逐帧角步 **13.572021°**（阈值 ≤ 0.01° ⟹ 姿态完全冻结）。★ 定格靠**时间轴冻结**（帧号前进、姿态不变 + `A.set_hitstop` 把窗口键设 CONSTANT），**不是**把 N 帧压进插值 —— 否则 `no_snap_stop_ok` 会在定格边界炸。★ 与 E03 的区别（`spawn_impact_hitstop_ok` ≠ `rage_hitstop_ok`）：E03 是**两个对称窗口**（两次捶胸），本支只有**一个落地窗口**，且它落在**根位移的终点**：定格期间根停在落地点、姿态逐帧恒定。", "no_snap_stop_step_deg": 0.682, "no_snap_stop_at": [108, "thigh.R"], "no_snap_stop_ok": true, "seam_first_step_deg": 6.4762, "seam_last_step_deg": 0.0414, "loop_velocity_ok": null, "loop_velocity_note": "★ **停用 `loop_velocity_ok` 并登记理由**：该判据（首/末帧角速度必须相等）是 E02 为**循环**动画加的对称性检查。本支 `meta.loop = false`（**一次性入场**：站架 → 起跳 → 落地 → 回站架，播完交给战斗流程），首末帧同姿只用于「起手不留痕」，**不要求角速度对称**。实测首帧步 6.476° / 末帧步 0.041°（末帧更慢是**设计意图**：收招要减速）。★ 设一个必然为假的判据等于没有判据。", "chain_travel": {"foot_axis_mm": 232.181, "knee_deg": 71.047, "hip_mm": 400.5, "waist_deg": 456.952, "shoulder_mm": 410.704, "hand_mm": 803.905}, "chain_foot_carrier_note": "★ 「脚」段的载体与 E02/E03 不同（**载体不适用，不是放宽容差**）：E02 用「迈步时踝的世界行程」、E03 用「锁踝下腿的伸缩」；本支两者都有 ——地面段踝被钉死（漂移 ≤ 0.5 mm），空中段踝**真的走了 549.4 mm**。判据用「髋↔踝距离的全程行程 = 232.2 mm」（腿从深蹲压缩到蹬直再压缩）＋ 踝的世界行程，两条都真算。", "chain_present_ok": true, "leg_reach_ratio_max": 0.99034, "leg_reach_at": [24, "R"], "leg_reach_ok": true, "arm_reach_ratio_max": 0.95389, "arm_reach_at": [6, "L"], "arm_reach_ok": true, "clip_max_mm": 42.0, "clip_at": [87, ["upperarm.L", 7]], "no_face_clip_ok": false, "spawn_pierce_scope": ["(0, TOTAL) 内全部帧", "排除接缝帧 [0, 120]"], "spawn_pierce_nothumb_worst": 188, "spawn_pierce_nothumb_worst_at": [93, "R"], "spawn_pierce_nothumb_deepest_mm": -46.14, "spawn_pierce_nothumb_deepest_at": [93, "R"], "spawn_pierce_all_worst": 188, "spawn_pierce_thumb_worst": 71, "spawn_station_nothumb_count": 3, "spawn_station_pierce": {"L": {"inside": 0, "inside_nothumb": 0, "thumb": 0, "n": 666, "deepest_mm": 1.04, "deepest_nothumb_mm": 29.3}, "R": {"inside": 74, "inside_nothumb": 3, "thumb": 71, "n": 666, "deepest_mm": -33.96, "deepest_nothumb_mm": -4.05}}, "spawn_pierce_detail": {"0": {"L": {"inside": 0, "inside_nothumb": 0, "thumb": 0, "n": 666, "deepest_mm": 1.04, "deepest_nothumb_mm": 29.3}, "R": {"inside": 74, "inside_nothumb": 3, "thumb": 71, "n": 666, "deepest_mm": -33.96, "deepest_nothumb_mm": -4.05}}, "3": {"L": {"inside": 0, "inside_nothumb": 0, "thumb": 0, "n": 666, "deepest_mm": 177.58, "deepest_nothumb_mm": 177.58}, "R": {"inside": 0, "inside_nothumb": 0, "thumb": 0, "n": 666, "deepest_mm": 146.73, "deepest_nothumb_mm": 146.73}}, "6": {"L": {"inside": 0, "inside_nothumb": 0, "thumb": 0, "n": 666, "deepest_mm": 150.14, "deepest_nothumb_mm": 150.14}, "R": {"inside": 0, "inside_nothumb": 0, "thumb": 0, "n": 666, "deepest_mm": 157.34, "deepest_nothumb_mm": 157.34}}, "9": {"L": {"inside": 0, "inside_nothumb": 0, "thumb": 0, "n": 666, "deepest_mm": 98.93, "deepest_nothumb_mm": 98.93}, "R": {"inside": 0, "inside_nothumb": 0, "thumb": 0, "n": 666, "deepest_mm": 93.45, "deepest_nothumb_mm": 93.45}}, "12": {"L": {"inside": 0, "inside_nothumb": 0, "thumb": 0, "n": 666, "deepest_mm": 58.82, "deepest_nothumb_mm": 58.82}, "R": {"inside": 0, "inside_nothumb": 0, "thumb": 0, "n": 666, "deepest_mm": 55.54, "deepest_nothumb_mm": 55.54}}, "15": {"L": {"inside": 0, "inside_nothumb": 0, "thumb": 0, "n": 666, "deepest_mm": 69.16, "deepest_nothumb_mm": 69.16}, "R": {"inside": 0, "inside_nothumb": 0, "thumb": 0, "n": 666, "deepest_mm": 65.75, "deepest_nothumb_mm": 65.75}}, "18": {"L": {"inside": 0, "inside_nothumb": 0, "thumb": 0, "n": 666, "deepest_mm": 65.93, "deepest_nothumb_mm": 65.93}, "R": {"inside": 0, "inside_nothumb": 0, "thumb": 0, "n": 666, "deepest_mm": 63.13, "deepest_nothumb_mm": 63.13}}, "21": {"L": {"inside": 0, "inside_nothumb": 0, "thumb": 0, "n": 666, "deepest_mm": 56.65, "deepest_nothumb_mm": 56.65}, "R": {"inside": 0, "inside_nothumb": 0, "thumb": 0, "n": 666, "deepest_mm": 54.22, "deepest_nothumb_mm": 54.22}}, "24": {"L": {"inside": 0, "inside_nothumb": 0, "thumb": 0, "n": 666, "deepest_mm": 49.24, "deepest_nothumb_mm": 49.24}, "R": {"inside": 0, "inside_nothumb": 0, "thumb": 0, "n": 666, "deepest_mm": 48.83, "deepest_nothumb_mm": 48.83}}, "27": {"L": {"inside": 0, "inside_nothumb": 0, "thumb": 0, "n": 666, "deepest_mm": 13.5, "deepest_nothumb_mm": 13.5}, "R": {"inside": 0, "inside_nothumb": 0, "thumb": 0, "n": 666, "deepest_mm": 14.09, "deepest_nothumb_mm": 14.09}}, "30": {"L": {"inside": 0, "inside_nothumb": 0, "thumb": 0, "n": 666, "deepest_mm": 43.21, "deepest_nothumb_mm": 43.21}, "R": {"inside": 0, "inside_nothumb": 0, "thumb": 0, "n": 666, "deepest_mm": 43.47, "deepest_nothumb_mm": 43.47}}, "33": {"L": {"inside": 0, "inside_nothumb": 0, "thumb": 0, "n": 666, "deepest_mm": 99.35, "deepest_nothumb_mm": 99.35}, "R": {"inside": 0, "inside_nothumb": 0, "thumb": 0, "n": 666, "deepest_mm": 99.69, "deepest_nothumb_mm": 99.69}}, "36": {"L": {"inside": 0, "inside_nothumb": 0, "thumb": 0, "n": 666, "deepest_mm": 154.16, "deepest_nothumb_mm": 154.16}, "R": {"inside": 0, "inside_nothumb": 0, "thumb": 0, "n": 666, "deepest_mm": 154.22, "deepest_nothumb_mm": 154.22}}, "39": {"L": {"inside": 0, "inside_nothumb": 0, "thumb": 0, "n": 666, "deepest_mm": 186.16, "deepest_nothumb_mm": 186.16}, "R": {"inside": 0, "inside_nothumb": 0, "thumb": 0, "n": 666, "deepest_mm": 186.16, "deepest_nothumb_mm": 186.16}}, "42": {"L": {"inside": 0, "inside_nothumb": 0, "thumb": 0, "n": 666, "deepest_mm": 197.41, "deepest_nothumb_mm": 197.41}, "R": {"inside": 0, "inside_nothumb": 0, "thumb": 0, "n": 666, "deepest_mm": 198.12, "deepest_nothumb_mm": 198.12}}, "45": {"L": {"inside": 0, "inside_nothumb": 0, "thumb": 0, "n": 666, "deepest_mm": 182.76, "deepest_nothumb_mm": 182.76}, "R": {"inside": 0, "inside_nothumb": 0, "thumb": 0, "n": 666, "deepest_mm": 182.78, "deepest_nothumb_mm": 182.78}}, "48": {"L": {"inside": 0, "inside_nothumb": 0, "thumb": 0, "n": 666, "deepest_mm": 138.6, "deepest_nothumb_mm": 138.6}, "R": {"inside": 0, "inside_nothumb": 0, "thumb": 0, "n": 666, "deepest_mm": 138.49, "deepest_nothumb_mm": 138.49}}, "51": {"L": {"inside": 0, "inside_nothumb": 0, "thumb": 0, "n": 666, "deepest_mm": 70.23, "deepest_nothumb_mm": 70.23}, "R": {"inside": 0, "inside_nothumb": 0, "thumb": 0, "n": 666, "deepest_mm": 70.12, "deepest_nothumb_mm": 70.12}}, "54": {"L": {"inside": 0, "inside_nothumb": 0, "thumb": 0, "n": 666, "deepest_mm": 78.31, "deepest_nothumb_mm": 78.31}, "R": {"inside": 0, "inside_nothumb": 0, "thumb": 0, "n": 666, "deepest_mm": 78.79, "deepest_nothumb_mm": 78.79}}, "57": {"L": {"inside": 0, "inside_nothumb": 0, "thumb": 0, "n": 666, "deepest_mm": 186.7, "deepest_nothumb_mm": 186.7}, "R": {"inside": 0, "inside_nothumb": 0, "thumb": 0, "n": 666, "deepest_mm": 186.57, "deepest_nothumb_mm": 186.57}}, "60": {"L": {"inside": 0, "inside_nothumb": 0, "thumb": 0, "n": 666, "deepest_mm": 194.85, "deepest_nothumb_mm": 194.85}, "R": {"inside": 0, "inside_nothumb": 0, "thumb": 0, "n": 666, "deepest_mm": 192.58, "deepest_nothumb_mm": 192.58}}, "61": {"L": {"inside": 0, "inside_nothumb": 0, "thumb": 0, "n": 666, "deepest_mm": 194.37, "deepest_nothumb_mm": 194.37}, "R": {"inside": 0, "inside_nothumb": 0, "thumb": 0, "n": 666, "deepest_mm": 191.88, "deepest_nothumb_mm": 191.88}}, "62": {"L": {"inside": 0, "inside_nothumb": 0, "thumb": 0, "n": 666, "deepest_mm": 194.37, "deepest_nothumb_mm": 194.37}, "R": {"inside": 0, "inside_nothumb": 0, "thumb": 0, "n": 666, "deepest_mm": 191.88, "deepest_nothumb_mm": 191.88}}, "63": {"L": {"inside": 0, "inside_nothumb": 0, "thumb": 0, "n": 666, "deepest_mm": 172.81, "deepest_nothumb_mm": 172.81}, "R": {"inside": 0, "inside_nothumb": 0, "thumb": 0, "n": 666, "deepest_mm": 173.09, "deepest_nothumb_mm": 173.09}}, "66": {"L": {"inside": 0, "inside_nothumb": 0, "thumb": 0, "n": 666, "deepest_mm": 104.96, "deepest_nothumb_mm": 104.96}, "R": {"inside": 0, "inside_nothumb": 0, "thumb": 0, "n": 666, "deepest_mm": 105.0, "deepest_nothumb_mm": 105.0}}, "69": {"L": {"inside": 0, "inside_nothumb": 0, "thumb": 0, "n": 666, "deepest_mm": 55.44, "deepest_nothumb_mm": 55.44}, "R": {"inside": 0, "inside_nothumb": 0, "thumb": 0, "n": 666, "deepest_mm": 55.51, "deepest_nothumb_mm": 55.51}}, "72": {"L": {"inside": 0, "inside_nothumb": 0, "thumb": 0, "n": 666, "deepest_mm": 21.05, "deepest_nothumb_mm": 21.05}, "R": {"inside": 0, "inside_nothumb": 0, "thumb": 0, "n": 666, "deepest_mm": 20.77, "deepest_nothumb_mm": 20.77}}, "75": {"L": {"inside": 0, "inside_nothumb": 0, "thumb": 0, "n": 666, "deepest_mm": 0.81, "deepest_nothumb_mm": 0.81}, "R": {"inside": 0, "inside_nothumb": 0, "thumb": 0, "n": 666, "deepest_mm": 0.69, "deepest_nothumb_mm": 0.69}}, "78": {"L": {"inside": 3, "inside_nothumb": 3, "thumb": 0, "n": 666, "deepest_mm": -6.01, "deepest_nothumb_mm": -6.01}, "R": {"inside": 3, "inside_nothumb": 3, "thumb": 0, "n": 666, "deepest_mm": -6.06, "deepest_nothumb_mm": -6.06}}, "81": {"L": {"inside": 5, "inside_nothumb": 5, "thumb": 0, "n": 666, "deepest_mm": -8.43, "deepest_nothumb_mm": -8.43}, "R": {"inside": 6, "inside_nothumb": 6, "thumb": 0, "n": 666, "deepest_mm": -8.72, "deepest_nothumb_mm": -8.72}}, "84": {"L": {"inside": 10, "inside_nothumb": 10, "thumb": 0, "n": 666, "deepest_mm": -15.04, "deepest_nothumb_mm": -15.04}, "R": {"inside": 11, "inside_nothumb": 11, "thumb": 0, "n": 666, "deepest_mm": -15.94, "deepest_nothumb_mm": -15.94}}, "87": {"L": {"inside": 38, "inside_nothumb": 38, "thumb": 0, "n": 666, "deepest_mm": -23.69, "deepest_nothumb_mm": -23.69}, "R": {"inside": 49, "inside_nothumb": 49, "thumb": 0, "n": 666, "deepest_mm": -25.24, "deepest_nothumb_mm": -25.24}}, "90": {"L": {"inside": 98, "inside_nothumb": 98, "thumb": 0, "n": 666, "deepest_mm": -34.27, "deepest_nothumb_mm": -34.27}, "R": {"inside": 149, "inside_nothumb": 149, "thumb": 0, "n": 666, "deepest_mm": -38.79, "deepest_nothumb_mm": -38.79}}, "93": {"L": {"inside": 85, "inside_nothumb": 85, "thumb": 0, "n": 666, "deepest_mm": -38.09, "deepest_nothumb_mm": -38.09}, "R": {"inside": 188, "inside_nothumb": 188, "thumb": 0, "n": 666, "deepest_mm": -46.14, "deepest_nothumb_mm": -46.14}}, "96": {"L": {"inside": 0, "inside_nothumb": 0, "thumb": 0, "n": 666, "deepest_mm": 165.56, "deepest_nothumb_mm": 165.56}, "R": {"inside": 0, "inside_nothumb": 0, "thumb": 0, "n": 666, "deepest_mm": 150.65, "deepest_nothumb_mm": 150.65}}, "99": {"L": {"inside": 0, "inside_nothumb": 0, "thumb": 0, "n": 666, "deepest_mm": 270.96, "deepest_nothumb_mm": 270.96}, "R": {"inside": 0, "inside_nothumb": 0, "thumb": 0, "n": 666, "deepest_mm": 280.36, "deepest_nothumb_mm": 280.36}}, "102": {"L": {"inside": 0, "inside_nothumb": 0, "thumb": 0, "n": 666, "deepest_mm": 121.67, "deepest_nothumb_mm": 133.36}, "R": {"inside": 0, "inside_nothumb": 0, "thumb": 0, "n": 666, "deepest_mm": 131.64, "deepest_nothumb_mm": 131.64}}, "105": {"L": {"inside": 0, "inside_nothumb": 0, "thumb": 0, "n": 666, "deepest_mm": 9.08, "deepest_nothumb_mm": 35.71}, "R": {"inside": 59, "inside_nothumb": 0, "thumb": 59, "n": 666, "deepest_mm": -21.26, "deepest_nothumb_mm": 5.57}}, "108": {"L": {"inside": 0, "inside_nothumb": 0, "thumb": 0, "n": 666, "deepest_mm": 0.79, "deepest_nothumb_mm": 29.5}, "R": {"inside": 74, "inside_nothumb": 3, "thumb": 71, "n": 666, "deepest_mm": -34.25, "deepest_nothumb_mm": -3.88}}, "111": {"L": {"inside": 0, "inside_nothumb": 0, "thumb": 0, "n": 666, "deepest_mm": 0.86, "deepest_nothumb_mm": 29.42}, "R": {"inside": 74, "inside_nothumb": 3, "thumb": 71, "n": 666, "deepest_mm": -34.13, "deepest_nothumb_mm": -3.95}}, "114": {"L": {"inside": 0, "inside_nothumb": 0, "thumb": 0, "n": 666, "deepest_mm": 0.91, "deepest_nothumb_mm": 29.36}, "R": {"inside": 74, "inside_nothumb": 3, "thumb": 71, "n": 666, "deepest_mm": -34.04, "deepest_nothumb_mm": -4.0}}, "117": {"L": {"inside": 0, "inside_nothumb": 0, "thumb": 0, "n": 666, "deepest_mm": 1.01, "deepest_nothumb_mm": 29.32}, "R": {"inside": 74, "inside_nothumb": 3, "thumb": 71, "n": 666, "deepest_mm": -33.98, "deepest_nothumb_mm": -4.04}}, "120": {"L": {"inside": 0, "inside_nothumb": 0, "thumb": 0, "n": 666, "deepest_mm": 1.04, "deepest_nothumb_mm": 29.3}, "R": {"inside": 74, "inside_nothumb": 3, "thumb": 71, "n": 666, "deepest_mm": -33.96, "deepest_nothumb_mm": -4.05}}}, "spawn_hand_no_pierce_ok": false, "spawn_hand_no_pierce_note": "★ **本支是「腾空摆臂」，拳全程离躯干很远** —— 但「手贴身体」这类约束**必须有一条会失败的断言盯着**（本项目铁律：没有判据盯着的约束等于不存在）。口径照 E03 v011 的**差分**形式（**改的是基准，不是阈值**）：实测本支段非拇指「真在体内」顶点数 **188**（@ (93, 'R')）、非拇指最深带符号距离 **-46.14 mm**（@ (93, 'R')，下限 −10 mm）；站架基线同一读数 **3** 个（`Idle_01@0` 的预存缺陷：R 手 4 个 `Hand_Palm_R` 腕侧掌肉 / 最深 −4.50 mm＋ R 拇指 95 个 / −34.19 mm，本支 f=0 / f=120 必须逐位等于它 ⟹ 口径只能是差分）。★ 全手（含拇指）读数照样登记：体内最多 **188** 个（其中拇指 **71**）。", "spawn_matrix_step_deg_max": 173.762, "spawn_matrix_step_at": [98, "thumb_01.L"], "spawn_matrix_step_ok": false, "spawn_euler_step_deg_max": 153.865, "spawn_euler_step_at": [100, "hand.L"], "spawn_matrix_step_note": "★★ **矩阵口径**的逐帧最大真实旋转步 **173.762° @ (98, 'thumb_01.L')**（阈值 ≤ 25.0°）；euler 口径 **153.865° @ (100, 'hand.L')**。两者**必须一致地小** —— 差得远就说明欧拉表示在跳（C14 / D01 / E03 的万向节锁坑），而不是动作在跳。★ 本支先做 `compat_euler`（min-max 瓶颈 DP）再断言，「我把 no_teleport 修绿了」才不是一句话。★ 风险 3（§1）：起跳 / 落地是加速度最大的两处，本条是它唯一的守卫。", "spawn_x_hint_margin": 0.308, "spawn_x_hint_margin_min": 0.55, "spawn_x_hint_margin_ok": false, "spawn_x_hint_margin_note": "★ `orient_hand` 的滚转基准（恒定世界 ±X 投影到 ⊥骨轴平面）实测最小余量 **0.3080**（阈值 ≥ 0.55）。E03 v009 的实测教训：基准若落在骨轴方向上，投影退化为 0 ⟹ 滚转由浮点噪声决定 ⟹ **真实旋转 83.86°/帧**（不是表示问题，是真翻）。本支 `y_dir`（前臂方向）全程扫过 YZ 平面，只有带 X 分量的基准安全。", "phase_markers": {"START": 0, "CROUCH": 16, "TAKEOFF": 24, "APEX": 42, "TOUCH": 56, "LAND": 60, "HOLD_END": 62, "SETTLE": 78, "END": 120}, "phase_markers_measured": {"takeoff": 25, "land": 56, "apex": 42}, "spawn_sole_trace_mm": {"0": -0.96, "1": -1.13, "2": -1.26, "3": -1.35, "4": -1.43, "5": -1.49, "6": -1.54, "7": -1.57, "8": -1.6, "9": -1.63, "10": -1.64, "11": -1.66, "12": -1.67, "13": -1.68, "14": -1.68, "15": -1.68, "16": -1.69, "17": -1.68, "18": -1.66, "19": -1.62, "20": -1.56, "21": -1.45, "22": -1.26, "23": -0.94, "24": -0.16, "25": 58.72, "26": 114.4, "27": 166.77, "28": 215.8, "29": 261.46, "30": 303.76, "31": 342.68, "32": 378.23, "33": 410.39, "34": 439.17, "35": 464.57, "36": 486.59, "37": 505.21, "38": 520.46, "39": 532.31, "40": 540.78, "41": 545.86, "42": 547.55, "43": 544.75, "44": 536.35, "45": 522.35, "46": 502.74, "47": 477.54, "48": 446.73, "49": 410.32, "50": 368.32, "51": 320.72, "52": 267.53, "53": 208.74, "54": 144.37, "55": 74.41, "56": -1.13, "57": -1.54, "58": -1.72, "59": -1.8, "60": -1.82, "61": -1.82, "62": -1.82, "63": -1.79, "64": -1.77, "65": -1.74, "66": -1.7, "67": -1.67, "68": -1.63, "69": -1.59, "70": -1.56, "71": -1.53, "72": -1.49, "73": -1.47, "74": -1.44, "75": -1.42, "76": -1.41, "77": -1.4, "78": -1.4, "79": -1.4, "80": -1.4, "81": -1.39, "82": -1.39, "83": -1.39, "84": -1.38, "85": -1.38, "86": -1.37, "87": -1.36, "88": -1.35, "89": -1.35, "90": -1.34, "91": -1.33, "92": -1.32, "93": -1.3, "94": -1.29, "95": -1.28, "96": -1.27, "97": -1.25, "98": -1.24, "99": -1.22, "100": -1.21, "101": -1.19, "102": -1.18, "103": -1.16, "104": -1.14, "105": -1.13, "106": -1.11, "107": -1.1, "108": -1.08, "109": -1.06, "110": -1.05, "111": -1.03, "112": -1.02, "113": -1.01, "114": -1.0, "115": -0.99, "116": -0.98, "117": -0.97, "118": -0.97, "119": -0.96, "120": -0.96}, "end_matches_start_elem_max": 2.086162567138672e-07, "end_matches_start_elem_at": ["hand.L", 0, 0], "end_matches_start_ok": true, "loop_angle_deg": 360.0, "loop_move_mm": 0.0, "seam_in_pos_max_mm": 8.7e-05, "seam_in_dir_max_deg": 0.026453, "seam_in_at": "toe.R", "seam_in_ok": true, "seam_in_src": "Idle_01@0", "meta": {"anim_id": "Spawn", "loop": false, "category": "状态与流程", "note": "入场：站架 → 沉髋蓄力 → 蹬地起跳（腾空 400 mm）→ 落地冲击（下沉 175 mm、定格 3 帧）→ 起身回战斗架势；★ 分段脚锁：地面段锁踝、空中段随根抬起", "frames": [0, 120], "root_motion_m": [0.0, 0.0], "root_motion_z_m": [0.4, 0.0], "hitstop_frames": 3, "hitstop_windows": [[60, 62]], "antic_frame": 16, "hit_frame": 60, "hit_frames": [60], "cancel_frame": 78, "hit_point_m": null, "seam": "Idle_01@0", "seam_ends": {"start": "Idle_01@0", "end": "Idle_01@0"}, "frame_bound_note": "★ 120 帧 = 2.0 s，**等于** E01 登记的 120 帧 / 2.0 s 上界 ⟹ 沿用合规（显式声明，不是悄悄超）", "view_note": "★ 本支取景**自立**（A12 `Launch_Hit` 的教训：高跳会被标准视图切掉头脚）：纵向覆盖 −0.30~2.70 m（中心 z=1.20、正交高 3.00 m），侧视判下沉/腾空、正面判双脚对称", "phased_foot_lock": {"ground": "[START..TAKEOFF] ∪ [TOUCH..END]", "airborne": "(TAKEOFF..TOUCH) — 停用地面判据，改判 sole_min_z > 阈值", "reason": "根位移与脚锁互斥（§1 风险 1）"}, "fps": 60}, "failed": ["no_face_clip_ok", "spawn_hand_no_pierce_ok", "spawn_impact_hitstop_ok", "spawn_matrix_step_ok", "spawn_x_hint_margin_ok"], "non_ok_bools": ["loop_seamless", "no_face_clip_ok", "no_teleport", "spawn_hand_no_pierce_ok", "spawn_impact_hitstop_ok", "spawn_matrix_step_ok", "spawn_x_hint_margin_ok"]}
E04_DONE failed=['no_face_clip_ok', 'spawn_hand_no_pierce_ok', 'spawn_impact_hitstop_ok', 'spawn_matrix_step_ok', 'spawn_x_hint_margin_ok'] non_ok=['loop_seamless', 'no_face_clip_ok', 'no_teleport', 'spawn_hand_no_pierce_ok', 'spawn_impact_hitstop_ok', 'spawn_matrix_step_ok', 'spawn_x_hint_margin_ok']
Blender 4.5.0 (hash 8cb6b388974a built 2025-07-15 01:36:24)
Read blend: "I:\工作项目\BIGMANFIGHT\角色资产\美术资产\bigman_v001\bigman_anim_v001.blend"

Blender quit
Error: Not freed memory blocks: 1, total unfreed memory 0.000008 MB
