f= 32  step=  0.000 @None          tgtL=(  406.5    66.1  1192.2) tgtR.x= -406.5
        sh=[-25.97, 0.0, 10.47]
        up=[-23.05, 16.72, 71.56]  fo=[21.23, 28.99, -108.12]
        hd=[6.87, 2.26, -18.15]  ch=[3.99, 0.0, 0.0]
f= 33  step=  2.968 @hand.L        tgtL=(  401.7    72.8  1186.8) tgtR.x= -401.7
        sh=[-26.74, 0.0, 10.87]
        up=[-21.97, 16.32, 72.9]  fo=[19.1, 26.67, -109.27]
        hd=[6.3, 2.1, -18.33]  ch=[4.0, 0.0, 0.0]
f= 34  step=  1.053 @hand.L        tgtL=(  400.0    75.0  1185.0) tgtR.x= -400.0
        sh=[-27.0, 0.0, 11.0]
        up=[-21.57, 16.15, 73.36]  fo=[18.34, 25.81, -109.67]
        hd=[6.09, 2.03, -18.39]  ch=[4.0, 0.0, 0.0]
f= 35  step=  1.913 @hand.L        tgtL=(  402.5    71.2  1183.0) tgtR.x= -402.5
        sh=[-26.89, 0.0, 10.81]
        up=[-20.91, 15.63, 73.29]  fo=[16.69, 23.96, -110.71]
        hd=[5.63, 1.9, -18.55]  ch=[4.01, 0.0, 0.0]
f= 36  step=  5.411 @hand.L        tgtL=(  409.8    59.4  1176.9) tgtR.x= -409.8
        sh=[-26.56, 0.0, 10.22]
        up=[-19.25, 14.24, 72.77]  fo=[12.44, 18.72, -113.03]
        hd=[4.37, 1.5, -18.93]  ch=[4.06, 0.0, 0.0]
f= 37  step=  8.019 @hand.L        tgtL=(  420.7    38.7  1166.4) tgtR.x= -420.7
        sh=[-26.0, 0.0, 9.25]
        up=[-17.31, 12.42, 71.11]  fo=[7.08, 11.11, -115.12]
        hd=[2.58, 0.9, -19.28]  ch=[4.13, 0.0, 0.0]
f= 38  step=  9.473 @hand.L        tgtL=(  433.2     7.3  1151.2) tgtR.x= -433.2
        sh=[-25.22, 0.0, 7.89]
        up=[-16.04, 10.8, 67.69]  fo=[1.75, 2.81, -116.01]
        hd=[0.65, 0.23, -19.45]  ch=[4.22, 0.0, 0.0]
f= 39  step=  9.951 @hand.L        tgtL=(  444.1   -36.6  1131.5) tgtR.x= -444.1
        sh=[-24.22, 0.0, 6.14]
        up=[-16.25, 9.86, 62.29]  fo=[-2.88, -4.59, -115.74]
        hd=[-1.06, -0.37, -19.41]  ch=[4.35, 0.0, 0.0]
f= 40  step= 10.473 @forearm.L     tgtL=(  448.2   -94.6  1107.9) tgtR.x= -448.2
        sh=[-23.0, 0.0, 4.0]
        up=[-18.52, 9.69, 54.92]  fo=[-6.41, -10.05, -115.0]
        hd=[-2.33, -0.82, -19.28]  ch=[4.5, 0.0, 0.0]
f= 41  step= 12.029 @forearm.L     tgtL=(  438.4  -166.6  1082.8) tgtR.x= -438.4
        sh=[-21.56, 0.0, 1.47]
        up=[-23.14, 9.84, 45.61]  fo=[-8.45, -13.14, -114.63]
        hd=[-3.05, -1.06, -19.2]  ch=[4.68, 0.0, 0.0]
f= 42  step= 13.786 @forearm.L     tgtL=(  406.7  -249.5  1060.8) tgtR.x= -406.7
        sh=[-19.89, 0.0, -1.44]
        up=[-30.03, 9.48, 34.37]  fo=[-8.72, -13.72, -115.28]
        hd=[-3.18, -1.11, -19.29]  ch=[4.89, 0.0, 0.0]
f= 43  step= 15.763 @forearm.L     tgtL=(  345.8  -334.8  1049.5) tgtR.x= -345.8
        sh=[-18.0, 0.0, -4.75]
        up=[-38.62, 7.52, 21.26]  fo=[-7.1, -11.63, -117.29]
        hd=[-2.68, -0.95, -19.58]  ch=[5.13, 0.0, 0.0]
f= 44  step= 17.993 @upperarm.L    tgtL=(  254.3  -407.0  1058.6) tgtR.x= -254.3
        sh=[-15.89, 0.0, -8.44]
        up=[-47.81, 2.87, 6.48]  fo=[-3.68, -6.45, -120.54]
        hd=[-1.47, -0.54, -20.06]  ch=[5.39, 0.0, 0.0]
f= 45  step= 21.060 @hand.L        tgtL=(  142.1  -445.2  1096.0) tgtR.x= -142.1
        sh=[-13.56, 0.0, -12.53]
        up=[-56.31, -5.26, -9.81]  fo=[1.25, 2.38, -124.46]
        hd=[0.53, 0.2, -20.62]  ch=[5.68, 0.0, 0.0]
f= 46  step= 24.672 @hand.L        tgtL=(   36.0  -430.0  1160.0) tgtR.x=  -36.0
        sh=[-11.0, 0.0, -17.0]
        up=[-65.04, -17.84, -27.66]  fo=[6.98, 14.35, -128.27]
        hd=[3.19, 1.23, -21.03]  ch=[6.0, 0.0, 0.0]
f= 47  step=  0.029 @forearm.L     tgtL=(   36.0  -430.0  1160.0) tgtR.x=  -36.0
        sh=[-11.0, 0.0, -17.0]
        up=[-65.04, -17.84, -27.66]  fo=[6.98, 14.35, -128.27]
        hd=[3.19, 1.23, -21.03]  ch=[6.0, 0.0, 0.0]
f= 48  step=  0.029 @forearm.L     tgtL=(   36.0  -430.0  1160.0) tgtR.x=  -36.0
        sh=[-11.0, 0.0, -17.0]
        up=[-65.04, -17.84, -27.66]  fo=[6.98, 14.35, -128.27]
        hd=[3.19, 1.23, -21.03]  ch=[6.0, 0.0, 0.0]
f= 49  step= 30.594 @forearm.L     tgtL=(   73.5  -437.0  1198.1) tgtR.x=  -73.5
        sh=[-11.64, 0.0, -14.76]
        up=[-44.31, -13.62, -32.69]  fo=[16.56, 30.0, -122.99]
        hd=[6.73, 2.47, -20.02]  ch=[5.44, 0.0, 0.0]
f= 50  step= 25.429 @forearm.L     tgtL=(  109.2  -433.0  1229.8) tgtR.x= -109.2
        sh=[-12.22, 0.0, -12.72]
        up=[-26.99, -7.03, -28.73]  fo=[22.78, 37.48, -118.6]
        hd=[8.49, 2.99, -19.3]  ch=[4.93, 0.0, 0.0]
f= 51  step= 18.835 @forearm.L     tgtL=(  140.1  -422.0  1255.5) tgtR.x= -140.1
        sh=[-12.75, 0.0, -10.87]
        up=[-14.78, -2.83, -21.53]  fo=[26.22, 41.04, -116.21]
        hd=[9.34, 3.23, -18.94]  ch=[4.47, 0.0, 0.0]
f= 52  step= 13.099 @forearm.L     tgtL=(  165.3  -407.5  1276.0) tgtR.x= -165.3
        sh=[-13.22, 0.0, -9.22]
        up=[-6.9, -0.9, -14.79]  fo=[28.1, 42.97, -115.11]
        hd=[9.8, 3.36, -18.77]  ch=[4.06, 0.0, 0.0]
f= 53  step=  9.100 @forearm.L     tgtL=(  185.4  -391.9  1292.3) tgtR.x= -185.4
        sh=[-13.64, 0.0, -7.76]
        up=[-1.9, -0.16, -9.41]  fo=[29.14, 44.16, -114.69]
        hd=[10.07, 3.45, -18.7]  ch=[3.69, 0.0, 0.0]
f= 54  step=  6.447 @forearm.L     tgtL=(  200.9  -376.8  1305.1) tgtR.x= -200.9
        sh=[-14.0, 0.0, -6.5]
        up=[1.33, 0.06, -5.31]  fo=[29.73, 44.94, -114.62]
        hd=[10.24, 3.5, -18.67]  ch=[3.38, 0.0, 0.0]
f= 55  step=  4.683 @hand.L        tgtL=(  212.6  -363.1  1315.0) tgtR.x= -212.6
        sh=[-14.31, 0.0, -5.43]
        up=[3.49, 0.07, -2.23]  fo=[30.06, 45.48, -114.71]
        hd=[10.36, 3.54, -18.67]  ch=[3.11, 0.0, 0.0]
f= 56  step=  3.415 @hand.L        tgtL=(  221.4  -351.4  1322.6) tgtR.x= -221.4
        sh=[-14.56, 0.0, -4.56]
        up=[4.96, -0.0, 0.05]  fo=[30.23, 45.85, -114.87]
        hd=[10.43, 3.57, -18.68]  ch=[2.89, 0.0, 0.0]
f= 57  step=  2.437 @hand.L        tgtL=(  227.6  -342.2  1328.2) tgtR.x= -227.6
        sh=[-14.75, 0.0, -3.87]
        up=[5.96, -0.09, 1.69]  fo=[30.32, 46.1, -115.03]
        hd=[10.48, 3.59, -18.7]  ch=[2.72, 0.0, 0.0]
f= 58  step=  1.637 @hand.L        tgtL=(  231.8  -335.4  1332.0) tgtR.x= -231.8
        sh=[-14.89, 0.0, -3.39]
        up=[6.61, -0.16, 2.8]  fo=[30.35, 46.26, -115.17]
        hd=[10.52, 3.6, -18.71]  ch=[2.6, 0.0, 0.0]
f= 59  step=  0.952 @upperarm.L    tgtL=(  234.2  -331.4  1334.3) tgtR.x= -234.2
        sh=[-14.97, 0.0, -3.1]
        up=[6.97, -0.21, 3.43]  fo=[30.36, 46.35, -115.26]
        hd=[10.53, 3.61, -18.72]  ch=[2.52, 0.0, 0.0]
f= 60  step=  0.313 @upperarm.L    tgtL=(  235.0  -330.0  1335.0) tgtR.x= -235.0
        sh=[-15.0, 0.0, -3.0]
        up=[7.09, -0.23, 3.64]  fo=[30.37, 46.38, -115.29]
        hd=[10.54, 3.61, -18.72]  ch=[2.5, 0.0, 0.0]
f= 61  step=  0.449 @forearm.L     tgtL=(  234.4  -330.0  1334.5) tgtR.x= -234.4
        sh=[-15.02, 0.0, -2.98]
        up=[7.0, -0.21, 3.4]  fo=[30.01, 46.12, -115.61]
        hd=[10.47, 3.6, -18.76]  ch=[2.49, 0.0, 0.0]
f= 62  step=  1.277 @forearm.L     tgtL=(  232.8  -329.9  1333.2) tgtR.x= -232.8
        sh=[-15.07, 0.0, -2.93]
        up=[6.73, -0.16, 2.7]  fo=[29.02, 45.36, -116.47]
        hd=[10.28, 3.55, -18.87]  ch=[2.46, 0.0, 0.0]
Blender 4.5.0 (hash 8cb6b388974a built 2025-07-15 01:36:24)
Read blend: "I:\工作项目\BIGMANFIGHT\角色资产\美术资产\bigman_v001\bigman_anim_v001.blend"

Blender quit
Error: Not freed memory blocks: 1, total unfreed memory 0.000008 MB
