E05_SCAN {"twist": false, "rows": [{"x": 34, "y": -0.36, "z": 1.16, "gap": -14.73, "mind": 1.86, "sym_x": 0.0, "sym_y": 0.0, "sym_z": 0.0, "perp": 0.0, "torso_deep": -35.99, "torso_n": 233, "clip": 0.0, "clip_at": null}, {"x": 34, "y": -0.36, "z": 1.22, "gap": -46.37, "mind": 0.89, "sym_x": 0.13, "sym_y": 0.08, "sym_z": 0.04, "perp": 0.16, "torso_deep": -52.37, "torso_n": 428, "clip": 0.0, "clip_at": null}, {"x": 34, "y": -0.4, "z": 1.16, "gap": -7.39, "mind": 0.14, "sym_x": 0.0, "sym_y": 0.0, "sym_z": 0.0, "perp": 0.0, "torso_deep": 0.73, "torso_n": 0, "clip": 0.0, "clip_at": null}, {"x": 34, "y": -0.4, "z": 1.22, "gap": -22.93, "mind": 0.11, "sym_x": 0.0, "sym_y": 0.0, "sym_z": 0.0, "perp": 0.0, "torso_deep": -15.35, "torso_n": 65, "clip": 0.0, "clip_at": null}, {"x": 34, "y": -0.44, "z": 1.16, "gap": -0.18, "mind": 5.74, "sym_x": 0.0, "sym_y": 0.0, "sym_z": 0.0, "perp": 0.0, "torso_deep": 37.76, "torso_n": 0, "clip": 0.0, "clip_at": null}, {"x": 34, "y": -0.44, "z": 1.22, "gap": -12.18, "mind": 0.36, "sym_x": 0.0, "sym_y": 0.0, "sym_z": 0.0, "perp": 0.0, "torso_deep": 28.73, "torso_n": 0, "clip": 0.0, "clip_at": null}, {"x": 38, "y": -0.36, "z": 1.16, "gap": -6.59, "mind": 0.5, "sym_x": 0.0, "sym_y": 0.0, "sym_z": 0.0, "perp": 0.0, "torso_deep": -35.58, "torso_n": 228, "clip": 0.0, "clip_at": null}, {"x": 38, "y": -0.36, "z": 1.22, "gap": -33.99, "mind": 0.29, "sym_x": 0.11, "sym_y": 0.19, "sym_z": 0.08, "perp": 0.05, "torso_deep": -51.53, "torso_n": 401, "clip": 0.0, "clip_at": null}, {"x": 38, "y": -0.4, "z": 1.16, "gap": 1.86, "mind": 4.0, "sym_x": 0.0, "sym_y": 0.0, "sym_z": 0.0, "perp": 0.0, "torso_deep": 1.26, "torso_n": 0, "clip": 0.0, "clip_at": null}, {"x": 38, "y": -0.4, "z": 1.22, "gap": -12.47, "mind": 1.0, "sym_x": 0.0, "sym_y": 0.0, "sym_z": 0.0, "perp": 0.0, "torso_deep": -13.92, "torso_n": 56, "clip": 0.0, "clip_at": null}, {"x": 38, "y": -0.44, "z": 1.16, "gap": 8.75, "mind": 14.96, "sym_x": 0.0, "sym_y": 0.0, "sym_z": 0.0, "perp": 0.0, "torso_deep": 37.97, "torso_n": 0, "clip": 0.0, "clip_at": null}, {"x": 38, "y": -0.44, "z": 1.22, "gap": -3.76, "mind": 0.4, "sym_x": 0.0, "sym_y": 0.0, "sym_z": 0.0, "perp": 0.0, "torso_deep": 29.73, "torso_n": 0, "clip": 0.0, "clip_at": null}, {"x": 42, "y": -0.36, "z": 1.16, "gap": 1.7, "mind": 3.33, "sym_x": 0.0, "sym_y": 0.0, "sym_z": 0.0, "perp": 0.0, "torso_deep": -35.1, "torso_n": 228, "clip": 0.0, "clip_at": null}, {"x": 42, "y": -0.36, "z": 1.22, "gap": -21.22, "mind": 0.45, "sym_x": 0.05, "sym_y": 0.16, "sym_z": 0.26, "perp": 0.21, "torso_deep": -50.47, "torso_n": 393, "clip": 0.0, "clip_at": null}, {"x": 42, "y": -0.4, "z": 1.16, "gap": 11.24, "mind": 13.62, "sym_x": 0.0, "sym_y": 0.0, "sym_z": 0.0, "perp": 0.0, "torso_deep": 1.85, "torso_n": 0, "clip": 0.0, "clip_at": null}, {"x": 42, "y": -0.4, "z": 1.22, "gap": -2.19, "mind": 0.72, "sym_x": 0.0, "sym_y": 0.0, "sym_z": 0.0, "perp": 0.0, "torso_deep": -12.41, "torso_n": 51, "clip": 0.0, "clip_at": null}, {"x": 42, "y": -0.44, "z": 1.16, "gap": 17.78, "mind": 24.29, "sym_x": 0.0, "sym_y": 0.0, "sym_z": 0.0, "perp": 0.0, "torso_deep": 39.01, "torso_n": 0, "clip": 0.0, "clip_at": null}, {"x": 42, "y": -0.44, "z": 1.22, "gap": 4.95, "mind": 8.9, "sym_x": 0.0, "sym_y": 0.0, "sym_z": 0.0, "perp": 0.0, "torso_deep": 30.7, "torso_n": 0, "clip": 0.0, "clip_at": null}, {"x": 46, "y": -0.36, "z": 1.16, "gap": 10.15, "mind": 11.98, "sym_x": 0.0, "sym_y": 0.0, "sym_z": 0.0, "perp": 0.0, "torso_deep": -34.56, "torso_n": 220, "clip": 0.0, "clip_at": null}, {"x": 46, "y": -0.36, "z": 1.22, "gap": -7.44, "mind": 2.41, "sym_x": 0.05, "sym_y": 0.16, "sym_z": 0.25, "perp": 0.17, "torso_deep": -49.27, "torso_n": 383, "clip": 0.0, "clip_at": null}, {"x": 46, "y": -0.4, "z": 1.16, "gap": 19.71, "mind": 23.37, "sym_x": 0.0, "sym_y": 0.0, "sym_z": 0.0, "perp": 0.0, "torso_deep": 2.49, "torso_n": 0, "clip": 0.0, "clip_at": null}, {"x": 46, "y": -0.4, "z": 1.22, "gap": 6.48, "mind": 7.42, "sym_x": 0.0, "sym_y": 0.0, "sym_z": 0.0, "perp": 0.0, "torso_deep": -10.71, "torso_n": 47, "clip": 0.0, "clip_at": null}, {"x": 46, "y": -0.44, "z": 1.16, "gap": 26.72, "mind": 32.5, "sym_x": 0.0, "sym_y": 0.0, "sym_z": 0.0, "perp": 0.0, "torso_deep": 39.83, "torso_n": 0, "clip": 0.0, "clip_at": null}, {"x": 46, "y": -0.44, "z": 1.22, "gap": 13.95, "mind": 17.54, "sym_x": 0.0, "sym_y": 0.0, "sym_z": 0.0, "perp": 0.0, "torso_deep": 32.03, "torso_n": 0, "clip": 0.0, "clip_at": null}, {"x": 50, "y": -0.36, "z": 1.16, "gap": 18.76, "mind": 20.8, "sym_x": 0.0, "sym_y": 0.0, "sym_z": 0.0, "perp": 0.0, "torso_deep": -33.91, "torso_n": 210, "clip": 0.0, "clip_at": null}, {"x": 50, "y": -0.36, "z": 1.22, "gap": 5.04, "mind": 6.71, "sym_x": 0.21, "sym_y": 0.23, "sym_z": 0.01, "perp": 0.56, "torso_deep": -47.98, "torso_n": 375, "clip": 0.0, "clip_at": null}, {"x": 50, "y": -0.4, "z": 1.16, "gap": 28.13, "mind": 33.25, "sym_x": 0.0, "sym_y": 0.0, "sym_z": 0.0, "perp": 0.0, "torso_deep": 3.15, "torso_n": 0, "clip": 0.0, "clip_at": null}, {"x": 50, "y": -0.4, "z": 1.22, "gap": 15.48, "mind": 17.01, "sym_x": 0.0, "sym_y": 0.0, "sym_z": 0.0, "perp": 0.0, "torso_deep": -8.97, "torso_n": 41, "clip": 0.0, "clip_at": null}, {"x": 50, "y": -0.44, "z": 1.16, "gap": 34.93, "mind": 39.97, "sym_x": 0.0, "sym_y": 0.0, "sym_z": 0.0, "perp": 0.0, "torso_deep": 39.97, "torso_n": 0, "clip": 0.0, "clip_at": null}, {"x": 50, "y": -0.44, "z": 1.22, "gap": 23.22, "mind": 25.86, "sym_x": 0.0, "sym_y": 0.0, "sym_z": 0.0, "perp": 0.0, "torso_deep": 30.18, "torso_n": 0, "clip": 0.0, "clip_at": null}]}

  x    y      z    | gap    mind  | symx symy symz  perp | torD  torN | clip  clip_at
  34  -0.36  1.16  |  -14.7    1.9 |  0.0  0.0  0.0   0.0 |  -36.0  233 |   0.0 None
  34  -0.36  1.22  |  -46.4    0.9 |  0.1  0.1  0.0   0.2 |  -52.4  428 |   0.0 None
  34  -0.40  1.16  |   -7.4    0.1 |  0.0  0.0  0.0   0.0 |    0.7    0 |   0.0 None
  34  -0.40  1.22  |  -22.9    0.1 |  0.0  0.0  0.0   0.0 |  -15.3   65 |   0.0 None
  34  -0.44  1.16  |   -0.2    5.7 |  0.0  0.0  0.0   0.0 |   37.8    0 |   0.0 None
  34  -0.44  1.22  |  -12.2    0.4 |  0.0  0.0  0.0   0.0 |   28.7    0 |   0.0 None
  38  -0.36  1.16  |   -6.6    0.5 |  0.0  0.0  0.0   0.0 |  -35.6  228 |   0.0 None
  38  -0.36  1.22  |  -34.0    0.3 |  0.1  0.2  0.1   0.1 |  -51.5  401 |   0.0 None
  38  -0.40  1.16  |    1.9    4.0 |  0.0  0.0  0.0   0.0 |    1.3    0 |   0.0 None
  38  -0.40  1.22  |  -12.5    1.0 |  0.0  0.0  0.0   0.0 |  -13.9   56 |   0.0 None
  38  -0.44  1.16  |    8.8   15.0 |  0.0  0.0  0.0   0.0 |   38.0    0 |   0.0 None
  38  -0.44  1.22  |   -3.8    0.4 |  0.0  0.0  0.0   0.0 |   29.7    0 |   0.0 None
  42  -0.36  1.16  |    1.7    3.3 |  0.0  0.0  0.0   0.0 |  -35.1  228 |   0.0 None
  42  -0.36  1.22  |  -21.2    0.5 |  0.1  0.2  0.3   0.2 |  -50.5  393 |   0.0 None
  42  -0.40  1.16  |   11.2   13.6 |  0.0  0.0  0.0   0.0 |    1.9    0 |   0.0 None
  42  -0.40  1.22  |   -2.2    0.7 |  0.0  0.0  0.0   0.0 |  -12.4   51 |   0.0 None
  42  -0.44  1.16  |   17.8   24.3 |  0.0  0.0  0.0   0.0 |   39.0    0 |   0.0 None
  42  -0.44  1.22  |    5.0    8.9 |  0.0  0.0  0.0   0.0 |   30.7    0 |   0.0 None
  46  -0.36  1.16  |   10.2   12.0 |  0.0  0.0  0.0   0.0 |  -34.6  220 |   0.0 None
  46  -0.36  1.22  |   -7.4    2.4 |  0.1  0.2  0.2   0.2 |  -49.3  383 |   0.0 None
  46  -0.40  1.16  |   19.7   23.4 |  0.0  0.0  0.0   0.0 |    2.5    0 |   0.0 None
  46  -0.40  1.22  |    6.5    7.4 |  0.0  0.0  0.0   0.0 |  -10.7   47 |   0.0 None
  46  -0.44  1.16  |   26.7   32.5 |  0.0  0.0  0.0   0.0 |   39.8    0 |   0.0 None
  46  -0.44  1.22  |   13.9   17.5 |  0.0  0.0  0.0   0.0 |   32.0    0 |   0.0 None
  50  -0.36  1.16  |   18.8   20.8 |  0.0  0.0  0.0   0.0 |  -33.9  210 |   0.0 None
  50  -0.36  1.22  |    5.0    6.7 |  0.2  0.2  0.0   0.6 |  -48.0  375 |   0.0 None
  50  -0.40  1.16  |   28.1   33.2 |  0.0  0.0  0.0   0.0 |    3.1    0 |   0.0 None
  50  -0.40  1.22  |   15.5   17.0 |  0.0  0.0  0.0   0.0 |   -9.0   41 |   0.0 None
  50  -0.44  1.16  |   34.9   40.0 |  0.0  0.0  0.0   0.0 |   40.0    0 |   0.0 None
  50  -0.44  1.22  |   23.2   25.9 |  0.0  0.0  0.0   0.0 |   30.2    0 |   0.0 None
Blender 4.5.0 (hash 8cb6b388974a built 2025-07-15 01:36:24)
Read blend: "I:\工作项目\BIGMANFIGHT\角色资产\美术资产\bigman_v001\bigman_anim_v001.blend"

Blender quit
Error: Not freed memory blocks: 1, total unfreed memory 0.000008 MB
