=== FACE_IN0=8 DIP=10 ===
E06_STEP f= 14 mat= 15.33 thumb_03.R   eul=  25.83 (14, 'hand.L')
E06_STEP f= 15 mat= 16.40 thumb_01.R   eul=  26.68 (15, 'hand.R')
E06_STEP f= 16 mat= 17.70 ring_03.R    eul=  31.29 (16, 'forearm.L')
E06_STEP f= 17 mat= 19.66 hand.L       eul=  21.43 (17, 'hand.L')
E06_STEP f= 18 mat= 16.94 thumb_02.R   eul=  13.57 (18, 'hand.R')
E06_STEP f= 19 mat= 16.56 pinky_03.L   eul=  11.39 (19, 'hand.L')
E06_STEP f= 20 mat= 14.67 index_03.L   eul=   8.70 (20, 'hand.L')
E06_STEP f= 21 mat= 12.31 pinky_03.R   eul=   6.96 (21, 'hand.R')
E06_STEP f= 22 mat= 11.86 pinky_03.L   eul=   5.56 (22, 'hand.R')
E06_STEP f= 23 mat=  9.49 forearm.L    eul=   5.50 (23, 'forearm.L')
E06_STEP f= 24 mat=  9.30 forearm.R    eul=   5.28 (24, 'forearm.L')
E06_STEP f= 25 mat= 10.19 forearm.L    eul=   5.31 (25, 'upperarm.L')
E06_STEP f= 26 mat=  7.09 forearm.R    eul=  14.73 (26, 'forearm.L')
E06_DONE failed=['victory_chest_puff_ok', 'victory_hand_no_pierce_ok', 'victory_pound_contact_ok', 'victory_pound_site_ok'] non_ok=['no_teleport', 'victory_chest_puff_ok', 'victory_hand_no_pierce_ok', 'victory_pound_contact_ok', 'victory_pound_site_ok']
=== FACE_IN0=4 DIP=10 ===
E06_STEP f= 14 mat= 13.94 ring_02.L    eul=  22.91 (14, 'forearm.R')
E06_STEP f= 15 mat= 13.18 pinky_01.L   eul=  12.76 (15, 'hand.L')
E06_STEP f= 16 mat= 14.09 index_01.R   eul=  11.83 (16, 'hand.R')
E06_STEP f= 17 mat= 15.47 hand.L       eul=  10.52 (17, 'hand.L')
E06_STEP f= 18 mat= 13.11 thumb_02.R   eul=   7.69 (18, 'hand.L')
E06_STEP f= 19 mat= 13.19 pinky_01.L   eul=   7.48 (19, 'hand.L')
E06_STEP f= 20 mat= 10.54 hand.L       eul=   6.57 (20, 'hand.R')
E06_STEP f= 21 mat=  8.65 hand.R       eul=   5.47 (21, 'hand.R')
E06_STEP f= 22 mat=  9.57 forearm.L    eul=   6.35 (22, 'forearm.L')
E06_STEP f= 23 mat=  8.75 forearm.L    eul=   6.81 (23, 'forearm.L')
E06_STEP f= 24 mat=  8.74 forearm.R    eul=   6.24 (24, 'forearm.L')
E06_STEP f= 25 mat=  9.87 forearm.L    eul=   4.99 (25, 'upperarm.L')
E06_STEP f= 26 mat=  6.99 forearm.L    eul=  15.50 (26, 'forearm.L')
E06_DONE failed=['victory_chest_puff_ok', 'victory_hand_no_pierce_ok', 'victory_pound_contact_ok', 'victory_pound_site_ok'] non_ok=['no_teleport', 'victory_chest_puff_ok', 'victory_hand_no_pierce_ok', 'victory_pound_contact_ok', 'victory_pound_site_ok']
=== FACE_IN0=8 DIP=14 ===
E06_STEP f= 14 mat= 15.42 thumb_02.R   eul=  14.74 (14, 'forearm.L')
E06_STEP f= 15 mat= 16.14 thumb_01.L   eul=  39.42 (15, 'forearm.L')
E06_STEP f= 16 mat= 16.94 ring_03.R    eul=  31.98 (16, 'forearm.L')
E06_STEP f= 17 mat= 16.94 middle_02.R  eul=  16.40 (17, 'hand.R')
E06_STEP f= 18 mat= 17.34 thumb_02.R   eul=  13.79 (18, 'hand.R')
E06_STEP f= 19 mat= 17.14 hand.R       eul=  10.36 (19, 'hand.L')
E06_STEP f= 20 mat= 15.87 pinky_03.L   eul=   9.64 (20, 'hand.L')
E06_STEP f= 21 mat= 15.31 thumb_02.L   eul=   8.60 (21, 'hand.R')
E06_STEP f= 22 mat= 10.89 thumb_02.R   eul=   6.69 (22, 'hand.R')
E06_STEP f= 23 mat= 12.01 forearm.L    eul=   9.06 (23, 'forearm.L')
E06_STEP f= 24 mat= 11.30 forearm.R    eul=   9.34 (24, 'forearm.L')
E06_STEP f= 25 mat= 11.45 forearm.R    eul=   8.02 (25, 'forearm.L')
E06_STEP f= 26 mat= 10.87 forearm.L    eul=  16.76 (26, 'forearm.L')
E06_DONE failed=['victory_chest_puff_ok', 'victory_hand_no_pierce_ok', 'victory_pound_contact_ok', 'victory_pound_site_ok'] non_ok=['no_teleport', 'victory_chest_puff_ok', 'victory_hand_no_pierce_ok', 'victory_pound_contact_ok', 'victory_pound_site_ok']
=== FACE_IN0=4 DIP=12 ===
E06_STEP f= 14 mat= 13.48 hand.R       eul=  26.86 (14, 'forearm.L')
E06_STEP f= 15 mat= 15.83 ring_01.L    eul=  16.74 (15, 'hand.L')
E06_STEP f= 16 mat= 13.73 pinky_02.R   eul=  11.33 (16, 'hand.R')
E06_STEP f= 17 mat= 16.46 hand.L       eul=  11.51 (17, 'hand.L')
E06_STEP f= 18 mat= 13.61 hand.R       eul=   8.47 (18, 'hand.L')
E06_STEP f= 19 mat= 12.53 thumb_02.R   eul=   7.88 (19, 'hand.L')
E06_STEP f= 20 mat= 12.40 thumb_02.L   eul=   7.27 (20, 'hand.R')
E06_STEP f= 21 mat=  9.06 hand.R       eul=   6.05 (21, 'hand.R')
E06_STEP f= 22 mat=  9.31 forearm.L    eul=   7.37 (22, 'forearm.L')
E06_STEP f= 23 mat=  9.49 forearm.R    eul=   8.34 (23, 'forearm.L')
E06_STEP f= 24 mat=  9.61 forearm.R    eul=   7.91 (24, 'forearm.L')
E06_STEP f= 25 mat= 10.88 forearm.L    eul=   5.79 (25, 'hand.R')
E06_STEP f= 26 mat=  8.17 forearm.R    eul=  15.81 (26, 'forearm.L')
E06_DONE failed=['victory_chest_puff_ok', 'victory_hand_no_pierce_ok', 'victory_pound_contact_ok', 'victory_pound_site_ok'] non_ok=['no_teleport', 'victory_chest_puff_ok', 'victory_hand_no_pierce_ok', 'victory_pound_contact_ok', 'victory_pound_site_ok']
