E06_SITE L ct=[0.0,-116.4,1316.7] ch=[0.0,-54.9,1147.6] probe_z=1256.7 surf=[80.5,-253.4,1224.5] nrm=[0.22,-0.97,0.09] tgt=[87.3,-283.5,1227.5]
E06_SITE R ct=[0.0,-116.4,1316.7] ch=[0.0,-54.9,1147.6] probe_z=1256.7 surf=[-80.5,-253.4,1224.5] nrm=[-0.22,-0.97,0.12] tgt=[-87.2,-283.4,1228.4]
E06_SITE L ct=[0.0,-116.9,1316.7] ch=[0.0,-55.3,1147.6] probe_z=1256.7 surf=[80.5,-253.8,1224.6] nrm=[0.22,-0.97,0.09] tgt=[87.3,-283.9,1227.5]
E06_SITE R ct=[0.0,-116.9,1316.7] ch=[0.0,-55.3,1147.6] probe_z=1256.7 surf=[-80.5,-253.8,1224.6] nrm=[-0.22,-0.97,0.12] tgt=[-87.2,-283.8,1228.4]
E06_SITE L ct=[0.0,-117.6,1316.8] ch=[0.0,-55.9,1147.7] probe_z=1256.8 surf=[80.5,-254.5,1224.6] nrm=[0.22,-0.97,0.09] tgt=[87.3,-284.6,1227.5]
E06_SITE R ct=[0.0,-117.6,1316.8] ch=[0.0,-55.9,1147.7] probe_z=1256.8 surf=[-80.5,-254.5,1224.6] nrm=[-0.22,-0.97,0.12] tgt=[-87.2,-284.5,1228.4]
E06_SITE L ct=[0.0,-118.6,1316.9] ch=[0.0,-56.9,1147.8] probe_z=1256.9 surf=[80.5,-255.5,1224.7] nrm=[0.22,-0.97,0.09] tgt=[87.3,-285.6,1227.6]
E06_SITE R ct=[0.0,-118.6,1316.9] ch=[0.0,-56.9,1147.8] probe_z=1256.9 surf=[-80.5,-255.5,1224.7] nrm=[-0.22,-0.97,0.12] tgt=[-87.2,-285.5,1228.5]
E06_SITE L ct=[0.0,-119.9,1316.9] ch=[0.0,-58.1,1147.9] probe_z=1256.9 surf=[80.5,-256.8,1224.7] nrm=[0.22,-0.97,0.09] tgt=[87.3,-286.9,1227.7]
E06_SITE R ct=[0.0,-119.9,1316.9] ch=[0.0,-58.1,1147.9] probe_z=1256.9 surf=[-80.5,-256.8,1224.7] nrm=[-0.22,-0.97,0.12] tgt=[-87.2,-286.8,1228.6]
E06_SITE L ct=[0.0,-121.5,1317.0] ch=[0.0,-59.5,1148.0] probe_z=1257.0 surf=[80.5,-258.4,1224.8] nrm=[0.22,-0.97,0.09] tgt=[87.3,-288.5,1227.8]
E06_SITE R ct=[0.0,-121.5,1317.0] ch=[0.0,-59.5,1148.0] probe_z=1257.0 surf=[-80.5,-258.4,1224.8] nrm=[-0.22,-0.97,0.12] tgt=[-87.2,-288.4,1228.7]
E06_SITE L ct=[0.0,-123.3,1317.2] ch=[0.0,-61.2,1148.2] probe_z=1257.2 surf=[80.5,-260.2,1224.9] nrm=[0.19,-0.97,0.12] tgt=[86.3,-290.4,1228.8]
E06_SITE R ct=[0.0,-123.3,1317.2] ch=[0.0,-61.2,1148.2] probe_z=1257.2 surf=[-80.5,-260.2,1224.9] nrm=[-0.22,-0.97,0.12] tgt=[-87.2,-290.2,1228.8]
E06_SITE L ct=[0.0,-125.5,1317.3] ch=[0.0,-63.2,1148.4] probe_z=1257.3 surf=[80.5,-262.4,1225.1] nrm=[0.22,-0.97,0.09] tgt=[87.3,-292.5,1228.0]
E06_SITE R ct=[0.0,-125.5,1317.3] ch=[0.0,-63.2,1148.4] probe_z=1257.3 surf=[-80.5,-262.4,1225.1] nrm=[-0.22,-0.97,0.12] tgt=[-87.2,-292.4,1228.9]
E06_SITE L ct=[0.0,-127.9,1317.4] ch=[0.0,-65.5,1148.6] probe_z=1257.4 surf=[80.5,-264.8,1225.2] nrm=[0.19,-0.97,0.12] tgt=[86.3,-295.0,1229.1]
E06_SITE R ct=[0.0,-127.9,1317.4] ch=[0.0,-65.5,1148.6] probe_z=1257.4 surf=[-80.5,-264.8,1225.2] nrm=[-0.22,-0.97,0.12] tgt=[-87.2,-294.8,1229.0]
E06_SITE L ct=[0.0,-130.6,1317.6] ch=[0.0,-68.0,1148.8] probe_z=1257.6 surf=[80.5,-267.5,1225.3] nrm=[0.19,-0.97,0.12] tgt=[86.3,-297.7,1229.2]
E06_SITE R ct=[0.0,-130.6,1317.6] ch=[0.0,-68.0,1148.8] probe_z=1257.6 surf=[-80.5,-267.5,1225.3] nrm=[-0.22,-0.97,0.12] tgt=[-87.2,-297.5,1229.1]
E06_SITE L ct=[0.0,-133.6,1317.8] ch=[0.0,-70.8,1149.1] probe_z=1257.8 surf=[80.5,-270.5,1225.5] nrm=[0.22,-0.97,0.09] tgt=[87.3,-300.6,1228.4]
E06_SITE R ct=[0.0,-133.6,1317.8] ch=[0.0,-70.8,1149.1] probe_z=1257.8 surf=[-80.5,-270.5,1225.5] nrm=[-0.22,-0.97,0.12] tgt=[-87.2,-300.5,1229.3]
E06_SITE L ct=[0.0,-136.9,1317.9] ch=[0.0,-73.9,1149.3] probe_z=1257.9 surf=[80.5,-273.8,1225.7] nrm=[0.19,-0.97,0.12] tgt=[86.3,-304.0,1229.5]
E06_SITE R ct=[0.0,-136.9,1317.9] ch=[0.0,-73.9,1149.3] probe_z=1257.9 surf=[-80.5,-273.8,1225.7] nrm=[-0.22,-0.97,0.12] tgt=[-87.2,-303.8,1229.4]
E06_SITE L ct=[0.0,-136.9,1317.9] ch=[0.0,-73.9,1149.3] probe_z=1257.9 surf=[80.5,-273.8,1225.7] nrm=[0.19,-0.97,0.12] tgt=[86.3,-304.0,1229.5]
E06_SITE L ct=[0.0,-136.9,1317.9] ch=[0.0,-73.9,1149.3] probe_z=1257.9 surf=[80.5,-273.8,1225.7] nrm=[0.19,-0.97,0.12] tgt=[86.3,-304.0,1229.5]
E06_SITE R ct=[0.0,-136.9,1317.9] ch=[0.0,-73.9,1149.3] probe_z=1257.9 surf=[-80.5,-273.8,1225.7] nrm=[-0.22,-0.97,0.12] tgt=[-87.2,-303.8,1229.4]
E06_SITE R ct=[0.0,-136.9,1317.9] ch=[0.0,-73.9,1149.3] probe_z=1257.9 surf=[-80.5,-273.8,1225.7] nrm=[-0.22,-0.97,0.12] tgt=[-87.2,-303.8,1229.4]
E06_SITE L ct=[0.0,-136.9,1317.9] ch=[0.0,-73.9,1149.3] probe_z=1257.9 surf=[80.5,-273.8,1225.7] nrm=[0.19,-0.97,0.12] tgt=[86.3,-304.0,1229.5]
E06_SITE L ct=[0.0,-136.9,1317.9] ch=[0.0,-73.9,1149.3] probe_z=1257.9 surf=[80.5,-273.8,1225.7] nrm=[0.19,-0.97,0.12] tgt=[86.3,-304.0,1229.5]
E06_SITE R ct=[0.0,-136.9,1317.9] ch=[0.0,-73.9,1149.3] probe_z=1257.9 surf=[-80.5,-273.8,1225.7] nrm=[-0.22,-0.97,0.12] tgt=[-87.2,-303.8,1229.4]
E06_SITE R ct=[0.0,-136.9,1317.9] ch=[0.0,-73.9,1149.3] probe_z=1257.9 surf=[-80.5,-273.8,1225.7] nrm=[-0.22,-0.97,0.12] tgt=[-87.2,-303.8,1229.4]
E06_SITE L ct=[0.0,-135.2,1318.3] ch=[0.0,-72.5,1149.6] probe_z=1258.3 surf=[80.5,-272.2,1226.2] nrm=[0.22,-0.97,0.09] tgt=[87.3,-302.3,1229.1]
E06_SITE R ct=[0.0,-135.2,1318.3] ch=[0.0,-72.5,1149.6] probe_z=1258.3 surf=[-80.5,-272.2,1226.2] nrm=[-0.22,-0.97,0.12] tgt=[-87.2,-302.3,1230.0]
E06_SITE L ct=[0.0,-131.2,1319.1] ch=[0.0,-69.2,1150.1] probe_z=1259.1 surf=[80.5,-268.5,1227.5] nrm=[0.22,-0.97,0.10] tgt=[87.3,-298.6,1230.5]
E06_SITE R ct=[0.0,-131.2,1319.1] ch=[0.0,-69.2,1150.1] probe_z=1259.1 surf=[-80.5,-268.5,1227.5] nrm=[-0.22,-0.97,0.13] tgt=[-87.2,-298.6,1231.4]
E06_SITE L ct=[0.0,-126.5,1320.1] ch=[0.0,-65.4,1150.8] probe_z=1260.1 surf=[80.5,-264.1,1229.0] nrm=[0.22,-0.97,0.10] tgt=[87.3,-294.2,1232.2]
E06_SITE R ct=[0.0,-126.5,1320.1] ch=[0.0,-65.4,1150.8] probe_z=1260.1 surf=[-80.5,-264.1,1229.0] nrm=[-0.22,-0.97,0.13] tgt=[-87.2,-294.1,1233.1]
E06_SITE L ct=[0.0,-122.5,1320.9] ch=[0.0,-62.1,1151.3] probe_z=1260.9 surf=[80.5,-260.4,1230.3] nrm=[0.22,-0.97,0.10] tgt=[87.3,-290.5,1233.5]
E06_SITE R ct=[0.0,-122.5,1320.9] ch=[0.0,-62.1,1151.3] probe_z=1260.9 surf=[-80.5,-260.4,1230.3] nrm=[-0.22,-0.97,0.13] tgt=[-87.2,-290.4,1234.5]
E06_SITE L ct=[0.0,-120.8,1321.2] ch=[0.0,-60.7,1151.6] probe_z=1261.2 surf=[80.5,-258.9,1230.8] nrm=[0.22,-0.97,0.11] tgt=[87.3,-289.0,1234.1]
E06_SITE R ct=[0.0,-120.8,1321.2] ch=[0.0,-60.7,1151.6] probe_z=1261.2 surf=[-80.5,-258.9,1230.8] nrm=[-0.22,-0.97,0.14] tgt=[-87.2,-288.9,1235.0]
E06_SITE L ct=[0.0,-121.1,1321.2] ch=[0.0,-61.0,1151.5] probe_z=1261.2 surf=[80.5,-259.2,1230.7] nrm=[0.19,-0.97,0.14] tgt=[86.3,-289.4,1235.0]
E06_SITE R ct=[0.0,-121.1,1321.2] ch=[0.0,-61.0,1151.5] probe_z=1261.2 surf=[-80.5,-259.2,1230.7] nrm=[-0.22,-0.97,0.14] tgt=[-87.2,-289.2,1234.9]
E06_SITE L ct=[0.0,-122.1,1321.0] ch=[0.0,-61.8,1151.4] probe_z=1261.0 surf=[80.5,-260.1,1230.4] nrm=[0.19,-0.97,0.14] tgt=[86.3,-290.3,1234.6]
E06_SITE R ct=[0.0,-122.1,1321.0] ch=[0.0,-61.8,1151.4] probe_z=1261.0 surf=[-80.5,-260.1,1230.4] nrm=[-0.22,-0.97,0.13] tgt=[-87.2,-290.1,1234.6]
E06_SITE L ct=[0.0,-123.8,1320.7] ch=[0.0,-63.1,1151.2] probe_z=1260.7 surf=[80.5,-261.6,1229.9] nrm=[0.22,-0.97,0.10] tgt=[87.3,-291.7,1233.1]
E06_SITE R ct=[0.0,-123.8,1320.7] ch=[0.0,-63.1,1151.2] probe_z=1260.7 surf=[-80.5,-261.6,1229.9] nrm=[-0.22,-0.97,0.13] tgt=[-87.2,-291.6,1234.0]
E06_SITE L ct=[0.0,-126.1,1320.2] ch=[0.0,-65.0,1150.9] probe_z=1260.2 surf=[80.5,-263.8,1229.2] nrm=[0.22,-0.97,0.10] tgt=[87.3,-293.8,1232.3]
E06_SITE R ct=[0.0,-126.1,1320.2] ch=[0.0,-65.0,1150.9] probe_z=1260.2 surf=[-80.5,-263.8,1229.2] nrm=[-0.22,-0.97,0.13] tgt=[-87.2,-293.8,1233.2]
E06_SITE L ct=[0.0,-129.0,1319.6] ch=[0.0,-67.4,1150.5] probe_z=1259.6 surf=[80.5,-266.5,1228.2] nrm=[0.22,-0.97,0.10] tgt=[87.3,-296.6,1231.3]
E06_SITE R ct=[0.0,-129.0,1319.6] ch=[0.0,-67.4,1150.5] probe_z=1259.6 surf=[-80.5,-266.5,1228.2] nrm=[-0.22,-0.97,0.13] tgt=[-87.2,-296.5,1232.2]
E06_SITE L ct=[0.0,-132.6,1318.8] ch=[0.0,-70.4,1149.9] probe_z=1258.8 surf=[80.5,-269.8,1227.1] nrm=[0.22,-0.97,0.10] tgt=[87.3,-299.9,1230.0]
E06_SITE R ct=[0.0,-132.6,1318.8] ch=[0.0,-70.4,1149.9] probe_z=1258.8 surf=[-80.5,-269.8,1227.1] nrm=[-0.22,-0.97,0.13] tgt=[-87.2,-299.8,1231.0]
E06_SITE L ct=[0.0,-136.9,1317.9] ch=[0.0,-73.9,1149.3] probe_z=1257.9 surf=[80.5,-273.8,1225.7] nrm=[0.19,-0.97,0.12] tgt=[86.3,-304.0,1229.5]
E06_SITE R ct=[0.0,-136.9,1317.9] ch=[0.0,-73.9,1149.3] probe_z=1257.9 surf=[-80.5,-273.8,1225.7] nrm=[-0.22,-0.97,0.12] tgt=[-87.2,-303.8,1229.4]
E06_SITE L ct=[0.0,-136.9,1317.9] ch=[0.0,-73.9,1149.3] probe_z=1257.9 surf=[80.5,-273.8,1225.7] nrm=[0.19,-0.97,0.12] tgt=[86.3,-304.0,1229.5]
E06_SITE L ct=[0.0,-136.9,1317.9] ch=[0.0,-73.9,1149.3] probe_z=1257.9 surf=[80.5,-273.8,1225.7] nrm=[0.19,-0.97,0.12] tgt=[86.3,-304.0,1229.5]
E06_SITE R ct=[0.0,-136.9,1317.9] ch=[0.0,-73.9,1149.3] probe_z=1257.9 surf=[-80.5,-273.8,1225.7] nrm=[-0.22,-0.97,0.12] tgt=[-87.2,-303.8,1229.4]
E06_SITE R ct=[0.0,-136.9,1317.9] ch=[0.0,-73.9,1149.3] probe_z=1257.9 surf=[-80.5,-273.8,1225.7] nrm=[-0.22,-0.97,0.12] tgt=[-87.2,-303.8,1229.4]
E06_SITE L ct=[0.0,-136.9,1317.9] ch=[0.0,-73.9,1149.3] probe_z=1257.9 surf=[80.5,-273.8,1225.7] nrm=[0.19,-0.97,0.12] tgt=[86.3,-304.0,1229.5]
E06_SITE L ct=[0.0,-136.9,1317.9] ch=[0.0,-73.9,1149.3] probe_z=1257.9 surf=[80.5,-273.8,1225.7] nrm=[0.19,-0.97,0.12] tgt=[86.3,-304.0,1229.5]
E06_SITE R ct=[0.0,-136.9,1317.9] ch=[0.0,-73.9,1149.3] probe_z=1257.9 surf=[-80.5,-273.8,1225.7] nrm=[-0.22,-0.97,0.12] tgt=[-87.2,-303.8,1229.4]
E06_SITE R ct=[0.0,-136.9,1317.9] ch=[0.0,-73.9,1149.3] probe_z=1257.9 surf=[-80.5,-273.8,1225.7] nrm=[-0.22,-0.97,0.12] tgt=[-87.2,-303.8,1229.4]
E06_SITE L ct=[0.0,-135.2,1318.3] ch=[0.0,-72.5,1149.6] probe_z=1258.3 surf=[80.5,-272.2,1226.2] nrm=[0.22,-0.97,0.09] tgt=[87.3,-302.3,1229.1]
E06_SITE R ct=[0.0,-135.2,1318.3] ch=[0.0,-72.5,1149.6] probe_z=1258.3 surf=[-80.5,-272.2,1226.2] nrm=[-0.22,-0.97,0.12] tgt=[-87.2,-302.3,1230.0]
E06_SITE L ct=[0.0,-131.2,1319.1] ch=[0.0,-69.2,1150.1] probe_z=1259.1 surf=[80.5,-268.5,1227.5] nrm=[0.22,-0.97,0.10] tgt=[87.3,-298.6,1230.5]
E06_SITE R ct=[0.0,-131.2,1319.1] ch=[0.0,-69.2,1150.1] probe_z=1259.1 surf=[-80.5,-268.5,1227.5] nrm=[-0.22,-0.97,0.13] tgt=[-87.2,-298.6,1231.4]
E06_SITE L ct=[0.0,-126.5,1320.1] ch=[0.0,-65.4,1150.8] probe_z=1260.1 surf=[80.5,-264.1,1229.0] nrm=[0.22,-0.97,0.10] tgt=[87.3,-294.2,1232.2]
E06_SITE R ct=[0.0,-126.5,1320.1] ch=[0.0,-65.4,1150.8] probe_z=1260.1 surf=[-80.5,-264.1,1229.0] nrm=[-0.22,-0.97,0.13] tgt=[-87.2,-294.1,1233.1]
E06_SITE L ct=[0.0,-122.5,1320.9] ch=[0.0,-62.1,1151.3] probe_z=1260.9 surf=[80.5,-260.4,1230.3] nrm=[0.22,-0.97,0.10] tgt=[87.3,-290.5,1233.5]
E06_SITE R ct=[0.0,-122.5,1320.9] ch=[0.0,-62.1,1151.3] probe_z=1260.9 surf=[-80.5,-260.4,1230.3] nrm=[-0.22,-0.97,0.13] tgt=[-87.2,-290.4,1234.5]
E06_SITE L ct=[0.0,-120.8,1321.2] ch=[0.0,-60.7,1151.6] probe_z=1261.2 surf=[80.5,-258.9,1230.8] nrm=[0.22,-0.97,0.11] tgt=[87.3,-289.0,1234.1]
E06_SITE R ct=[0.0,-120.8,1321.2] ch=[0.0,-60.7,1151.6] probe_z=1261.2 surf=[-80.5,-258.9,1230.8] nrm=[-0.22,-0.97,0.14] tgt=[-87.2,-288.9,1235.0]
E06_SITE L ct=[0.0,-121.1,1321.2] ch=[0.0,-61.0,1151.5] probe_z=1261.2 surf=[80.5,-259.2,1230.7] nrm=[0.19,-0.97,0.14] tgt=[86.3,-289.4,1235.0]
E06_SITE R ct=[0.0,-121.1,1321.2] ch=[0.0,-61.0,1151.5] probe_z=1261.2 surf=[-80.5,-259.2,1230.7] nrm=[-0.22,-0.97,0.14] tgt=[-87.2,-289.2,1234.9]
E06_SITE L ct=[0.0,-122.1,1321.0] ch=[0.0,-61.8,1151.4] probe_z=1261.0 surf=[80.5,-260.1,1230.4] nrm=[0.19,-0.97,0.14] tgt=[86.3,-290.3,1234.6]
E06_SITE R ct=[0.0,-122.1,1321.0] ch=[0.0,-61.8,1151.4] probe_z=1261.0 surf=[-80.5,-260.1,1230.4] nrm=[-0.22,-0.97,0.13] tgt=[-87.2,-290.1,1234.6]
E06_SITE L ct=[0.0,-123.8,1320.7] ch=[0.0,-63.1,1151.2] probe_z=1260.7 surf=[80.5,-261.6,1229.9] nrm=[0.22,-0.97,0.10] tgt=[87.3,-291.7,1233.1]
E06_SITE R ct=[0.0,-123.8,1320.7] ch=[0.0,-63.1,1151.2] probe_z=1260.7 surf=[-80.5,-261.6,1229.9] nrm=[-0.22,-0.97,0.13] tgt=[-87.2,-291.6,1234.0]
E06_SITE L ct=[0.0,-126.1,1320.2] ch=[0.0,-65.0,1150.9] probe_z=1260.2 surf=[80.5,-263.8,1229.2] nrm=[0.22,-0.97,0.10] tgt=[87.3,-293.8,1232.3]
E06_SITE R ct=[0.0,-126.1,1320.2] ch=[0.0,-65.0,1150.9] probe_z=1260.2 surf=[-80.5,-263.8,1229.2] nrm=[-0.22,-0.97,0.13] tgt=[-87.2,-293.8,1233.2]
E06_SITE L ct=[0.0,-129.0,1319.6] ch=[0.0,-67.4,1150.5] probe_z=1259.6 surf=[80.5,-266.5,1228.2] nrm=[0.22,-0.97,0.10] tgt=[87.3,-296.6,1231.3]
E06_SITE R ct=[0.0,-129.0,1319.6] ch=[0.0,-67.4,1150.5] probe_z=1259.6 surf=[-80.5,-266.5,1228.2] nrm=[-0.22,-0.97,0.13] tgt=[-87.2,-296.5,1232.2]
E06_SITE L ct=[0.0,-132.6,1318.8] ch=[0.0,-70.4,1149.9] probe_z=1258.8 surf=[80.5,-269.8,1227.1] nrm=[0.22,-0.97,0.10] tgt=[87.3,-299.9,1230.0]
E06_SITE R ct=[0.0,-132.6,1318.8] ch=[0.0,-70.4,1149.9] probe_z=1258.8 surf=[-80.5,-269.8,1227.1] nrm=[-0.22,-0.97,0.13] tgt=[-87.2,-299.8,1231.0]
E06_SITE L ct=[0.0,-136.9,1317.9] ch=[0.0,-73.9,1149.3] probe_z=1257.9 surf=[80.5,-273.8,1225.7] nrm=[0.19,-0.97,0.12] tgt=[86.3,-304.0,1229.5]
E06_SITE R ct=[0.0,-136.9,1317.9] ch=[0.0,-73.9,1149.3] probe_z=1257.9 surf=[-80.5,-273.8,1225.7] nrm=[-0.22,-0.97,0.12] tgt=[-87.2,-303.8,1229.4]
E06_SITE L ct=[0.0,-136.9,1317.9] ch=[0.0,-73.9,1149.3] probe_z=1257.9 surf=[80.5,-273.8,1225.7] nrm=[0.19,-0.97,0.12] tgt=[86.3,-304.0,1229.5]
E06_SITE L ct=[0.0,-136.9,1317.9] ch=[0.0,-73.9,1149.3] probe_z=1257.9 surf=[80.5,-273.8,1225.7] nrm=[0.19,-0.97,0.12] tgt=[86.3,-304.0,1229.5]
E06_SITE R ct=[0.0,-136.9,1317.9] ch=[0.0,-73.9,1149.3] probe_z=1257.9 surf=[-80.5,-273.8,1225.7] nrm=[-0.22,-0.97,0.12] tgt=[-87.2,-303.8,1229.4]
E06_SITE R ct=[0.0,-136.9,1317.9] ch=[0.0,-73.9,1149.3] probe_z=1257.9 surf=[-80.5,-273.8,1225.7] nrm=[-0.22,-0.97,0.12] tgt=[-87.2,-303.8,1229.4]
E06_SITE L ct=[0.0,-136.9,1317.9] ch=[0.0,-73.9,1149.3] probe_z=1257.9 surf=[80.5,-273.8,1225.7] nrm=[0.19,-0.97,0.12] tgt=[86.3,-304.0,1229.5]
E06_SITE L ct=[0.0,-136.9,1317.9] ch=[0.0,-73.9,1149.3] probe_z=1257.9 surf=[80.5,-273.8,1225.7] nrm=[0.19,-0.97,0.12] tgt=[86.3,-304.0,1229.5]
E06_SITE R ct=[0.0,-136.9,1317.9] ch=[0.0,-73.9,1149.3] probe_z=1257.9 surf=[-80.5,-273.8,1225.7] nrm=[-0.22,-0.97,0.12] tgt=[-87.2,-303.8,1229.4]
E06_SITE R ct=[0.0,-136.9,1317.9] ch=[0.0,-73.9,1149.3] probe_z=1257.9 surf=[-80.5,-273.8,1225.7] nrm=[-0.22,-0.97,0.12] tgt=[-87.2,-303.8,1229.4]
E06_SITE L ct=[0.0,-135.6,1318.6] ch=[0.0,-73.2,1149.8] probe_z=1258.6 surf=[80.5,-272.8,1226.9] nrm=[0.22,-0.97,0.10] tgt=[87.3,-302.9,1229.9]
E06_SITE R ct=[0.0,-135.6,1318.6] ch=[0.0,-73.2,1149.8] probe_z=1258.6 surf=[-80.5,-272.8,1226.9] nrm=[-0.22,-0.97,0.13] tgt=[-87.2,-302.8,1230.8]
E06_SITE L ct=[0.0,-131.8,1320.5] ch=[0.0,-71.3,1151.0] probe_z=1260.5 surf=[80.5,-270.1,1230.4] nrm=[0.19,-0.97,0.14] tgt=[86.3,-300.3,1234.7]
E06_SITE R ct=[0.0,-131.8,1320.5] ch=[0.0,-71.3,1151.0] probe_z=1260.5 surf=[-80.5,-270.1,1230.4] nrm=[-0.22,-0.97,0.14] tgt=[-87.2,-300.1,1234.7]
E06_SITE L ct=[0.0,-126.0,1323.4] ch=[0.0,-68.4,1152.9] probe_z=1263.4 surf=[80.5,-265.9,1235.8] nrm=[0.19,-0.97,0.16] tgt=[86.3,-296.0,1240.6]
E06_SITE R ct=[0.0,-126.0,1323.4] ch=[0.0,-68.4,1152.9] probe_z=1263.4 surf=[-80.5,-265.9,1235.8] nrm=[-0.22,-0.96,0.15] tgt=[-87.2,-295.8,1240.6]
E06_SITE L ct=[0.0,-118.4,1327.0] ch=[0.0,-64.6,1155.2] probe_z=1267.0 surf=[80.5,-260.3,1242.7] nrm=[0.22,-0.96,0.15] tgt=[87.3,-290.2,1247.3]
E06_SITE R ct=[0.0,-118.4,1327.0] ch=[0.0,-64.6,1155.2] probe_z=1267.0 surf=[-80.5,-260.3,1242.7] nrm=[-0.22,-0.96,0.18] tgt=[-87.2,-290.1,1248.2]
E06_SITE L ct=[0.0,-109.3,1331.1] ch=[0.0,-60.2,1158.0] probe_z=1271.1 surf=[80.4,-253.7,1248.4] nrm=[0.23,-0.97,0.05] tgt=[87.4,-283.8,1249.9]
E06_SITE R ct=[0.0,-109.3,1331.1] ch=[0.0,-60.2,1158.0] probe_z=1271.1 surf=[-80.4,-253.7,1248.4] nrm=[-0.25,-0.97,0.05] tgt=[-88.1,-283.7,1249.9]
E06_SITE L ct=[0.0,-99.2,1335.5] ch=[0.0,-55.1,1161.0] probe_z=1275.5 surf=[79.4,-247.6,1240.7] nrm=[0.23,-0.97,0.08] tgt=[86.5,-277.6,1243.1]
E06_SITE R ct=[0.0,-99.2,1335.5] ch=[0.0,-55.1,1161.0] probe_z=1275.5 surf=[-79.4,-247.6,1240.7] nrm=[-0.08,-0.99,0.09] tgt=[-81.9,-278.3,1243.5]
E06_SITE L ct=[0.0,-88.3,1339.9] ch=[0.0,-49.7,1164.0] probe_z=1279.9 surf=[79.0,-240.6,1243.0] nrm=[0.25,-0.96,0.09] tgt=[86.8,-270.4,1245.8]
E06_SITE R ct=[0.0,-88.3,1339.9] ch=[0.0,-49.7,1164.0] probe_z=1279.9 surf=[-79.0,-240.6,1243.0] nrm=[-0.25,-0.96,0.11] tgt=[-86.8,-270.4,1246.4]
E06_SITE L ct=[0.0,-76.9,1344.1] ch=[0.0,-44.1,1167.1] probe_z=1284.1 surf=[79.0,-232.4,1252.4] nrm=[0.25,-0.96,0.12] tgt=[86.8,-262.2,1256.2]
E06_SITE R ct=[0.0,-76.9,1344.1] ch=[0.0,-44.1,1167.1] probe_z=1284.1 surf=[-79.0,-232.4,1252.4] nrm=[-0.25,-0.96,0.14] tgt=[-86.8,-262.1,1256.8]
E06_SITE L ct=[0.0,-65.5,1348.0] ch=[0.0,-38.5,1170.0] probe_z=1288.0 surf=[79.0,-224.0,1261.7] nrm=[0.25,-0.96,0.15] tgt=[86.8,-253.7,1266.5]
E06_SITE R ct=[0.0,-65.5,1348.0] ch=[0.0,-38.5,1170.0] probe_z=1288.0 surf=[-79.0,-224.0,1261.7] nrm=[-0.25,-0.95,0.17] tgt=[-86.8,-253.6,1267.1]
E06_SITE L ct=[0.0,-54.4,1351.5] ch=[0.0,-33.0,1172.8] probe_z=1291.5 surf=[79.0,-215.7,1270.5] nrm=[0.25,-0.95,0.19] tgt=[86.8,-245.2,1276.2]
E06_SITE R ct=[0.0,-54.4,1351.5] ch=[0.0,-33.0,1172.8] probe_z=1291.5 surf=[-79.0,-215.7,1270.5] nrm=[-0.25,-0.95,0.20] tgt=[-86.8,-245.1,1276.8]
E06_SITE L ct=[0.0,-44.0,1354.5] ch=[0.0,-27.9,1175.3] probe_z=1294.5 surf=[79.0,-207.7,1278.5] nrm=[0.25,-0.94,0.21] tgt=[86.8,-237.0,1285.1]
E06_SITE R ct=[0.0,-44.0,1354.5] ch=[0.0,-27.9,1175.3] probe_z=1294.5 surf=[-79.0,-207.7,1278.5] nrm=[-0.25,-0.94,0.23] tgt=[-86.8,-236.9,1285.7]
E06_SITE L ct=[0.0,-34.7,1357.0] ch=[0.0,-23.3,1177.4] probe_z=1297.0 surf=[79.0,-200.4,1285.5] nrm=[0.26,-0.96,-0.09] tgt=[87.0,-230.3,1282.9]
E06_SITE R ct=[0.0,-34.7,1357.0] ch=[0.0,-23.3,1177.4] probe_z=1297.0 surf=[-79.0,-200.4,1285.5] nrm=[-0.26,-0.96,-0.08] tgt=[-87.0,-230.3,1282.9]
E06_SITE L ct=[0.0,-26.8,1359.0] ch=[0.0,-19.4,1179.1] probe_z=1299.0 surf=[79.0,-194.1,1291.4] nrm=[0.26,-0.96,-0.06] tgt=[87.0,-224.0,1289.5]
E06_SITE R ct=[0.0,-26.8,1359.0] ch=[0.0,-19.4,1179.1] probe_z=1299.0 surf=[-79.0,-194.1,1291.4] nrm=[-0.25,-0.97,-0.06] tgt=[-86.9,-224.1,1289.5]
E06_SITE L ct=[0.0,-20.7,1360.4] ch=[0.0,-16.4,1180.4] probe_z=1300.4 surf=[79.0,-189.2,1295.8] nrm=[0.26,-0.97,-0.04] tgt=[87.0,-219.2,1294.5]
E06_SITE R ct=[0.0,-20.7,1360.4] ch=[0.0,-16.4,1180.4] probe_z=1300.4 surf=[-79.0,-189.2,1295.8] nrm=[-0.26,-0.97,-0.04] tgt=[-87.0,-219.2,1294.5]
E06_SITE L ct=[0.0,-16.8,1361.2] ch=[0.0,-14.5,1181.3] probe_z=1301.2 surf=[79.0,-186.0,1298.6] nrm=[0.26,-0.97,-0.03] tgt=[87.0,-216.0,1297.6]
E06_SITE R ct=[0.0,-16.8,1361.2] ch=[0.0,-14.5,1181.3] probe_z=1301.2 surf=[-79.0,-186.0,1298.6] nrm=[-0.26,-0.97,-0.03] tgt=[-87.0,-216.0,1297.7]
E06_SITE L ct=[0.0,-15.4,1361.5] ch=[0.0,-13.8,1181.5] probe_z=1301.5 surf=[79.0,-184.9,1299.6] nrm=[0.26,-0.97,-0.03] tgt=[87.0,-214.9,1298.8]
E06_SITE R ct=[0.0,-15.4,1361.5] ch=[0.0,-13.8,1181.5] probe_z=1301.5 surf=[-79.0,-184.9,1299.6] nrm=[-0.26,-0.97,-0.02] tgt=[-87.0,-214.9,1298.8]
E06_RAW f= 13 foL=(   23.23,  -47.11, -132.15) upL=(  -72.88,   -6.75,   -9.23)
E06_RAW f= 14 foL=(   23.27,  -48.70, -132.33) upL=(  -73.66,   -6.15,   -8.21)
E06_RAW f= 15 foL=(   22.41,  -50.20, -131.33) upL=(  -73.57,   -6.15,   -8.22)
E06_RAW f= 16 foL=(   21.61,  -54.73, -128.52) upL=(  -73.17,   -6.48,   -8.72)
E06_RAW f= 17 foL=(   24.41,  -60.07, -126.71) upL=(  -72.17,   -7.76,  -10.63)
E06_RAW f= 18 foL=(   35.11,  -63.37, -130.78) upL=(  -70.05,  -10.28,  -14.63)
E06_RAW f= 19 foL=(   61.09,  -66.46, -152.08) upL=(  -66.24,  -13.50,  -20.57)
E06_RAW f= 20 foL=(  114.17,  -61.66, -208.21) upL=(  -60.86,  -16.34,  -27.47)
E06_RAW f= 21 foL=(  122.18,  -55.96, -220.67) upL=(  -54.42,  -18.30,  -34.78)
E06_RAW f= 22 foL=(  117.07,  -57.23, -221.07) upL=(  -48.63,  -18.87,  -40.39)
E06_RAW f= 23 foL=(  113.64,  -60.08, -223.87) upL=(  -42.07,  -18.89,  -46.78)
E06_RAW f= 24 foL=(  113.44,  -62.31, -230.43) upL=(  -35.91,  -18.06,  -52.27)
E06_RAW f= 25 foL=(  113.35,  -63.97, -236.90) upL=(  -30.42,  -16.56,  -56.33)
E06_RAW f= 26 foL=(   96.13,  -65.54, -223.04) upL=(  -23.38,  -14.20,  -62.09)
E06_RAW f= 27 foL=(   96.13,  -65.54, -223.04) upL=(  -23.38,  -14.20,  -62.09)
E06_RAW f= 28 foL=(   96.13,  -65.54, -223.04) upL=(  -23.38,  -14.20,  -62.09)
E06_RAW f= 29 foL=(  105.64,  -65.25, -232.65) upL=(  -25.27,  -15.22,  -61.59)
E06_RAW f= 30 foL=(  116.35,  -63.61, -241.36) upL=(  -27.67,  -17.24,  -63.23)
E06_STEP f=  1 mat=  0.49 forearm.L    eul=   0.62 (1, 'hand.L')
E06_STEP f=  2 mat=  1.20 forearm.L    eul=   1.44 (2, 'hand.L')
E06_STEP f=  3 mat=  1.31 forearm.L    eul=   1.34 (3, 'hand.L')
E06_STEP f=  4 mat=  2.00 pinky_03.L   eul=   1.70 (4, 'hand.L')
E06_STEP f=  5 mat=  4.33 middle_01.L  eul=   2.88 (5, 'hand.L')
E06_STEP f=  6 mat=  7.05 pinky_03.L   eul=   4.36 (6, 'hand.R')
E06_STEP f=  7 mat= 10.03 hand.L       eul=   5.27 (7, 'forearm.L')
E06_STEP f=  8 mat= 13.05 pinky_03.L   eul=   7.50 (8, 'forearm.L')
E06_STEP f=  9 mat= 15.63 hand.L       eul=   9.41 (9, 'forearm.L')
E06_STEP f= 10 mat= 17.24 hand.L       eul=  10.40 (10, 'forearm.L')
E06_STEP f= 11 mat= 17.26 index_02.L   eul=   9.99 (11, 'forearm.L')
E06_STEP f= 12 mat= 15.19 thumb_01.L   eul=   8.16 (12, 'forearm.L')
E06_STEP f= 13 mat= 10.87 ring_03.R    eul=   5.24 (13, 'forearm.L')
E06_STEP f= 14 mat=  4.73 thumb_01.R   eul=   4.05 (14, 'hand.R')
E06_STEP f= 15 mat=  2.75 thumb_01.R   eul=   4.70 (15, 'hand.R')
E06_STEP f= 16 mat=  9.80 pinky_01.L   eul=  10.58 (16, 'hand.L')
E06_STEP f= 17 mat= 15.97 hand.R       eul=  23.13 (17, 'hand.L')
E06_STEP f= 18 mat= 21.53 ring_03.R    eul=  33.44 (18, 'hand.R')
E06_STEP f= 19 mat= 24.81 pinky_02.R   eul=  33.14 (19, 'forearm.R')
E06_STEP f= 20 mat= 25.63 thumb_02.R   eul=  56.13 (20, 'forearm.L')
E06_STEP f= 21 mat= 27.10 index_02.L   eul=  22.75 (21, 'hand.L')
E06_STEP f= 22 mat= 22.61 index_01.R   eul=  15.01 (22, 'hand.R')
E06_STEP f= 23 mat= 19.39 thumb_01.L   eul=   7.73 (23, 'hand.R')
E06_STEP f= 24 mat= 13.26 forearm.L    eul=   6.57 (24, 'forearm.L')
E06_STEP f= 25 mat= 12.73 forearm.R    eul=   6.47 (25, 'forearm.L')
E06_STEP f= 26 mat= 11.27 forearm.L    eul=  17.22 (26, 'forearm.L')
E06_STEP f= 27 mat=  0.03 foot.R       eul=   0.00 (27, 'hand.L')
E06_STEP f= 28 mat=  0.03 foot.R       eul=   0.00 (28, 'forearm.L')
E06_STEP f= 29 mat=  3.57 forearm.L    eul=   9.62 (29, 'forearm.L')
E06_STEP f= 30 mat=  4.04 forearm.R    eul=  11.59 (30, 'forearm.R')
E06_STEP f= 31 mat=  4.21 shoulder.R   eul=   4.14 (31, 'shoulder.R')
E06_STEP f= 32 mat=  3.52 shoulder.R   eul=   3.47 (32, 'shoulder.R')
E06_STEP f= 33 mat=  1.48 shoulder.R   eul=   1.69 (33, 'forearm.L')
E06_STEP f= 34 mat=  2.53 middle_01.L  eul=   1.30 (34, 'upperarm.L')
E06_STEP f= 35 mat=  0.87 shoulder.R   eul=   0.99 (35, 'forearm.L')
E06_STEP f= 36 mat=  2.60 thumb_01.L   eul=   2.41 (36, 'forearm.L')
E06_STEP f= 37 mat=  2.03 shoulder.R   eul=   2.00 (37, 'shoulder.R')
E06_STEP f= 38 mat=  2.61 shoulder.R   eul=   2.57 (38, 'shoulder.R')
E06_STEP f= 39 mat=  3.22 forearm.L    eul=   3.97 (39, 'forearm.R')
E06_STEP f= 40 mat=  7.11 forearm.L    eul=  19.09 (40, 'forearm.L')
E06_STEP f= 41 mat=  0.03 thumb_03.R   eul=   0.00 (41, 'forearm.R')
E06_STEP f= 42 mat=  0.03 foot.R       eul=   0.00 (42, 'forearm.R')
E06_STEP f= 43 mat=  3.56 forearm.L    eul=   9.61 (43, 'forearm.L')
E06_STEP f= 44 mat=  4.04 forearm.R    eul=  11.59 (44, 'forearm.R')
E06_STEP f= 45 mat=  4.21 shoulder.R   eul=   4.14 (45, 'shoulder.R')
E06_STEP f= 46 mat=  3.52 shoulder.R   eul=   3.47 (46, 'shoulder.R')
E06_STEP f= 47 mat=  1.48 shoulder.R   eul=   1.69 (47, 'forearm.L')
E06_STEP f= 48 mat=  2.53 middle_01.L  eul=   1.30 (48, 'upperarm.L')
E06_STEP f= 49 mat=  0.87 shoulder.R   eul=   0.99 (49, 'forearm.L')
E06_STEP f= 50 mat=  2.60 middle_01.L  eul=   2.40 (50, 'forearm.L')
E06_STEP f= 51 mat=  2.03 shoulder.R   eul=   2.00 (51, 'shoulder.R')
E06_STEP f= 52 mat=  2.61 shoulder.R   eul=   2.57 (52, 'shoulder.R')
E06_STEP f= 53 mat=  3.21 forearm.L    eul=   3.97 (53, 'forearm.R')
E06_STEP f= 54 mat=  7.11 forearm.L    eul=  19.09 (54, 'forearm.L')
E06_STEP f= 55 mat=  0.03 foot.R       eul=   0.00 (55, 'forearm.L')
E06_STEP f= 56 mat=  0.03 thumb_02.L   eul=   0.00 (56, 'forearm.L')
E06_STEP f= 57 mat=  2.41 forearm.L    eul=   4.36 (57, 'forearm.L')
E06_STEP f= 58 mat=  6.27 forearm.L    eul=  14.18 (58, 'forearm.L')
E06_STEP f= 59 mat= 12.14 forearm.L    eul=  19.97 (59, 'forearm.L')
E06_STEP f= 60 mat= 13.22 forearm.L    eul=  13.34 (60, 'forearm.L')
E06_STEP f= 61 mat= 10.82 forearm.R    eul=   7.82 (61, 'hand.L')
E06_STEP f= 62 mat=  9.49 hand.R       eul=   8.68 (62, 'hand.R')
E06_STEP f= 63 mat= 15.34 forearm.R    eul=  12.98 (63, 'forearm.R')
E06_STEP f= 64 mat=  7.67 forearm.L    eul=   7.57 (64, 'hand.L')
E06_STEP f= 65 mat=  6.24 forearm.L    eul=   7.06 (65, 'hand.L')
E06_STEP f= 66 mat=  6.50 thumb_02.R   eul=   7.66 (66, 'hand.L')
E06_STEP f= 67 mat=  7.51 thumb_02.R   eul=   8.03 (67, 'hand.R')
E06_STEP f= 68 mat= 18.50 hand.R       eul=  10.26 (68, 'hand.R')
E06_STEP f= 69 mat=  8.28 thumb_02.R   eul=   6.11 (69, 'hand.R')
E06_STEP f= 70 mat=  7.79 middle_01.L  eul=   5.74 (70, 'hand.L')
E06_STEP f= 71 mat=  7.90 thumb_01.L   eul=   6.18 (71, 'hand.L')
E06_STEP f= 72 mat=  7.95 pinky_03.R   eul=  10.73 (72, 'hand.L')
E06_STEP f= 73 mat=  7.98 middle_03.R  eul=  14.89 (73, 'hand.R')
E06_STEP f= 74 mat=  8.05 middle_03.R  eul=  17.20 (74, 'hand.R')
E06_STEP f= 75 mat=  8.19 ring_03.R    eul=  17.69 (75, 'hand.R')
E06_STEP f= 76 mat=  8.02 pinky_03.R   eul=  14.31 (76, 'hand.R')
E06_STEP f= 77 mat=  7.73 thumb_01.R   eul=  10.04 (77, 'hand.R')
E06_STEP f= 78 mat=  7.06 thumb_01.R   eul=   6.73 (78, 'upperarm.R')
E06_STEP f= 79 mat=  6.38 upperarm.R   eul=   6.33 (79, 'upperarm.R')
E06_STEP f= 80 mat=  5.96 upperarm.R   eul=   5.58 (80, 'upperarm.R')
E06_STEP f= 81 mat=  5.24 upperarm.R   eul=   4.57 (81, 'upperarm.R')
E06_STEP f= 82 mat=  4.18 upperarm.R   eul=   3.40 (82, 'upperarm.R')
E06_STEP f= 83 mat=  2.77 upperarm.R   eul=   2.12 (83, 'upperarm.R')
E06_STEP f= 84 mat=  1.59 thumb_03.R   eul=   1.08 (84, 'hand.L')
E06_STEP f= 85 mat=  0.53 thumb_01.R   eul=   0.62 (85, 'hand.L')
E06_STEP f= 86 mat=  0.05 eye.L        eul=   0.02 (86, 'forearm.R')
E06_STEP f= 87 mat=  0.07 jaw          eul=   0.04 (87, 'forearm.R')
E06_STEP f= 88 mat=  0.08 jaw          eul=   0.05 (88, 'forearm.R')
E06_STEP f= 89 mat=  0.09 jaw          eul=   0.05 (89, 'forearm.R')
E06_STEP f= 90 mat=  0.09 eye.L        eul=   0.05 (90, 'forearm.R')
E06_STEP f= 91 mat=  0.08 eye.L        eul=   0.05 (91, 'forearm.R')
E06_STEP f= 92 mat=  0.07 jaw          eul=   0.04 (92, 'forearm.R')
E06_STEP f= 93 mat=  0.04 forearm.R    eul=   0.05 (93, 'upperarm.R')
E06_STEP f= 94 mat=  0.04 upperarm.L   eul=   0.06 (94, 'hand.L')
E06_STEP f= 95 mat=  0.40 forearm.L    eul=   0.31 (95, 'forearm.R')
E06_STEP f= 96 mat=  1.15 forearm.L    eul=   0.83 (96, 'forearm.R')
E06_STEP f= 97 mat=  5.76 ring_03.L    eul=   2.73 (97, 'upperarm.R')
E06_STEP f= 98 mat= 13.70 thumb_02.L   eul=   6.29 (98, 'upperarm.R')
E06_STEP f= 99 mat= 18.38 thumb_02.L   eul=   8.90 (99, 'upperarm.R')
E06_STEP f=100 mat= 20.18 thumb_02.L   eul=  10.05 (100, 'upperarm.R')
E06_STEP f=101 mat= 19.25 thumb_01.L   eul=   9.45 (101, 'upperarm.R')
E06_STEP f=102 mat= 16.25 index_02.L   eul=   8.06 (102, 'hand.L')
E06_STEP f=103 mat= 12.09 thumb_01.L   eul=   6.95 (103, 'hand.R')
E06_STEP f=104 mat=  7.83 pinky_02.L   eul=   5.30 (104, 'hand.R')
E06_STEP f=105 mat=  4.08 thumb_03.L   eul=   3.49 (105, 'hand.R')
E06_STEP f=106 mat=  2.81 forearm.L    eul=   1.85 (106, 'hand.R')
E06_STEP f=107 mat=  2.43 forearm.L    eul=   1.92 (107, 'hand.L')
E06_STEP f=108 mat=  0.98 forearm.L    eul=   0.85 (108, 'hand.L')
E06_STEP f=109 mat=  0.06 pinky_01.L   eul=   0.04 (109, 'shoulder.R')
E06_STEP f=110 mat=  0.15 middle_03.L  eul=   0.11 (110, 'shoulder.R')
E06_STEP f=111 mat=  0.23 pinky_03.L   eul=   0.16 (111, 'shoulder.R')
E06_STEP f=112 mat=  0.29 pinky_03.L   eul=   0.21 (112, 'shoulder.R')
E06_STEP f=113 mat=  0.33 upperarm.R   eul=   0.23 (113, 'shoulder.R')
E06_STEP f=114 mat=  0.35 middle_03.L  eul=   0.25 (114, 'shoulder.R')
E06_STEP f=115 mat=  0.35 middle_03.L  eul=   0.25 (115, 'shoulder.R')
E06_STEP f=116 mat=  0.33 middle_03.L  eul=   0.23 (116, 'shoulder.R')
E06_STEP f=117 mat=  0.29 pinky_03.R   eul=   0.21 (117, 'shoulder.R')
E06_STEP f=118 mat=  0.23 pinky_03.R   eul=   0.16 (118, 'shoulder.R')
E06_STEP f=119 mat=  0.16 pinky_03.R   eul=   0.11 (119, 'shoulder.R')
E06_STEP f=120 mat=  0.06 middle_03.L  eul=   0.04 (120, 'shoulder.R')
E06_REPORT {"loop_seamless": true, "ground_min_mm": -1.33, "ground_contact_ok": true, "max_frame_step_deg": 56.129, "max_frame_step_at": [20, "forearm.L"], "no_teleport": false, "bone_travel_mm": {"pelvis": 39.45, "chest": 52.92, "head": 103.88, "hand.L": 248.63, "hand.R": 278.16}, "victory_pound_geometry": {"14": {"L": {"core_mm": [290.0, -310.0, 1061.0], "core_gap_mm": 211.97, "knuckle_gap_mm": 165.508}, "sym_L_x": 290.0, "R": {"core_mm": [-290.0, -310.0, 1061.0], "core_gap_mm": 211.8, "knuckle_gap_mm": 166.095}, "sym_R_x": 290.0}, "26": {"L": {"core_mm": [88.62, -302.79, 1199.01], "core_gap_mm": 31.0, "knuckle_gap_mm": 18.878}, "sym_L_x": 88.62, "R": {"core_mm": [-89.47, -302.56, 1199.14], "core_gap_mm": 31.0, "knuckle_gap_mm": 18.957}, "sym_R_x": 89.47}, "28": {"L": {"core_mm": [88.62, -302.79, 1199.01], "core_gap_mm": 31.0, "knuckle_gap_mm": 18.878}, "sym_L_x": 88.62, "R": {"core_mm": [-89.47, -302.56, 1199.14], "core_gap_mm": 31.0, "knuckle_gap_mm": 18.957}, "sym_R_x": 89.47}, "33": {"L": {"core_mm": [97.11, -318.62, 1208.89], "core_gap_mm": 62.33, "knuckle_gap_mm": 47.191}, "sym_L_x": 97.11, "R": {"core_mm": [-96.9, -318.39, 1211.13], "core_gap_mm": 62.08, "knuckle_gap_mm": 46.862}, "sym_R_x": 96.9}, "40": {"L": {"core_mm": [88.62, -302.79, 1199.01], "core_gap_mm": 31.0, "knuckle_gap_mm": 18.878}, "sym_L_x": 88.62, "R": {"core_mm": [-89.47, -302.56, 1199.14], "core_gap_mm": 31.0, "knuckle_gap_mm": 18.957}, "sym_R_x": 89.47}, "42": {"L": {"core_mm": [88.62, -302.79, 1199.01], "core_gap_mm": 31.0, "knuckle_gap_mm": 18.878}, "sym_L_x": 88.62, "R": {"core_mm": [-89.47, -302.56, 1199.14], "core_gap_mm": 31.0, "knuckle_gap_mm": 18.957}, "sym_R_x": 89.47}, "54": {"L": {"core_mm": [88.62, -302.79, 1199.01], "core_gap_mm": 31.0, "knuckle_gap_mm": 18.878}, "sym_L_x": 88.62, "R": {"core_mm": [-89.47, -302.56, 1199.14], "core_gap_mm": 31.0, "knuckle_gap_mm": 18.957}, "sym_R_x": 89.47}, "56": {"L": {"core_mm": [88.62, -302.79, 1199.01], "core_gap_mm": 31.0, "knuckle_gap_mm": 18.878}, "sym_L_x": 88.62, "R": {"core_mm": [-89.47, -302.56, 1199.14], "core_gap_mm": 31.0, "knuckle_gap_mm": 18.957}, "sym_R_x": 89.47}, "72": {"L": {"core_mm": [330.0, -326.0, 1392.0], "core_gap_mm": 255.1, "knuckle_gap_mm": 206.303}, "sym_L_x": 330.0, "R": {"core_mm": [-330.0, -326.0, 1392.0], "core_gap_mm": 255.21, "knuckle_gap_mm": 204.903}, "sym_R_x": 330.0}}, "victory_pound_knuckle_worst_mm": 18.957, "victory_pound_knuckle_deepest_mm": 18.878, "victory_pound_contact_max_mm": 8.0, "victory_pound_contact_ok": false, "victory_pound_pierce_max_mm": 10.0, "victory_pound_pierce_ok": true, "victory_pound_contact_note": "★★★ **本支命门**：「捶胸」= 拳**面**（指节 `Finger_*` 顶点）砸在胸面上。判据 = **指节面到躯干面的最小带符号距离**（真·网格量，不是球近似）：贴合 ⟹ 最大值 ≤ 8.0 mm（三捶的 6 个定格帧全部要满足）；不穿透 ⟹ 最小值 ≥ −10.0 mm。实测定格窗（[[26, 28], [40, 42], [54, 56]]）内 最松 **18.957 mm** / 最深 **18.878 mm**。★ 与 E05 `bstart_fist_contact_ok`（拳 vs **拳**）不同：本支是「拳 vs **躯干**」，与 E03 `rage_chest_hit_ok` 同族 —— 但**捶点更高**（见 `victory_pound_site_ok`）。", "victory_pound_sym_rows": {"26": {"x": 0.85, "y": 0.23, "z": 0.13}, "40": {"x": 0.85, "y": 0.23, "z": 0.13}, "54": {"x": 0.85, "y": 0.23, "z": 0.13}}, "victory_pound_sym_worst_mm": {"x": 0.85, "y": 0.23, "z": 0.13}, "victory_pound_sym_limits_mm": [20.0, 25.0, 25.0], "victory_pound_sym_ok": true, "victory_pound_sym_note": "★ **三捶的同步性**：「双拳同时捶胸」两拳必须**同时、同高、同深** —— 一高一低 / 一前一后会被读成「一只手在挠痒」。实测三捶（f=[26, 40, 54]）的拳心镜像偏差 **x 0.85 / y 0.23 / z 0.13 mm**（≤ 20 / 25 / 25）。★ 本支 `ry ≡ 0`（不拧腰），对称由**结构**保证，不是靠调参。", "victory_pound_site_rows": {"26": {"z_mm": 1199.01, "x_abs_mm": 89.47}, "40": {"z_mm": 1199.01, "x_abs_mm": 89.47}, "54": {"z_mm": 1199.01, "x_abs_mm": 89.47}}, "victory_pound_site_z_min_mm": 1199.01, "victory_pound_site_x_max_mm": 89.47, "victory_pound_site_z_limit_mm": 1255.0, "victory_pound_site_ok": false, "victory_pound_site_note": "★★★ **E06 与 E03 的核心差异（可量化）**：清单预警说「E06 捶胸会与 E03 `Rage` 撞车」，开工实测（`probe_e06_baseline.py`）**推翻了清单的前提** —— E03 **本来就是双拳同时、精确对称**捶胸（`fist_dx = 244.4 mm`，两侧拳面 4.56 / 4.29 mm）。⟹ 差异只能做在**别的维度**上，本支选的是**捶点高度**：E03 实测命中拳心 z = **1166.6 mm**（下胸 / 剑突）；本支实测三捶最低 z = **1199.0 mm**（上胸 / 胸肌，探测点取胸骨下 60 mm）⟹ **高 32.4 mm**。判据：z ≥ 1255 mm（旋钮 ④ `LOW_CHEST` 把探测点拨回 E03 高度 ⟹ 本判据变红）。", "victory_pound_count": 3, "victory_pound_count_ok": true, "victory_pound_count_note": "★ E03 是 **f28 / f52 两捶**（间隔 24 帧）；本支是 **f[26, 40, 54] 三捶**（间隔 14 帧）—— 更快的庆祝节奏，也是与 E03 的第二处可量化差异。", "victory_hitstop_frames": 3, "victory_hitstop_windows": [[26, 28], [40, 42], [54, 56]], "victory_hitstop_steps_deg": {"26": [{"from": 26, "step_deg": 1.4e-05, "at": [27, "hand.L"]}, {"from": 27, "step_deg": 2.7e-05, "at": [28, "forearm.L"]}], "40": [{"from": 40, "step_deg": 5.5e-05, "at": [41, "forearm.R"]}, {"from": 41, "step_deg": 4.8e-05, "at": [42, "forearm.R"]}], "54": [{"from": 54, "step_deg": 9.6e-05, "at": [55, "forearm.L"]}, {"from": 55, "step_deg": 8.2e-05, "at": [56, "forearm.L"]}]}, "victory_hitstop_worst_step_deg": 9.6e-05, "victory_hitstop_ok": true, "victory_hitstop_note": "★ 「打击停顿」**每次捶击**都有：判据量**三个定格窗口内逐帧姿态**（`max |Δ euler|`），窗口 [[26, 28], [40, 42], [54, 56]] 各 3 帧，实测窗口内最大逐帧角步 **0.000096°**（阈值 ≤ 0.01° ⟹ 姿态完全冻结）。★ 定格靠**时间轴冻结**（帧号前进、姿态不变 + `A.set_hitstop` 把窗口键设 CONSTANT），**不是**把 N 帧压进插值 —— 否则 `no_snap_stop_ok` 会在定格边界炸。★ 与 E03 的两窗口、E05 的单窗口都不同：本支是**三窗口**。", "victory_chest_rx_deg": {"72": -3.0, "84": -2.5, "94": -2.4}, "victory_chest_puff_max_rx_deg": -2.5, "victory_chest_puff_ok": false, "victory_chest_puff_note": "★★ 「胜利」的躯干载体是**挺胸**（`chest rx` **负** = 后仰挺胸）。实测庆祝段（f=[72, 84, 94]）`chest rx` = {'72': -3.0, '84': -2.5, '94': -2.4}（**必须全部 ≤ -2.5°**）。★ 与 E03 的区别：E03 的胸后仰发生在**怒吼**时（头后仰 36°）；本支是**张臂 + 挺胸 + 下巴只上扬 12~16°** ⟹ 情绪读成「庆祝」而非「愤怒」。★ 旋钮 ⑦ `SLUMP` 把胸拨成前倾（+3°）⟹ 本判据变红。", "victory_head_back_deg": {"26": 7.0, "40": 7.0, "54": 7.0, "72": 16.0, "84": 12.0, "94": 11.7, "108": 0.7}, "victory_head_back_peak_deg": 16.0, "victory_chin_range": [8.0, 24.0], "victory_no_roar_max_deg": 26.0, "victory_chin_up_ok": true, "victory_no_roar_ok": true, "victory_chin_up_note": "★★ 「胜利」的头部载体是**下巴上扬**（`head_back` **正** = 后仰 / 上扬）。实测庆祝段峰值 **16.0°**（区间 8~24）；全程峰值 **16.0°**（⟹ `victory_no_roar_ok`：**不怒吼**，必须 ≤ 26°）。★ 这是与 E03 的第三处可量化差异：E03 怒吼顶 `head_back = 36.0°`。★ 区间**两端卡**：太小 = 没抬头（读不出胜利）；太大 = 变成 E03 的怒吼。★ 旋钮 ⑧ `NO_CHIN` 把颈/头上扬增量清零 ⟹ 本判据变红。", "victory_hero_window": [84, 94], "victory_hero_frames": 11, "victory_hero_min_frames": 8, "victory_hero_steps_deg": [{"from": 84, "step_deg": 0.617274, "at": [85, "hand.L"]}, {"from": 85, "step_deg": 0.024835, "at": [86, "forearm.R"]}, {"from": 86, "step_deg": 0.037347, "at": [87, "forearm.R"]}, {"from": 87, "step_deg": 0.045735, "at": [88, "forearm.R"]}, {"from": 88, "step_deg": 0.049997, "at": [89, "forearm.R"]}, {"from": 89, "step_deg": 0.050175, "at": [90, "forearm.R"]}, {"from": 90, "step_deg": 0.046295, "at": [91, "forearm.R"]}, {"from": 91, "step_deg": 0.038345, "at": [92, "forearm.R"]}, {"from": 92, "step_deg": 0.045059, "at": [93, "upperarm.R"]}, {"from": 93, "step_deg": 0.060643, "at": [94, "hand.L"]}], "victory_hero_worst_step_deg": 0.617274, "victory_hero_hold_ok": true, "victory_hero_hold_note": "★★ 清单风险 2：「胜利动作的停不能太长，末段必须是**稳定的英雄 Pose** 而非颤抖」。判据 = `HERO..HERO_HOLD` 窗口 **f=84~94 共 11 帧**内逐帧最大角步 **0.617274°**（≤ 1.60°/帧 ⟹ 读作「稳住」）。★ 与「定格」的区别：定格是 CONSTANT 插值的**硬冻结**（角步 ≈ 1e−6），本段是**缓动到几乎静止**（HOLD 键与 HERO 键只差 < 0.3°）——语义上是「摆好姿势站定」，不是「被打停了」。★ 旋钮 ⑨ `TREMBLE` 在窗口内逐帧交替 ±3° ⟹ 本判据变红。", "victory_ankle_drift_mm": {"L": 0.0001, "R": 0.0001}, "victory_toe_drift_mm": {"L": 0.0002, "R": 0.0002}, "victory_sole_min_mm": -1.334, "victory_sole_max_mm": -0.962, "foot_lock_ok": true, "foot_lock_note": "★★★ **脚锁「全程」口径**（照 E05；E06 不跳、不位移）：本支双腿全程落地 ⟹ `want` 恒 = 站架踝。实测踝漂 **L 0.0001 / R 0.0001 mm**、趾漂 **L 0.0002 / R 0.0002 mm**（阈值 0.5 mm），鞋底 **-1.33 ~ -0.96 mm**（带 -2 ~ 6）。★ 三捶的**屈膝下沉**全部由腿 IK 吸收，脚一动不动 —— 这正是「捶胸靠屈膝发力」的物理证据（力量链的腿段）。", "no_snap_stop_step_deg": 0.2477, "no_snap_stop_at": [115, "shoulder.R"], "no_snap_stop_ok": true, "seam_first_step_deg": 0.6249, "seam_last_step_deg": 0.0394, "loop_velocity_ok": null, "loop_velocity_note": "★ **停用 `loop_velocity_ok` 并登记理由**：该判据（首/末帧角速度必须相等）是 E02 为**循环**动画加的对称性检查。本支 `meta.loop = false`（**一次性**「胜利」：站架 → 三捶 → 张臂 → 英雄姿 → 回站架），首末帧同姿只用于「起手不留痕」，**不要求角速度对称**。实测首帧步 0.625° / 末帧步 0.039°。", "chain_travel": {"foot_axis_mm": 42.943, "knee_deg": 14.741, "hip_mm": 39.446, "waist_deg": 3.844, "shoulder_mm": 89.715, "hand_mm": 255.53}, "chain_note": "★ 力量传导链 **脚 → 腿 → 髋 → 腰 → 肩 → 手**，六段**都必须有非零关键帧**（清单 0.2「不许跳级」）。本支载体：脚 = 髋↔踝距离行程（下沉靠屈膝）＋ 踝**全程钉死**（漂移 ≤ 0.5 mm）；腿 = 膝屈角行程；髋 = 骨盆世界行程；腰 = `chest` 俯仰行程；肩 = 肩峰世界行程；手 = 拳心世界行程。★ 本支**没有「只有手在动」**：每次捶击的屈膝下沉把脚→腿→髋→腰全部串上。", "chain_present_ok": true, "leg_reach_ratio_max": 0.94267, "leg_reach_at": [0, "L"], "leg_reach_ok": true, "arm_reach_ratio_max": 0.58857, "arm_reach_at": [72, "L"], "arm_reach_ok": true, "clip_max_mm": 0.0, "clip_at": null, "no_face_clip_ok": true, "victory_pierce_scope": ["(0, TOTAL) 内全部帧", "排除接缝帧 [0, 120]"], "victory_pierce_nothumb_worst": 9, "victory_pierce_nothumb_worst_at": [3, "R"], "victory_pierce_nothumb_deepest_mm": -9.12, "victory_pierce_nothumb_deepest_at": [3, "R"], "victory_pierce_all_worst": 82, "victory_pierce_thumb_worst": 73, "victory_station_nothumb_count": 3, "victory_station_pierce": {"L": {"inside": 0, "inside_nothumb": 0, "thumb": 0, "n": 666, "deepest_mm": 1.04, "deepest_nothumb_mm": 29.3}, "R": {"inside": 74, "inside_nothumb": 3, "thumb": 71, "n": 666, "deepest_mm": -33.96, "deepest_nothumb_mm": -4.05}}, "victory_pierce_detail": {"0": {"L": {"inside": 0, "inside_nothumb": 0, "thumb": 0, "n": 666, "deepest_mm": 1.04, "deepest_nothumb_mm": 29.3}, "R": {"inside": 74, "inside_nothumb": 3, "thumb": 71, "n": 666, "deepest_mm": -33.96, "deepest_nothumb_mm": -4.05}}, "3": {"L": {"inside": 13, "inside_nothumb": 0, "thumb": 13, "n": 666, "deepest_mm": -3.56, "deepest_nothumb_mm": 21.69}, "R": {"inside": 82, "inside_nothumb": 9, "thumb": 73, "n": 666, "deepest_mm": -37.02, "deepest_nothumb_mm": -9.12}}, "6": {"L": {"inside": 6, "inside_nothumb": 0, "thumb": 6, "n": 666, "deepest_mm": -2.32, "deepest_nothumb_mm": 30.64}, "R": {"inside": 58, "inside_nothumb": 0, "thumb": 58, "n": 666, "deepest_mm": -31.77, "deepest_nothumb_mm": 4.58}}, "9": {"L": {"inside": 0, "inside_nothumb": 0, "thumb": 0, "n": 666, "deepest_mm": 62.62, "deepest_nothumb_mm": 85.92}, "R": {"inside": 0, "inside_nothumb": 0, "thumb": 0, "n": 666, "deepest_mm": 48.76, "deepest_nothumb_mm": 67.54}}, "12": {"L": {"inside": 0, "inside_nothumb": 0, "thumb": 0, "n": 666, "deepest_mm": 129.1, "deepest_nothumb_mm": 129.1}, "R": {"inside": 0, "inside_nothumb": 0, "thumb": 0, "n": 666, "deepest_mm": 124.66, "deepest_nothumb_mm": 124.66}}, "15": {"L": {"inside": 0, "inside_nothumb": 0, "thumb": 0, "n": 666, "deepest_mm": 130.63, "deepest_nothumb_mm": 130.63}, "R": {"inside": 0, "inside_nothumb": 0, "thumb": 0, "n": 666, "deepest_mm": 126.52, "deepest_nothumb_mm": 126.52}}, "18": {"L": {"inside": 0, "inside_nothumb": 0, "thumb": 0, "n": 666, "deepest_mm": 141.22, "deepest_nothumb_mm": 141.22}, "R": {"inside": 0, "inside_nothumb": 0, "thumb": 0, "n": 666, "deepest_mm": 141.12, "deepest_nothumb_mm": 141.12}}, "21": {"L": {"inside": 0, "inside_nothumb": 0, "thumb": 0, "n": 666, "deepest_mm": 120.85, "deepest_nothumb_mm": 120.85}, "R": {"inside": 0, "inside_nothumb": 0, "thumb": 0, "n": 666, "deepest_mm": 119.32, "deepest_nothumb_mm": 119.32}}, "24": {"L": {"inside": 0, "inside_nothumb": 0, "thumb": 0, "n": 666, "deepest_mm": 60.74, "deepest_nothumb_mm": 60.74}, "R": {"inside": 0, "inside_nothumb": 0, "thumb": 0, "n": 666, "deepest_mm": 61.6, "deepest_nothumb_mm": 61.6}}, "26": {"L": {"inside": 0, "inside_nothumb": 0, "thumb": 0, "n": 666, "deepest_mm": 20.12, "deepest_nothumb_mm": 20.12}, "R": {"inside": 0, "inside_nothumb": 0, "thumb": 0, "n": 666, "deepest_mm": 19.94, "deepest_nothumb_mm": 19.94}}, "27": {"L": {"inside": 0, "inside_nothumb": 0, "thumb": 0, "n": 666, "deepest_mm": 20.12, "deepest_nothumb_mm": 20.12}, "R": {"inside": 0, "inside_nothumb": 0, "thumb": 0, "n": 666, "deepest_mm": 19.94, "deepest_nothumb_mm": 19.94}}, "28": {"L": {"inside": 0, "inside_nothumb": 0, "thumb": 0, "n": 666, "deepest_mm": 20.12, "deepest_nothumb_mm": 20.12}, "R": {"inside": 0, "inside_nothumb": 0, "thumb": 0, "n": 666, "deepest_mm": 19.94, "deepest_nothumb_mm": 19.94}}, "30": {"L": {"inside": 0, "inside_nothumb": 0, "thumb": 0, "n": 666, "deepest_mm": 24.91, "deepest_nothumb_mm": 24.91}, "R": {"inside": 0, "inside_nothumb": 0, "thumb": 0, "n": 666, "deepest_mm": 24.76, "deepest_nothumb_mm": 24.76}}, "33": {"L": {"inside": 0, "inside_nothumb": 0, "thumb": 0, "n": 666, "deepest_mm": 47.19, "deepest_nothumb_mm": 47.19}, "R": {"inside": 0, "inside_nothumb": 0, "thumb": 0, "n": 666, "deepest_mm": 48.8, "deepest_nothumb_mm": 48.8}}, "36": {"L": {"inside": 0, "inside_nothumb": 0, "thumb": 0, "n": 666, "deepest_mm": 41.02, "deepest_nothumb_mm": 41.02}, "R": {"inside": 0, "inside_nothumb": 0, "thumb": 0, "n": 666, "deepest_mm": 40.18, "deepest_nothumb_mm": 40.18}}, "39": {"L": {"inside": 0, "inside_nothumb": 0, "thumb": 0, "n": 666, "deepest_mm": 21.46, "deepest_nothumb_mm": 21.46}, "R": {"inside": 0, "inside_nothumb": 0, "thumb": 0, "n": 666, "deepest_mm": 21.31, "deepest_nothumb_mm": 21.31}}, "40": {"L": {"inside": 0, "inside_nothumb": 0, "thumb": 0, "n": 666, "deepest_mm": 20.12, "deepest_nothumb_mm": 20.12}, "R": {"inside": 0, "inside_nothumb": 0, "thumb": 0, "n": 666, "deepest_mm": 19.94, "deepest_nothumb_mm": 19.94}}, "42": {"L": {"inside": 0, "inside_nothumb": 0, "thumb": 0, "n": 666, "deepest_mm": 20.12, "deepest_nothumb_mm": 20.12}, "R": {"inside": 0, "inside_nothumb": 0, "thumb": 0, "n": 666, "deepest_mm": 19.94, "deepest_nothumb_mm": 19.94}}, "45": {"L": {"inside": 0, "inside_nothumb": 0, "thumb": 0, "n": 666, "deepest_mm": 34.86, "deepest_nothumb_mm": 34.86}, "R": {"inside": 0, "inside_nothumb": 0, "thumb": 0, "n": 666, "deepest_mm": 34.38, "deepest_nothumb_mm": 34.38}}, "48": {"L": {"inside": 0, "inside_nothumb": 0, "thumb": 0, "n": 666, "deepest_mm": 45.86, "deepest_nothumb_mm": 45.86}, "R": {"inside": 0, "inside_nothumb": 0, "thumb": 0, "n": 666, "deepest_mm": 48.07, "deepest_nothumb_mm": 48.07}}, "51": {"L": {"inside": 0, "inside_nothumb": 0, "thumb": 0, "n": 666, "deepest_mm": 35.75, "deepest_nothumb_mm": 35.75}, "R": {"inside": 0, "inside_nothumb": 0, "thumb": 0, "n": 666, "deepest_mm": 35.26, "deepest_nothumb_mm": 35.26}}, "54": {"L": {"inside": 0, "inside_nothumb": 0, "thumb": 0, "n": 666, "deepest_mm": 20.12, "deepest_nothumb_mm": 20.12}, "R": {"inside": 0, "inside_nothumb": 0, "thumb": 0, "n": 666, "deepest_mm": 19.94, "deepest_nothumb_mm": 19.94}}, "56": {"L": {"inside": 0, "inside_nothumb": 0, "thumb": 0, "n": 666, "deepest_mm": 20.12, "deepest_nothumb_mm": 20.12}, "R": {"inside": 0, "inside_nothumb": 0, "thumb": 0, "n": 666, "deepest_mm": 19.94, "deepest_nothumb_mm": 19.94}}, "57": {"L": {"inside": 0, "inside_nothumb": 0, "thumb": 0, "n": 666, "deepest_mm": 19.84, "deepest_nothumb_mm": 19.84}, "R": {"inside": 0, "inside_nothumb": 0, "thumb": 0, "n": 666, "deepest_mm": 19.83, "deepest_nothumb_mm": 19.83}}, "60": {"L": {"inside": 0, "inside_nothumb": 0, "thumb": 0, "n": 666, "deepest_mm": 36.85, "deepest_nothumb_mm": 36.85}, "R": {"inside": 0, "inside_nothumb": 0, "thumb": 0, "n": 666, "deepest_mm": 37.14, "deepest_nothumb_mm": 37.14}}, "63": {"L": {"inside": 0, "inside_nothumb": 0, "thumb": 0, "n": 666, "deepest_mm": 89.47, "deepest_nothumb_mm": 89.47}, "R": {"inside": 0, "inside_nothumb": 0, "thumb": 0, "n": 666, "deepest_mm": 85.72, "deepest_nothumb_mm": 85.72}}, "66": {"L": {"inside": 0, "inside_nothumb": 0, "thumb": 0, "n": 666, "deepest_mm": 140.29, "deepest_nothumb_mm": 140.29}, "R": {"inside": 0, "inside_nothumb": 0, "thumb": 0, "n": 666, "deepest_mm": 138.91, "deepest_nothumb_mm": 138.91}}, "69": {"L": {"inside": 0, "inside_nothumb": 0, "thumb": 0, "n": 666, "deepest_mm": 182.7, "deepest_nothumb_mm": 182.7}, "R": {"inside": 0, "inside_nothumb": 0, "thumb": 0, "n": 666, "deepest_mm": 182.41, "deepest_nothumb_mm": 182.41}}, "72": {"L": {"inside": 0, "inside_nothumb": 0, "thumb": 0, "n": 666, "deepest_mm": 206.3, "deepest_nothumb_mm": 206.3}, "R": {"inside": 0, "inside_nothumb": 0, "thumb": 0, "n": 666, "deepest_mm": 204.9, "deepest_nothumb_mm": 204.9}}, "75": {"L": {"inside": 0, "inside_nothumb": 0, "thumb": 0, "n": 666, "deepest_mm": 179.34, "deepest_nothumb_mm": 179.34}, "R": {"inside": 0, "inside_nothumb": 0, "thumb": 0, "n": 666, "deepest_mm": 178.21, "deepest_nothumb_mm": 178.21}}, "78": {"L": {"inside": 0, "inside_nothumb": 0, "thumb": 0, "n": 666, "deepest_mm": 132.64, "deepest_nothumb_mm": 132.64}, "R": {"inside": 0, "inside_nothumb": 0, "thumb": 0, "n": 666, "deepest_mm": 131.31, "deepest_nothumb_mm": 131.31}}, "81": {"L": {"inside": 0, "inside_nothumb": 0, "thumb": 0, "n": 666, "deepest_mm": 94.32, "deepest_nothumb_mm": 94.32}, "R": {"inside": 0, "inside_nothumb": 0, "thumb": 0, "n": 666, "deepest_mm": 92.93, "deepest_nothumb_mm": 92.93}}, "84": {"L": {"inside": 0, "inside_nothumb": 0, "thumb": 0, "n": 666, "deepest_mm": 73.76, "deepest_nothumb_mm": 73.76}, "R": {"inside": 0, "inside_nothumb": 0, "thumb": 0, "n": 666, "deepest_mm": 72.39, "deepest_nothumb_mm": 72.39}}, "87": {"L": {"inside": 0, "inside_nothumb": 0, "thumb": 0, "n": 666, "deepest_mm": 73.08, "deepest_nothumb_mm": 73.08}, "R": {"inside": 0, "inside_nothumb": 0, "thumb": 0, "n": 666, "deepest_mm": 71.83, "deepest_nothumb_mm": 71.83}}, "90": {"L": {"inside": 0, "inside_nothumb": 0, "thumb": 0, "n": 666, "deepest_mm": 72.85, "deepest_nothumb_mm": 72.85}, "R": {"inside": 0, "inside_nothumb": 0, "thumb": 0, "n": 666, "deepest_mm": 71.59, "deepest_nothumb_mm": 71.59}}, "93": {"L": {"inside": 0, "inside_nothumb": 0, "thumb": 0, "n": 666, "deepest_mm": 72.73, "deepest_nothumb_mm": 72.73}, "R": {"inside": 0, "inside_nothumb": 0, "thumb": 0, "n": 666, "deepest_mm": 71.47, "deepest_nothumb_mm": 71.47}}, "96": {"L": {"inside": 0, "inside_nothumb": 0, "thumb": 0, "n": 666, "deepest_mm": 71.21, "deepest_nothumb_mm": 71.21}, "R": {"inside": 0, "inside_nothumb": 0, "thumb": 0, "n": 666, "deepest_mm": 69.88, "deepest_nothumb_mm": 69.88}}, "99": {"L": {"inside": 0, "inside_nothumb": 0, "thumb": 0, "n": 666, "deepest_mm": 61.0, "deepest_nothumb_mm": 61.0}, "R": {"inside": 0, "inside_nothumb": 0, "thumb": 0, "n": 666, "deepest_mm": 58.6, "deepest_nothumb_mm": 58.6}}, "102": {"L": {"inside": 0, "inside_nothumb": 0, "thumb": 0, "n": 666, "deepest_mm": 4.72, "deepest_nothumb_mm": 31.55}, "R": {"inside": 15, "inside_nothumb": 0, "thumb": 15, "n": 666, "deepest_mm": -7.05, "deepest_nothumb_mm": 20.67}}, "105": {"L": {"inside": 13, "inside_nothumb": 0, "thumb": 13, "n": 666, "deepest_mm": -3.76, "deepest_nothumb_mm": 21.08}, "R": {"inside": 74, "inside_nothumb": 3, "thumb": 71, "n": 666, "deepest_mm": -31.71, "deepest_nothumb_mm": -4.46}}, "108": {"L": {"inside": 0, "inside_nothumb": 0, "thumb": 0, "n": 666, "deepest_mm": 1.48, "deepest_nothumb_mm": 29.45}, "R": {"inside": 72, "inside_nothumb": 2, "thumb": 70, "n": 666, "deepest_mm": -33.2, "deepest_nothumb_mm": -3.87}}, "111": {"L": {"inside": 0, "inside_nothumb": 0, "thumb": 0, "n": 666, "deepest_mm": 1.42, "deepest_nothumb_mm": 29.43}, "R": {"inside": 73, "inside_nothumb": 3, "thumb": 70, "n": 666, "deepest_mm": -33.29, "deepest_nothumb_mm": -3.91}}, "114": {"L": {"inside": 0, "inside_nothumb": 0, "thumb": 0, "n": 666, "deepest_mm": 1.27, "deepest_nothumb_mm": 29.39}, "R": {"inside": 74, "inside_nothumb": 3, "thumb": 71, "n": 666, "deepest_mm": -33.61, "deepest_nothumb_mm": -3.96}}, "117": {"L": {"inside": 0, "inside_nothumb": 0, "thumb": 0, "n": 666, "deepest_mm": 1.11, "deepest_nothumb_mm": 29.33}, "R": {"inside": 74, "inside_nothumb": 3, "thumb": 71, "n": 666, "deepest_mm": -33.89, "deepest_nothumb_mm": -4.02}}, "120": {"L": {"inside": 0, "inside_nothumb": 0, "thumb": 0, "n": 666, "deepest_mm": 1.04, "deepest_nothumb_mm": 29.3}, "R": {"inside": 74, "inside_nothumb": 3, "thumb": 71, "n": 666, "deepest_mm": -33.96, "deepest_nothumb_mm": -4.05}}}, "victory_hand_no_pierce_ok": false, "victory_hand_no_pierce_note": "★ 本支的拳要**压到胸面上**（捶胸）—— 比 E04 的腾空摆臂**更贴近躯干**⟹ 这条断言在本支**真的有风险**，不是走过场。口径照 E03 v011 的**差分**形式（**改的是基准，不是阈值**）：实测非拇指「真在体内」顶点数 **9**（@ (3, 'R')）、非拇指最深带符号距离 **-9.12 mm**（@ (3, 'R')，下限 −10 mm）；站架基线同一读数 **3** 个（`Idle_01@0` 的预存缺陷，本支 f=0 / f=120 必须逐位等于它 ⟹ 口径只能是差分）。★ 全手（含拇指）读数照样登记：体内最多 **82** 个（其中拇指 **73**）。", "victory_matrix_step_deg_max": 27.1, "victory_matrix_step_at": [21, "index_02.L"], "victory_matrix_step_ok": false, "victory_euler_step_deg_max": 56.129, "victory_euler_step_at": [20, "forearm.L"], "victory_matrix_step_note": "★★ **矩阵口径**的逐帧最大真实旋转步 **27.100° @ (21, 'index_02.L')**（阈值 ≤ 25.0°）；euler 口径 **56.129° @ (20, 'forearm.L')**。两者**必须一致地小** —— 差得远就说明欧拉表示在跳（C14 / D01 / E03 的万向节锁坑），而不是动作在跳。★ 本支先做 `compat_euler`（min-max 瓶颈 DP）再断言。★ 风险段：`PULL → POUND`（收拳 → 砸胸，`accel` 重击）与 `POUND3 → OPEN`（拳从胸面甩到体侧外，行程最大 ~300 mm）。", "victory_x_hint_margin": 0.6769, "victory_x_hint_margin_min": 0.45, "victory_x_hint_margin_ok": true, "victory_x_hint_margin_note": "★ `orient_hand` 的滚转基准（`thumb_out` = ±X 体侧外）实测最小余量 **0.6769**（阈值 ≥ 0.45）。E03 v009 的实测教训：基准若落在骨轴方向上，投影退化为 0 ⟹ 滚转由浮点噪声决定 ⟹ **真实旋转 83.86°/帧**（不是表示问题，是真翻）。★ 本支与 E03 同族（基准 = ±X），但**动作不同** ⟹ 必须**重新量**（E03 的 0.701 不能照抄到本支的张臂轨迹上）。", "phase_markers": {"START": 0, "DIP": 14, "POUND1": 26, "PULL1": 33, "POUND2": 40, "PULL2": 47, "POUND3": 54, "OPEN": 72, "HERO": 84, "HERO_HOLD": 94, "SETTLE": 108, "END": 120}, "victory_sole_trace_mm": {"0": -0.96, "1": -0.97, "2": -0.99, "3": -1.01, "4": -1.05, "5": -1.09, "6": -1.13, "7": -1.16, "8": -1.2, "9": -1.24, "10": -1.27, "11": -1.3, "12": -1.32, "13": -1.33, "14": -1.33, "15": -1.33, "16": -1.33, "17": -1.33, "18": -1.33, "19": -1.33, "20": -1.33, "21": -1.33, "22": -1.33, "23": -1.33, "24": -1.33, "25": -1.33, "26": -1.32, "27": -1.32, "28": -1.32, "29": -1.32, "30": -1.32, "31": -1.31, "32": -1.31, "33": -1.31, "34": -1.31, "35": -1.31, "36": -1.31, "37": -1.31, "38": -1.32, "39": -1.32, "40": -1.32, "41": -1.32, "42": -1.32, "43": -1.32, "44": -1.32, "45": -1.31, "46": -1.31, "47": -1.31, "48": -1.31, "49": -1.31, "50": -1.31, "51": -1.31, "52": -1.32, "53": -1.32, "54": -1.32, "55": -1.32, "56": -1.32, "57": -1.32, "58": -1.31, "59": -1.3, "60": -1.29, "61": -1.27, "62": -1.25, "63": -1.22, "64": -1.2, "65": -1.18, "66": -1.15, "67": -1.13, "68": -1.11, "69": -1.09, "70": -1.08, "71": -1.07, "72": -1.06, "73": -1.06, "74": -1.06, "75": -1.06, "76": -1.06, "77": -1.05, "78": -1.05, "79": -1.05, "80": -1.04, "81": -1.04, "82": -1.04, "83": -1.04, "84": -1.04, "85": -1.04, "86": -1.04, "87": -1.04, "88": -1.03, "89": -1.03, "90": -1.03, "91": -1.03, "92": -1.03, "93": -1.03, "94": -1.03, "95": -1.03, "96": -1.03, "97": -1.03, "98": -1.02, "99": -1.02, "100": -1.02, "101": -1.02, "102": -1.01, "103": -1.01, "104": -1.01, "105": -1.0, "106": -1.0, "107": -1.0, "108": -1.0, "109": -1.0, "110": -1.0, "111": -0.99, "112": -0.99, "113": -0.99, "114": -0.98, "115": -0.98, "116": -0.97, "117": -0.97, "118": -0.96, "119": -0.96, "120": -0.96}, "end_matches_start_elem_max": 0.0, "end_matches_start_elem_at": null, "end_matches_start_ok": true, "loop_angle_deg": 0.0, "loop_move_mm": 0.0, "seam_in_pos_max_mm": 8.7e-05, "seam_in_dir_max_deg": 0.031181, "seam_in_at": "toe.R", "seam_in_ok": true, "seam_in_src": "Idle_01@0", "meta": {"anim_id": "Victory_01", "loop": false, "category": "状态与流程", "note": "胜利 A（捶胸）：双拳同步**三连捶上胸**（每次都定格 3 帧）→ 张臂挺胸庆祝 → 稳定英雄姿 → 回战斗待机；★ 全程原地、脚锁全程；★ 与 E03 `Rage` 的差异：捶点高 110 mm（上胸 vs 下胸）、三捶 vs 两捶、只上扬 16° vs 怒吼 36°、新增张臂段", "frames": [0, 120], "root_motion_m": [0.0, 0.0], "root_motion_z_m": [0.0, 0.0], "hitstop_frames": 3, "hitstop_windows": [[26, 28], [40, 42], [54, 56]], "antic_frame": 14, "hit_frame": 26, "hit_frames": [26, 40, 54], "cancel_frame": 72, "hit_point_m": [0.0, null, null], "seam": "Idle_01@0", "seam_ends": {"start": "Idle_01@0", "end": "Idle_01@0"}, "frame_bound_note": "★ 120 帧 = 2.0 s = E01 登记的**上界** ⟹ 可直接沿用（显式声明，不是悄悄超）；清单要求胜利动作 1.5~2.5 s ⟹ 落带内", "view_note": "★ 本支取景**自立**（不照抄 E03/E05）：纵向 −0.15~1.95 m（中心 z=0.92、正交高 2.10 m），比标准站姿视图**略高**以装下张臂；正面判捶胸贴合 + 同步，侧视判挺胸 + 下巴上扬，3Q 判英雄姿", "foot_lock": {"scope": "全程 [START..END]（本支不跳、不位移）", "reason": "原地动画 ⟹ 踝恒钉站架点（与 E04 的**分段**口径相反）"}, "pound": {"kind": "hand.geometry（拳面 = 指节顶点）vs torso.geometry", "site": "上胸（胸骨下 60 mm），与 E03 下胸不同", "contact_max_mm": 8.0, "pierce_mm": 10.0, "touch_off_mm": 31.0, "count": 3}, "differentiation_vs_E03": {"site_z_mm": {"E03": 1166.6, "E06_min": 1255.0}, "count": {"E03": 2, "E06": 3}, "head_back_deg": {"E03_roar": 36.0, "E06_max": 26.0}, "extra": "E06 新增「张臂庆祝」段 + 「英雄姿保持」段"}, "fps": 60}, "failed": ["victory_chest_puff_ok", "victory_hand_no_pierce_ok", "victory_matrix_step_ok", "victory_pound_contact_ok", "victory_pound_site_ok"], "non_ok_bools": ["no_teleport", "victory_chest_puff_ok", "victory_hand_no_pierce_ok", "victory_matrix_step_ok", "victory_pound_contact_ok", "victory_pound_site_ok"]}
E06_DONE failed=['victory_chest_puff_ok', 'victory_hand_no_pierce_ok', 'victory_matrix_step_ok', 'victory_pound_contact_ok', 'victory_pound_site_ok'] non_ok=['no_teleport', 'victory_chest_puff_ok', 'victory_hand_no_pierce_ok', 'victory_matrix_step_ok', 'victory_pound_contact_ok', 'victory_pound_site_ok']
Blender 4.5.0 (hash 8cb6b388974a built 2025-07-15 01:36:24)
Read blend: "I:\工作项目\BIGMANFIGHT\角色资产\美术资产\bigman_v001\bigman_anim_v001.blend"

Blender quit
Error: Not freed memory blocks: 1, total unfreed memory 0.000008 MB
