E06PS # === 一、胸面点可达高度（探针几何 sweep）===
E06PS # x_mm fwd_m dz_mm | neck_z surf_z | nrm | surf_x
E06PS  60.0  0.10 0.020 |  1317.9  1305.6 |  0.104 -0.966  0.237 |    63.3
E06PS  90.0  0.10 0.020 |  1317.9  1305.1 |  0.155 -0.955  0.253 |    94.4
E06PS 120.0  0.10 0.020 |  1317.9  1304.4 |  0.263 -0.918  0.298 |   125.7
E06PS 150.0  0.10 0.020 |  1317.9  1299.4 |  0.364 -0.923  0.120 |   154.4
E06PS  60.0  0.20 0.020 |  1317.9  1291.4 |  0.110 -0.989  0.103 |    55.0
E06PS  90.0  0.20 0.020 |  1317.9  1290.6 |  0.166 -0.980  0.107 |    79.3
E06PS 120.0  0.20 0.020 |  1317.9  1289.6 |  0.226 -0.968  0.112 |   103.2
E06PS 150.0  0.20 0.020 |  1317.9  1288.7 |  0.290 -0.950  0.119 |   125.9
E06PS  60.0  0.35 0.020 |  1317.9  1282.1 |  0.061 -0.993  0.098 |    46.8
E06PS  90.0  0.35 0.020 |  1317.9  1282.6 |  0.111 -0.989  0.101 |    65.6
E06PS 120.0  0.35 0.020 |  1317.9  1283.2 |  0.169 -0.980  0.104 |    82.1
E06PS 150.0  0.35 0.020 |  1317.9  1284.3 |  0.238 -0.971  0.009 |   102.6
E06PS  60.0  0.55 0.020 |  1317.9  1281.9 |  0.061 -0.993  0.098 |    34.3
E06PS  90.0  0.55 0.020 |  1317.9  1282.3 |  0.111 -0.989  0.101 |    55.8
E06PS 120.0  0.55 0.020 |  1317.9  1282.9 |  0.111 -0.989  0.101 |    72.3
E06PS 150.0  0.55 0.020 |  1317.9  1283.1 |  0.169 -0.980  0.104 |    80.3
E06PS  60.0  0.10 0.040 |  1317.9  1278.3 |  0.115 -0.993  0.011 |    64.0
E06PS  90.0  0.10 0.040 |  1317.9  1278.1 |  0.180 -0.984  0.006 |    95.5
E06PS 120.0  0.10 0.040 |  1317.9  1277.9 |  0.307 -0.952  0.000 |   127.2
E06PS 150.0  0.10 0.040 |  1317.9  1277.6 |  0.395 -0.918 -0.027 |   155.2
E06PS  60.0  0.20 0.040 |  1317.9  1277.3 |  0.115 -0.993  0.011 |    56.0
E06PS  90.0  0.20 0.040 |  1317.9  1277.1 |  0.115 -0.993  0.011 |    80.6
E06PS 120.0  0.20 0.040 |  1317.9  1277.3 |  0.238 -0.971  0.009 |   102.9
E06PS 150.0  0.20 0.040 |  1317.9  1277.9 |  0.307 -0.952  0.000 |   125.2
E06PS  60.0  0.35 0.040 |  1317.9  1276.0 |  0.059 -0.998  0.009 |    47.3
E06PS  90.0  0.35 0.040 |  1317.9  1275.5 |  0.115 -0.993  0.011 |    65.1
E06PS 120.0  0.35 0.040 |  1317.9  1275.0 |  0.174 -0.985  0.013 |    81.5
E06PS 150.0  0.35 0.040 |  1317.9  1276.2 |  0.238 -0.971  0.009 |   103.0
E06PS  60.0  0.55 0.040 |  1317.9  1276.5 |  0.063 -0.998  0.003 |    34.0
E06PS  90.0  0.55 0.040 |  1317.9  1273.8 |  0.115 -0.993  0.011 |    56.1
E06PS 120.0  0.55 0.040 |  1317.9  1225.7 |  0.187 -0.975  0.123 |    80.5
E06PS 150.0  0.55 0.040 |  1317.9  1225.7 |  0.187 -0.975  0.123 |    80.5
E06PS  60.0  0.10 0.060 |  1317.9  1259.5 |  0.114 -0.993  0.045 |    64.0
E06PS  90.0  0.10 0.060 |  1317.9  1259.1 |  0.194 -0.980  0.038 |    96.0
E06PS 120.0  0.10 0.060 |  1317.9  1257.8 |  0.319 -0.948 -0.007 |   127.5
E06PS 150.0  0.10 0.060 |  1317.9  1256.7 |  0.441 -0.891 -0.104 |   155.1
E06PS  60.0  0.20 0.060 |  1317.9  1255.1 |  0.031 -0.999  0.044 |    56.5
E06PS  90.0  0.20 0.060 |  1317.9  1254.1 |  0.104 -0.993  0.057 |    81.1
E06PS 120.0  0.20 0.060 |  1317.9  1255.3 |  0.245 -0.969  0.037 |   103.2
E06PS 150.0  0.20 0.060 |  1317.9  1258.5 |  0.319 -0.948 -0.007 |   124.2
E06PS  60.0  0.35 0.060 |  1317.9  1236.3 |  0.102 -0.990  0.100 |    56.4
E06PS  90.0  0.35 0.060 |  1317.9  1230.3 |  0.076 -0.989  0.128 |    73.7
E06PS 120.0  0.35 0.060 |  1317.9  1230.8 |  0.187 -0.975  0.123 |    80.7
E06PS 150.0  0.35 0.060 |  1317.9  1237.1 |  0.218 -0.972  0.093 |   100.9
E06PS  60.0  0.55 0.060 |  1317.9  1225.0 |  0.102 -0.990  0.100 |    56.3
E06PS  90.0  0.55 0.060 |  1317.9  1225.1 |  0.076 -0.989  0.128 |    58.0
E06PS 120.0  0.55 0.060 |  1317.9  1225.7 |  0.187 -0.975  0.123 |    80.5
E06PS 150.0  0.55 0.060 |  1317.9  1225.7 |  0.187 -0.975  0.123 |    80.5
E06PS  60.0  0.10 0.085 |  1317.9  1236.6 |  0.102 -0.990  0.100 |    63.8
E06PS  90.0  0.10 0.085 |  1317.9  1236.0 |  0.218 -0.972  0.093 |    97.2
E06PS 120.0  0.10 0.085 |  1317.9  1230.1 |  0.456 -0.881 -0.124 |   130.4
E06PS 150.0  0.10 0.085 |  1317.9  1230.9 |  0.583 -0.772 -0.254 |   154.6
E06PS  60.0  0.20 0.085 |  1317.9  1226.7 | -0.037 -0.994  0.102 |    56.3
E06PS  90.0  0.20 0.085 |  1317.9  1225.7 |  0.046 -0.999 -0.023 |    80.5
E06PS 120.0  0.20 0.085 |  1317.9  1227.2 |  0.275 -0.957  0.089 |   102.2
E06PS 150.0  0.20 0.085 |  1317.9  1232.0 |  0.353 -0.936  0.011 |   121.5
E06PS  60.0  0.35 0.085 |  1317.9  1225.0 |  0.081 -0.995 -0.056 |    56.3
E06PS  90.0  0.35 0.085 |  1317.9  1225.5 |  0.081 -0.995 -0.056 |    73.2
E06PS 120.0  0.35 0.085 |  1317.9  1225.7 |  0.218 -0.972  0.093 |    80.5
E06PS 150.0  0.35 0.085 |  1317.9  1227.1 |  0.218 -0.972  0.093 |   100.0
E06PS  60.0  0.55 0.085 |  1317.9  1225.0 |  0.081 -0.995 -0.056 |    56.3
E06PS  90.0  0.55 0.085 |  1317.9  1225.1 |  0.081 -0.995 -0.056 |    57.4
E06PS 120.0  0.55 0.085 |  1317.9  1225.7 |  0.218 -0.972  0.093 |    80.5
E06PS 150.0  0.55 0.085 |  1317.9  1225.7 |  0.218 -0.972  0.093 |    80.5
E06PS # === 二、贴合 + 高度联合（整姿 · 真拳面）===
E06PS # x_mm fwd_m dz_mm off_mm | coreL_z coreL_x | knuckleL_mm | core_gapL_mm
E06PS  90.0  0.20 0.020  14.0 |   1262.8     83.7 |    -3.74 |   +14.00
E06PS  90.0  0.20 0.020  18.0 |   1263.2     84.3 |    +0.26 |   +18.00
E06PS  90.0  0.20 0.020  22.0 |   1263.6     85.0 |    +4.26 |   +22.00
E06PS  90.0  0.20 0.020  26.0 |   1264.1     83.8 |    +8.11 |   +25.93
E06PS 120.0  0.20 0.020  14.0 |   1261.5    109.0 |    -3.02 |   +14.00
E06PS 120.0  0.20 0.020  18.0 |   1262.0    109.9 |    +0.99 |   +18.00
E06PS 120.0  0.20 0.020  22.0 |   1262.4    110.8 |    +5.00 |   +22.00
E06PS 120.0  0.20 0.020  26.0 |   1262.9    111.7 |    +9.01 |   +26.00
E06PS  90.0  0.20 0.040  14.0 |   1248.7     84.3 |    -6.44 |   +14.00
E06PS  90.0  0.20 0.040  18.0 |   1248.7     84.8 |    -2.42 |   +18.00
E06PS  90.0  0.20 0.040  22.0 |   1248.8     85.2 |    +1.61 |   +22.00
E06PS  90.0  0.20 0.040  26.0 |   1248.9     83.0 |    +5.74 |   +26.00
E06PS 120.0  0.20 0.040  14.0 |   1248.3    109.1 |    -5.73 |   +14.00
E06PS 120.0  0.20 0.040  18.0 |   1248.4    110.1 |    -1.72 |   +18.00
E06PS 120.0  0.20 0.040  22.0 |   1248.4    111.0 |    +2.29 |   +22.00
E06PS 120.0  0.20 0.040  26.0 |   1248.5    112.0 |    +6.30 |   +26.00
E06PS  90.0  0.20 0.060  14.0 |   1224.5     85.5 |    -2.51 |   +14.00
E06PS  90.0  0.20 0.060  18.0 |   1224.7     85.9 |    +1.52 |   +18.00
E06PS  90.0  0.20 0.060  22.0 |   1224.9     86.3 |    +5.55 |   +22.00
E06PS  90.0  0.20 0.060  26.0 |   1224.8     86.8 |    +9.50 |   +26.00
E06PS 120.0  0.20 0.060  14.0 |   1225.1    110.7 |    -2.76 |   +14.00
E06PS 120.0  0.20 0.060  18.0 |   1225.2    111.7 |    +1.27 |   +18.00
E06PS 120.0  0.20 0.060  22.0 |   1225.4    112.7 |    +5.30 |   +22.00
E06PS 120.0  0.20 0.060  26.0 |   1225.5    113.7 |    +9.33 |   +26.00
E06PS  90.0  0.20 0.085  14.0 |   1192.2     83.2 |    +1.34 |   +14.00
E06PS  90.0  0.20 0.085  18.0 |   1192.0     83.6 |    +5.39 |   +18.00
E06PS  90.0  0.20 0.085  22.0 |   1190.8     84.7 |    +9.30 |   +21.38
E06PS  90.0  0.20 0.085  26.0 |   1189.2     85.7 |   +12.81 |   +26.00
E06PS 120.0  0.20 0.085  14.0 |   1195.8    109.0 |    +1.09 |   +14.00
E06PS 120.0  0.20 0.085  18.0 |   1194.7    110.3 |    +5.13 |   +18.00
E06PS 120.0  0.20 0.085  22.0 |   1193.0    111.5 |    +9.16 |   +21.14
E06PS 120.0  0.20 0.085  26.0 |   1198.6    112.7 |   +13.23 |   +26.00
E06PS done
Blender 4.5.0 (hash 8cb6b388974a built 2025-07-15 01:36:24)
Read blend: "I:\工作项目\BIGMANFIGHT\角色资产\美术资产\bigman_v001\bigman_anim_v001.blend"

Blender quit
Error: Not freed memory blocks: 1, total unfreed memory 0.000008 MB
