Blender 4.5.0 (hash 8cb6b388974a built 2025-07-15 01:36:24)
Read blend: "I:\工作项目\BIGMANFIGHT\角色资产\美术资产\bigman_v001\bigman_anim_v001.blend"
Traceback (most recent call last):
  File "I:\工作项目\BIGMANFIGHT\角色资产\美术资产\bigman_v001\animations\_probe_e07_diag.py", line 72, in <module>
    A.torso_bvh_reset()
    ^^^^^^^^^^^^^^^^^
AttributeError: module 'anim_lib' has no attribute 'torso_bvh_reset'
======================================================================
E07_DIAG A. 逐帧 euler 最大步（只看 WATCH）
  step= 133.113  f= 95  hand.R        (25.28, 127.35, -0.76) -> (-105.98, 17.68, -133.87)
  step= 128.772  f= 11  hand.R        (-108.02, 22.82, -136.35) -> (18.81, 144.45, -7.58)
  step= 116.100  f= 10  hand.L        (-83.17, -19.3, 84.91) -> (32.93, -125.34, 2.0)
  step= 114.819  f= 97  forearm.R     (95.56, -46.42, 115.07) -> (-19.26, -81.07, 223.27)
  step=  96.457  f= 98  hand.L        (51.93, -63.59, -29.71) -> (-42.43, -43.19, 66.74)
  step=  58.551  f= 10  hand.R        (-80.77, 25.91, -77.8) -> (-108.02, 22.82, -136.35)
  step=  37.595  f= 11  forearm.R     (101.65, -43.93, 134.11) -> (80.62, -58.97, 171.71)
  step=  34.490  f= 10  forearm.L     (101.28, 21.37, -111.29) -> (91.79, 49.74, -145.78)
  step=  34.034  f=  8  forearm.L     (42.78, 19.2, -130.01) -> (76.82, 18.66, -114.61)
  step=  32.367  f=  8  forearm.R     (33.28, -15.72, 136.74) -> (65.65, -18.78, 123.6)
  step=  31.085  f=  9  forearm.R     (65.65, -18.78, 123.6) -> (96.73, -17.66, 111.84)
  step=  29.312  f=  9  hand.L        (-63.54, -15.77, 55.6) -> (-83.17, -19.3, 84.91)
  step=  26.308  f= 11  forearm.L     (91.79, 49.74, -145.78) -> (78.9, 57.65, -172.09)
  step=  26.269  f= 10  forearm.R     (96.73, -17.66, 111.84) -> (101.65, -43.93, 134.11)
======================================================================
E07_DIAG B. 定格窗 [34,37] 逐帧 R 臂 / L 臂 euler
  f= 33 env=1.0000
      upperarm.L   (33.8077, -4.9079, 16.0541)
      forearm.L    (129.6932, -16.6506, -191.7845)
      hand.L       (5.1148, -112.5527, -4.2403)
      upperarm.R   (-62.0853, 13.7547, 22.6633)
      forearm.R    (71.9964, -49.585, 192.1208)
      hand.R       (0.5101, 159.5557, 0.1117)
  f= 34 env=1.0000
      upperarm.L   (34.5549, -4.8171, 15.403)
      forearm.L    (129.5759, -17.0527, -191.8773)
      hand.L       (1.9193, -112.2661, -1.5958)
      upperarm.R   (-62.1158, 13.738, 22.623)
      forearm.R    (71.7425, -49.385, 192.2862)
      hand.R       (0.1779, 159.5574, 0.0385)
  f= 35 env=1.0000
      upperarm.L   (34.5537, -4.8171, 15.4037)
      forearm.L    (129.3578, -17.1095, -191.896)
      hand.L       (-0.0027, -112.2431, 0.0023)
      upperarm.R   (-62.1159, 13.7381, 22.623)
      forearm.R    (71.6343, -49.3611, 192.3619)
      hand.R       (0.0, 159.5934, 0.0)
  f= 36 env=1.0000
      upperarm.L   (34.5537, -4.8171, 15.4037)
      forearm.L    (129.3581, -17.1095, -191.8959)
      hand.L       (-0.0, -112.2431, 0.0)
      upperarm.R   (-62.1159, 13.7381, 22.623)
      forearm.R    (71.6343, -49.3611, 192.3619)
      hand.R       (0.0, 159.5934, -0.0)
  f= 37 env=1.0000
      upperarm.L   (34.5537, -4.8171, 15.4037)
      forearm.L    (129.3581, -17.1095, -191.8959)
      hand.L       (-0.0, -112.2431, 0.0)
      upperarm.R   (-62.1159, 13.7381, 22.623)
      forearm.R    (71.6343, -49.3611, 192.3619)
      hand.R       (0.0, 159.5934, 0.0)
  f= 38 env=1.0000
      upperarm.L   (34.3689, -4.8706, 15.6608)
      forearm.L    (128.6976, -17.1346, -192.0334)
      hand.L       (-0.6929, -112.326, 0.5755)
      upperarm.R   (-62.1343, 13.7667, 22.6614)
      forearm.R    (71.4741, -49.3459, 192.2374)
      hand.R       (-0.0666, 159.5423, -0.0145)
======================================================================
E07_DIAG C. 末段 f108..120 arm euler（找 180 跳）
  f=105 env=0.1315  forearm.R=(1.308, -27.379, 156.488)  hand.R=(-11.68, 2.313, -36.528)  upperarm.R=(-50.371, 13.701, 28.717)
  f=106 env=0.0872  forearm.R=(1.825, -21.287, 152.86)  hand.R=(-5.006, 2.335, -32.372)  upperarm.R=(-50.277, 14.153, 29.68)
  f=107 env=0.0507  forearm.R=(2.207, -16.177, 150.038)  hand.R=(0.58, 2.223, -29.047)  upperarm.R=(-50.188, 14.565, 30.554)
  f=108 env=0.0233  forearm.R=(2.476, -12.268, 147.994)  hand.R=(4.843, 2.054, -26.597)  upperarm.R=(-50.116, 14.897, 31.258)
  f=109 env=0.0060  forearm.R=(2.644, -9.774, 146.723)  hand.R=(7.558, 1.912, -25.08)  upperarm.R=(-50.069, 15.119, 31.727)
  f=110 env=0.0000  forearm.R=(2.701, -8.9, 146.292)  hand.R=(8.506, 1.855, -24.558)  upperarm.R=(-50.055, 15.194, 31.887)
  f=111 env=0.0000  forearm.R=(2.701, -8.9, 146.292)  hand.R=(8.506, 1.855, -24.558)  upperarm.R=(-50.055, 15.194, 31.887)
  f=112 env=0.0000  forearm.R=(2.701, -8.9, 146.292)  hand.R=(8.506, 1.855, -24.558)  upperarm.R=(-50.055, 15.194, 31.887)
  f=113 env=0.0000  forearm.R=(2.701, -8.9, 146.292)  hand.R=(8.506, 1.855, -24.558)  upperarm.R=(-50.055, 15.194, 31.887)
  f=114 env=0.0000  forearm.R=(2.701, -8.9, 146.292)  hand.R=(8.506, 1.855, -24.558)  upperarm.R=(-50.055, 15.194, 31.887)
  f=115 env=0.0000  forearm.R=(2.701, -8.9, 146.292)  hand.R=(8.506, 1.855, -24.558)  upperarm.R=(-50.055, 15.194, 31.887)
  f=116 env=0.0000  forearm.R=(2.701, -8.9, 146.292)  hand.R=(8.506, 1.855, -24.558)  upperarm.R=(-50.055, 15.194, 31.887)
  f=117 env=0.0000  forearm.R=(2.701, -8.9, 146.292)  hand.R=(8.506, 1.855, -24.558)  upperarm.R=(-50.055, 15.194, 31.887)
  f=118 env=0.0000  forearm.R=(2.701, -8.9, 146.292)  hand.R=(8.506, 1.855, -24.558)  upperarm.R=(-50.055, 15.194, 31.887)
  f=119 env=0.0000  forearm.R=(2.701, -8.9, 146.292)  hand.R=(8.506, 1.855, -24.558)  upperarm.R=(-50.055, 15.194, 31.887)
  f=120 env=0.0000  forearm.R=(2.701, -8.9, 146.292)  hand.R=(8.506, 1.855, -24.558)  upperarm.R=(-50.055, 15.194, 31.887)
======================================================================
E07_DIAG D. 环指 f8..f14
  f=  6 ring_03.L=(-62, 0.0, 0.0) ring_03.R=(-62, 0.0, 0.0)
  f=  7 ring_03.L=(-62, 0.0, 0.0) ring_03.R=(-62, 0.0, 0.0)
  f=  8 ring_03.L=(-62, 0.0, 0.0) ring_03.R=(-62, 0.0, 0.0)
  f=  9 ring_03.L=(-62, 0.0, 0.0) ring_03.R=(-62, 0.0, 0.0)
  f= 10 ring_03.L=(-62, 0.0, 0.0) ring_03.R=(-62, 0.0, 0.0)
  f= 11 ring_03.L=(-62, 0.0, 0.0) ring_03.R=(-62, 0.0, 0.0)
  f= 12 ring_03.L=(-62, 0.0, 0.0) ring_03.R=(-62, 0.0, 0.0)
  f= 13 ring_03.L=(-62, 0.0, 0.0) ring_03.R=(-62, 0.0, 0.0)
  f= 14 ring_03.L=(-62, 0.0, 0.0) ring_03.R=(-62, 0.0, 0.0)
  f= 15 ring_03.L=(-62, 0.0, 0.0) ring_03.R=(-62, 0.0, 0.0)
======================================================================
E07_DIAG E. R 拳穿模 f90..f112（hand_mesh_stats, limit=10mm）

Blender quit
Error: Not freed memory blocks: 1, total unfreed memory 0.000008 MB
