========================================================================
E07_DIAG3 A. hand.R / forearm.R 逐帧（找 f12 与 f100）
  f=  0 env=0.000 margin=1.0000  up.R=(-50.1, 15.2, 31.9) fo.R=(2.7, -8.9, 146.3) hd.R=(8.5, 1.9, -24.6)
  f=  1 env=0.015 margin=0.9999  up.R=(-49.9, 15.3, 32.3) fo.R=(2.7, -9.1, 146.6) hd.R=(8.4, 1.8, -25.1)
  f=  2 env=0.055 margin=0.9994  up.R=(-49.4, 15.5, 33.2) fo.R=(2.8, -9.8, 147.3) hd.R=(8.2, 1.8, -26.5)
  f=  3 env=0.118 margin=0.9987  up.R=(-48.8, 15.8, 34.5) fo.R=(3.0, -10.7, 148.1) hd.R=(7.7, 1.9, -27.9)
  f=  4 env=0.198 margin=0.9982  up.R=(-48.3, 16.1, 35.4) fo.R=(3.3, -11.7, 148.9) hd.R=(7.1, 2.3, -28.3)
  f=  5 env=0.292 margin=0.9980  up.R=(-48.3, 16.2, 35.4) fo.R=(3.9, -12.5, 149.1) hd.R=(6.2, 2.9, -26.7)
  f=  6 env=0.394 margin=0.9977  up.R=(-49.5, 15.7, 33.4) fo.R=(5.0, -13.2, 148.3) hd.R=(4.5, 4.3, -22.6)
  f=  7 env=0.500 margin=0.9942  up.R=(-53.5, 14.4, 28.4) fo.R=(8.1, -15.2, 145.5) hd.R=(0.6, 8.1, -16.0)
  f=  8 env=0.606 margin=0.9917  up.R=(-63.5, 13.2, 22.4) fo.R=(22.5, -24.1, 135.0) hd.R=(-9.8, 19.8, -10.4)
  f=  9 env=0.708 margin=0.9966  up.R=(-74.1, 20.7, 27.3) fo.R=(74.2, -27.2, 98.6) hd.R=(-31.2, 38.6, -16.4)
  f= 10 env=0.802 margin=0.9789  up.R=(-65.9, 28.1, 41.5) fo.R=(117.5, -0.3, 76.1) hd.R=(-57.6, 62.3, -38.0)
  f= 11 env=0.882 margin=0.9745  up.R=(-58.8, 25.8, 43.9) fo.R=(139.2, 14.2, 75.5) hd.R=(-93.7, 76.6, -78.8)
  f= 12 env=0.945 margin=0.9886  up.R=(-57.2, 21.0, 37.6) fo.R=(151.4, 19.4, 78.1) hd.R=(10.2, 86.4, 18.0)
  f= 13 env=0.985 margin=0.9967  up.R=(-56.9, 16.7, 30.4) fo.R=(157.5, 22.1, 80.8) hd.R=(-5.1, 90.0, -2.9)
  f= 14 env=1.000 margin=0.9996  up.R=(-56.7, 15.0, 27.3) fo.R=(159.5, 23.1, 82.1) hd.R=(0.0, 91.2, 0.0)
  f= 15 env=1.000 margin=1.0000  up.R=(-56.7, 15.0, 27.3) fo.R=(159.3, 23.1, 82.0) hd.R=(-0.0, 91.1, 0.0)
  f= 16 env=1.000 margin=1.0000  up.R=(-56.8, 15.0, 27.3) fo.R=(159.0, 22.9, 81.7) hd.R=(-0.0, 91.0, -0.0)
  f= 17 env=1.000 margin=0.9999  up.R=(-56.9, 15.0, 27.2) fo.R=(158.4, 22.6, 81.2) hd.R=(-0.0, 90.7, 0.0)
  f= 18 env=1.000 margin=0.9999  up.R=(-57.1, 15.0, 27.1) fo.R=(157.7, 22.2, 80.5) hd.R=(-0.0, 90.3, -0.0)
  f= 19 env=1.000 margin=0.9999  up.R=(-57.2, 14.9, 27.0) fo.R=(156.9, 21.7, 79.7) hd.R=(0.0, 89.8, 0.0)
  f= 20 env=1.000 margin=0.9999  up.R=(-57.4, 14.9, 26.9) fo.R=(155.9, 21.1, 78.8) hd.R=(0.0, 89.3, 0.0)
  f= 21 env=1.000 margin=0.9999  up.R=(-57.7, 14.9, 26.7) fo.R=(154.8, 20.4, 77.9) hd.R=(0.0, 88.7, 0.0)
  f= 22 env=1.000 margin=0.9999  up.R=(-58.0, 14.9, 26.5) fo.R=(153.6, 19.6, 77.0) hd.R=(0.0, 88.0, 0.0)
  f= 23 env=1.000 margin=0.9998  up.R=(-58.2, 14.8, 26.3) fo.R=(152.4, 18.8, 76.0) hd.R=(0.0, 87.3, -0.0)
  f= 24 env=1.000 margin=0.9997  up.R=(-58.5, 14.8, 26.0) fo.R=(151.2, 18.0, 75.1) hd.R=(0.0, 86.6, 0.0)
  f= 25 env=1.000 margin=0.9995  up.R=(-58.9, 14.7, 25.8) fo.R=(150.0, 17.1, 74.2) hd.R=(-0.0, 85.8, -0.0)
  f= 26 env=1.000 margin=0.9992  up.R=(-59.2, 14.6, 25.5) fo.R=(148.7, 16.3, 73.4) hd.R=(-0.0, 85.1, -0.0)
  f= 27 env=1.000 margin=0.9988  up.R=(-59.5, 14.5, 25.2) fo.R=(147.6, 15.4, 72.7) hd.R=(0.0, 84.4, 0.0)
  f= 28 env=1.000 margin=0.9985  up.R=(-59.8, 14.4, 24.9) fo.R=(146.5, 14.6, 72.0) hd.R=(-0.0, 83.7, -0.0)
  f= 29 env=1.000 margin=0.9983  up.R=(-60.1, 14.4, 24.6) fo.R=(145.5, 13.9, 71.5) hd.R=(0.0, 83.0, -0.0)
  f= 30 env=1.000 margin=0.9983  up.R=(-60.3, 14.3, 24.3) fo.R=(144.6, 13.2, 71.0) hd.R=(-0.0, 82.5, -0.0)
  f= 31 env=1.000 margin=0.9985  up.R=(-60.5, 14.2, 24.1) fo.R=(143.9, 12.6, 70.7) hd.R=(-0.0, 82.0, -0.0)
  f= 32 env=1.000 margin=0.9989  up.R=(-60.7, 14.1, 23.9) fo.R=(143.3, 12.2, 70.4) hd.R=(-0.0, 81.6, -0.0)
  f= 33 env=1.000 margin=0.9995  up.R=(-60.8, 14.1, 23.8) fo.R=(143.0, 12.0, 70.2) hd.R=(-0.0, 81.4, -0.0)
  f= 34 env=1.000 margin=0.9999  up.R=(-60.8, 14.1, 23.8) fo.R=(142.8, 11.9, 70.2) hd.R=(-0.0, 81.3, 0.0)
  f= 35 env=1.000 margin=1.0000  up.R=(-60.8, 14.1, 23.8) fo.R=(142.8, 11.9, 70.2) hd.R=(0.0, 81.3, -0.0)
  f= 36 env=1.000 margin=1.0000  up.R=(-60.8, 14.1, 23.8) fo.R=(142.8, 11.9, 70.2) hd.R=(0.0, 81.3, -0.0)
  f= 37 env=1.000 margin=1.0000  up.R=(-60.8, 14.1, 23.8) fo.R=(142.8, 11.9, 70.2) hd.R=(0.0, 81.3, -0.0)
  f= 38 env=1.000 margin=1.0000  up.R=(-60.8, 14.1, 23.8) fo.R=(142.9, 11.7, 70.0) hd.R=(-0.0, 81.3, -0.0)
  f= 39 env=1.000 margin=1.0000  up.R=(-60.8, 14.2, 23.9) fo.R=(143.0, 11.3, 69.5) hd.R=(0.0, 81.3, -0.0)
  f= 40 env=1.000 margin=1.0000  up.R=(-60.9, 14.3, 24.1) fo.R=(143.2, 10.8, 68.9) hd.R=(-0.0, 81.3, -0.0)
  f= 41 env=1.000 margin=1.0000  up.R=(-61.0, 14.4, 24.2) fo.R=(143.4, 10.1, 68.1) hd.R=(-0.0, 81.4, 0.0)
  f= 42 env=1.000 margin=1.0000  up.R=(-61.0, 14.5, 24.4) fo.R=(143.7, 9.5, 67.2) hd.R=(0.0, 81.4, 0.0)
  f= 43 env=1.000 margin=1.0000  up.R=(-61.1, 14.7, 24.6) fo.R=(143.9, 8.9, 66.5) hd.R=(-0.0, 81.4, -0.0)
  f= 44 env=1.000 margin=1.0000  up.R=(-61.1, 14.7, 24.7) fo.R=(144.2, 8.3, 65.8) hd.R=(-0.0, 81.4, -0.0)
  f= 45 env=1.000 margin=1.0000  up.R=(-61.2, 14.8, 24.8) fo.R=(144.3, 8.0, 65.3) hd.R=(0.0, 81.4, 0.0)
  f= 46 env=1.000 margin=1.0000  up.R=(-61.2, 14.8, 24.8) fo.R=(144.4, 7.9, 65.2) hd.R=(-0.0, 81.4, 0.0)
  f= 47 env=1.000 margin=1.0000  up.R=(-61.2, 14.9, 24.9) fo.R=(144.4, 7.7, 65.0) hd.R=(-0.0, 81.4, -0.0)
  f= 48 env=1.000 margin=1.0000  up.R=(-61.3, 14.9, 24.9) fo.R=(144.4, 7.2, 64.4) hd.R=(0.0, 81.3, 0.0)
  f= 49 env=1.000 margin=1.0000  up.R=(-61.5, 15.0, 25.0) fo.R=(144.5, 6.6, 63.7) hd.R=(-0.0, 81.2, 0.0)
  f= 50 env=1.000 margin=1.0000  up.R=(-61.8, 15.1, 25.1) fo.R=(144.6, 5.9, 62.8) hd.R=(-0.0, 81.0, -0.0)
  f= 51 env=1.000 margin=1.0000  up.R=(-62.0, 15.3, 25.2) fo.R=(144.7, 5.2, 62.0) hd.R=(-0.0, 80.9, -0.0)
  f= 52 env=1.000 margin=1.0000  up.R=(-62.2, 15.4, 25.2) fo.R=(144.8, 4.5, 61.2) hd.R=(0.0, 80.8, 0.0)
  f= 53 env=1.000 margin=1.0000  up.R=(-62.3, 15.4, 25.3) fo.R=(144.8, 4.1, 60.7) hd.R=(-0.0, 80.7, 0.0)
  f= 54 env=1.000 margin=1.0000  up.R=(-62.4, 15.5, 25.3) fo.R=(144.9, 3.9, 60.5) hd.R=(-0.0, 80.6, 0.0)
  f= 55 env=1.000 margin=1.0000  up.R=(-62.4, 15.5, 25.3) fo.R=(144.9, 3.9, 60.5) hd.R=(0.0, 80.6, -0.0)
  f= 56 env=1.000 margin=1.0000  up.R=(-62.4, 15.5, 25.3) fo.R=(144.9, 3.9, 60.4) hd.R=(0.0, 80.6, -0.0)
  f= 57 env=1.000 margin=1.0000  up.R=(-62.4, 15.5, 25.3) fo.R=(145.0, 3.9, 60.3) hd.R=(0.0, 80.7, 0.0)
  f= 58 env=1.000 margin=1.0000  up.R=(-62.5, 15.5, 25.3) fo.R=(145.1, 3.9, 60.2) hd.R=(-0.0, 80.7, 0.0)
  f= 59 env=1.000 margin=1.0000  up.R=(-62.5, 15.5, 25.3) fo.R=(145.3, 3.9, 60.0) hd.R=(-0.0, 80.7, -0.0)
  f= 60 env=1.000 margin=1.0000  up.R=(-62.6, 15.6, 25.3) fo.R=(145.5, 4.0, 59.8) hd.R=(-0.0, 80.8, -0.0)
  f= 61 env=1.000 margin=1.0000  up.R=(-62.7, 15.6, 25.3) fo.R=(145.7, 4.0, 59.6) hd.R=(-0.0, 80.8, -0.0)
  f= 62 env=1.000 margin=1.0000  up.R=(-62.8, 15.6, 25.4) fo.R=(145.9, 4.0, 59.4) hd.R=(0.0, 80.8, 0.0)
  f= 63 env=1.000 margin=1.0000  up.R=(-62.9, 15.7, 25.4) fo.R=(146.1, 4.0, 59.2) hd.R=(-0.0, 80.9, -0.0)
  f= 64 env=1.000 margin=1.0000  up.R=(-63.0, 15.7, 25.4) fo.R=(146.3, 4.1, 58.9) hd.R=(-0.0, 81.0, 0.0)
  f= 65 env=1.000 margin=1.0000  up.R=(-63.1, 15.8, 25.4) fo.R=(146.5, 4.1, 58.7) hd.R=(-0.0, 81.0, -0.0)
  f= 66 env=1.000 margin=1.0000  up.R=(-63.2, 15.8, 25.4) fo.R=(146.8, 4.1, 58.4) hd.R=(0.0, 81.1, -0.0)
  f= 67 env=1.000 margin=1.0000  up.R=(-63.3, 15.9, 25.5) fo.R=(147.0, 4.2, 58.2) hd.R=(-0.0, 81.1, -0.0)
  f= 68 env=1.000 margin=1.0000  up.R=(-63.4, 15.9, 25.5) fo.R=(147.2, 4.2, 57.9) hd.R=(-0.0, 81.2, 0.0)
  f= 69 env=1.000 margin=1.0000  up.R=(-63.5, 15.9, 25.5) fo.R=(147.4, 4.3, 57.7) hd.R=(0.0, 81.2, 0.0)
  f= 70 env=1.000 margin=1.0000  up.R=(-63.6, 16.0, 25.5) fo.R=(147.6, 4.3, 57.5) hd.R=(-0.0, 81.3, -0.0)
  f= 71 env=1.000 margin=1.0000  up.R=(-63.6, 16.0, 25.5) fo.R=(147.8, 4.3, 57.3) hd.R=(-0.0, 81.3, 0.0)
  f= 72 env=1.000 margin=1.0000  up.R=(-63.7, 16.0, 25.5) fo.R=(147.9, 4.4, 57.2) hd.R=(-0.0, 81.3, 0.0)
  f= 73 env=1.000 margin=1.0000  up.R=(-63.8, 16.1, 25.6) fo.R=(148.1, 4.4, 57.0) hd.R=(-0.0, 81.4, -0.0)
  f= 74 env=1.000 margin=1.0000  up.R=(-63.8, 16.1, 25.6) fo.R=(148.2, 4.4, 56.9) hd.R=(-0.0, 81.4, -0.0)
  f= 75 env=1.000 margin=1.0000  up.R=(-63.8, 16.1, 25.6) fo.R=(148.2, 4.4, 56.9) hd.R=(-0.0, 81.4, 0.0)Blender 4.5.0 (hash 8cb6b388974a built 2025-07-15 01:36:24)
Read blend: "I:\工作项目\BIGMANFIGHT\角色资产\美术资产\bigman_v001\bigman_anim_v001.blend"
Traceback (most recent call last):
  File "I:\工作项目\BIGMANFIGHT\角色资产\美术资产\bigman_v001\animations\_probe_e07_diag3.py", line 43, in <module>
    A.torso_bvh_reset()
    ^^^^^^^^^^^^^^^^^
AttributeError: module 'anim_lib' has no attribute 'torso_bvh_reset'

  f= 76 env=1.000 margin=1.0000  up.R=(-63.8, 16.1, 25.6) fo.R=(148.2, 4.4, 56.9) hd.R=(-0.0, 81.4, -0.0)
  f= 77 env=1.000 margin=1.0000  up.R=(-63.8, 16.1, 25.6) fo.R=(148.2, 4.4, 56.9) hd.R=(-0.0, 81.4, -0.0)
  f= 78 env=1.000 margin=1.0000  up.R=(-63.8, 16.1, 25.6) fo.R=(148.2, 4.4, 56.9) hd.R=(-0.0, 81.4, 0.0)
  f= 79 env=1.000 margin=1.0000  up.R=(-63.8, 16.1, 25.6) fo.R=(148.2, 4.4, 56.9) hd.R=(0.0, 81.4, 0.0)
  f= 80 env=1.000 margin=1.0000  up.R=(-63.8, 16.1, 25.6) fo.R=(148.2, 4.4, 56.9) hd.R=(0.0, 81.4, -0.0)
  f= 81 env=1.000 margin=1.0000  up.R=(-63.9, 16.1, 25.6) fo.R=(148.2, 4.5, 56.9) hd.R=(0.0, 81.4, 0.0)
  f= 82 env=1.000 margin=1.0000  up.R=(-63.9, 16.1, 25.6) fo.R=(148.2, 4.5, 56.9) hd.R=(-0.0, 81.4, -0.0)
  f= 83 env=1.000 margin=1.0000  up.R=(-63.9, 16.1, 25.6) fo.R=(148.2, 4.5, 56.9) hd.R=(-0.0, 81.5, -0.0)
  f= 84 env=1.000 margin=1.0000  up.R=(-63.9, 16.1, 25.6) fo.R=(148.2, 4.5, 57.0) hd.R=(-0.0, 81.5, 0.0)
  f= 85 env=1.000 margin=1.0000  up.R=(-63.9, 16.1, 25.6) fo.R=(148.2, 4.5, 57.0) hd.R=(-0.0, 81.5, -0.0)
  f= 86 env=1.000 margin=1.0000  up.R=(-63.9, 16.1, 25.6) fo.R=(148.2, 4.5, 57.0) hd.R=(0.0, 81.5, -0.0)
  f= 87 env=1.000 margin=1.0000  up.R=(-63.9, 16.1, 25.6) fo.R=(148.2, 4.5, 57.0) hd.R=(0.0, 81.5, -0.0)
  f= 88 env=1.000 margin=1.0000  up.R=(-63.9, 16.1, 25.6) fo.R=(148.2, 4.5, 57.0) hd.R=(-0.0, 81.5, 0.0)
  f= 89 env=0.994 margin=1.0000  up.R=(-63.9, 16.4, 26.1) fo.R=(147.9, 4.5, 57.0) hd.R=(-1.3, 81.1, -0.4)
  f= 90 env=0.977 margin=1.0000  up.R=(-63.5, 17.2, 27.5) fo.R=(146.9, 4.7, 57.0) hd.R=(-4.8, 80.2, -1.6)
  f= 91 env=0.949 margin=0.9998  up.R=(-62.6, 18.3, 29.7) fo.R=(145.3, 5.6, 57.3) hd.R=(-9.6, 78.9, -3.1)
  f= 92 env=0.913 margin=0.9995  up.R=(-60.9, 19.5, 32.5) fo.R=(142.9, 7.1, 58.0) hd.R=(-14.6, 77.3, -4.3)
  f= 93 env=0.869 margin=0.9993  up.R=(-58.7, 20.4, 35.4) fo.R=(139.3, 8.9, 59.4) hd.R=(-19.1, 75.6, -5.0)
  f= 94 env=0.817 margin=0.9995  up.R=(-56.4, 20.9, 37.8) fo.R=(134.2, 10.4, 61.6) hd.R=(-27.9, 73.5, -10.8)
  f= 95 env=0.761 margin=0.9996  up.R=(-54.4, 20.9, 39.3) fo.R=(127.3, 10.9, 64.5) hd.R=(-19.3, 70.7, -0.5)
  f= 96 env=0.699 margin=0.9997  up.R=(-52.9, 20.6, 39.8) fo.R=(118.9, 10.3, 67.9) hd.R=(-18.6, 66.9, 0.2)
  f= 97 env=0.635 margin=0.9994  up.R=(-52.1, 20.1, 39.6) fo.R=(109.2, 8.5, 71.7) hd.R=(-15.3, 61.9, 1.8)
  f= 98 env=0.568 margin=0.9994  up.R=(-51.8, 19.6, 38.9) fo.R=(98.6, 5.6, 76.2) hd.R=(-8.9, 55.4, 4.7)
  f= 99 env=0.500 margin=0.9995  up.R=(-52.0, 19.2, 37.9) fo.R=(87.3, 1.2, 81.8) hd.R=(11.9, 47.7, 20.8)
  f=100 env=0.432 margin=0.9995  up.R=(-53.5, 18.7, 35.7) fo.R=(-3.0, -77.8, 166.7) hd.R=(-17.6, 31.7, -14.9)
  f=101 env=0.365 margin=0.9996  up.R=(-55.1, 16.9, 31.7) fo.R=(-5.1, -52.4, 164.2) hd.R=(-9.6, 14.8, -15.3)
  f=102 env=0.301 margin=0.9997  up.R=(-52.4, 15.1, 30.3) fo.R=(8.6, -28.6, 147.6) hd.R=(-3.7, -0.8, -19.9)
  f=103 env=0.239 margin=0.9997  up.R=(-50.2, 15.3, 32.1) fo.R=(3.2, -20.7, 151.3) hd.R=(-0.2, -4.9, -23.3)
  f=104 env=0.183 margin=0.9997  up.R=(-49.5, 15.7, 33.3) fo.R=(3.0, -18.2, 150.1) hd.R=(1.3, -4.0, -24.4)
  f=105 env=0.131 margin=0.9997  up.R=(-49.3, 15.8, 33.7) fo.R=(3.0, -16.0, 148.8) hd.R=(2.7, -2.7, -24.7)
  f=106 env=0.087 margin=0.9998  up.R=(-49.4, 15.7, 33.5) fo.R=(3.0, -13.9, 147.8) hd.R=(4.3, -1.3, -24.8)
  f=107 env=0.051 margin=0.9999  up.R=(-49.6, 15.5, 33.0) fo.R=(3.0, -11.9, 147.0) hd.R=(5.9, -0.0, -24.7)
  f=108 env=0.023 margin=0.9999  up.R=(-49.8, 15.3, 32.5) fo.R=(2.9, -10.3, 146.6) hd.R=(7.3, 1.0, -24.6)
  f=109 env=0.006 margin=1.0000  up.R=(-50.0, 15.2, 32.0) fo.R=(2.7, -9.3, 146.4) hd.R=(8.2, 1.6, -24.6)
  f=110 env=0.000 margin=1.0000  up.R=(-50.1, 15.2, 31.9) fo.R=(2.7, -8.9, 146.3) hd.R=(8.5, 1.9, -24.6)
  f=111 env=0.000 margin=1.0000  up.R=(-50.1, 15.2, 31.9) fo.R=(2.7, -8.9, 146.3) hd.R=(8.5, 1.9, -24.6)
  f=112 env=0.000 margin=1.0000  up.R=(-50.1, 15.2, 31.9) fo.R=(2.7, -8.9, 146.3) hd.R=(8.5, 1.9, -24.6)
  f=113 env=0.000 margin=1.0000  up.R=(-50.1, 15.2, 31.9) fo.R=(2.7, -8.9, 146.3) hd.R=(8.5, 1.9, -24.6)
  f=114 env=0.000 margin=1.0000  up.R=(-50.1, 15.2, 31.9) fo.R=(2.7, -8.9, 146.3) hd.R=(8.5, 1.9, -24.6)
  f=115 env=0.000 margin=1.0000  up.R=(-50.1, 15.2, 31.9) fo.R=(2.7, -8.9, 146.3) hd.R=(8.5, 1.9, -24.6)
  f=116 env=0.000 margin=1.0000  up.R=(-50.1, 15.2, 31.9) fo.R=(2.7, -8.9, 146.3) hd.R=(8.5, 1.9, -24.6)
  f=117 env=0.000 margin=1.0000  up.R=(-50.1, 15.2, 31.9) fo.R=(2.7, -8.9, 146.3) hd.R=(8.5, 1.9, -24.6)
  f=118 env=0.000 margin=1.0000  up.R=(-50.1, 15.2, 31.9) fo.R=(2.7, -8.9, 146.3) hd.R=(8.5, 1.9, -24.6)
  f=119 env=0.000 margin=1.0000  up.R=(-50.1, 15.2, 31.9) fo.R=(2.7, -8.9, 146.3) hd.R=(8.5, 1.9, -24.6)
  f=120 env=0.000 margin=1.0000  up.R=(-50.1, 15.2, 31.9) fo.R=(2.7, -8.9, 146.3) hd.R=(8.5, 1.9, -24.6)
========================================================================
E07_DIAG3 B. 收招段 R 臂目标 / 拳心 / 手网格（f96..f112）

Blender quit
Error: Not freed memory blocks: 1, total unfreed memory 0.000008 MB
