STATION_FIST {'L': [144.5, -307.7, 1271.1], 'R': [-129.6, -273.5, 1298.2]}
ANCHOR {'L': [143.2, -169.6, 79.8], 'R': [-141.6, 140.4, 79.8]}
PELVIS0 [0.0, 0.0, 830.0]
STATION_POLE {'L': [0.259, -0.299, -0.918], 'R': [-0.221, -0.362, -0.905]}
STATION_HAND_Y {'L': [-0.201, -0.703, 0.683], 'R': [0.18, -0.6, 0.78]}
STATION_HAND_X {'L': [-0.251, 0.71, 0.657], 'R': [-0.08, -0.799, -0.596]}
---- R arm path ----
R f= 84 env=1.000 fist=[ -345.0,  116.9, 1053.6] gap= 204.58 elb=[ -138.7, -126.0, 1007.1] fo=[-0.641, 0.754, 0.144]
R f= 85 env=1.000 fist=[ -345.0,  116.8, 1053.6] gap= 204.59 elb=[ -138.7, -126.0, 1007.0] fo=[-0.641, 0.754, 0.145]
R f= 86 env=1.000 fist=[ -345.0,  116.8, 1053.5] gap= 204.59 elb=[ -138.7, -126.0, 1007.0] fo=[-0.641, 0.754, 0.145]
R f= 87 env=1.000 fist=[ -345.1,  116.8, 1053.6] gap= 204.70 elb=[ -138.8, -126.0, 1006.9] fo=[-0.641, 0.754, 0.145]
R f= 88 env=1.000 fist=[ -345.0,  116.8, 1053.5] gap= 204.60 elb=[ -138.7, -126.0, 1006.9] fo=[-0.641, 0.754, 0.145]
R f= 89 env=0.994 fist=[ -347.7,  111.7, 1054.1] gap= 207.61 elb=[ -138.2, -128.3, 1007.7] fo=[-0.650, 0.747, 0.140]
R f= 90 env=0.977 fist=[ -355.6,   97.3, 1055.5] gap= 210.29 elb=[ -137.5, -135.0, 1010.2] fo=[-0.674, 0.728, 0.125]
R f= 91 env=0.949 fist=[ -368.6,   74.7, 1057.1] gap= 218.84 elb=[ -138.4, -145.6, 1014.3] fo=[-0.709, 0.697, 0.101]
R f= 92 env=0.913 fist=[ -386.7,   45.1, 1057.9] gap= 231.85 elb=[ -141.9, -158.8, 1019.6] fo=[-0.754, 0.653, 0.068]
R f= 93 env=0.869 fist=[ -409.7,    9.2, 1057.9] gap= 251.29 elb=[ -148.2, -172.3, 1025.4] fo=[-0.807, 0.589, 0.031]
R f= 94 env=0.817 fist=[ -435.5,  -31.6, 1058.7] gap= 276.49 elb=[ -156.6, -184.1, 1030.7] fo=[-0.868, 0.496, 0.001]
R f= 95 env=0.761 fist=[ -467.4, -102.9, 1061.1] gap= 310.66 elb=[ -165.9, -192.4, 1034.2] fo=[-0.929, 0.370,-0.008]
R f= 96 env=0.699 fist=[ -486.2, -141.4, 1069.6] gap= 330.97 elb=[ -174.8, -196.8, 1035.4] fo=[-0.977, 0.214, 0.014]
R f= 97 env=0.635 fist=[ -497.5, -195.7, 1083.6] gap= 349.26 elb=[ -182.3, -197.8, 1034.4] fo=[-0.997, 0.036, 0.069]
R f= 98 env=0.568 fist=[ -495.8, -248.6, 1103.4] gap= 357.88 elb=[ -187.9, -196.7, 1032.1] fo=[-0.976,-0.149, 0.156]
R f= 99 env=0.500 fist=[ -482.8, -277.1, 1131.8] gap= 349.25 elb=[ -191.5, -194.2, 1028.8] fo=[-0.907,-0.319, 0.276]
R f=100 env=0.432 fist=[ -113.1, -150.1, 1330.2] gap= -41.33 elb=[ -191.8, -187.3, 1022.9] fo=[ 0.231, 0.199, 0.953]
R f=101 env=0.365 fist=[ -104.0, -172.0, 1320.4] gap= -27.60 elb=[ -195.7, -172.3, 1014.4] fo=[ 0.285, 0.084, 0.955]
R f=102 env=0.301 fist=[ -178.4, -262.7, 1312.1] gap=  79.19 elb=[ -214.4, -162.9, 1012.4] fo=[ 0.127,-0.214, 0.969]
R f=103 env=0.239 fist=[ -127.6, -241.2, 1309.6] gap=  37.66 elb=[ -223.9, -171.3, 1016.4] fo=[ 0.319,-0.101, 0.942]
R f=104 env=0.183 fist=[ -121.4, -251.7, 1307.3] gap=  43.63 elb=[ -224.4, -178.1, 1017.9] fo=[ 0.343,-0.108, 0.933]
R f=105 env=0.131 fist=[ -118.9, -261.2, 1304.1] gap=  50.21 elb=[ -224.4, -180.5, 1017.7] fo=[ 0.354,-0.129, 0.927]
R f=106 env=0.087 fist=[ -118.5, -269.0, 1300.2] gap=  56.38 elb=[ -224.9, -180.1, 1016.7] fo=[ 0.361,-0.154, 0.920]
R f=107 env=0.051 fist=[ -119.5, -274.7, 1296.4] gap=  60.59 elb=[ -225.6, -178.3, 1015.6] fo=[ 0.365,-0.178, 0.914]
R f=108 env=0.023 fist=[ -120.9, -278.1, 1293.5] gap=  63.84 elb=[ -226.2, -176.0, 1014.6] fo=[ 0.368,-0.195, 0.909]
R f=109 env=0.006 fist=[ -122.2, -279.6, 1291.9] gap=  65.89 elb=[ -226.6, -174.1, 1014.0] fo=[ 0.368,-0.206, 0.907]
R f=110 env=0.000 fist=[ -123.1, -279.8, 1291.6] gap=  66.30 elb=[ -226.5, -173.2, 1013.9] fo=[ 0.367,-0.209, 0.907]
R f=111 env=0.000 fist=[ -123.6, -279.2, 1292.2] gap=  66.34 elb=[ -226.2, -172.9, 1014.1] fo=[ 0.364,-0.208, 0.908]
R f=112 env=0.000 fist=[ -124.4, -278.5, 1292.9] gap=  66.38 elb=[ -225.9, -172.5, 1014.3] fo=[ 0.361,-0.207, 0.909]
R f=113 env=0.000 fist=[ -125.2, -277.7, 1293.8] gap=  66.43 elb=[ -225.5, -172.1, 1014.6] fo=[ 0.358,-0.206, 0.911]
R f=114 env=0.000 fist=[ -126.1, -276.9, 1294.7] gap=  66.48 elb=[ -225.1, -171.6, 1014.8] fo=[ 0.354,-0.205, 0.912]
R f=115 env=0.000 fist=[ -126.9, -276.1, 1295.5] gap=  66.52 elb=[ -224.6, -171.2, 1015.1] fo=[ 0.351,-0.204, 0.914]
R f=116 env=0.000 fist=[ -127.8, -275.3, 1296.4] gap=  66.56 elb=[ -224.2, -170.8, 1015.3] fo=[ 0.347,-0.203, 0.916]
R f=117 env=0.000 fist=[ -128.5, -274.6, 1297.1] gap=  66.59 elb=[ -223.9, -170.5, 1015.6] fo=[ 0.344,-0.201, 0.917]
R f=118 env=0.000 fist=[ -129.1, -274.0, 1297.7] gap=  66.62 elb=[ -223.6, -170.2, 1015.7] fo=[ 0.342,-0.201, 0.918]
R f=119 env=0.000 fist=[ -129.4, -273.6, 1298.0] gap=  66.63 elb=[ -223.4, -170.0, 1015.9] fo=[ 0.340,-0.200, 0.919]
R f=120 env=0.000 fist=[ -129.6, -273.5, 1298.2] gap=  66.63 elb=[ -223.3, -170.0, 1015.9] fo=[ 0.340,-0.200, 0.919]
---- matrix step (deg) ----
STEP f=  6->  7    12.61 forearm.L
STEP f=  7->  8    28.93 forearm.L
STEP f=  8->  9   315.11 forearm.L
STEP f=  9-> 10   324.44 hand.L
STEP f= 10-> 11    30.58 hand.R
STEP f= 11-> 12    25.94 hand.R
STEP f= 12-> 13    14.52 hand.R
STEP f= 20-> 21     8.99 upperarm.L
STEP f= 21-> 22     9.84 upperarm.L
STEP f= 22-> 23    10.52 upperarm.L
STEP f= 23-> 24    11.00 upperarm.L
STEP f= 24-> 25    11.26 upperarm.L
STEP f= 25-> 26   352.01 hand.L
STEP f= 26-> 27    11.02 upperarm.L
STEP f= 27-> 28    10.47 upperarm.L
STEP f= 28-> 29     9.62 upperarm.L
STEP f= 29-> 30     8.47 upperarm.L
STEP f= 90-> 91   355.32 forearm.L
STEP f= 91-> 92    10.13 upperarm.L
STEP f= 92-> 93    13.52 upperarm.L
STEP f= 93-> 94    15.75 upperarm.L
STEP f= 94-> 95   334.70 hand.R
STEP f= 95-> 96    13.74 upperarm.L
STEP f= 96-> 97    11.41 forearm.R
STEP f= 97-> 98    12.45 forearm.R
STEP f= 98-> 99    13.32 forearm.R
STEP f= 99->100   269.46 forearm.R
STEP f=100->101    25.35 forearm.R
STEP f=101->102    50.60 forearm.L
STEP f=102->103    17.21 forearm.R
DIAG5_END
Blender 4.5.0 (hash 8cb6b388974a built 2025-07-15 01:36:24)
Read blend: "I:\工作项目\BIGMANFIGHT\角色资产\美术资产\bigman_v001\bigman_anim_v001.blend"

Blender quit
Error: Not freed memory blocks: 1, total unfreed memory 0.000008 MB
