STATION_FIST {'L': [144.5, -307.7, 1271.1], 'R': [-129.6, -273.5, 1298.2]}
STATION_POLE {'L': [0.259, -0.299, -0.918], 'R': [-0.221, -0.362, -0.905]}
AT 0.0 ITERS 3
---- R arm path ----
R f= 88 env=1.000 fist=[ -345.0,  116.8, 1053.5] gap= 204.60
R f= 90 env=0.977 fist=[ -355.6,   97.3, 1055.5] gap= 210.29
R f= 92 env=0.913 fist=[ -386.7,   45.1, 1057.9] gap= 231.85
R f= 94 env=0.817 fist=[ -435.5,  -31.6, 1058.7] gap= 276.49
R f= 96 env=0.699 fist=[ -486.2, -141.4, 1069.6] gap= 330.97
R f= 98 env=0.568 fist=[ -495.8, -248.6, 1103.4] gap= 357.88
R f=100 env=0.432 fist=[ -423.4, -344.3, 1176.9] gap= 323.64
R f=102 env=0.301 fist=[ -178.4, -262.7, 1312.1] gap=  79.19
R f=104 env=0.183 fist=[ -121.4, -251.7, 1307.3] gap=  43.63
R f=106 env=0.087 fist=[ -118.5, -269.0, 1300.2] gap=  56.38
R f=108 env=0.023 fist=[ -120.9, -278.1, 1293.5] gap=  63.84
R f=110 env=0.000 fist=[ -123.1, -279.8, 1291.6] gap=  66.30
R f=112 env=0.000 fist=[ -124.4, -278.5, 1292.9] gap=  66.38
R f=114 env=0.000 fist=[ -126.1, -276.9, 1294.7] gap=  66.48
R f=116 env=0.000 fist=[ -127.8, -275.3, 1296.4] gap=  66.56
R f=118 env=0.000 fist=[ -129.1, -274.0, 1297.7] gap=  66.62
R f=120 env=0.000 fist=[ -129.6, -273.5, 1298.2] gap=  66.63
---- matrix step (deg) top ----
STEP    47.12  f=101->102  forearm.R
STEP    46.91  f=  8->  9  forearm.R
STEP    44.89  f=  8->  9  forearm.L
STEP    41.90  f=  9-> 10  forearm.R
STEP    39.80  f=101->102  thumb_01.R
STEP    39.80  f=101->102  ring_02.R
STEP    39.80  f=101->102  pinky_03.R
STEP    39.80  f=101->102  middle_03.R
STEP    39.80  f=101->102  middle_02.R
STEP    39.80  f=101->102  index_03.R
STEP    39.80  f=101->102  index_02.R
STEP    39.80  f=101->102  ring_03.R
STEP    39.80  f=101->102  ring_01.R
STEP    39.80  f=101->102  pinky_02.R
STEP    39.80  f=101->102  pinky_01.R
STEP    39.80  f=101->102  middle_01.R
STEP    39.80  f=101->102  index_01.R
STEP    39.80  f=101->102  hand.R
STEP    39.80  f=101->102  thumb_03.R
STEP    39.80  f=101->102  thumb_02.R
STEP    37.86  f=  9-> 10  ring_03.R
STEP    37.86  f=  9-> 10  ring_01.R
STEP    37.86  f=  9-> 10  pinky_01.R
STEP    37.86  f=  9-> 10  middle_03.R
STEP    37.86  f=  9-> 10  middle_01.R
DIAG5_END
Blender 4.5.0 (hash 8cb6b388974a built 2025-07-15 01:36:24)
Read blend: "I:\工作项目\BIGMANFIGHT\角色资产\美术资产\bigman_v001\bigman_anim_v001.blend"

Blender quit
Error: Not freed memory blocks: 1, total unfreed memory 0.000008 MB
