STATION_FIST {'L': [144.5, -307.7, 1271.1], 'R': [-129.6, -273.5, 1298.2]}
STATION_POLE {'L': [0.259, -0.299, -0.918], 'R': [-0.221, -0.362, -0.905]}
AT 0.0 ITERS 3 OFFHAND guard
---- arm path ----
f=  0 env=0.000 L=[  144.5, -307.7, 1271.1] gL= 100.69 R=[ -129.6, -273.5, 1298.2] gR=  66.63
f=  1 env=0.015 L=[  145.0, -307.5, 1270.6] gL=  99.62 R=[ -129.5, -273.6, 1297.3] gR=  65.94
f=  2 env=0.055 L=[  146.6, -306.7, 1269.2] gL=  96.62 R=[ -129.4, -273.7, 1294.9] gR=  64.00
f=  3 env=0.118 L=[  149.4, -305.4, 1266.6] gL=  96.04 R=[ -129.7, -274.0, 1291.1] gR=  60.84
f=  4 env=0.198 L=[  154.1, -303.9, 1262.4] gL=  92.55 R=[ -130.8, -274.7, 1285.9] gR=  57.58
f=  5 env=0.292 L=[  162.0, -301.9, 1254.8] gL=  89.37 R=[ -132.9, -275.8, 1279.3] gR=  55.06
f=  6 env=0.394 L=[  176.3, -299.3, 1241.3] gL=  88.21 R=[ -136.3, -277.7, 1270.8] gR=  52.36
f=  7 env=0.500 L=[  206.2, -294.6, 1217.5] gL=  97.08 R=[ -140.9, -280.3, 1259.5] gR=  49.94
f=  8 env=0.606 L=[  280.9, -277.6, 1171.9] gL= 136.63 R=[ -147.0, -283.1, 1244.3] gR=  49.48
f=  9 env=0.708 L=[  384.6, -206.6, 1077.7] gL= 219.29 R=[ -154.6, -285.6, 1224.6] gR=  49.76
f= 10 env=0.802 L=[  424.6, -107.2,  977.0] gL= 269.56 R=[ -163.5, -286.7, 1201.0] gR=  51.00
f= 11 env=0.882 L=[  412.3,   12.6,  941.8] gL= 236.61 R=[ -172.9, -285.7, 1175.7] gR=  55.55
f= 12 env=0.945 L=[  375.4,  120.7,  945.8] gL= 214.37 R=[ -181.7, -283.0, 1152.8] gR=  60.50
f= 13 env=0.985 L=[  343.2,  190.2,  958.5] gL= 216.45 R=[ -188.0, -280.0, 1136.4] gR=  63.88
f= 14 env=1.000 L=[  330.0,  215.0,  965.0] gL= 220.88 R=[ -190.4, -278.6, 1130.3] gR=  66.62
f= 15 env=1.000 L=[  333.7,  218.6,  969.7] gL= 227.24 R=[ -190.5, -278.2, 1131.5] gR=  66.65
f= 16 env=1.000 L=[  344.4,  228.5,  983.7] gL= 245.46 R=[ -190.9, -277.0, 1134.9] gR=  65.15
f= 17 env=1.000 L=[  361.2,  243.4, 1007.3] gL= 274.13 R=[ -191.6, -275.1, 1140.1] gR=  66.91
f= 18 env=1.000 L=[  382.9,  261.4, 1041.3] gL= 310.81 R=[ -192.4, -272.4, 1147.1] gR=  67.12
f= 19 env=1.000 L=[  408.3,  280.1, 1086.5] gL= 357.67 R=[ -193.4, -269.2, 1155.3] gR=  67.35
f= 88 env=1.000 L=[  296.0,  -83.2, 1895.5] gL= 480.88 R=[ -202.6, -208.0, 1277.1] gR=  72.70
f= 90 env=0.977 L=[  306.5, -100.7, 1864.5] gL= 460.07 R=[ -198.1, -210.1, 1282.5] gR=  69.99
f= 92 env=0.913 L=[  329.8, -146.3, 1783.8] gL= 396.02 R=[ -186.8, -215.1, 1295.6] gR=  63.12
f= 94 env=0.817 L=[  348.0, -229.8, 1678.6] gL= 330.22 R=[ -172.2, -221.4, 1310.2] gR=  56.67
f= 96 env=0.699 L=[  341.3, -328.0, 1566.7] gL= 304.66 R=[ -157.5, -228.4, 1321.0] gR=  52.59
f= 98 env=0.568 L=[  316.3, -380.5, 1458.8] gL= 280.00 R=[ -144.7, -236.7, 1325.1] gR=  50.69
f=100 env=0.432 L=[  275.2, -383.9, 1378.0] gL= 241.86 R=[ -134.4, -246.4, 1322.7] gR=  51.35
f=102 env=0.301 L=[  196.2, -351.9, 1327.2] gL= 169.14 R=[ -127.0, -256.8, 1315.7] gR=  53.98
f=104 env=0.183 L=[  138.3, -312.8, 1296.1] gL= 105.25 R=[ -122.4, -266.8, 1306.7] gR=  57.93
f=106 env=0.087 L=[  132.0, -310.4, 1277.4] gL=  97.22 R=[ -120.7, -274.7, 1298.2] gR=  61.78
f=108 env=0.023 L=[  134.5, -313.6, 1267.7] gL=  97.37 R=[ -121.6, -279.1, 1292.8] gR=  64.98
f=110 env=0.000 L=[  136.9, -314.4, 1265.5] gL=  99.96 R=[ -123.1, -279.8, 1291.6] gR=  66.30
f=112 env=0.000 L=[  138.5, -313.1, 1266.6] gL= 100.13 R=[ -124.4, -278.5, 1292.9] gR=  66.38
f=114 env=0.000 L=[  140.5, -311.4, 1268.1] gL= 100.33 R=[ -126.1, -276.9, 1294.7] gR=  66.48
f=116 env=0.000 L=[  142.4, -309.6, 1269.5] gL= 100.52 R=[ -127.8, -275.3, 1296.4] gR=  66.56
f=118 env=0.000 L=[  143.9, -308.3, 1270.6] gL= 100.64 R=[ -129.1, -274.0, 1297.7] gR=  66.62
f=120 env=0.000 L=[  144.5, -307.7, 1271.1] gL= 100.69 R=[ -129.6, -273.5, 1298.2] gR=  66.63
---- matrix step (deg) top ----
STEP    44.89  f=  8->  9  forearm.L
STEP    35.65  f=  9-> 10  forearm.L
STEP    35.56  f=  9-> 10  thumb_03.L
STEP    35.56  f=  9-> 10  thumb_01.L
STEP    35.56  f=  9-> 10  thumb_02.L
STEP    35.56  f=  9-> 10  pinky_02.L
STEP    35.56  f=  9-> 10  pinky_01.L
STEP    35.56  f=  9-> 10  ring_02.L
STEP    35.56  f=  9-> 10  ring_01.L
STEP    35.56  f=  9-> 10  pinky_03.L
STEP    35.56  f=  9-> 10  middle_02.L
STEP    35.56  f=  9-> 10  middle_01.L
STEP    35.56  f=  9-> 10  index_02.L
STEP    35.56  f=  9-> 10  index_01.L
STEP    35.56  f=  9-> 10  ring_03.L
STEP    35.56  f=  9-> 10  middle_03.L
STEP    35.56  f=  9-> 10  index_03.L
STEP    35.56  f=  9-> 10  hand.L
STEP    32.18  f=  8->  9  thumb_03.L
STEP    32.18  f=  8->  9  thumb_01.L
STEP    32.18  f=  8->  9  thumb_02.L
STEP    32.18  f=  8->  9  pinky_02.L
STEP    32.18  f=  8->  9  hand.L
STEP    32.18  f=  8->  9  ring_02.L
STEP    32.18  f=  8->  9  ring_01.L
DIAG5_END
Blender 4.5.0 (hash 8cb6b388974a built 2025-07-15 01:36:24)
Read blend: "I:\工作项目\BIGMANFIGHT\角色资产\美术资产\bigman_v001\bigman_anim_v001.blend"

Blender quit
Error: Not freed memory blocks: 1, total unfreed memory 0.000008 MB
