E07_DBG f=0 it=0 R core=[-129.6,-273.5,1298.2] home=[-129.6,-273.5,1298.2] env=0.000 along=[0.298,-0.329,0.896] ydir=[0.180,-0.600,0.780] hint=[-0.080,-0.799,-0.596] xaxis=[-0.080,-0.799,-0.596] bulge=[-0.221,-0.362,-0.905] theta=   17.23 twist=   10.34 elbow=[-193.9,-345.0,997.2] up=(-37.5, 21.1, 57.6) fo=(4.5, -24.5, 165.3)
E07_DBG f=0 it=1 R core=[-129.6,-273.5,1298.2] home=[-129.6,-273.5,1298.2] env=0.000 along=[0.204,0.226,0.953] ydir=[0.180,-0.600,0.780] hint=[-0.080,-0.799,-0.596] xaxis=[-0.080,-0.799,-0.596] bulge=[-0.221,-0.362,-0.905] theta=   17.23 twist=   10.34 elbow=[-193.9,-345.0,997.2] up=(-37.5, 21.1, 57.6) fo=(4.5, -24.5, 165.3)
E07_DBG f=0 it=2 R core=[-129.6,-273.5,1298.2] home=[-129.6,-273.5,1298.2] env=0.000 along=[0.204,0.226,0.953] ydir=[0.180,-0.600,0.780] hint=[-0.080,-0.799,-0.596] xaxis=[-0.080,-0.799,-0.596] bulge=[-0.221,-0.362,-0.905] theta=   17.23 twist=   10.34 elbow=[-193.9,-345.0,997.2] up=(-37.5, 21.1, 57.6) fo=(4.5, -24.5, 165.3)
E07_TRACE f=  0 dy=  +0.0 dz=  +0.0 sole={'L': 1.1, 'R': -1.0} core={'L': [144.5, -307.7, 1271.1], 'R': [-129.6, -273.5, 1298.2]} gap={'L': 100.7, 'R': 66.6} lock=1.8774 env=0.000
E07_TRACE f=  1 dy=  +0.4 dz=  -0.8 sole={'L': 1.0, 'R': -1.0} core={'L': [145.0, -307.5, 1270.6], 'R': [-129.5, -273.6, 1297.3]} gap={'L': 99.6, 'R': 64.5} lock=1.8777 env=0.015
E07_TRACE f=  2 dy=  +1.7 dz=  -3.0 sole={'L': 1.0, 'R': -1.0} core={'L': [146.6, -306.7, 1269.2], 'R': [-129.4, -273.7, 1294.9]} gap={'L': 96.6, 'R': 64.0} lock=1.8810 env=0.055
E07_DBG f=3 it=0 R core=[-133.8,-279.0,1282.5] home=[-133.3,-279.5,1283.0] env=0.118 along=[0.215,0.182,0.959] ydir=[0.191,-0.519,0.833] hint=[-0.072,-0.826,-0.560] xaxis=[-0.062,-0.853,-0.517] bulge=[-0.247,-0.263,-0.933] theta=   13.36 twist=    8.02 elbow=[-207.2,-323.2,973.2] up=(-39.0, 20.6, 54.4) fo=(5.2, -24.9, 161.9)
E07_DBG f=3 it=1 R core=[-133.8,-279.0,1282.5] home=[-133.3,-279.5,1283.0] env=0.118 along=[0.229,0.138,0.964] ydir=[0.192,-0.523,0.830] hint=[-0.062,-0.853,-0.517] xaxis=[-0.063,-0.851,-0.522] bulge=[-0.247,-0.263,-0.933] theta=   13.77 twist=    8.26 elbow=[-207.3,-323.3,973.3] up=(-39.0, 20.6, 54.4) fo=(5.2, -24.8, 162.0)
E07_DBG f=3 it=2 R core=[-133.8,-279.0,1282.5] home=[-133.3,-279.5,1283.0] env=0.118 along=[0.229,0.138,0.964] ydir=[0.192,-0.523,0.830] hint=[-0.063,-0.851,-0.522] xaxis=[-0.063,-0.851,-0.522] bulge=[-0.247,-0.263,-0.933] theta=   13.78 twist=    8.27 elbow=[-207.3,-323.3,973.3] up=(-39.0, 20.6, 54.4) fo=(5.2, -24.8, 162.0)
E07_TRACE f=  3 dy=  +3.5 dz=  -6.5 sole={'L': 1.0, 'R': -1.0} core={'L': [149.4, -305.5, 1266.7], 'R': [-129.7, -274.0, 1291.1]} gap={'L': 96.1, 'R': 60.8} lock=1.8945 env=0.118
E07_TRACE f=  4 dy=  +5.9 dz= -10.9 sole={'L': 0.9, 'R': -1.1} core={'L': [154.1, -303.9, 1262.4], 'R': [-130.8, -274.7, 1285.9]} gap={'L': 92.6, 'R': 57.6} lock=2.0312 env=0.198
E07_DBG f=5 it=0 R core=[-141.4,-284.7,1257.4] home=[-138.8,-287.7,1260.3] env=0.292 along=[0.240,0.071,0.968] ydir=[0.209,-0.421,0.883] hint=[-0.053,-0.876,-0.480] xaxis=[-0.039,-0.905,-0.423] bulge=[-0.272,-0.091,-0.958] theta=   13.27 twist=    7.96 elbow=[-223.8,-285.2,943.0] up=(-41.3, 19.7, 49.5) fo=(6.4, -23.0, 156.6)
E07_DBG f=5 it=1 R core=[-141.4,-284.7,1257.4] home=[-138.8,-287.7,1260.3] env=0.292 along=[0.254,0.002,0.967] ydir=[0.211,-0.440,0.873] hint=[-0.039,-0.905,-0.423] xaxis=[-0.044,-0.896,-0.441] bulge=[-0.271,-0.091,-0.958] theta=   13.90 twist=    8.34 elbow=[-223.9,-285.1,942.9] up=(-41.3, 19.7, 49.5) fo=(6.3, -22.8, 157.0)
E07_DBG f=5 it=2 R core=[-141.4,-284.7,1257.4] home=[-138.8,-287.7,1260.3] env=0.292 along=[0.254,0.001,0.967] ydir=[0.211,-0.440,0.873] hint=[-0.044,-0.896,-0.441] xaxis=[-0.044,-0.896,-0.441] bulge=[-0.271,-0.091,-0.958] theta=   13.91 twist=    8.34 elbow=[-223.9,-285.1,942.9] up=(-41.3, 19.7, 49.5) fo=(6.3, -22.8, 157.0)
E07_TRACE f=  5 dy=  +8.7 dz= -16.0 sole={'L': 0.9, 'R': -1.2} core={'L': [162.3, -302.0, 1255.0], 'R': [-133.0, -275.8, 1279.4]} gap={'L': 89.6, 'R': 55.1} lock=2.2624 env=0.292
E07_DBG f=6 it=0 R core=[-146.7,-286.7,1241.5] home=[-142.0,-292.2,1246.9] env=0.394 along=[0.250,-0.005,0.968] ydir=[0.218,-0.382,0.898] hint=[-0.044,-0.896,-0.441] xaxis=[-0.030,-0.922,-0.385] bulge=[-0.277,0.024,-0.961] theta=   14.08 twist=    8.45 elbow=[-231.5,-259.0,928.0] up=(-42.9, 19.1, 46.3) fo=(7.0, -21.3, 153.4)
E07_DBG f=6 it=1 R core=[-146.7,-286.7,1241.5] home=[-142.0,-292.2,1246.9] env=0.394 along=[0.260,-0.085,0.962] ydir=[0.220,-0.411,0.885] hint=[-0.030,-0.922,-0.385] xaxis=[-0.037,-0.910,-0.414] bulge=[-0.276,0.025,-0.961] theta=   14.57 twist=    8.74 elbow=[-231.6,-258.4,927.5] up=(-42.9, 19.0, 46.2) fo=(6.8, -21.2, 154.1)
E07_DBG f=6 it=2 R core=[-146.7,-286.7,1241.5] home=[-142.0,-292.2,1246.9] env=0.394 along=[0.260,-0.087,0.962] ydir=[0.220,-0.412,0.884] hint=[-0.037,-0.910,-0.414] xaxis=[-0.037,-0.909,-0.414] bulge=[-0.276,0.025,-0.961] theta=   14.58 twist=    8.75 elbow=[-231.6,-258.4,927.5] up=(-43.0, 19.0, 46.2) fo=(6.8, -21.2, 154.1)
E07_TRACE f=  6 dy= +11.8 dz= -21.6 sole={'L': 0.8, 'R': -1.2} core={'L': [177.1, -299.5, 1241.5], 'R': [-136.3, -277.7, 1270.9]} gap={'L': 88.7, 'R': 52.4} lock=2.5873 env=0.394
E07_DBG f=7 it=0 R core=[-152.8,-287.8,1224.0] home=[-145.3,-296.6,1232.8] env=0.500 along=[0.256,-0.095,0.962] ydir=[0.226,-0.361,0.905] hint=[-0.037,-0.909,-0.414] xaxis=[-0.025,-0.931,-0.365] bulge=[-0.273,0.155,-0.949] theta=   15.02 twist=    9.01 elbow=[-237.6,-228.0,914.8] up=(-44.8, 18.2, 42.4) fo=(7.5, -19.2, 150.2)
E07_DBG f=7 it=1 R core=[-152.8,-287.8,1224.0] home=[-145.3,-296.6,1232.8] env=0.500 along=[0.260,-0.184,0.948] ydir=[0.226,-0.402,0.887] hint=[-0.025,-0.931,-0.365] xaxis=[-0.035,-0.914,-0.405] bulge=[-0.273,0.158,-0.949] theta=   15.26 twist=    9.15 elbow=[-237.8,-226.7,914.0] up=(-45.0, 18.1, 42.2) fo=(7.2, -19.1, 151.2)
E07_DBG f=7 it=2 R core=[-152.8,-287.8,1224.0] home=[-145.3,-296.6,1232.8] env=0.500 along=[0.260,-0.187,0.947] ydir=[0.226,-0.404,0.887] hint=[-0.035,-0.914,-0.405] xaxis=[-0.035,-0.913,-0.407] bulge=[-0.273,0.158,-0.949] theta=   15.26 twist=    9.16 elbow=[-237.8,-226.7,914.0] up=(-45.0, 18.1, 42.2) fo=(7.2, -19.1, 151.2)
E07_TRACE f=  7 dy= +15.0 dz= -27.5 sole={'L': 0.8, 'R': -1.3} core={'L': [203.8, -294.2, 1217.2], 'R': [-141.0, -280.3, 1259.5]} gap={'L': 95.4, 'R': 50.0} lock=2.9882 env=0.500
E07_TRACE f=  8 dy= +18.2 dz= -33.4 sole={'L': 0.7, 'R': -1.3} core={'L': [246.7, -278.3, 1175.2], 'R': [-147.0, -283.1, 1244.3]} gap={'L': 113.4, 'R': 49.5} lock=3.4376 env=0.606
E07_TRACE f=  9 dy= +21.3 dz= -39.0 sole={'L': 0.7, 'R': -1.4} core={'L': [294.4, -233.3, 1117.3], 'R': [-154.4, -285.5, 1224.6]} gap={'L': 139.1, 'R': 49.7} lock=3.9042 env=0.708
E07_TRACE f= 10 dy= +24.1 dz= -44.1 sole={'L': 0.7, 'R': -1.4} core={'L': [328.0, -150.7, 1059.0], 'R': [-163.2, -286.7, 1200.9]} gap={'L': 160.7, 'R': 50.9} lock=4.3560 env=0.802
E07_TRACE f= 11 dy= +26.5 dz= -48.5 sole={'L': 0.6, 'R': -1.5} core={'L': [339.0, -46.7, 1020.8], 'R': [-172.7, -285.7, 1175.7]} gap={'L': 180.4, 'R': 55.4} lock=4.7608 env=0.882
E07_TRACE f= 12 dy= +28.3 dz= -52.0 sole={'L': 0.6, 'R': -1.5} core={'L': [336.5, 53.1, 1005.9], 'R': [-181.5, -283.0, 1152.8]} gap={'L': 186.7, 'R': 60.4} lock=5.0869 env=0.945
E07_TRACE f= 13 dy= +29.6 dz= -54.2 sole={'L': 0.6, 'R': -1.5} core={'L': [331.5, 128.5, 1001.3], 'R': [-187.9, -280.0, 1136.4]} gap={'L': 196.0, 'R': 63.9} lock=5.3033 env=0.985
E07_TRACE f= 14 dy= +30.0 dz= -55.0 sole={'L': 0.6, 'R': -1.5} core={'L': [332.0, 167.3, 994.7], 'R': [-190.4, -278.6, 1130.3]} gap={'L': 208.2, 'R': 66.6} lock=5.3814 env=1.000
E07_TRACE f= 15 dy= +29.8 dz= -54.5 sole={'L': 0.6, 'R': -1.5} core={'L': [338.8, 187.5, 987.7], 'R': [-190.5, -278.2, 1131.5]} gap={'L': 221.5, 'R': 66.7} lock=5.3360 env=1.000
E07_TRACE f= 16 dy= +29.3 dz= -53.2 sole={'L': 0.6, 'R': -1.5} core={'L': [348.3, 214.1, 989.5], 'R': [-190.9, -277.0, 1134.9]} gap={'L': 242.3, 'R': 65.2} lock=5.2070 env=1.000
E07_TRACE f= 17 dy= +28.4 dz= -51.1 sole={'L': 0.6, 'R': -1.5} core={'L': [361.2, 243.4, 1007.3], 'R': [-191.6, -275.1, 1140.1]} gap={'L': 274.1, 'R': 66.9} lock=5.0055 env=1.000
E07_TRACE f= 18 dy= +27.3 dz= -48.2 sole={'L': 0.6, 'R': -1.5} core={'L': [382.9, 261.4, 1041.3], 'R': [-192.4, -272.4, 1147.1]} gap={'L': 310.8, 'R': 67.1} lock=4.7435 env=1.000
E07_TRACE f= 19 dy= +25.9 dz= -44.8 sole={'L': 0.7, 'R': -1.4} core={'L': [408.3, 280.1, 1086.5], 'R': [-193.4, -269.2, 1155.3]} gap={'L': 357.7, 'R': 67.3} lock=4.4338 env=1.000
E07_TRACE f= 20 dy= +24.4 dz= -41.0 sole={'L': 0.7, 'R': -1.4} core={'L': [435.6, 296.8, 1143.2], 'R': [-194.6, -265.3, 1164.7]} gap={'L': 388.3, 'R': 67.6} lock=4.0896 env=1.000
E07_TRACE f= 21 dy= +22.7 dz= -36.7 sole={'L': 0.7, 'R': -1.4} core={'L': [462.7, 308.6, 1211.4], 'R': [-195.8, -260.9, 1174.9]} gap={'L': 413.1, 'R': 68.0} lock=3.7247 env=1.000
E07_TRACE f= 22 dy= +20.8 dz= -32.1 sole={'L': 0.8, 'R': -1.3} core={'L': [487.1, 312.5, 1289.7], 'R': [-197.2, -256.0, 1185.7]} gap={'L': 429.1, 'R': 68.3} lock=3.3535 env=1.000
E07_TRACE f= 23 dy= +18.9 dz= -27.4 sole={'L': 0.8, 'R': -1.3} core={'L': [506.3, 306.3, 1375.7], 'R': [-198.6, -250.8, 1196.7]} gap={'L': 434.0, 'R': 68.6} lock=2.9908 env=1.000
E07_TRACE f= 24 dy= +17.0 dz= -22.5 sole={'L': 0.9, 'R': -1.2} core={'L': [517.8, 288.6, 1466.0], 'R': [-200.0, -245.2, 1207.8]} gap={'L': 442.3, 'R': 68.9} lock=2.6526 env=1.000
E07_TRACE f= 25 dy= +15.1 dz= -17.6 sole={'L': 0.9, 'R': -1.2} core={'L': [519.6, 259.4, 1556.4], 'R': [-201.4, -239.5, 1218.8]} gap={'L': 454.5, 'R': 69.1} lock=2.3551 env=1.000
E07_TRACE f= 26 dy= +13.2 dz= -12.9 sole={'L': 1.0, 'R': -1.1} core={'L': [510.8, 220.1, 1642.4], 'R': [-202.8, -233.6, 1229.3]} gap={'L': 460.2, 'R': 69.3} lock=2.1142 env=1.000
E07_TRACE f= 27 dy= +11.3 dz=  -8.3 sole={'L': 1.0, 'R': -1.0} core={'L': [491.5, 173.9, 1720.1], 'R': [-204.1, -227.9, 1239.2]} gap={'L': 475.1, 'R': 69.5} lock=1.9419 env=1.000
E07_TRACE f= 28 dy=  +9.6 dz=  -4.0 sole={'L': 1.1, 'R': -1.0} core={'L': [463.2, 124.4, 1786.4], 'R': [-205.4, -222.4, 1248.3]} gap={'L': 480.3, 'R': 69.6} lock=1.8728 env=1.000
E07_TRACE f= 29 dy=  +8.1 dz=  -0.2 sole={'L': 1.1, 'R': -0.9} core={'L': [428.8, 75.7, 1839.7], 'R': [-206.5, -217.3, 1256.4]} gap={'L': 499.7, 'R': 69.7} lock=1.8724 env=1.000
E07_TRACE f= 30 dy=  +6.7 dz=  +3.2 sole={'L': 1.2, 'R': -0.9} core={'L': [391.8, 31.5, 1880.1], 'R': [-207.5, -212.7, 1263.5]} gap={'L': 509.0, 'R': 69.7} lock=1.8808 env=1.000
E07_TRACE f= 31 dy=  +5.6 dz=  +6.1 sole={'L': 1.2, 'R': -0.9} core={'L': [356.4, -5.3, 1908.4], 'R': [-208.3, -208.9, 1269.2]} gap={'L': 518.4, 'R': 69.5} lock=1.8933 env=1.000
E07_TRACE f= 32 dy=  +4.7 dz=  +8.2 sole={'L': 1.3, 'R': -0.8} core={'L': [327.0, -32.9, 1926.7], 'R': [-208.9, -205.9, 1273.5]} gap={'L': 521.9, 'R': 69.6} lock=1.9059 env=1.000
E07_TRACE f= 33 dy=  +4.2 dz=  +9.5 sole={'L': 1.3, 'R': -0.8} core={'L': [307.1, -50.1, 1936.8], 'R': [-209.3, -204.0, 1276.2]} gap={'L': 519.9, 'R': 69.6} lock=1.9405 env=1.000
E07_TRACE f= 34 dy=  +4.0 dz= +10.0 sole={'L': 1.3, 'R': -0.8} core={'L': [300.0, -56.0, 1940.0], 'R': [-209.4, -203.4, 1277.1]} gap={'L': 519.1, 'R': 69.6} lock=1.9536 env=1.000
E07_TRACE f= 34 dy=  +4.0 dz= +10.0 sole={'L': 1.3, 'R': -0.8} core={'L': [300.0, -56.0, 1940.0], 'R': [-209.4, -203.4, 1277.1]} gap={'L': 519.1, 'R': 69.6} lock=1.9536 env=1.000
E07_TRACE f= 34 dy=  +4.0 dz= +10.0 sole={'L': 1.3, 'R': -0.8} core={'L': [300.0, -56.0, 1940.0], 'R': [-209.4, -203.4, 1277.1]} gap={'L': 519.1, 'R': 69.6} lock=1.9536 env=1.000
E07_TRACE f= 34 dy=  +4.0 dz= +10.0 sole={'L': 1.3, 'R': -0.8} core={'L': [300.0, -56.0, 1940.0], 'R': [-209.4, -203.4, 1277.1]} gap={'L': 519.1, 'R': 69.6} lock=1.9536 env=1.000
E07_TRACE f= 38 dy=  +4.0 dz=  +9.8 sole={'L': 1.3, 'R': -0.8} core={'L': [300.1, -55.6, 1937.8], 'R': [-209.4, -203.6, 1276.9]} gap={'L': 517.4, 'R': 69.6} lock=1.9472 env=1.000
E07_TRACE f= 39 dy=  +4.0 dz=  +9.2 sole={'L': 1.3, 'R': -0.8} core={'L': [300.5, -54.6, 1931.9], 'R': [-209.2, -204.1, 1276.4]} gap={'L': 512.9, 'R': 69.2} lock=1.9308 env=1.000
E07_TRACE f= 40 dy=  +4.0 dz=  +8.4 sole={'L': 1.3, 'R': -0.8} core={'L': [300.9, -53.3, 1923.4], 'R': [-208.9, -204.9, 1275.6]} gap={'L': 506.2, 'R': 68.7} lock=1.9092 env=1.000
E07_TRACE f= 41 dy=  +4.0 dz=  +7.5 sole={'L': 1.2, 'R': -0.8} core={'L': [301.3, -51.6, 1913.3], 'R': [-208.6, -205.8, 1274.7]} gap={'L': 498.2, 'R': 68.1} lock=1.9044 env=1.000
E07_TRACE f= 42 dy=  +4.0 dz=  +6.5 sole={'L': 1.2, 'R': -0.9} core={'L': [301.6, -50.0, 1902.7], 'R': [-208.3, -206.8, 1273.7]} gap={'L': 489.7, 'R': 67.5} lock=1.8994 env=1.000
E07_TRACE f= 43 dy=  +4.0 dz=  +5.6 sole={'L': 1.2, 'R': -0.9} core={'L': [301.8, -48.4, 1892.6], 'R': [-208.0, -207.7, 1272.8]} gap={'L': 482.5, 'R': 67.0} lock=1.8951 env=1.000
E07_TRACE f= 44 dy=  +4.0 dz=  +4.8 sole={'L': 1.2, 'R': -0.9} core={'L': [302.0, -47.2, 1884.1], 'R': [-207.7, -208.5, 1272.0]} gap={'L': 475.9, 'R': 66.5} lock=1.8915 env=1.000
E07_TRACE f= 45 dy=  +4.0 dz=  +4.2 sole={'L': 1.2, 'R': -0.9} core={'L': [302.0, -46.3, 1878.2], 'R': [-207.5, -209.1, 1271.5]} gap={'L': 471.3, 'R': 66.2} lock=1.8891 env=1.000
E07_TRACE f= 46 dy=  +4.0 dz=  +4.0 sole={'L': 1.2, 'R': -0.9} core={'L': [302.0, -46.0, 1876.0], 'R': [-207.4, -209.3, 1271.3]} gap={'L': 469.6, 'R': 66.0} lock=1.8883 env=1.000
E07_TRACE f= 47 dy=  +3.9 dz=  +4.3 sole={'L': 1.2, 'R': -0.9} core={'L': [301.9, -46.6, 1878.5], 'R': [-207.6, -209.2, 1271.5]} gap={'L': 471.3, 'R': 66.3} lock=1.8900 env=1.000
E07_TRACE f= 48 dy=  +3.7 dz=  +5.2 sole={'L': 1.2, 'R': -0.9} core={'L': [301.6, -48.1, 1885.1], 'R': [-208.1, -209.1, 1272.3]} gap={'L': 476.1, 'R': 67.2} lock=1.8949 env=1.000
E07_TRACE f= 49 dy=  +3.4 dz=  +6.5 sole={'L': 1.2, 'R': -0.9} core={'L': [301.1, -50.2, 1894.3], 'R': [-208.7, -208.9, 1273.4]} gap={'L': 482.7, 'R': 68.4} lock=1.9025 env=1.000
E07_TRACE f= 50 dy=  +3.0 dz=  +8.0 sole={'L': 1.2, 'R': -0.8} core={'L': [300.4, -52.8, 1905.0], 'R': [-209.4, -208.6, 1274.6]} gap={'L': 490.1, 'R': 69.7} lock=1.9124 env=1.000
E07_TRACE f= 51 dy=  +2.6 dz=  +9.5 sole={'L': 1.3, 'R': -0.8} core={'L': [299.6, -55.4, 1915.6], 'R': [-210.2, -208.4, 1275.8]} gap={'L': 497.7, 'R': 71.0} lock=1.9252 env=1.000
E07_TRACE f= 52 dy=  +2.3 dz= +10.8 sole={'L': 1.3, 'R': -0.8} core={'L': [298.8, -57.7, 1924.9], 'R': [-210.8, -208.1, 1276.8]} gap={'L': 504.6, 'R': 72.2} lock=1.9608 env=1.000
E07_TRACE f= 53 dy=  +2.1 dz= +11.7 sole={'L': 1.3, 'R': -0.8} core={'L': [298.2, -59.4, 1931.5], 'R': [-211.3, -208.0, 1277.5]} gap={'L': 509.3, 'R': 73.0} lock=1.9883 env=1.000
E07_TRACE f= 54 dy=  +2.0 dz= +12.0 sole={'L': 1.3, 'R': -0.8} core={'L': [298.0, -60.0, 1934.0], 'R': [-211.4, -207.9, 1277.8]} gap={'L': 511.1, 'R': 73.3} lock=1.9993 env=1.000
E07_TRACE f= 55 dy=  +2.0 dz= +12.0 sole={'L': 1.3, 'R': -0.8} core={'L': [298.0, -60.1, 1933.8], 'R': [-211.4, -207.9, 1277.8]} gap={'L': 510.9, 'R': 73.4} lock=1.9984 env=1.000
E07_TRACE f= 56 dy=  +2.0 dz= +11.9 sole={'L': 1.3, 'R': -0.8} core={'L': [298.0, -60.6, 1933.1], 'R': [-211.2, -207.9, 1277.8]} gap={'L': 509.5, 'R': 73.3} lock=1.9962 env=1.000
E07_TRACE f= 57 dy=  +2.0 dz= +11.7 sole={'L': 1.3, 'R': -0.8} core={'L': [297.9, -61.2, 1932.1], 'R': [-211.0, -207.9, 1277.8]} gap={'L': 508.9, 'R': 73.4} lock=1.9927 env=1.000
E07_TRACE f= 58 dy=  +2.0 dz= +11.5 sole={'L': 1.3, 'R': -0.8} core={'L': [297.9, -62.1, 1930.7], 'R': [-210.7, -207.8, 1277.9]} gap={'L': 508.0, 'R': 73.4} lock=1.9880 env=1.000
E07_TRACE f= 59 dy=  +2.0 dz= +11.2 sole={'L': 1.3, 'R': -0.8} core={'L': [297.8, -63.2, 1929.1], 'R': [-210.3, -207.8, 1277.9]} gap={'L': 506.8, 'R': 73.1} lock=1.9824 env=1.000
E07_TRACE f= 60 dy=  +2.0 dz= +10.9 sole={'L': 1.3, 'R': -0.8} core={'L': [297.7, -64.4, 1927.1], 'R': [-209.8, -207.7, 1277.9]} gap={'L': 505.5, 'R': 73.3} lock=1.9761 env=1.000
E07_TRACE f= 61 dy=  +2.0 dz= +10.6 sole={'L': 1.3, 'R': -0.8} core={'L': [297.6, -65.8, 1925.0], 'R': [-209.3, -207.6, 1277.9]} gap={'L': 503.8, 'R': 73.3} lock=1.9691 env=1.000
E07_TRACE f= 62 dy=  +2.0 dz= +10.2 sole={'L': 1.3, 'R': -0.8} core={'L': [297.5, -67.2, 1922.7], 'R': [-208.7, -207.6, 1278.0]} gap={'L': 502.1, 'R': 73.2} lock=1.9617 env=1.000
E07_TRACE f= 63 dy=  +2.0 dz=  +9.8 sole={'L': 1.3, 'R': -0.8} core={'L': [297.4, -68.7, 1920.2], 'R': [-208.1, -207.5, 1278.0]} gap={'L': 498.6, 'R': 73.2} lock=1.9541 env=1.000
E07_TRACE f= 64 dy=  +2.0 dz=  +9.4 sole={'L': 1.3, 'R': -0.8} core={'L': [297.3, -70.3, 1917.7], 'R': [-207.5, -207.4, 1278.0]} gap={'L': 497.1, 'R': 73.1} lock=1.9465 env=1.000
E07_TRACE f= 65 dy=  +2.0 dz=  +9.0 sole={'L': 1.2, 'R': -0.8} core={'L': [297.1, -71.8, 1915.1], 'R': [-206.9, -207.3, 1278.1]} gap={'L': 495.5, 'R': 73.1} lock=1.9389 env=1.000
E07_TRACE f= 66 dy=  +2.0 dz=  +8.6 sole={'L': 1.2, 'R': -0.8} core={'L': [297.0, -73.4, 1912.5], 'R': [-206.3, -207.2, 1278.1]} gap={'L': 493.8, 'R': 73.0} lock=1.9315 env=1.000
E07_TRACE f= 67 dy=  +2.0 dz=  +8.2 sole={'L': 1.2, 'R': -0.8} core={'L': [296.8, -74.9, 1910.0], 'R': [-205.7, -207.1, 1278.2]} gap={'L': 492.2, 'R': 72.9} lock=1.9245 env=1.000
E07_TRACE f= 68 dy=  +2.0 dz=  +7.8 sole={'L': 1.2, 'R': -0.8} core={'L': [296.7, -76.4, 1907.5], 'R': [-205.1, -207.0, 1278.2]} gap={'L': 490.5, 'R': 72.8} lock=1.9178 env=1.000
E07_TRACE f= 69 dy=  +2.0 dz=  +7.4 sole={'L': 1.2, 'R': -0.8} core={'L': [296.6, -77.7, 1905.2], 'R': [-204.5, -206.9, 1278.3]} gap={'L': 488.9, 'R': 72.8} lock=1.9117 env=1.000
E07_TRACE f= 70 dy=  +2.0 dz=  +7.1 sole={'L': 1.2, 'R': -0.8} core={'L': [296.4, -79.0, 1903.0], 'R': [-204.0, -206.8, 1278.3]} gap={'L': 487.3, 'R': 72.7} lock=1.9061 env=1.000
E07_TRACE f= 71 dy=  +2.0 dz=  +6.8 sole={'L': 1.2, 'R': -0.9} core={'L': [296.3, -80.1, 1901.0], 'R': [-203.5, -206.7, 1278.3]} gap={'L': 485.9, 'R': 72.6} lock=1.9014 env=1.000
E07_TRACE f= 72 dy=  +2.0 dz=  +6.5 sole={'L': 1.2, 'R': -0.9} core={'L': [296.2, -81.1, 1899.3], 'R': [-203.1, -206.6, 1278.4]} gap={'L': 483.3, 'R': 72.6} lock=1.8973 env=1.000
E07_TRACE f= 73 dy=  +2.0 dz=  +6.3 sole={'L': 1.2, 'R': -0.9} core={'L': [296.1, -81.9, 1897.9], 'R': [-202.8, -206.5, 1278.4]} gap={'L': 482.4, 'R': 72.5} lock=1.8940 env=1.000
E07_TRACE f= 74 dy=  +2.0 dz=  +6.1 sole={'L': 1.2, 'R': -0.9} core={'L': [296.1, -82.5, 1896.9], 'R': [-202.5, -206.5, 1278.4]} gap={'L': 481.8, 'R': 72.4} lock=1.8915 env=1.000
E07_TRACE f= 75 dy=  +2.0 dz=  +6.0 sole={'L': 1.2, 'R': -0.9} core={'L': [296.0, -82.9, 1896.2], 'R': [-202.3, -206.4, 1278.4]} gap={'L': 481.4, 'R': 72.4} lock=1.8901 env=1.000
E07_TRACE f= 76 dy=  +2.0 dz=  +6.0 sole={'L': 1.2, 'R': -0.9} core={'L': [296.0, -83.0, 1896.0], 'R': [-202.3, -206.4, 1278.4]} gap={'L': 481.2, 'R': 72.4} lock=1.8895 env=1.000
E07_TRACE f= 77 dy=  +2.0 dz=  +6.0 sole={'L': 1.2, 'R': -0.9} core={'L': [296.0, -83.0, 1896.0], 'R': [-202.3, -206.4, 1278.4]} gap={'L': 481.2, 'R': 72.4} lock=1.8893 env=1.000
E07_TRACE f= 78 dy=  +2.0 dz=  +6.0 sole={'L': 1.2, 'R': -0.9} core={'L': [296.0, -83.0, 1896.0], 'R': [-202.3, -206.5, 1278.3]} gap={'L': 481.2, 'R': 72.4} lock=1.8886 env=1.000
E07_TRACE f= 79 dy=  +2.0 dz=  +5.9 sole={'L': 1.2, 'R': -0.9} core={'L': [296.0, -83.0, 1895.9], 'R': [-202.3, -206.7, 1278.2]} gap={'L': 481.2, 'R': 72.5} lock=1.8876 env=1.000
E07_TRACE f= 80 dy=  +1.9 dz=  +5.9 sole={'L': 1.2, 'R': -0.9} core={'L': [296.0, -83.1, 1895.9], 'R': [-202.4, -206.8, 1278.1]} gap={'L': 481.1, 'R': 72.5} lock=1.8864 env=1.000
E07_TRACE f= 81 dy=  +1.9 dz=  +5.8 sole={'L': 1.2, 'R': -0.9} core={'L': [296.0, -83.1, 1895.8], 'R': [-202.4, -207.0, 1277.9]} gap={'L': 481.1, 'R': 72.5} lock=1.8849 env=1.000
E07_TRACE f= 82 dy=  +1.9 dz=  +5.8 sole={'L': 1.2, 'R': -0.9} core={'L': [296.0, -83.1, 1895.8], 'R': [-202.4, -207.2, 1277.7]} gap={'L': 481.1, 'R': 72.6} lock=1.8835 env=1.000
E07_TRACE f= 83 dy=  +1.9 dz=  +5.7 sole={'L': 1.2, 'R': -0.9} core={'L': [295.9, -83.1, 1895.7], 'R': [-202.5, -207.4, 1277.6]} gap={'L': 481.0, 'R': 72.6} lock=1.8832 env=1.000
E07_TRACE f= 84 dy=  +1.9 dz=  +5.6 sole={'L': 1.2, 'R': -0.9} core={'L': [295.9, -83.1, 1895.7], 'R': [-202.5, -207.6, 1277.4]} gap={'L': 481.0, 'R': 72.6} lock=1.8832 env=1.000
E07_TRACE f= 85 dy=  +1.8 dz=  +5.6 sole={'L': 1.2, 'R': -0.9} core={'L': [296.0, -83.2, 1895.6], 'R': [-202.5, -207.8, 1277.3]} gap={'L': 480.9, 'R': 72.7} lock=1.8831 env=1.000
E07_TRACE f= 86 dy=  +1.8 dz=  +5.5 sole={'L': 1.2, 'R': -0.9} core={'L': [295.8, -83.1, 1895.6], 'R': [-202.5, -207.9, 1277.2]} gap={'L': 480.9, 'R': 72.7} lock=1.8832 env=1.000
E07_TRACE f= 87 dy=  +1.8 dz=  +5.5 sole={'L': 1.2, 'R': -0.9} core={'L': [295.9, -83.2, 1895.5], 'R': [-202.6, -208.0, 1277.1]} gap={'L': 480.9, 'R': 72.7} lock=1.8831 env=1.000
E07_TRACE f= 88 dy=  +1.8 dz=  +5.5 sole={'L': 1.2, 'R': -0.9} core={'L': [296.0, -83.2, 1895.5], 'R': [-202.6, -208.0, 1277.1]} gap={'L': 480.9, 'R': 72.7} lock=1.8831 env=1.000
E07_TRACE f= 89 dy=  +1.8 dz=  +5.4 sole={'L': 1.2, 'R': -0.9} core={'L': [299.0, -87.7, 1887.4], 'R': [-201.4, -208.6, 1278.5]} gap={'L': 475.7, 'R': 72.0} lock=1.8831 env=0.994
E07_TRACE f= 90 dy=  +1.8 dz=  +5.3 sole={'L': 1.2, 'R': -0.9} core={'L': [306.9, -99.7, 1864.5], 'R': [-198.0, -210.1, 1282.5]} gap={'L': 460.1, 'R': 70.0} lock=1.8829 env=0.977
E07_TRACE f= 91 dy=  +1.8 dz=  +5.0 sole={'L': 1.2, 'R': -0.9} core={'L': [317.4, -116.3, 1828.8], 'R': [-193.0, -212.4, 1288.4]} gap={'L': 432.4, 'R': 66.7} lock=1.8826 env=0.949
E07_TRACE f= 92 dy=  +1.8 dz=  +4.6 sole={'L': 1.2, 'R': -0.9} core={'L': [328.5, -135.6, 1783.6], 'R': [-186.6, -215.2, 1295.5]} gap={'L': 394.9, 'R': 63.1} lock=1.8824 env=0.913
E07_TRACE f= 93 dy=  +1.8 dz=  +4.2 sole={'L': 1.2, 'R': -0.9} core={'L': [338.6, -158.0, 1731.9], 'R': [-179.5, -218.2, 1303.0]} gap={'L': 357.8, 'R': 58.7} lock=1.8820 env=0.869
E07_TRACE f= 94 dy=  +1.8 dz=  +3.7 sole={'L': 1.1, 'R': -0.9} core={'L': [345.9, -186.3, 1676.2], 'R': [-172.0, -221.4, 1310.1]} gap={'L': 310.7, 'R': 56.5} lock=1.8816 env=0.817
E07_TRACE f= 95 dy=  +1.9 dz=  +3.1 sole={'L': 1.1, 'R': -0.9} core={'L': [347.1, -222.3, 1618.6], 'R': [-164.5, -224.8, 1316.3]} gap={'L': 284.7, 'R': 53.7} lock=1.8812 env=0.761
E07_TRACE f= 96 dy=  +1.9 dz=  +2.5 sole={'L': 1.1, 'R': -0.9} core={'L': [339.0, -263.6, 1561.5], 'R': [-157.4, -228.4, 1320.9]} gap={'L': 262.0, 'R': 52.5} lock=1.8808 env=0.699
E07_TRACE f= 97 dy=  +1.9 dz=  +1.9 sole={'L': 1.1, 'R': -0.9} core={'L': [321.8, -300.9, 1507.7], 'R': [-150.7, -232.4, 1323.9]} gap={'L': 241.2, 'R': 50.7} lock=1.8804 env=0.635
E07_TRACE f= 98 dy=  +1.9 dz=  +1.2 sole={'L': 1.1, 'R': -0.9} core={'L': [299.3, -329.6, 1459.0], 'R': [-144.6, -236.7, 1325.1]} gap={'L': 231.6, 'R': 50.6} lock=1.8802 env=0.568
E07_TRACE f= 99 dy=  +1.9 dz=  +0.6 sole={'L': 1.1, 'R': -0.9} core={'L': [275.1, -347.9, 1416.2], 'R': [-139.2, -241.4, 1324.6]} gap={'L': 218.0, 'R': 51.0} lock=1.8799 env=0.500
E07_TRACE f=100 dy=  +1.9 dz=  -0.0 sole={'L': 1.1, 'R': -1.0} core={'L': [248.8, -356.1, 1379.4], 'R': [-134.4, -246.3, 1322.7]} gap={'L': 205.5, 'R': 52.0} lock=1.8798 env=0.432
E07_DBG f=101 it=0 R core=[-141.5,-261.9,1292.5] home=[-133.1,-266.6,1303.4] env=0.365 along=[0.268,-0.064,0.961] ydir=[0.221,-0.419,0.881] hint=[-0.080,-0.926,-0.369] xaxis=[-0.090,-0.908,-0.409] bulge=[-0.276,-0.041,-0.960] theta=   11.37 twist=    6.82 elbow=[-226.3,-259.8,975.7] up=(-45.2, 18.6, 43.0) fo=(6.2, -21.6, 155.5)
E07_DBG f=101 it=1 R core=[-141.5,-261.9,1292.5] home=[-133.1,-266.6,1303.4] env=0.365 along=[0.258,-0.006,0.966] ydir=[0.219,-0.399,0.890] hint=[-0.090,-0.908,-0.409] xaxis=[-0.085,-0.917,-0.390] bulge=[-0.276,-0.041,-0.960] theta=   10.77 twist=    6.46 elbow=[-226.2,-259.7,975.8] up=(-45.2, 18.6, 43.0) fo=(6.2, -21.7, 155.0)
E07_DBG f=101 it=2 R core=[-141.5,-261.9,1292.5] home=[-133.1,-266.6,1303.4] env=0.365 along=[0.258,-0.007,0.966] ydir=[0.219,-0.399,0.890] hint=[-0.085,-0.917,-0.390] xaxis=[-0.085,-0.917,-0.390] bulge=[-0.276,-0.041,-0.960] theta=   10.76 twist=    6.45 elbow=[-226.2,-259.7,975.8] up=(-45.2, 18.6, 43.0) fo=(6.2, -21.7, 155.0)
E07_TRACE f=101 dy=  +1.9 dz=  -0.6 sole={'L': 1.1, 'R': -1.0} core={'L': [217.9, -353.7, 1349.4], 'R': [-130.3, -251.5, 1319.6]} gap={'L': 184.6, 'R': 53.2} lock=1.8796 env=0.365
E07_DBG f=102 it=0 R core=[-137.0,-266.2,1292.3] home=[-130.6,-269.8,1300.6] env=0.301 along=[0.271,-0.020,0.962] ydir=[0.217,-0.440,0.871] hint=[-0.085,-0.917,-0.390] xaxis=[-0.095,-0.898,-0.430] bulge=[-0.279,-0.103,-0.955] theta=    9.28 twist=    5.57 elbow=[-221.2,-277.6,976.8] up=(-43.8, 19.3, 45.8) fo=(5.8, -23.2, 157.1)
E07_DBG f=102 it=1 R core=[-137.0,-266.2,1292.3] home=[-130.6,-269.8,1300.6] env=0.301 along=[0.257,0.035,0.966] ydir=[0.214,-0.425,0.879] hint=[-0.095,-0.898,-0.430] xaxis=[-0.092,-0.905,-0.416] bulge=[-0.279,-0.103,-0.955] theta=    8.59 twist=    5.15 elbow=[-221.0,-277.5,976.8] up=(-43.8, 19.3, 45.8) fo=(5.9, -23.3, 156.8)
E07_DBG f=102 it=2 R core=[-137.0,-266.2,1292.3] home=[-130.6,-269.8,1300.6] env=0.301 along=[0.257,0.035,0.966] ydir=[0.214,-0.425,0.879] hint=[-0.092,-0.905,-0.416] xaxis=[-0.092,-0.905,-0.416] bulge=[-0.279,-0.103,-0.955] theta=    8.57 twist=    5.14 elbow=[-221.0,-277.5,976.8] up=(-43.8, 19.3, 45.8) fo=(5.8, -23.3, 156.8)
E07_TRACE f=102 dy=  +2.0 dz=  -1.2 sole={'L': 1.1, 'R': -1.0} core={'L': [184.0, -341.1, 1326.4], 'R': [-126.9, -256.8, 1315.7]} gap={'L': 153.9, 'R': 53.9} lock=1.8797 env=0.301
E07_DBG f=103 it=0 R core=[-133.1,-270.0,1291.9] home=[-128.4,-272.8,1298.0] env=0.239 along=[0.269,0.023,0.963] ydir=[0.210,-0.465,0.860] hint=[-0.092,-0.905,-0.416] xaxis=[-0.101,-0.885,-0.454] bulge=[-0.276,-0.160,-0.948] theta=    7.05 twist=    4.23 elbow=[-215.1,-293.7,978.1] up=(-42.6, 19.9, 48.4) fo=(5.5, -24.8, 158.7)
E07_DBG f=103 it=1 R core=[-133.1,-270.0,1291.9] home=[-128.4,-272.8,1298.0] env=0.239 along=[0.252,0.073,0.965] ydir=[0.208,-0.455,0.866] hint=[-0.101,-0.885,-0.454] xaxis=[-0.099,-0.891,-0.444] bulge=[-0.276,-0.160,-0.948] theta=    6.33 twist=    3.80 elbow=[-214.9,-293.6,978.1] up=(-42.6, 19.9, 48.4) fo=(5.5, -24.9, 158.5)
E07_DBG f=103 it=2 R core=[-133.1,-270.0,1291.9] home=[-128.4,-272.8,1298.0] env=0.239 along=[0.252,0.073,0.965] ydir=[0.207,-0.455,0.866] hint=[-0.099,-0.891,-0.444] xaxis=[-0.099,-0.891,-0.444] bulge=[-0.276,-0.160,-0.948] theta=    6.30 twist=    3.78 elbow=[-214.9,-293.6,978.1] up=(-42.6, 19.9, 48.4) fo=(5.5, -24.9, 158.5)
E07_TRACE f=103 dy=  +2.0 dz=  -1.7 sole={'L': 1.0, 'R': -1.0} core={'L': [155.7, -324.7, 1309.2], 'R': [-124.3, -261.9, 1311.3]} gap={'L': 125.2, 'R': 55.8} lock=1.8797 env=0.239
E07_TRACE f=104 dy=  +2.0 dz=  -2.1 sole={'L': 1.0, 'R': -1.0} core={'L': [139.7, -314.0, 1296.0], 'R': [-122.4, -266.8, 1306.7]} gap={'L': 106.9, 'R': 57.9} lock=1.8798 env=0.183
E07_TRACE f=105 dy=  +2.0 dz=  -2.5 sole={'L': 1.0, 'R': -1.0} core={'L': [133.4, -310.4, 1285.7], 'R': [-121.2, -271.1, 1302.2]} gap={'L': 99.3, 'R': 59.8} lock=1.8799 env=0.131
E07_TRACE f=106 dy=  +2.0 dz=  -2.8 sole={'L': 1.0, 'R': -1.0} core={'L': [132.1, -310.6, 1277.6], 'R': [-120.7, -274.7, 1298.2]} gap={'L': 97.5, 'R': 61.8} lock=1.8800 env=0.087
E07_TRACE f=107 dy=  +2.0 dz=  -2.9 sole={'L': 1.0, 'R': -1.0} core={'L': [132.9, -312.1, 1271.6], 'R': [-120.9, -277.4, 1294.9]} gap={'L': 97.9, 'R': 63.5} lock=1.8801 env=0.051
E07_TRACE f=108 dy=  +2.0 dz=  -3.0 sole={'L': 1.0, 'R': -1.0} core={'L': [134.4, -313.6, 1267.8], 'R': [-121.6, -279.1, 1292.8]} gap={'L': 97.3, 'R': 65.0} lock=1.8802 env=0.023
E07_TRACE f=109 dy=  +2.0 dz=  -2.9 sole={'L': 1.0, 'R': -1.0} core={'L': [136.0, -314.4, 1265.9], 'R': [-122.4, -279.8, 1291.7]} gap={'L': 99.2, 'R': 65.9} lock=1.8801 env=0.006
E07_TRACE f=110 dy=  +1.9 dz=  -2.8 sole={'L': 1.0, 'R': -1.0} core={'L': [136.9, -314.4, 1265.5], 'R': [-123.1, -279.8, 1291.6]} gap={'L': 100.0, 'R': 66.3} lock=1.8797 env=0.000
E07_TRACE f=111 dy=  +1.7 dz=  -2.5 sole={'L': 1.0, 'R': -1.0} core={'L': [137.6, -313.8, 1266.0], 'R': [-123.6, -279.2, 1292.2]} gap={'L': 100.0, 'R': 66.3} lock=1.8794 env=0.000
E07_TRACE f=112 dy=  +1.5 dz=  -2.2 sole={'L': 1.0, 'R': -1.0} core={'L': [138.5, -313.1, 1266.6], 'R': [-124.4, -278.5, 1292.9]} gap={'L': 100.1, 'R': 66.4} lock=1.8789 env=0.000
E07_TRACE f=113 dy=  +1.2 dz=  -1.9 sole={'L': 1.0, 'R': -1.0} core={'L': [139.4, -312.3, 1267.3], 'R': [-125.2, -277.7, 1293.8]} gap={'L': 100.2, 'R': 66.4} lock=1.8784 env=0.000
E07_TRACE f=114 dy=  +1.0 dz=  -1.5 sole={'L': 1.0, 'R': -1.0} core={'L': [140.5, -311.4, 1268.1], 'R': [-126.1, -276.9, 1294.7]} gap={'L': 100.3, 'R': 66.5} lock=1.8781 env=0.000
E07_TRACE f=115 dy=  +0.8 dz=  -1.1 sole={'L': 1.0, 'R': -1.0} core={'L': [141.5, -310.5, 1268.8], 'R': [-126.9, -276.1, 1295.5]} gap={'L': 100.4, 'R': 66.5} lock=1.8778 env=0.000
E07_TRACE f=116 dy=  +0.5 dz=  -0.8 sole={'L': 1.0, 'R': -1.0} core={'L': [142.4, -309.6, 1269.5], 'R': [-127.8, -275.3, 1296.4]} gap={'L': 100.5, 'R': 66.6} lock=1.8776 env=0.000
E07_TRACE f=117 dy=  +0.3 dz=  -0.5 sole={'L': 1.1, 'R': -1.0} core={'L': [143.3, -308.9, 1270.1], 'R': [-128.5, -274.6, 1297.1]} gap={'L': 100.6, 'R': 66.6} lock=1.8775 env=0.000
E07_TRACE f=118 dy=  +0.1 dz=  -0.2 sole={'L': 1.1, 'R': -1.0} core={'L': [143.9, -308.3, 1270.6], 'R': [-129.1, -274.0, 1297.7]} gap={'L': 100.6, 'R': 66.6} lock=1.8775 env=0.000
E07_TRACE f=119 dy=  +0.0 dz=  -0.1 sole={'L': 1.1, 'R': -1.0} core={'L': [144.4, -307.9, 1270.9], 'R': [-129.4, -273.6, 1298.0]} gap={'L': 100.7, 'R': 66.6} lock=1.8774 env=0.000
E07_TRACE f=120 dy=  +0.0 dz=  +0.0 sole={'L': 1.1, 'R': -1.0} core={'L': [144.5, -307.7, 1271.1], 'R': [-129.6, -273.5, 1298.2]} gap={'L': 100.7, 'R': 66.6} lock=1.8774 env=0.000
E07_REPORT {"loop_seamless": true, "ground_min_mm": -1.52, "ground_contact_ok": true, "max_frame_step_deg": 11.593, "max_frame_step_at": [10, "upperarm.L"], "no_teleport": true, "bone_travel_mm": {"pelvis": 62.65, "chest": 74.62, "head": 152.0, "hand.L": 695.32, "hand.R": 162.89}, "v2_raise_geometry": {"34": {"L": {"core_mm": [300.0, -56.0, 1940.0], "core_gap_mm": 519.05, "knuckle_gap_mm": 466.417}, "R": {"core_mm": [-209.43, -203.36, 1277.11], "core_gap_mm": 69.63, "knuckle_gap_mm": 10.804}, "fist_z_diff_mm": 662.89}, "37": {"L": {"core_mm": [300.0, -56.0, 1940.0], "core_gap_mm": 519.05, "knuckle_gap_mm": 466.417}, "R": {"core_mm": [-209.43, -203.36, 1277.11], "core_gap_mm": 69.63, "knuckle_gap_mm": 10.804}, "fist_z_diff_mm": 662.89}}, "v2_raise_z_min_mm": 1940.0, "v2_raise_z_limit_mm": 1900.0, "v2_raise_z_min_ok": true, "v2_raise_z_min_note": "★★★ **本支的命门**：「举拳」= 拳心必须**过顶**。判据 = 举到位窗口（f=[34, 37]）内举起臂（L）拳心的**最低 z** ≥ 1900 mm（E06 的拳心 z ≤ 1392 mm，「胸/肩」高度）。实测 **1940.0 mm** —— 比 E06 高 548.0 mm，比角色头顶（1803 mm）高 137.0 mm。★ 目标 z 由**实测定标**：`probe_e07_baseline.py` 用E06 的 `seat_arm` 真解 IK，z ≤ 1940 精确命中、z ≥ 1980 起饱和在 1948.8 mm⟹ 峰值取 1930（距门禁 30 mm 垫、臂长比值 ~0.975）。★ 旋钮 ② `LOW_RAISE` 把目标压到 1830 ⟹ 本判据变红。", "v2_asym_min_mm": 662.89, "v2_asym_limit_mm": 500.0, "v2_asym_ok": true, "v2_asym_note": "★★★ 「举拳」是**单臂**（另一臂下放体侧）—— 与 E06 的**双拳同步捶胸**在「对称性」维度上分离。判据 = 窗口内 min(举起臂拳心 z − 另一臂拳心 z) ≥ 500 mm。实测 **662.9 mm**。★ 旋钮 ③ `SYM` 让双臂同时举起 ⟹ 差 → 0 ⟹ 变红。", "v2_no_contact_min_mm": 466.417, "v2_no_contact_limit_mm": 200.0, "v2_no_contact_ok": true, "v2_no_contact_note": "★★★ E06 是**接触型**（拳面贴胸 +1.13 mm）；本支是**非接触型**（拳在空中）。判据 = 窗口内举起臂的「拳心到躯干面」与「指节面到躯干面」的**较小值** ≥ 200 mm。实测 **466.4 mm**。★ 旋钮 ④ `CONTACT` 把拳落在胸前 ⟹ 变红。", "v2_windup_y_m": 0.1673, "v2_windup_limit_m": 0.1, "v2_windup_behind_ok": true, "v2_windup_behind_note": "★★ **连播不自洽的真风险**（清单 §0 第 2 条）：E06 与 E07 **首帧同一姿态**，若起手第一拍也做「收拳蓄势」就会与前作重影。解法 = **预蓄方向相反**：E06 沉髋时拳**收向前**（f14 拳心 y = −310 mm，在身前）；本支拳**甩向后**（f14 拳心 y = **+0.167 m**，在身后）⟹ 两支在同一帧上拳心 y 相差 ≈ 0 mm。判据 = 预蓄帧拳心 y ≥ 0.10 m（在身后）。★ 旋钮 ⑤ `FRONT_WINDUP` 把预蓄照抄成 E06 的向前 ⟹ 变红。", "v2_hitstop_frames": 4, "v2_hitstop_windows": [[34, 37]], "v2_hitstop_steps_deg": {"34": [{"from": 34, "step_deg": 1.7e-05, "at": [35, "hand.R"]}, {"from": 35, "step_deg": 6e-06, "at": [36, "forearm.R"]}, {"from": 36, "step_deg": 0.0, "at": null}]}, "v2_hitstop_worst_step_deg": 1.7e-05, "v2_hitstop_ok": true, "v2_hitstop_note": "★★ 「举到位」的那一刻有**打击停顿**：窗口 [[34, 37]] 共 4 帧内逐帧姿态冻结（`max |Δ euler|` 实测 **0.000017°**，阈值 ≤ 0.01）。★ 与 E06 的**三窗口**不同：本支是**单窗口**（清单 §1 第 4 维度）；靠 `A.set_hitstop` 把窗口键设 CONSTANT，帧号前进而姿态不变。★ 旋钮 ⑥ `NO_HITSTOP` **真抽掉键表 `hold` 行**（非惰性）。", "v2_chest_rx_deg": {"76": -2.9, "88": -2.8}, "v2_chest_puff_max_rx_deg": -2.5, "v2_chest_puff_ok": true, "v2_chest_puff_note": "★★ 「胜利」的躯干载体是**挺胸**（`chest rx` **负** = 后仰挺胸）。实测庆祝段（f=[76, 88]）`chest rx` = {'76': -2.9, '88': -2.8}（**必须全部 ≤ -2.5°**）。★ 旋钮 ⑦ `SLUMP` 把胸拨成前倾（+3°）⟹ 变红。", "v2_head_back_deg": {"34": 12.0, "46": 10.6, "54": 12.7, "76": 16.5, "88": 16.2, "108": 0.7}, "v2_head_back_peak_deg": 16.5, "v2_chin_range": [8.0, 24.0], "v2_no_roar_max_deg": 26.0, "v2_chin_up_ok": true, "v2_no_roar_ok": true, "v2_chin_up_note": "★★ 「胜利」的头部载体是**下巴上扬**（`head_back` 正 = 后仰 / 上扬）。实测庆祝段峰值 **16.5°**（区间 8~24）；全程峰值 **16.5°**（⟹ 不怒吼，≤ 26°；E03 `Rage` 是 36.0°）。★ 旋钮 ⑧ `NO_CHIN` 清零颈/头增量 ⟹ 变红。", "v2_hero_window": [76, 88], "v2_hero_frames": 13, "v2_hero_min_frames": 8, "v2_hero_steps_deg": [{"from": 76, "step_deg": 0.007394, "at": [77, "upperarm.L"]}, {"from": 77, "step_deg": 0.020374, "at": [78, "upperarm.L"]}, {"from": 78, "step_deg": 0.030813, "at": [79, "upperarm.L"]}, {"from": 79, "step_deg": 0.038553, "at": [80, "upperarm.L"]}, {"from": 80, "step_deg": 0.04377, "at": [81, "upperarm.L"]}, {"from": 81, "step_deg": 0.046343, "at": [82, "upperarm.L"]}, {"from": 82, "step_deg": 0.046804, "at": [83, "forearm.L"]}, {"from": 83, "step_deg": 0.04342, "at": [84, "upperarm.L"]}, {"from": 84, "step_deg": 0.04046, "at": [85, "upperarm.L"]}, {"from": 85, "step_deg": 0.061431, "at": [86, "forearm.L"]}, {"from": 86, "step_deg": 0.025569, "at": [87, "upperarm.L"]}, {"from": 87, "step_deg": 0.008994, "at": [88, "upperarm.L"]}], "v2_hero_worst_step_deg": 0.061431, "v2_hero_hold_ok": true, "v2_hero_hold_note": "★★ 清单风险：「胜利动作的停不能太长，末段必须是**稳定的英雄 Pose** 而非颤抖」。判据 = `HERO..HERO_HOLD` 窗口 **f=76~88 共 13 帧**内逐帧最大角步 **0.061431°**（≤ 1.60°/帧）。★ 关键工程约束：`ARM_DN_AT`(= 88) 必须 ≥ 窗口终点，否则英雄姿窗口内 `arm_env` 仍在变 ⟹ 必然判红（E06 的 FACE_RAMP_OUT 同款坑）。★ 旋钮 ⑨ `TREMBLE` 在窗口内逐帧交替 ±3° ⟹ 变红。", "v2_ankle_drift_mm": {"L": 0.0003, "R": 0.0001}, "v2_toe_drift_mm": {"L": 0.0003, "R": 0.0002}, "v2_sole_min_mm": -1.519, "v2_sole_max_mm": -0.766, "foot_lock_ok": true, "foot_lock_note": "★★★ **脚锁「全程」口径**（E07 不跳、不位移）：双腿全程落地 ⟹ `want` 恒 = 站架踝。实测踝漂 **L 0.0003 / R 0.0001 mm**、趾漂 **L 0.0003 / R 0.0002 mm**（阈值 0.5），鞋底 **-1.52 ~ -0.77 mm**（带 -2 ~ 6）。★ 半蹲下沉 55 mm全部由腿 IK 吸收，脚一动不动 —— 力量链的腿段证据。", "no_snap_stop_step_deg": 0.3715, "no_snap_stop_at": [114, "shoulder.L"], "no_snap_stop_ok": true, "seam_first_step_deg": 0.629, "seam_last_step_deg": 0.059, "chain_travel": {"foot_axis_mm": 77.341, "knee_deg": 26.288, "hip_mm": 62.65, "waist_deg": 4.937, "shoulder_mm": 78.508, "hand_mm": 744.295}, "chain_note": "★ 力量传导链 **脚 → 腿 → 髋 → 腰 → 肩 → 手**，六段**都必须有非零关键帧**（清单 0.2「不许跳级」）。本支载体：脚 = 髋↔踝距离行程（半蹲靠屈膝）＋踝全程钉死；腿 = 膝屈角行程；髋 = 骨盆世界行程；腰 = `chest` 俯仰行程；肩 = **举起侧**肩峰世界行程（`shoulder.L` 从 −7° 抬到 +32°）；手 = 拳心行程。★ **不是「只有手在动」**：起手半蹲 −55 mm 把脚→腿→髋→腰全部串上。", "chain_present_ok": true, "leg_reach_ratio_max": 0.95749, "leg_reach_at": [54, "L"], "leg_reach_ok": true, "arm_reach_ratio_max": 0.8915, "arm_reach_at": [34, "L"], "arm_reach_ok": true, "clip_max_mm": 0.0, "clip_at": null, "no_face_clip_ok": true, "v2_pierce_scope": ["(0, TOTAL) 内全部帧", "排除接缝帧 [0, 120]"], "v2_pierce_nothumb_worst": 22, "v2_pierce_nothumb_worst_at": [9, "R"], "v2_pierce_nothumb_deepest_mm": -15.9, "v2_pierce_nothumb_deepest_at": [102, "R"], "v2_pierce_beyond_limit_worst": 5, "v2_pierce_beyond_limit_worst_at": [6, "R"], "v2_station_nothumb_count": 3, "v2_station_beyond_limit": 0, "v2_pierce_all_worst": 95, "v2_pierce_thumb_worst": 73, "v2_pierce_detail": {"0": {"L": {"inside": 0, "inside_nothumb": 0, "thumb": 0, "n": 666, "beyond_limit": 0, "deepest_mm": 1.04, "deepest_nothumb_mm": 29.3}, "R": {"inside": 74, "inside_nothumb": 3, "thumb": 71, "n": 666, "beyond_limit": 0, "deepest_mm": -33.96, "deepest_nothumb_mm": -4.05}}, "3": {"L": {"inside": 16, "inside_nothumb": 0, "thumb": 16, "n": 666, "beyond_limit": 0, "deepest_mm": -4.47, "deepest_nothumb_mm": 20.62}, "R": {"inside": 83, "inside_nothumb": 10, "thumb": 73, "n": 666, "beyond_limit": 2, "deepest_mm": -38.73, "deepest_nothumb_mm": -10.84}}, "6": {"L": {"inside": 35, "inside_nothumb": 0, "thumb": 35, "n": 666, "beyond_limit": 0, "deepest_mm": -12.81, "deepest_nothumb_mm": 21.14}, "R": {"inside": 94, "inside_nothumb": 21, "thumb": 73, "n": 666, "beyond_limit": 5, "deepest_mm": -48.67, "deepest_nothumb_mm": -15.81}}, "9": {"L": {"inside": 0, "inside_nothumb": 0, "thumb": 0, "n": 666, "beyond_limit": 0, "deepest_mm": 38.2, "deepest_nothumb_mm": 79.09}, "R": {"inside": 89, "inside_nothumb": 22, "thumb": 67, "n": 666, "beyond_limit": 0, "deepest_mm": -54.01, "deepest_nothumb_mm": -8.8}}, "12": {"L": {"inside": 0, "inside_nothumb": 0, "thumb": 0, "n": 666, "beyond_limit": 0, "deepest_mm": 86.87, "deepest_nothumb_mm": 86.87}, "R": {"inside": 48, "inside_nothumb": 0, "thumb": 48, "n": 666, "beyond_limit": 0, "deepest_mm": -37.52, "deepest_nothumb_mm": 1.79}}, "14": {"L": {"inside": 0, "inside_nothumb": 0, "thumb": 0, "n": 666, "beyond_limit": 0, "deepest_mm": 111.06, "deepest_nothumb_mm": 111.06}, "R": {"inside": 42, "inside_nothumb": 0, "thumb": 42, "n": 666, "beyond_limit": 0, "deepest_mm": -31.38, "deepest_nothumb_mm": 9.2}}, "15": {"L": {"inside": 0, "inside_nothumb": 0, "thumb": 0, "n": 666, "beyond_limit": 0, "deepest_mm": 116.21, "deepest_nothumb_mm": 116.21}, "R": {"inside": 42, "inside_nothumb": 0, "thumb": 42, "n": 666, "beyond_limit": 0, "deepest_mm": -31.36, "deepest_nothumb_mm": 9.22}}, "18": {"L": {"inside": 0, "inside_nothumb": 0, "thumb": 0, "n": 666, "beyond_limit": 0, "deepest_mm": 189.08, "deepest_nothumb_mm": 189.08}, "R": {"inside": 42, "inside_nothumb": 0, "thumb": 42, "n": 666, "beyond_limit": 0, "deepest_mm": -31.14, "deepest_nothumb_mm": 9.48}}, "21": {"L": {"inside": 0, "inside_nothumb": 0, "thumb": 0, "n": 666, "beyond_limit": 0, "deepest_mm": 291.29, "deepest_nothumb_mm": 291.29}, "R": {"inside": 42, "inside_nothumb": 0, "thumb": 42, "n": 666, "beyond_limit": 0, "deepest_mm": -30.79, "deepest_nothumb_mm": 9.86}}, "24": {"L": {"inside": 0, "inside_nothumb": 0, "thumb": 0, "n": 666, "beyond_limit": 0, "deepest_mm": 330.46, "deepest_nothumb_mm": 330.46}, "R": {"inside": 42, "inside_nothumb": 0, "thumb": 42, "n": 666, "beyond_limit": 0, "deepest_mm": -30.4, "deepest_nothumb_mm": 10.22}}, "27": {"L": {"inside": 0, "inside_nothumb": 0, "thumb": 0, "n": 666, "beyond_limit": 0, "deepest_mm": 342.03, "deepest_nothumb_mm": 342.03}, "R": {"inside": 40, "inside_nothumb": 0, "thumb": 40, "n": 666, "beyond_limit": 0, "deepest_mm": -30.09, "deepest_nothumb_mm": 10.65}}, "30": {"L": {"inside": 0, "inside_nothumb": 0, "thumb": 0, "n": 666, "beyond_limit": 0, "deepest_mm": 384.85, "deepest_nothumb_mm": 384.85}, "R": {"inside": 40, "inside_nothumb": 0, "thumb": 40, "n": 666, "beyond_limit": 0, "deepest_mm": -29.98, "deepest_nothumb_mm": 10.81}}, "33": {"L": {"inside": 0, "inside_nothumb": 0, "thumb": 0, "n": 666, "beyond_limit": 0, "deepest_mm": 401.48, "deepest_nothumb_mm": 401.48}, "R": {"inside": 40, "inside_nothumb": 0, "thumb": 40, "n": 666, "beyond_limit": 0, "deepest_mm": -29.98, "deepest_nothumb_mm": 10.81}}, "34": {"L": {"inside": 0, "inside_nothumb": 0, "thumb": 0, "n": 666, "beyond_limit": 0, "deepest_mm": 402.28, "deepest_nothumb_mm": 402.28}, "R": {"inside": 40, "inside_nothumb": 0, "thumb": 40, "n": 666, "beyond_limit": 0, "deepest_mm": -29.98, "deepest_nothumb_mm": 10.8}}, "36": {"L": {"inside": 0, "inside_nothumb": 0, "thumb": 0, "n": 666, "beyond_limit": 0, "deepest_mm": 402.28, "deepest_nothumb_mm": 402.28}, "R": {"inside": 40, "inside_nothumb": 0, "thumb": 40, "n": 666, "beyond_limit": 0, "deepest_mm": -29.98, "deepest_nothumb_mm": 10.8}}, "37": {"L": {"inside": 0, "inside_nothumb": 0, "thumb": 0, "n": 666, "beyond_limit": 0, "deepest_mm": 402.28, "deepest_nothumb_mm": 402.28}, "R": {"inside": 40, "inside_nothumb": 0, "thumb": 40, "n": 666, "beyond_limit": 0, "deepest_mm": -29.98, "deepest_nothumb_mm": 10.8}}, "39": {"L": {"inside": 0, "inside_nothumb": 0, "thumb": 0, "n": 666, "beyond_limit": 0, "deepest_mm": 396.51, "deepest_nothumb_mm": 396.51}, "R": {"inside": 40, "inside_nothumb": 0, "thumb": 40, "n": 666, "beyond_limit": 0, "deepest_mm": -30.35, "deepest_nothumb_mm": 10.39}}, "42": {"L": {"inside": 0, "inside_nothumb": 0, "thumb": 0, "n": 666, "beyond_limit": 0, "deepest_mm": 374.97, "deepest_nothumb_mm": 374.97}, "R": {"inside": 42, "inside_nothumb": 0, "thumb": 42, "n": 666, "beyond_limit": 0, "deepest_mm": -31.7, "deepest_nothumb_mm": 8.89}}, "45": {"L": {"inside": 0, "inside_nothumb": 0, "thumb": 0, "n": 666, "beyond_limit": 0, "deepest_mm": 356.73, "deepest_nothumb_mm": 356.73}, "R": {"inside": 42, "inside_nothumb": 0, "thumb": 42, "n": 666, "beyond_limit": 0, "deepest_mm": -32.82, "deepest_nothumb_mm": 7.61}}, "48": {"L": {"inside": 0, "inside_nothumb": 0, "thumb": 0, "n": 666, "beyond_limit": 0, "deepest_mm": 361.43, "deepest_nothumb_mm": 361.43}, "R": {"inside": 42, "inside_nothumb": 0, "thumb": 42, "n": 666, "beyond_limit": 0, "deepest_mm": -31.96, "deepest_nothumb_mm": 8.58}}, "51": {"L": {"inside": 0, "inside_nothumb": 0, "thumb": 0, "n": 666, "beyond_limit": 0, "deepest_mm": 382.81, "deepest_nothumb_mm": 382.81}, "R": {"inside": 38, "inside_nothumb": 0, "thumb": 38, "n": 666, "beyond_limit": 0, "deepest_mm": -28.68, "deepest_nothumb_mm": 12.21}}, "54": {"L": {"inside": 0, "inside_nothumb": 0, "thumb": 0, "n": 666, "beyond_limit": 0, "deepest_mm": 395.2, "deepest_nothumb_mm": 395.2}, "R": {"inside": 37, "inside_nothumb": 0, "thumb": 37, "n": 666, "beyond_limit": 0, "deepest_mm": -26.71, "deepest_nothumb_mm": 14.36}}, "57": {"L": {"inside": 0, "inside_nothumb": 0, "thumb": 0, "n": 666, "beyond_limit": 0, "deepest_mm": 394.16, "deepest_nothumb_mm": 394.16}, "R": {"inside": 37, "inside_nothumb": 0, "thumb": 37, "n": 666, "beyond_limit": 0, "deepest_mm": -26.77, "deepest_nothumb_mm": 14.3}}, "60": {"L": {"inside": 0, "inside_nothumb": 0, "thumb": 0, "n": 666, "beyond_limit": 0, "deepest_mm": 390.72, "deepest_nothumb_mm": 390.72}, "R": {"inside": 37, "inside_nothumb": 0, "thumb": 37, "n": 666, "beyond_limit": 0, "deepest_mm": -26.94, "deepest_nothumb_mm": 14.14}}, "63": {"L": {"inside": 0, "inside_nothumb": 0, "thumb": 0, "n": 666, "beyond_limit": 0, "deepest_mm": 386.3, "deepest_nothumb_mm": 386.3}, "R": {"inside": 37, "inside_nothumb": 0, "thumb": 37, "n": 666, "beyond_limit": 0, "deepest_mm": -27.19, "deepest_nothumb_mm": 13.88}}, "66": {"L": {"inside": 0, "inside_nothumb": 0, "thumb": 0, "n": 666, "beyond_limit": 0, "deepest_mm": 381.12, "deepest_nothumb_mm": 381.12}, "R": {"inside": 38, "inside_nothumb": 0, "thumb": 38, "n": 666, "beyond_limit": 0, "deepest_mm": -27.5, "deepest_nothumb_mm": 13.56}}, "69": {"L": {"inside": 0, "inside_nothumb": 0, "thumb": 0, "n": 666, "beyond_limit": 0, "deepest_mm": 376.04, "deepest_nothumb_mm": 376.04}, "R": {"inside": 38, "inside_nothumb": 0, "thumb": 38, "n": 666, "beyond_limit": 0, "deepest_mm": -27.82, "deepest_nothumb_mm": 13.21}}, "72": {"L": {"inside": 0, "inside_nothumb": 0, "thumb": 0, "n": 666, "beyond_limit": 0, "deepest_mm": 371.95, "deepest_nothumb_mm": 371.95}, "R": {"inside": 38, "inside_nothumb": 0, "thumb": 38, "n": 666, "beyond_limit": 0, "deepest_mm": -28.1, "deepest_nothumb_mm": 12.92}}, "75": {"L": {"inside": 0, "inside_nothumb": 0, "thumb": 0, "n": 666, "beyond_limit": 0, "deepest_mm": 370.39, "deepest_nothumb_mm": 370.39}, "R": {"inside": 38, "inside_nothumb": 0, "thumb": 38, "n": 666, "beyond_limit": 0, "deepest_mm": -28.25, "deepest_nothumb_mm": 12.75}}, "76": {"L": {"inside": 0, "inside_nothumb": 0, "thumb": 0, "n": 666, "beyond_limit": 0, "deepest_mm": 370.24, "deepest_nothumb_mm": 370.24}, "R": {"inside": 38, "inside_nothumb": 0, "thumb": 38, "n": 666, "beyond_limit": 0, "deepest_mm": -28.26, "deepest_nothumb_mm": 12.74}}, "78": {"L": {"inside": 0, "inside_nothumb": 0, "thumb": 0, "n": 666, "beyond_limit": 0, "deepest_mm": 370.25, "deepest_nothumb_mm": 370.25}, "R": {"inside": 38, "inside_nothumb": 0, "thumb": 38, "n": 666, "beyond_limit": 0, "deepest_mm": -28.24, "deepest_nothumb_mm": 12.76}}, "81": {"L": {"inside": 0, "inside_nothumb": 0, "thumb": 0, "n": 666, "beyond_limit": 0, "deepest_mm": 370.26, "deepest_nothumb_mm": 370.26}, "R": {"inside": 38, "inside_nothumb": 0, "thumb": 38, "n": 666, "beyond_limit": 0, "deepest_mm": -28.17, "deepest_nothumb_mm": 12.85}}, "84": {"L": {"inside": 0, "inside_nothumb": 0, "thumb": 0, "n": 666, "beyond_limit": 0, "deepest_mm": 369.75, "deepest_nothumb_mm": 369.75}, "R": {"inside": 38, "inside_nothumb": 0, "thumb": 38, "n": 666, "beyond_limit": 0, "deepest_mm": -28.08, "deepest_nothumb_mm": 12.96}}, "87": {"L": {"inside": 0, "inside_nothumb": 0, "thumb": 0, "n": 666, "beyond_limit": 0, "deepest_mm": 369.81, "deepest_nothumb_mm": 369.81}, "R": {"inside": 38, "inside_nothumb": 0, "thumb": 38, "n": 666, "beyond_limit": 0, "deepest_mm": -28.02, "deepest_nothumb_mm": 13.03}}, "88": {"L": {"inside": 0, "inside_nothumb": 0, "thumb": 0, "n": 666, "beyond_limit": 0, "deepest_mm": 369.81, "deepest_nothumb_mm": 369.81}, "R": {"inside": 38, "inside_nothumb": 0, "thumb": 38, "n": 666, "beyond_limit": 0, "deepest_mm": -28.02, "deepest_nothumb_mm": 13.04}}, "90": {"L": {"inside": 0, "inside_nothumb": 0, "thumb": 0, "n": 666, "beyond_limit": 0, "deepest_mm": 350.0, "deepest_nothumb_mm": 350.0}, "R": {"inside": 42, "inside_nothumb": 0, "thumb": 42, "n": 666, "beyond_limit": 0, "deepest_mm": -30.82, "deepest_nothumb_mm": 10.56}}, "93": {"L": {"inside": 0, "inside_nothumb": 0, "thumb": 0, "n": 666, "beyond_limit": 0, "deepest_mm": 251.75, "deepest_nothumb_mm": 251.75}, "R": {"inside": 52, "inside_nothumb": 0, "thumb": 52, "n": 666, "beyond_limit": 0, "deepest_mm": -40.57, "deepest_nothumb_mm": 0.51}}, "96": {"L": {"inside": 0, "inside_nothumb": 0, "thumb": 0, "n": 666, "beyond_limit": 0, "deepest_mm": 158.4, "deepest_nothumb_mm": 160.65}, "R": {"inside": 82, "inside_nothumb": 15, "thumb": 67, "n": 666, "beyond_limit": 0, "deepest_mm": -50.95, "deepest_nothumb_mm": -6.37}}, "99": {"L": {"inside": 0, "inside_nothumb": 0, "thumb": 0, "n": 666, "beyond_limit": 0, "deepest_mm": 114.69, "deepest_nothumb_mm": 122.67}, "R": {"inside": 95, "inside_nothumb": 22, "thumb": 73, "n": 666, "beyond_limit": 2, "deepest_mm": -50.52, "deepest_nothumb_mm": -12.46}}, "102": {"L": {"inside": 0, "inside_nothumb": 0, "thumb": 0, "n": 666, "beyond_limit": 0, "deepest_mm": 51.82, "deepest_nothumb_mm": 68.24}, "R": {"inside": 86, "inside_nothumb": 13, "thumb": 73, "n": 666, "beyond_limit": 3, "deepest_mm": -45.1, "deepest_nothumb_mm": -15.9}}, "105": {"L": {"inside": 1, "inside_nothumb": 0, "thumb": 1, "n": 666, "beyond_limit": 0, "deepest_mm": -1.21, "deepest_nothumb_mm": 26.48}, "R": {"inside": 83, "inside_nothumb": 10, "thumb": 73, "n": 666, "beyond_limit": 2, "deepest_mm": -38.67, "deepest_nothumb_mm": -11.65}}, "108": {"L": {"inside": 0, "inside_nothumb": 0, "thumb": 0, "n": 666, "beyond_limit": 0, "deepest_mm": 0.11, "deepest_nothumb_mm": 27.88}, "R": {"inside": 76, "inside_nothumb": 3, "thumb": 73, "n": 666, "beyond_limit": 0, "deepest_mm": -34.08, "deepest_nothumb_mm": -5.55}}, "111": {"L": {"inside": 0, "inside_nothumb": 0, "thumb": 0, "n": 666, "beyond_limit": 0, "deepest_mm": 1.74, "deepest_nothumb_mm": 29.58}, "R": {"inside": 73, "inside_nothumb": 3, "thumb": 70, "n": 666, "beyond_limit": 0, "deepest_mm": -33.29, "deepest_nothumb_mm": -3.91}}, "114": {"L": {"inside": 0, "inside_nothumb": 0, "thumb": 0, "n": 666, "beyond_limit": 0, "deepest_mm": 1.47, "deepest_nothumb_mm": 29.48}, "R": {"inside": 74, "inside_nothumb": 3, "thumb": 71, "n": 666, "beyond_limit": 0, "deepest_mm": -33.61, "deepest_nothumb_mm": -3.96}}, "117": {"L": {"inside": 0, "inside_nothumb": 0, "thumb": 0, "n": 666, "beyond_limit": 0, "deepest_mm": 1.17, "deepest_nothumb_mm": 29.36}, "R": {"inside": 74, "inside_nothumb": 3, "thumb": 71, "n": 666, "beyond_limit": 0, "deepest_mm": -33.89, "deepest_nothumb_mm": -4.02}}, "120": {"L": {"inside": 0, "inside_nothumb": 0, "thumb": 0, "n": 666, "beyond_limit": 0, "deepest_mm": 1.04, "deepest_nothumb_mm": 29.3}, "R": {"inside": 74, "inside_nothumb": 3, "thumb": 71, "n": 666, "beyond_limit": 0, "deepest_mm": -33.96, "deepest_nothumb_mm": -4.05}}}, "victory_hand_no_pierce_ok": false, "victory_hand_no_pierce_note": "★ 本支的拳**全程在空中** ⟹ 这条断言**本应轻松通过**（与 E06 的贴胸相反）。口径照 E03 v011 的**差分**形式（改的是基准，不是阈值）：本支非拇指最深带符号距离 **-15.90 mm**（@ (102, 'R')，下限 −10）；**越过绝对下限的顶点数 5**（@ (6, 'R')）；站架基线同一读数 **0** ⟹ 判据 =「不得比站架更差」。★ 仍要盯 —— 起手（拳从胸前甩到身后）与收招（从头顶收回胸前）两段会**擦过躯干**。", "v2_matrix_step_deg_max": 25.022, "v2_matrix_step_at": [10, "forearm.L"], "v2_matrix_step_ok": false, "v2_euler_step_deg_max": 11.593, "v2_euler_step_at": [10, "upperarm.L"], "v2_matrix_step_note": "★★ **矩阵口径**的逐帧最大真实旋转步 **25.022° @ (10, 'forearm.L')**（阈值 ≤ 25.0°）；euler 口径 **11.593° @ (10, 'upperarm.L')**。两者必须**一致地小** —— 差得远就是欧拉表示在跳（万向节锁），不是动作在跳。★ 风险段：`DIP → RAISE`（拳从身后甩到头顶，~180° 行程）与 `HERO → SETTLE`（`arm_env` 从 1 收到 0，与目标下移叠加）。★ 本支先做 `compat_euler`（min-max 瓶颈 DP）再断言。", "v2_x_hint_margin": 0.9784, "v2_x_hint_margin_min": 0.45, "v2_x_hint_margin_ok": true, "v2_x_hint_margin_note": "★ `orient_hand` 的滚转基准（`thumb_out` = ±X 体侧外）实测最小余量 **0.9784**（阈值 ≥ 0.45）。★ 本支与 E06 **同基准但动作不同** ⟹ 必须**重新量**：E06 实测 0.6822（其 `OPEN` 段拳轴逼近 ±X），本支 0.9179（拳轴 ≈ +Z，与基准近正交）—— **不许照抄 E06 的数**（清单 §1 第 2 条明令）。", "phase_markers": {"START": 0, "DIP": 14, "RAISE": 34, "HOLD_END": 37, "PUMP_DN": 46, "PUMP_UP": 54, "HERO": 76, "HERO_HOLD": 88, "SETTLE": 108, "END": 120}, "v2_sole_trace_mm": {"0": -0.96, "1": -0.97, "2": -1.0, "3": -1.05, "4": -1.1, "5": -1.16, "6": -1.22, "7": -1.28, "8": -1.33, "9": -1.38, "10": -1.43, "11": -1.47, "12": -1.49, "13": -1.51, "14": -1.52, "15": -1.51, "16": -1.5, "17": -1.48, "18": -1.46, "19": -1.43, "20": -1.39, "21": -1.35, "22": -1.31, "23": -1.26, "24": -1.21, "25": -1.16, "26": -1.1, "27": -1.05, "28": -0.99, "29": -0.94, "30": -0.89, "31": -0.85, "32": -0.82, "33": -0.8, "34": -0.79, "35": -0.79, "36": -0.79, "37": -0.79, "38": -0.8, "39": -0.81, "40": -0.82, "41": -0.83, "42": -0.85, "43": -0.87, "44": -0.88, "45": -0.89, "46": -0.89, "47": -0.88, "48": -0.87, "49": -0.85, "50": -0.83, "51": -0.81, "52": -0.79, "53": -0.77, "54": -0.77, "55": -0.77, "56": -0.77, "57": -0.77, "58": -0.77, "59": -0.78, "60": -0.78, "61": -0.79, "62": -0.8, "63": -0.8, "64": -0.81, "65": -0.82, "66": -0.82, "67": -0.83, "68": -0.84, "69": -0.84, "70": -0.85, "71": -0.85, "72": -0.86, "73": -0.86, "74": -0.86, "75": -0.86, "76": -0.86, "77": -0.86, "78": -0.86, "79": -0.87, "80": -0.87, "81": -0.87, "82": -0.87, "83": -0.87, "84": -0.87, "85": -0.87, "86": -0.87, "87": -0.87, "88": -0.87, "89": -0.87, "90": -0.88, "91": -0.88, "92": -0.89, "93": -0.89, "94": -0.9, "95": -0.91, "96": -0.92, "97": -0.93, "98": -0.94, "99": -0.95, "100": -0.96, "101": -0.97, "102": -0.97, "103": -0.98, "104": -0.99, "105": -0.99, "106": -1.0, "107": -1.0, "108": -1.0, "109": -1.0, "110": -1.0, "111": -0.99, "112": -0.99, "113": -0.99, "114": -0.98, "115": -0.98, "116": -0.97, "117": -0.97, "118": -0.96, "119": -0.96, "120": -0.96}, "end_matches_start_elem_max": 0.0, "end_matches_start_elem_at": null, "end_matches_start_ok": true, "loop_angle_deg": 0.0, "loop_move_mm": 0.0, "seam_in_pos_max_mm": 8.7e-05, "seam_in_dir_max_deg": 0.031181, "seam_in_at": "toe.R", "seam_in_ok": true, "seam_in_src": "Idle_01@0", "meta": {"anim_id": "Victory_02", "loop": false, "category": "状态与流程", "note": "胜利 B（举拳）：半蹲下沉 → **单臂直上过顶**（拳心 z = 1930 mm）→ 定格 4 帧 → 拳小幅上下震荡 → 挺胸下巴上扬的英雄姿 → 回战斗待机；★ 全程原地、脚锁全程；★ 与 E06 `Victory_01` 的四维差异：手的高度（过顶 vs 胸肩）、单臂 vs 双臂同步、无接触 vs 拳面贴胸、单定格 vs 三定格；★ 起手预蓄**方向相反**（拳甩身后 vs 收向身前）", "frames": [0, 120], "root_motion_m": [0.0, 0.0], "root_motion_z_m": [0.0, 0.0], "hitstop_frames": 4, "hitstop_windows": [[34, 37]], "antic_frame": 14, "hit_frame": 34, "hit_frames": [34], "cancel_frame": 76, "hit_point_m": [0.3, -0.06, 1.93], "seam": "Idle_01@0", "seam_ends": {"start": "Idle_01@0", "end": "Idle_01@0"}, "frame_bound_note": "★ 120 帧 = 2.0 s = E01 登记的**上界** ⟹ 沿用（显式声明，不是悄悄超）；清单要求胜利动作 1.5~2.5 s ⟹ 落带内", "view_note": "★ 本支取景**自立**（不照抄 E06）：纵向 −0.15~2.11 m（中心 z=0.98、正交高 2.25 m），比站姿视图**更高**以装下举拳；正面判「举拳过顶 + 单臂不对称」，侧视判挺胸 + 下巴上扬，3Q 判英雄姿", "foot_lock": {"scope": "全程 [START..END]（本支不跳、不位移）", "reason": "原地动画 ⟹ 踝恒钉站架点"}, "raise": {"side": "L", "peak_z_mm": 1930.0, "target_m": [0.3, -0.06, 1.93], "geom_limit_mm": 1962.9, "ik_limit_mm": 1948.8}, "differentiation_vs_E06": {"fist_z_mm": {"E06_max": 1392.0, "E07_min_required": 1900.0}, "symmetry": {"E06": "双臂同步", "E07": "单臂"}, "contact_mm": {"E06": 1.13, "E07_min_required": 200.0}, "hitstop": {"E06_windows": 3, "E07_windows": 1}, "windup_y_mm": {"E06": -310.0, "E07_target": 185.0}}, "fps": 60}, "failed": ["v2_matrix_step_ok", "victory_hand_no_pierce_ok"], "non_ok_bools": ["v2_matrix_step_ok", "victory_hand_no_pierce_ok"]}
E07_DONE failed=['v2_matrix_step_ok', 'victory_hand_no_pierce_ok'] non_ok=['v2_matrix_step_ok', 'victory_hand_no_pierce_ok']
Blender 4.5.0 (hash 8cb6b388974a built 2025-07-15 01:36:24)
Read blend: "I:\工作项目\BIGMANFIGHT\角色资产\美术资产\bigman_v001\bigman_anim_v001.blend"

Blender quit
Error: Not freed memory blocks: 1, total unfreed memory 0.000008 MB
