E09_TRACE f=  0 k=0.000 p=0.000 sg=0.000 br=+0.000 low=-0.96(Shoe_Sole_R) ankle_y={'L': -169.57, 'R': 140.43}
E09_TRACE f=  1 k=0.003 p=0.000 sg=0.000 br=+0.000 low=-1.53(Shoe_Sole_R) ankle_y={'L': -166.72, 'R': 142.07}
E09_TRACE f=  2 k=0.011 p=0.000 sg=0.000 br=+0.000 low=-5.29(Shoe_Sole_L) ankle_y={'L': -160.31, 'R': 145.75}
E09_TRACE f=  3 k=0.022 p=0.000 sg=0.000 br=+0.000 low=-13.06(Shoe_Sole_L) ankle_y={'L': -151.12, 'R': 150.99}
E09_TRACE f=  4 k=0.037 p=0.000 sg=0.000 br=+0.000 low=-23.16(Shoe_Sole_L) ankle_y={'L': -139.49, 'R': 157.6}
E09_TRACE f=  5 k=0.053 p=0.000 sg=0.000 br=+0.000 low=-35.27(Shoe_Sole_L) ankle_y={'L': -125.64, 'R': 165.42}
E09_TRACE f=  6 k=0.073 p=0.000 sg=0.000 br=+0.000 low=-48.99(Shoe_Sole_L) ankle_y={'L': -109.72, 'R': 174.33}
E09_TRACE f=  7 k=0.095 p=0.000 sg=0.000 br=+0.000 low=-64.05(Shoe_Sole_L) ankle_y={'L': -91.87, 'R': 184.24}
E09_TRACE f=  8 k=0.119 p=0.000 sg=0.000 br=+0.000 low=-79.89(Shoe_Sole_L) ankle_y={'L': -72.22, 'R': 195.05}
E09_TRACE f=  9 k=0.145 p=0.000 sg=0.000 br=+0.000 low=-96.19(Shoe_Sole_L) ankle_y={'L': -50.87, 'R': 206.69}
E09_TRACE f= 10 k=0.174 p=0.000 sg=0.000 br=+0.000 low=-112.65(Shoe_Sole_L) ankle_y={'L': -27.96, 'R': 219.05}
E09_TRACE f= 11 k=0.204 p=0.000 sg=0.000 br=+0.000 low=-129.18(Shoe_Sole_L) ankle_y={'L': -3.58, 'R': 232.06}
E09_TRACE f= 12 k=0.237 p=0.000 sg=0.000 br=+0.000 low=-145.20(Shoe_Sole_L) ankle_y={'L': 22.11, 'R': 245.63}
E09_TRACE f= 13 k=0.271 p=0.000 sg=0.000 br=+0.000 low=-160.34(Shoe_Sole_L) ankle_y={'L': 48.98, 'R': 259.67}
E09_TRACE f= 14 k=0.308 p=0.000 sg=0.000 br=+0.000 low=-174.22(Shoe_Sole_L) ankle_y={'L': 76.89, 'R': 274.08}
E09_TRACE f= 15 k=0.346 p=0.000 sg=0.000 br=+0.000 low=-186.43(Shoe_Sole_L) ankle_y={'L': 105.66, 'R': 288.78}
E09_TRACE f= 16 k=0.386 p=0.000 sg=0.000 br=+0.000 low=-196.61(Shoe_Sole_L) ankle_y={'L': 135.11, 'R': 303.66}
E09_TRACE f= 17 k=0.428 p=0.000 sg=0.000 br=+0.000 low=-204.37(Shoe_Sole_L) ankle_y={'L': 165.05, 'R': 318.62}
E09_TRACE f= 18 k=0.472 p=0.000 sg=0.000 br=+0.000 low=-209.37(Shoe_Sole_L) ankle_y={'L': 195.26, 'R': 333.55}
E09_TRACE f= 19 k=0.517 p=0.000 sg=0.000 br=+0.000 low=-211.26(Shoe_Sole_L) ankle_y={'L': 225.51, 'R': 348.34}
E09_TRACE f= 20 k=0.564 p=0.000 sg=0.000 br=+0.000 low=-209.65(Shoe_Sole_L) ankle_y={'L': 255.55, 'R': 362.88}
E09_TRACE f= 21 k=0.613 p=0.000 sg=0.000 br=+0.000 low=-204.25(Shoe_Sole_L) ankle_y={'L': 285.13, 'R': 377.04}
E09_TRACE f= 22 k=0.664 p=0.000 sg=0.000 br=+0.000 low=-194.86(Shoe_Sole_L) ankle_y={'L': 313.97, 'R': 390.7}
E09_TRACE f= 23 k=0.716 p=0.000 sg=0.000 br=+0.000 low=-181.24(Shoe_Sole_L) ankle_y={'L': 341.79, 'R': 403.73}
E09_TRACE f= 24 k=0.769 p=0.000 sg=0.000 br=+0.000 low=-163.30(Shoe_Sole_L) ankle_y={'L': 368.29, 'R': 416.02}
E09_TRACE f= 25 k=0.825 p=0.000 sg=0.000 br=+0.000 low=-141.04(Shoe_Sole_L) ankle_y={'L': 393.17, 'R': 427.43}
E09_TRACE f= 26 k=0.882 p=0.000 sg=0.000 br=+0.000 low=-114.42(Shoe_Sole_L) ankle_y={'L': 416.13, 'R': 437.82}
E09_TRACE f= 27 k=0.940 p=0.000 sg=0.000 br=+0.000 low=-83.35(Shoe_Sole_L) ankle_y={'L': 436.86, 'R': 447.08}
E09_TRACE f= 28 k=1.000 p=0.000 sg=0.000 br=+0.000 low=-49.41(Shoe_Upper_L) ankle_y={'L': 455.08, 'R': 455.08}
E09_TRACE f= 29 k=1.000 p=0.000 sg=0.000 br=+0.000 low=-49.41(Shoe_Upper_L) ankle_y={'L': 455.08, 'R': 455.08}
E09_TRACE f= 30 k=1.000 p=0.000 sg=0.000 br=+0.000 low=-49.41(Shoe_Upper_L) ankle_y={'L': 455.08, 'R': 455.08}
E09_TRACE f= 31 k=1.000 p=0.000 sg=0.000 br=+0.000 low=-49.41(Shoe_Upper_L) ankle_y={'L': 455.08, 'R': 455.08}
E09_TRACE f= 32 k=1.000 p=0.000 sg=0.000 br=+0.000 low=-49.41(Shoe_Upper_L) ankle_y={'L': 455.08, 'R': 455.08}
E09_TRACE f= 33 k=1.000 p=0.000 sg=0.015 br=+0.000 low=-49.41(Shoe_Upper_L) ankle_y={'L': 455.08, 'R': 455.08}
E09_TRACE f= 34 k=1.000 p=0.000 sg=0.055 br=+0.000 low=-49.41(Shoe_Upper_L) ankle_y={'L': 455.08, 'R': 455.08}
E09_TRACE f= 35 k=1.000 p=0.000 sg=0.118 br=+0.000 low=-49.41(Shoe_Upper_L) ankle_y={'L': 455.08, 'R': 455.08}
E09_TRACE f= 36 k=1.000 p=0.000 sg=0.198 br=+0.000 low=-49.41(Shoe_Upper_L) ankle_y={'L': 455.08, 'R': 455.08}
E09_TRACE f= 37 k=1.000 p=0.000 sg=0.292 br=+0.000 low=-49.41(Shoe_Upper_L) ankle_y={'L': 455.08, 'R': 455.08}
E09_TRACE f= 38 k=1.000 p=0.000 sg=0.394 br=+0.000 low=-49.41(Shoe_Upper_L) ankle_y={'L': 455.08, 'R': 455.08}
E09_TRACE f= 39 k=1.000 p=0.000 sg=0.500 br=+0.000 low=-49.41(Shoe_Upper_L) ankle_y={'L': 455.08, 'R': 455.08}
E09_TRACE f= 40 k=1.000 p=0.000 sg=0.606 br=+0.000 low=-49.41(Shoe_Upper_L) ankle_y={'L': 455.08, 'R': 455.08}
E09_TRACE f= 41 k=1.000 p=0.000 sg=0.708 br=+0.000 low=-49.41(Shoe_Upper_L) ankle_y={'L': 455.08, 'R': 455.08}
E09_TRACE f= 42 k=1.000 p=0.000 sg=0.802 br=+0.000 low=-49.41(Shoe_Upper_L) ankle_y={'L': 455.08, 'R': 455.08}
E09_TRACE f= 43 k=1.000 p=0.000 sg=0.882 br=+0.000 low=-49.41(Shoe_Upper_L) ankle_y={'L': 455.08, 'R': 455.08}
E09_TRACE f= 44 k=1.000 p=0.000 sg=0.945 br=+0.000 low=-49.41(Shoe_Upper_L) ankle_y={'L': 455.08, 'R': 455.08}
E09_TRACE f= 45 k=1.000 p=0.000 sg=0.985 br=+0.000 low=-49.41(Shoe_Upper_L) ankle_y={'L': 455.08, 'R': 455.08}
E09_TRACE f= 46 k=1.000 p=0.000 sg=1.000 br=+0.000 low=-49.41(Shoe_Upper_L) ankle_y={'L': 455.08, 'R': 455.08}
E09_TRACE f= 47 k=1.000 p=0.005 sg=0.995 br=+0.000 low=-51.73(Shoe_Upper_L) ankle_y={'L': 457.33, 'R': 457.33}
E09_TRACE f= 48 k=1.000 p=0.016 sg=0.984 br=+0.000 low=-57.37(Shoe_Upper_R) ankle_y={'L': 462.92, 'R': 462.92}
E09_TRACE f= 49 k=1.000 p=0.033 sg=0.967 br=+0.000 low=-65.56(Shoe_Upper_L) ankle_y={'L': 471.31, 'R': 471.31}
E09_TRACE f= 50 k=1.000 p=0.055 sg=0.945 br=+0.000 low=-75.71(Shoe_Upper_L) ankle_y={'L': 482.22, 'R': 482.22}
E09_TRACE f= 51 k=1.000 p=0.082 sg=0.918 br=+0.000 low=-87.92(Shoe_Sole_L) ankle_y={'L': 495.45, 'R': 495.45}
E09_TRACE f= 52 k=1.000 p=0.115 sg=0.885 br=+0.000 low=-101.01(Shoe_Sole_L) ankle_y={'L': 510.78, 'R': 510.78}
E09_TRACE f= 53 k=1.000 p=0.151 sg=0.849 br=+0.000 low=-114.31(Shoe_Sole_L) ankle_y={'L': 527.99, 'R': 527.99}
E09_TRACE f= 54 k=1.000 p=0.192 sg=0.808 br=+0.000 low=-127.11(Shoe_Sole_L) ankle_y={'L': 546.79, 'R': 546.79}
E09_TRACE f= 55 k=1.000 p=0.238 sg=0.762 br=+0.000 low=-138.74(Shoe_Sole_L) ankle_y={'L': 566.9, 'R': 566.9}
E09_TRACE f= 56 k=1.000 p=0.287 sg=0.713 br=+0.000 low=-148.35(Shoe_Sole_L) ankle_y={'L': 587.92, 'R': 587.92}
E09_TRACE f= 57 k=1.000 p=0.341 sg=0.659 br=+0.000 low=-155.30(Shoe_Sole_L) ankle_y={'L': 609.42, 'R': 609.42}
E09_TRACE f= 58 k=1.000 p=0.399 sg=0.601 br=+0.000 low=-158.76(Shoe_Sole_L) ankle_y={'L': 630.87, 'R': 630.87}
E09_TRACE f= 59 k=1.000 p=0.461 sg=0.539 br=+0.000 low=-157.91(Shoe_Sole_L) ankle_y={'L': 651.66, 'R': 651.66}
E09_TRACE f= 60 k=1.000 p=0.526 sg=0.474 br=+0.000 low=-152.02(Shoe_Sole_L) ankle_y={'L': 671.12, 'R': 671.12}
E09_TRACE f= 61 k=1.000 p=0.596 sg=0.404 br=+0.000 low=-140.49(Shoe_Sole_L) ankle_y={'L': 688.46, 'R': 688.46}
E09_TRACE f= 62 k=1.000 p=0.669 sg=0.331 br=+0.000 low=-122.94(Shoe_Sole_L) ankle_y={'L': 702.85, 'R': 702.85}
E09_TRACE f= 63 k=1.000 p=0.746 sg=0.254 br=+0.000 low=-99.03(Shoe_Sole_L) ankle_y={'L': 713.38, 'R': 713.38}
E09_TRACE f= 64 k=1.000 p=0.827 sg=0.173 br=+0.000 low=-68.48(Shoe_Sole_L) ankle_y={'L': 719.1, 'R': 719.1}
E09_TRACE f= 65 k=1.000 p=0.912 sg=0.088 br=+0.000 low=-31.40(Shoe_Sole_L) ankle_y={'L': 719.07, 'R': 719.07}
E09_TRACE f= 66 k=1.000 p=1.000 sg=0.000 br=+0.000 low=-4.20(Trouser_R) ankle_y={'L': 712.33, 'R': 712.33}
E09_TRACE f= 67 k=1.000 p=1.000 sg=0.000 br=+0.000 low=-4.20(Trouser_R) ankle_y={'L': 712.33, 'R': 712.33}
E09_TRACE f= 68 k=1.000 p=1.000 sg=0.000 br=+0.000 low=-4.20(Trouser_R) ankle_y={'L': 712.33, 'R': 712.33}
E09_TRACE f= 69 k=1.000 p=1.000 sg=0.000 br=+0.000 low=-4.20(Trouser_R) ankle_y={'L': 712.33, 'R': 712.33}
E09_TRACE f= 70 k=1.000 p=1.000 sg=0.000 br=+0.000 low=-4.20(Trouser_R) ankle_y={'L': 712.33, 'R': 712.33}
E09_TRACE f= 71 k=1.000 p=1.000 sg=0.000 br=+0.249 low=-4.20(Trouser_R) ankle_y={'L': 712.33, 'R': 712.33}
E09_TRACE f= 72 k=1.000 p=1.000 sg=0.000 br=+0.482 low=-4.20(Trouser_R) ankle_y={'L': 712.33, 'R': 712.33}
E09_TRACE f= 73 k=1.000 p=1.000 sg=0.000 br=+0.685 low=-4.20(Trouser_R) ankle_y={'L': 712.33, 'R': 712.33}
E09_TRACE f= 74 k=1.000 p=1.000 sg=0.000 br=+0.844 low=-4.20(Trouser_R) ankle_y={'L': 712.33, 'R': 712.33}
E09_TRACE f= 75 k=1.000 p=1.000 sg=0.000 br=+0.951 low=-4.20(Trouser_R) ankle_y={'L': 712.33, 'R': 712.33}
E09_TRACE f= 76 k=1.000 p=1.000 sg=0.000 br=+0.998 low=-4.20(Trouser_R) ankle_y={'L': 712.33, 'R': 712.33}
E09_TRACE f= 77 k=1.000 p=1.000 sg=0.000 br=+0.982 low=-4.20(Trouser_R) ankle_y={'L': 712.33, 'R': 712.33}
E09_TRACE f= 78 k=1.000 p=1.000 sg=0.000 br=+0.905 low=-4.20(Trouser_R) ankle_y={'L': 712.33, 'R': 712.33}
E09_TRACE f= 79 k=1.000 p=1.000 sg=0.000 br=+0.771 low=-4.20(Trouser_R) ankle_y={'L': 712.33, 'R': 712.33}
E09_TRACE f= 80 k=1.000 p=1.000 sg=0.000 br=+0.588 low=-4.20(Trouser_R) ankle_y={'L': 712.33, 'R': 712.33}
E09_TRACE f= 81 k=1.000 p=1.000 sg=0.000 br=+0.368 low=-4.20(Trouser_R) ankle_y={'L': 712.33, 'R': 712.33}
E09_TRACE f= 82 k=1.000 p=1.000 sg=0.000 br=+0.125 low=-4.20(Trouser_R) ankle_y={'L': 712.33, 'R': 712.33}
E09_TRACE f= 83 k=1.000 p=1.000 sg=0.000 br=-0.125 low=-6.65(Hair_Mass) ankle_y={'L': 712.33, 'R': 712.33}
E09_TRACE f= 84 k=1.000 p=1.000 sg=0.000 br=-0.368 low=-16.50(Hair_Mass) ankle_y={'L': 712.33, 'R': 712.33}
E09_TRACE f= 85 k=1.000 p=1.000 sg=0.000 br=-0.588 low=-25.36(Hair_Mass) ankle_y={'L': 712.33, 'R': 712.33}
E09_TRACE f= 86 k=1.000 p=1.000 sg=0.000 br=-0.771 low=-32.71(Hair_Mass) ankle_y={'L': 712.33, 'R': 712.33}
E09_TRACE f= 87 k=1.000 p=1.000 sg=0.000 br=-0.905 low=-38.07(Hair_Mass) ankle_y={'L': 712.33, 'R': 712.33}
E09_TRACE f= 88 k=1.000 p=1.000 sg=0.000 br=-0.982 low=-41.15(Hair_Mass) ankle_y={'L': 712.33, 'R': 712.33}
E09_TRACE f= 89 k=1.000 p=1.000 sg=0.000 br=-0.998 low=-41.77(Hair_Mass) ankle_y={'L': 712.33, 'R': 712.33}
E09_TRACE f= 90 k=1.000 p=1.000 sg=0.000 br=-0.951 low=-39.91(Hair_Mass) ankle_y={'L': 712.33, 'R': 712.33}
E09_TRACE f= 91 k=1.000 p=1.000 sg=0.000 br=-0.844 low=-35.66(Hair_Mass) ankle_y={'L': 712.33, 'R': 712.33}
E09_TRACE f= 92 k=1.000 p=1.000 sg=0.000 br=-0.685 low=-29.26(Hair_Mass) ankle_y={'L': 712.33, 'R': 712.33}
E09_TRACE f= 93 k=1.000 p=1.000 sg=0.000 br=-0.482 low=-21.08(Hair_Mass) ankle_y={'L': 712.33, 'R': 712.33}
E09_TRACE f= 94 k=1.000 p=1.000 sg=0.000 br=-0.249 low=-11.67(Hair_Mass) ankle_y={'L': 712.33, 'R': 712.33}
E09_TRACE f= 95 k=1.000 p=1.000 sg=0.000 br=-0.000 low=-4.20(Trouser_R) ankle_y={'L': 712.33, 'R': 712.33}
E09_TRACE f= 96 k=1.000 p=1.000 sg=0.000 br=+0.249 low=-4.20(Trouser_R) ankle_y={'L': 712.33, 'R': 712.33}
E09_TRACE f= 97 k=1.000 p=1.000 sg=0.000 br=+0.482 low=-4.20(Trouser_R) ankle_y={'L': 712.33, 'R': 712.33}
E09_TRACE f= 98 k=1.000 p=1.000 sg=0.000 br=+0.685 low=-4.20(Trouser_R) ankle_y={'L': 712.33, 'R': 712.33}
E09_TRACE f= 99 k=1.000 p=1.000 sg=0.000 br=+0.844 low=-4.20(Trouser_R) ankle_y={'L': 712.33, 'R': 712.33}
E09_TRACE f=100 k=1.000 p=1.000 sg=0.000 br=+0.951 low=-4.20(Trouser_R) ankle_y={'L': 712.33, 'R': 712.33}
E09_TRACE f=101 k=1.000 p=1.000 sg=0.000 br=+0.998 low=-4.20(Trouser_R) ankle_y={'L': 712.33, 'R': 712.33}
E09_TRACE f=102 k=1.000 p=1.000 sg=0.000 br=+0.982 low=-4.20(Trouser_R) ankle_y={'L': 712.33, 'R': 712.33}
E09_TRACE f=103 k=1.000 p=1.000 sg=0.000 br=+0.905 low=-4.20(Trouser_R) ankle_y={'L': 712.33, 'R': 712.33}
E09_TRACE f=104 k=1.000 p=1.000 sg=0.000 br=+0.771 low=-4.20(Trouser_R) ankle_y={'L': 712.33, 'R': 712.33}
E09_TRACE f=105 k=1.000 p=1.000 sg=0.000 br=+0.588 low=-4.20(Trouser_R) ankle_y={'L': 712.33, 'R': 712.33}
E09_TRACE f=106 k=1.000 p=1.000 sg=0.000 br=+0.368 low=-4.20(Trouser_R) ankle_y={'L': 712.33, 'R': 712.33}
E09_TRACE f=107 k=1.000 p=1.000 sg=0.000 br=+0.125 low=-4.20(Trouser_R) ankle_y={'L': 712.33, 'R': 712.33}
E09_TRACE f=108 k=1.000 p=1.000 sg=0.000 br=-0.125 low=-6.65(Hair_Mass) ankle_y={'L': 712.33, 'R': 712.33}
E09_TRACE f=109 k=1.000 p=1.000 sg=0.000 br=-0.368 low=-16.50(Hair_Mass) ankle_y={'L': 712.33, 'R': 712.33}
E09_TRACE f=110 k=1.000 p=1.000 sg=0.000 br=-0.588 low=-25.36(Hair_Mass) ankle_y={'L': 712.33, 'R': 712.33}
E09_TRACE f=111 k=1.000 p=1.000 sg=0.000 br=-0.771 low=-32.71(Hair_Mass) ankle_y={'L': 712.33, 'R': 712.33}
E09_TRACE f=112 k=1.000 p=1.000 sg=0.000 br=-0.905 low=-38.07(Hair_Mass) ankle_y={'L': 712.33, 'R': 712.33}
E09_TRACE f=113 k=1.000 p=1.000 sg=0.000 br=-0.982 low=-41.15(Hair_Mass) ankle_y={'L': 712.33, 'R': 712.33}
E09_TRACE f=114 k=1.000 p=1.000 sg=0.000 br=-0.998 low=-41.77(Hair_Mass) ankle_y={'L': 712.33, 'R': 712.33}
E09_TRACE f=115 k=1.000 p=1.000 sg=0.000 br=-0.951 low=-39.91(Hair_Mass) ankle_y={'L': 712.33, 'R': 712.33}
E09_TRACE f=116 k=1.000 p=1.000 sg=0.000 br=-0.844 low=-35.66(Hair_Mass) ankle_y={'L': 712.33, 'R': 712.33}
E09_TRACE f=117 k=1.000 p=1.000 sg=0.000 br=-0.685 low=-29.26(Hair_Mass) ankle_y={'L': 712.33, 'R': 712.33}
E09_TRACE f=118 k=1.000 p=1.000 sg=0.000 br=-0.482 low=-21.08(Hair_Mass) ankle_y={'L': 712.33, 'R': 712.33}
E09_TRACE f=119 k=1.000 p=1.000 sg=0.000 br=-0.249 low=-11.67(Hair_Mass) ankle_y={'L': 712.33, 'R': 712.33}
E09_TRACE f=120 k=1.000 p=1.000 sg=0.000 br=-0.000 low=-4.20(Trouser_R) ankle_y={'L': 712.33, 'R': 712.33}
E09_REPORT {"loop_seamless": null, "ground_min_mm": -211.26, "max_frame_step_deg": 13.935, "max_frame_step_at": [19, "forearm.R"], "no_teleport": true, "bone_travel_mm": {"pelvis": 736.82, "chest": 1072.61, "head": 1497.83, "hand.L": 1391.86, "hand.R": 1422.0}, "dft_common_ground_contact_raw": false, "dft_kneel_hold_ankle_drift_mm": {"L": 0.0, "R": 0.0}, "dft_kneel_hold_toe_drift_mm": {"L": 0.0, "R": 0.0}, "dft_foot_travel_total_mm": {"L": 891.39, "R": 582.95}, "dft_kneel_foot_lock_ok": true, "dft_kneel_foot_lock_note": "★ 本支的「脚不动」**只在跪姿 hold [28, 46] 判**：过渡段（0→28）本支**故意把双脚收到膝后**（实测单脚行程 891.4 mm），与 E02 同一处口径处理。★ 守卫是 `E09_TP_FOOTSWAY=1`（给 hold 段骨盆加 ±55 mm 世界 Y 摆动）—— 腿是刚性的，骨盆一动脚就跟着走 ⟹ 该旋钮必须见红。", "dft_chain_travel": {"foot_mm": 891.388, "knee_deg": 84.0, "hip_mm": 736.818, "waist_deg": 515.21, "shoulder_mm": 1223.849, "hand_mm": 1469.243}, "chain_present_ok": true, "dft_kneel_low_min_mm": -49.41, "dft_kneel_low_max_mm": -49.41, "dft_knee_contact_ok": false, "dft_body_low_min_mm": -41.77, "dft_body_low_max_mm": -4.2, "dft_body_ground_ok": false, "dft_worst_part": "Trouser_R", "dft_worst_frame": 20, "dft_global_low_mm": -209.65, "dft_no_penetration_ok": false, "dft_ground_note": "★★★ **本支新建的判据族**（D14 那处 `Trouser_R` 陷地 61.54 mm 正是「没有判据盯着的约束」）。口径：逐件最低 z（`body_low_profile`）。① 跪姿带 `dft_knee_contact_ok` ∈ [-6, 4] mm（膝/小腿/鞋 同处地面附近）；② 伏地带 `dft_body_ground_ok` ∈ [-6, 8] mm（**全身最低点**，与站姿「鞋底 −2~+6」是**不同载体** ⟹ 不同带）；③ 全程 `dft_no_penetration_ok` ≥ -8 mm。最险帧 = f20，最低件 = `Trouser_R`。", "dft_hitstop_windows": {"knee": {"frames": [28, 32], "worst_step_deg": 0.0, "at": null}, "land": {"frames": [66, 70], "worst_step_deg": 0.0, "at": null}}, "dft_hitstop_ok": true, "dft_hitstop_note": "★ 两个窗口 [28,32] / [66,70] 各 **4 帧**（清单 §6 要 2~4 帧）。载体 = **窗口内逐帧姿态**（不是位移）——`E09_TP_NOHITSTOP=1` 让姿态在窗口内每帧漂 1.5° ⟹ 必须见红（≥ 0.01°）。", "dft_breath_mm": 40.528, "dft_breath_crossings": 4, "dft_breath_ok": false, "dft_breath_note": "★ 伏地呼吸载体 = 胸骨顶（`neck` = chest.tail）世界 z；幅 5~34 mm、过零 ≥ 3（2 周期 ⟹ 端点归零）。★ SOUL 铁律：**E09 是「战败但活着」**—— 倒地后**必须有呼吸证据**，尸体（零微动）是 E10 `Death` 的职责。", "no_snap_stop_step_deg": 1.9742, "no_snap_stop_at": [120, "upperarm.L"], "no_snap_stop_ok": true, "clip_max_mm": 0.0, "clip_at": null, "no_face_clip_ok": true, "hand_leg_clearance_mm": 167.03, "hand_leg_clearance_frame": 28, "hand_leg_no_clip_ok": true, "leg_reach_ratio_max": 0.99809, "leg_reach_ok": true, "arm_reach_ratio_max": 0.97991, "arm_reach_at": [37, "L"], "arm_reach_ok": true, "phase_markers": {"START": 0, "ANTIC_END": 16, "KNEE": 28, "KNEE_HOLD_END": 32, "KNEEL_TAIL": 46, "LAND": 66, "LAND_HOLD_END": 70, "END": 120}, "phase_note": "★ 本支不是攻击，但按 SOUL「动作必须有前摇/命中/后摇」拆：前摇 0→28（下沉屈膝）、**命中帧 1 = 28**（双膝触地 + 4 帧冻结）、后摇 32→46（跪姿失力）、**命中帧 2 = 66**（伏地触地 + 4 帧冻结）、**可取消帧 = 71**（触地定格之后即可接 E10/E11）、呼吸尾 70→120。", "hold_window": [28, 46], "seam_in_pos_max_mm": 3.3e-05, "seam_in_dir_max_deg": 0.031181, "seam_in_at": "thumb_01.R", "seam_in_ok": true, "dft_final_pose_elem_max": 0.0, "dft_final_pose_at": null, "dft_final_pose_ok": true, "dft_final_pose_note": "★ 末帧（120）与触地定格末帧（70）**逐位一致** —— 呼吸在端点归零 ⟹ 「伏地终点」是**稳定姿**（不是「停在半口气」）。`E09_TP_NOFALL=1` 抽掉前扑后末帧不再是伏地 ⟹ 本判据必须见红。", "phase_matrix_step_deg": 14.3515, "phase_matrix_step_at": [19, "forearm.R"], "phase_matrix_step_ok": true, "meta": {"anim_id": "Defeat", "loop": false, "category": "状态与战斗流程", "note": "战败：下沉跪落（膝触地 4 帧冻结）→ 跪姿失力 → 前扑伏地（触地 4 帧冻结）→ 伏地呼吸 2 周期。起点 = Idle_01@0 逐位，终点 = 稳定伏地 Pose（不是 Idle_01@0）", "frame_bound_note": "★ 沿用 E01 登记的 E 族上界 120 帧 / 2.0 s", "hitstop_frames": "knee[28,32] land[66,70]", "seam_in": "Idle_01@0", "end_pose": "stable_prone_grounded", "kneel_drop_mm": 392.0, "terminal_pelvis_m": [-0.1, 0.1], "root_motion_m": [0.0, -0.1], "fps": 60, "frames": [0, 120]}, "failed": ["dft_body_ground_ok", "dft_breath_ok", "dft_knee_contact_ok", "dft_no_penetration_ok"], "non_ok_bools": ["dft_body_ground_ok", "dft_breath_ok", "dft_common_ground_contact_raw", "dft_knee_contact_ok", "dft_no_penetration_ok"]}
E09_DONE failed=['dft_body_ground_ok', 'dft_breath_ok', 'dft_knee_contact_ok', 'dft_no_penetration_ok'] non_ok=['dft_body_ground_ok', 'dft_breath_ok', 'dft_common_ground_contact_raw', 'dft_knee_contact_ok', 'dft_no_penetration_ok']
Blender 4.5.0 (hash 8cb6b388974a built 2025-07-15 01:36:24)
Read blend: "I:\工作项目\BIGMANFIGHT\角色资产\美术资产\bigman_v001\bigman_anim_v001.blend"

Blender quit
Error: Not freed memory blocks: 1, total unfreed memory 0.000008 MB
