E10_BOOT {"ankle_rest": {"L": [143.18, -169.57, 79.76], "R": [-141.58, 140.43, 79.83]}, "ankle_term": {"L": [211.83, -172.21, 113.9], "R": [-211.83, -172.21, 113.9]}, "L1": 0.410019, "L2": 0.412005, "axis": 1.0}
E10_TRACE f=  0 s=0.000 hs=0.000 ar=0.000 af=0.000 fe=0.000 lg=0.000 py=+0.000 pz=0.830 rx=+4.0 low=-0.96(Shoe_Sole_R) knee=428.3 head=1485.5 ank=79.8 leglen=[771.0, 764.9]
E10_TRACE f=  1 s=0.000 hs=0.000 ar=0.000 af=0.000 fe=0.000 lg=0.000 py=+0.004 pz=0.829 rx=+3.4 low=-0.97(Shoe_Sole_R) knee=428.5 head=1485.5 ank=79.8 leglen=[771.3, 763.5]
E10_TRACE f=  2 s=0.000 hs=0.000 ar=0.000 af=0.000 fe=0.000 lg=0.000 py=+0.008 pz=0.829 rx=+2.8 low=-0.97(Shoe_Sole_R) knee=428.6 head=1485.5 ank=79.8 leglen=[771.6, 762.1]
E10_TRACE f=  3 s=0.000 hs=0.000 ar=0.000 af=0.000 fe=0.000 lg=0.000 py=+0.013 pz=0.828 rx=+2.2 low=-0.96(Shoe_Sole_R) knee=428.8 head=1485.4 ank=79.8 leglen=[771.9, 760.8]
E10_TRACE f=  4 s=0.000 hs=0.000 ar=0.000 af=0.000 fe=0.000 lg=0.000 py=+0.017 pz=0.827 rx=+1.7 low=-0.96(Shoe_Sole_R) knee=429.0 head=1485.2 ank=79.8 leglen=[772.3, 759.4]
E10_TRACE f=  5 s=0.000 hs=0.000 ar=0.000 af=0.000 fe=0.000 lg=0.000 py=+0.021 pz=0.827 rx=+1.1 low=-0.95(Shoe_Sole_R) knee=429.3 head=1485.0 ank=79.8 leglen=[772.6, 758.1]
E10_TRACE f=  6 s=0.000 hs=0.000 ar=0.000 af=0.000 fe=0.000 lg=0.000 py=+0.025 pz=0.826 rx=+0.5 low=-0.95(Shoe_Sole_R) knee=429.6 head=1484.7 ank=79.8 leglen=[773.0, 756.8]
E10_TRACE f=  7 s=0.000 hs=0.000 ar=0.000 af=0.000 fe=0.000 lg=0.000 py=+0.037 pz=0.822 rx=-1.4 low=-0.96(Shoe_Sole_R) knee=428.8 head=1480.9 ank=79.8 leglen=[771.9, 750.6]
E10_TRACE f=  8 s=0.000 hs=0.000 ar=0.000 af=0.000 fe=0.000 lg=0.000 py=+0.050 pz=0.817 rx=-3.2 low=-0.97(Shoe_Sole_R) knee=428.4 head=1476.4 ank=79.8 leglen=[771.1, 744.5]
E10_TRACE f=  9 s=0.000 hs=0.000 ar=0.000 af=0.000 fe=0.000 lg=0.000 py=+0.062 pz=0.812 rx=-5.1 low=-0.97(Shoe_Sole_R) knee=428.4 head=1471.1 ank=79.8 leglen=[770.4, 738.6]
E10_TRACE f= 10 s=0.000 hs=0.000 ar=0.000 af=0.000 fe=0.000 lg=0.000 py=+0.075 pz=0.808 rx=-7.0 low=-0.97(Shoe_Sole_R) knee=428.6 head=1465.2 ank=79.8 leglen=[770.0, 732.9]
E10_TRACE f= 11 s=0.028 hs=0.003 ar=0.015 af=0.000 fe=0.000 lg=0.002 py=+0.099 pz=0.785 rx=-12.2 low=-1.02(Shoe_Sole_R) knee=421.8 head=1434.3 ank=79.8 leglen=[756.4, 708.2]
E10_TRACE f= 12 s=0.072 hs=0.012 ar=0.055 af=0.000 fe=0.000 lg=0.009 py=+0.122 pz=0.762 rx=-17.5 low=-0.88(Shoe_Sole_R) knee=417.6 head=1397.5 ank=80.1 leglen=[743.8, 684.0]
E10_TRACE f= 13 s=0.125 hs=0.027 ar=0.118 af=0.000 fe=0.000 lg=0.020 py=+0.146 pz=0.739 rx=-22.8 low=-0.55(Shoe_Sole_R) knee=416.0 head=1354.9 ank=80.4 leglen=[732.4, 660.7]
E10_TRACE f= 14 s=0.184 hs=0.047 ar=0.198 af=0.000 fe=0.000 lg=0.034 py=+0.170 pz=0.716 rx=-28.0 low=-0.04(Shoe_Sole_R) knee=417.0 head=1306.6 ank=80.9 leglen=[722.3, 638.6]
E10_TRACE f= 15 s=0.249 hs=0.071 ar=0.292 af=0.000 fe=0.000 lg=0.053 py=+0.200 pz=0.669 rx=-33.4 low=0.51(Shoe_Sole_R) knee=414.1 head=1227.6 ank=81.6 leglen=[696.3, 594.7]
E10_TRACE f= 16 s=0.319 hs=0.100 ar=0.394 af=0.000 fe=0.000 lg=0.074 py=+0.230 pz=0.622 rx=-38.8 low=1.28(Shoe_Sole_R) knee=417.1 head=1143.0 ank=82.3 leglen=[673.8, 553.8]
E10_TRACE f= 17 s=0.392 hs=0.132 ar=0.500 af=0.000 fe=0.000 lg=0.099 py=+0.260 pz=0.574 rx=-44.2 low=2.25(Shoe_Sole_R) knee=425.7 head=1053.2 ank=83.1 leglen=[655.5, 517.0]
E10_TRACE f= 18 s=0.470 hs=0.168 ar=0.606 af=0.000 fe=0.000 lg=0.126 py=+0.290 pz=0.527 rx=-49.6 low=2.78(Shoe_Sole_L) knee=439.4 head=958.4 ank=84.1 leglen=[641.6, 485.5]
E10_TRACE f= 19 s=0.551 hs=0.207 ar=0.708 af=0.000 fe=0.000 lg=0.156 py=+0.320 pz=0.480 rx=-55.0 low=1.70(Shoe_Sole_L) knee=456.8 head=859.3 ank=85.1 leglen=[632.5, 460.4]
E10_TRACE f= 20 s=0.635 hs=0.249 ar=0.802 af=0.000 fe=0.000 lg=0.189 py=+0.350 pz=0.414 rx=-59.6 low=0.13(Shoe_Sole_L) knee=475.8 head=745.7 ank=86.2 leglen=[618.5, 428.9]
E10_TRACE f= 21 s=0.722 hs=0.293 ar=0.882 af=0.000 fe=0.000 lg=0.223 py=+0.380 pz=0.349 rx=-64.2 low=-2.21(Shoe_Sole_L) knee=466.0 head=629.6 ank=87.4 leglen=[613.0, 410.5]
E10_TRACE f= 22 s=0.812 hs=0.338 ar=0.945 af=0.000 fe=0.000 lg=0.259 py=+0.410 pz=0.283 rx=-68.8 low=-4.67(Shoe_Sole_L) knee=444.2 head=511.3 ank=88.6 leglen=[616.1, 407.0]
E10_TRACE f= 23 s=0.905 hs=0.385 ar=0.985 af=0.000 fe=0.000 lg=0.297 py=+0.440 pz=0.218 rx=-73.4 low=-7.05(Shoe_Sole_L) knee=413.6 head=391.1 ank=89.9 leglen=[627.9, 419.0]
E10_TRACE f= 24 s=1.000 hs=0.432 ar=1.000 af=0.000 fe=0.000 lg=0.336 py=+0.470 pz=0.152 rx=-78.0 low=-9.18(Shoe_Sole_L) knee=373.5 head=269.6 ank=91.2 leglen=[647.8, 445.3]
E10_TRACE f= 25 s=1.000 hs=0.432 ar=1.000 af=0.000 fe=0.000 lg=0.336 py=+0.470 pz=0.152 rx=-78.0 low=-9.18(Shoe_Sole_L) knee=373.5 head=269.6 ank=91.2 leglen=[647.8, 445.3]
E10_TRACE f= 26 s=1.000 hs=0.432 ar=1.000 af=0.000 fe=0.000 lg=0.336 py=+0.470 pz=0.152 rx=-78.0 low=-9.18(Shoe_Sole_L) knee=373.5 head=269.6 ank=91.2 leglen=[647.8, 445.3]
E10_TRACE f= 27 s=1.000 hs=0.432 ar=1.000 af=0.000 fe=0.000 lg=0.336 py=+0.470 pz=0.152 rx=-78.0 low=-9.18(Shoe_Sole_L) knee=373.5 head=269.6 ank=91.2 leglen=[647.8, 445.3]
E10_TRACE f= 28 s=1.000 hs=0.432 ar=1.000 af=0.000 fe=0.000 lg=0.336 py=+0.470 pz=0.152 rx=-78.0 low=-9.18(Shoe_Sole_L) knee=373.5 head=269.6 ank=91.2 leglen=[647.8, 445.3]
E10_TRACE f= 29 s=1.000 hs=0.667 ar=1.000 af=0.112 fe=0.131 lg=0.542 py=+0.482 pz=0.150 rx=-78.9 low=-4.40(Shoe_Sole_L) knee=367.4 head=253.8 ank=98.2 leglen=[661.8, 521.8]
E10_TRACE f= 30 s=1.000 hs=0.711 ar=1.000 af=0.156 fe=0.183 lg=0.583 py=+0.495 pz=0.149 rx=-79.8 low=-4.29(Shoe_Sole_L) knee=358.7 head=241.1 ank=99.7 leglen=[674.4, 547.0]
E10_TRACE f= 31 s=1.000 hs=0.753 ar=1.000 af=0.206 fe=0.239 lg=0.624 py=+0.508 pz=0.147 rx=-80.8 low=-4.18(Shoe_Sole_L) knee=349.4 head=228.5 ank=101.1 leglen=[687.0, 572.0]
E10_TRACE f= 32 s=1.000 hs=0.792 ar=1.000 af=0.259 fe=0.301 lg=0.664 py=+0.520 pz=0.146 rx=-81.7 low=-4.15(Shoe_Sole_L) knee=339.5 head=215.9 ank=102.4 leglen=[699.7, 596.9]
E10_TRACE f= 33 s=1.000 hs=0.828 ar=1.000 af=0.316 fe=0.365 lg=0.703 py=+0.532 pz=0.144 rx=-82.6 low=-4.23(Shoe_Sole_L) knee=328.9 head=203.3 ank=103.8 leglen=[712.4, 621.5]
E10_TRACE f= 34 s=1.000 hs=0.860 ar=1.000 af=0.376 fe=0.432 lg=0.741 py=+0.545 pz=0.143 rx=-83.5 low=-4.25(Shoe_Sole_L) knee=317.5 head=190.8 ank=105.0 leglen=[725.0, 645.7]
E10_TRACE f= 35 s=1.000 hs=0.889 ar=1.000 af=0.438 fe=0.500 lg=0.777 py=+0.549 pz=0.143 rx=-83.6 low=-3.92(Shoe_Sole_L) knee=313.5 head=188.7 ank=106.3 leglen=[729.8, 661.5]
E10_TRACE f= 36 s=1.000 hs=0.913 ar=1.000 af=0.500 fe=0.568 lg=0.811 py=+0.561 pz=0.142 rx=-83.9 low=-3.76(Shoe_Sole_L) knee=302.5 head=184.1 ank=107.5 leglen=[741.1, 683.4]
E10_TRACE f= 37 s=1.000 hs=0.933 ar=1.000 af=0.562 fe=0.635 lg=0.844 py=+0.575 pz=0.142 rx=-84.3 low=-3.71(Shoe_Sole_L) knee=286.6 head=178.3 ank=108.6 leglen=[755.7, 707.9]
E10_TRACE f= 38 s=1.000 hs=0.948 ar=1.000 af=0.624 fe=0.699 lg=0.874 py=+0.589 pz=0.141 rx=-84.8 low=-3.62(Shoe_Sole_L) knee=268.6 head=172.7 ank=109.6 leglen=[770.3, 731.6]
E10_TRACE f= 39 s=1.000 hs=0.957 ar=1.000 af=0.684 fe=0.761 lg=0.901 py=+0.601 pz=0.140 rx=-85.1 low=-3.35(Shoe_Sole_L) knee=252.6 head=168.4 ank=110.5 leglen=[781.6, 751.3]
E10_TRACE f= 40 s=1.000 hs=0.960 ar=1.000 af=0.741 fe=0.817 lg=0.926 py=+0.605 pz=0.140 rx=-85.2 low=-2.90(Shoe_Sole_L) knee=245.6 head=166.7 ank=111.4 leglen=[786.3, 763.6]
E10_TRACE f= 41 s=1.000 hs=0.964 ar=1.000 af=0.794 fe=0.869 lg=0.947 py=+0.605 pz=0.140 rx=-85.2 low=-2.37(Shoe_Sole_L) knee=245.1 head=166.5 ank=112.1 leglen=[786.8, 770.7]
E10_TRACE f= 42 s=1.000 hs=0.968 ar=1.000 af=0.844 fe=0.913 lg=0.966 py=+0.606 pz=0.140 rx=-85.2 low=-1.89(Shoe_Sole_L) knee=243.9 head=166.3 ank=112.7 leglen=[787.7, 777.2]
E10_TRACE f= 43 s=1.000 hs=0.971 ar=1.000 af=0.888 fe=0.949 lg=0.980 py=+0.607 pz=0.140 rx=-85.2 low=-1.48(Shoe_Sole_L) knee=241.9 head=166.0 ank=113.2 leglen=[789.0, 783.0]
E10_TRACE f= 44 s=1.000 hs=0.974 ar=1.000 af=0.926 fe=0.977 lg=0.991 py=+0.609 pz=0.140 rx=-85.3 low=-1.17(Shoe_Sole_L) knee=239.3 head=165.6 ank=113.6 leglen=[790.6, 787.9]
E10_TRACE f= 45 s=1.000 hs=0.978 ar=1.000 af=0.957 fe=0.994 lg=0.998 py=+0.610 pz=0.140 rx=-85.3 low=-0.97(Shoe_Sole_L) knee=236.1 head=165.1 ank=113.8 leglen=[792.5, 791.8]
E10_TRACE f= 46 s=1.000 hs=0.980 ar=1.000 af=0.980 fe=1.000 lg=1.000 py=+0.613 pz=0.140 rx=-85.4 low=-0.91(Shoe_Sole_L) knee=232.3 head=164.6 ank=113.9 leglen=[794.6, 794.6]
E10_TRACE f= 47 s=1.000 hs=0.983 ar=1.000 af=0.995 fe=1.000 lg=1.000 py=+0.615 pz=0.140 rx=-85.4 low=-0.93(Shoe_Sole_L) knee=227.9 head=164.0 ank=113.9 leglen=[796.9, 796.9]
E10_TRACE f= 48 s=1.000 hs=0.986 ar=1.000 af=1.000 fe=1.000 lg=1.000 py=+0.617 pz=0.140 rx=-85.5 low=-0.95(Shoe_Sole_L) knee=223.0 head=163.4 ank=113.9 leglen=[799.3, 799.3]
E10_TRACE f= 49 s=1.000 hs=0.988 ar=1.000 af=1.000 fe=1.000 lg=1.000 py=+0.620 pz=0.140 rx=-85.5 low=-0.96(Shoe_Sole_L) knee=217.6 head=162.7 ank=113.9 leglen=[801.8, 801.8]
E10_TRACE f= 50 s=1.000 hs=0.990 ar=1.000 af=1.000 fe=1.000 lg=1.000 py=+0.623 pz=0.141 rx=-85.6 low=-0.96(Shoe_Sole_L) knee=211.8 head=162.1 ank=113.9 leglen=[804.4, 804.4]
E10_TRACE f= 51 s=1.000 hs=0.992 ar=1.000 af=1.000 fe=1.000 lg=1.000 py=+0.625 pz=0.141 rx=-85.7 low=-0.96(Shoe_Sole_L) knee=205.4 head=161.4 ank=113.9 leglen=[807.0, 807.0]
E10_TRACE f= 52 s=1.000 hs=0.994 ar=1.000 af=1.000 fe=1.000 lg=1.000 py=+0.628 pz=0.141 rx=-85.7 low=-0.95(Shoe_Sole_L) knee=198.6 head=160.8 ank=113.9 leglen=[809.6, 809.6]
E10_TRACE f= 53 s=1.000 hs=0.995 ar=1.000 af=1.000 fe=1.000 lg=1.000 py=+0.630 pz=0.141 rx=-85.8 low=-1.58(Hair_Mass) knee=191.3 head=160.2 ank=113.9 leglen=[812.0, 812.0]
E10_TRACE f= 54 s=1.000 hs=0.996 ar=1.000 af=1.000 fe=1.000 lg=1.000 py=+0.632 pz=0.141 rx=-85.8 low=-2.34(Hair_Mass) knee=183.7 head=159.7 ank=113.9 leglen=[814.3, 814.3]
E10_TRACE f= 55 s=1.000 hs=0.998 ar=1.000 af=1.000 fe=1.000 lg=1.000 py=+0.635 pz=0.141 rx=-85.9 low=-3.03(Hair_Mass) knee=175.7 head=159.1 ank=113.9 leglen=[816.3, 816.3]
E10_TRACE f= 56 s=1.000 hs=0.998 ar=1.000 af=1.000 fe=1.000 lg=1.000 py=+0.636 pz=0.141 rx=-85.9 low=-3.62(Hair_Mass) knee=167.3 head=158.7 ank=113.9 leglen=[818.1, 818.1]
E10_TRACE f= 57 s=1.000 hs=0.999 ar=1.000 af=1.000 fe=1.000 lg=1.000 py=+0.638 pz=0.141 rx=-86.0 low=-4.11(Hair_Mass) knee=158.7 head=158.3 ank=113.9 leglen=[819.6, 819.6]
E10_TRACE f= 58 s=1.000 hs=1.000 ar=1.000 af=1.000 fe=1.000 lg=1.000 py=+0.639 pz=0.141 rx=-86.0 low=-4.48(Hair_Mass) knee=150.1 head=158.1 ank=113.9 leglen=[820.8, 820.8]
E10_TRACE f= 59 s=1.000 hs=1.000 ar=1.000 af=1.000 fe=1.000 lg=1.000 py=+0.640 pz=0.141 rx=-86.0 low=-4.72(Hair_Mass) knee=142.3 head=157.9 ank=113.9 leglen=[821.5, 821.5]
E10_TRACE f= 60 s=1.000 hs=1.000 ar=1.000 af=1.000 fe=1.000 lg=1.000 py=+0.640 pz=0.141 rx=-86.0 low=-4.80(Hair_Mass) knee=140.5 head=157.8 ank=113.9 leglen=[821.7, 821.7]
E10_TRACE f= 61 s=1.000 hs=1.000 ar=1.000 af=1.000 fe=1.000 lg=1.000 py=+0.640 pz=0.141 rx=-86.0 low=-4.80(Hair_Mass) knee=140.5 head=157.8 ank=113.9 leglen=[821.7, 821.7]
E10_TRACE f= 62 s=1.000 hs=1.000 ar=1.000 af=1.000 fe=1.000 lg=1.000 py=+0.640 pz=0.141 rx=-86.0 low=-4.80(Hair_Mass) knee=140.5 head=157.8 ank=113.9 leglen=[821.7, 821.7]
E10_TRACE f= 63 s=1.000 hs=1.000 ar=1.000 af=1.000 fe=1.000 lg=1.000 py=+0.640 pz=0.141 rx=-86.0 low=-4.80(Hair_Mass) knee=140.5 head=157.8 ank=113.9 leglen=[821.7, 821.7]
E10_TRACE f= 64 s=1.000 hs=1.000 ar=1.000 af=1.000 fe=1.000 lg=1.000 py=+0.640 pz=0.141 rx=-86.0 low=-4.80(Hair_Mass) knee=140.5 head=157.8 ank=113.9 leglen=[821.7, 821.7]
E10_TRACE f= 65 s=1.000 hs=1.000 ar=1.000 af=1.000 fe=1.000 lg=1.000 py=+0.640 pz=0.141 rx=-86.0 low=-4.80(Hair_Mass) knee=140.5 head=157.8 ank=113.9 leglen=[821.7, 821.7]
E10_TRACE f= 66 s=1.000 hs=1.000 ar=1.000 af=1.000 fe=1.000 lg=1.000 py=+0.640 pz=0.141 rx=-86.0 low=-4.80(Hair_Mass) knee=140.5 head=157.8 ank=113.9 leglen=[821.7, 821.7]
E10_TRACE f= 67 s=1.000 hs=1.000 ar=1.000 af=1.000 fe=1.000 lg=1.000 py=+0.640 pz=0.141 rx=-86.0 low=-4.80(Hair_Mass) knee=140.5 head=157.8 ank=113.9 leglen=[821.7, 821.7]
E10_TRACE f= 68 s=1.000 hs=1.000 ar=1.000 af=1.000 fe=1.000 lg=1.000 py=+0.640 pz=0.141 rx=-86.0 low=-4.80(Hair_Mass) knee=140.5 head=157.8 ank=113.9 leglen=[821.7, 821.7]
E10_TRACE f= 69 s=1.000 hs=1.000 ar=1.000 af=1.000 fe=1.000 lg=1.000 py=+0.640 pz=0.141 rx=-86.0 low=-4.80(Hair_Mass) knee=140.5 head=157.8 ank=113.9 leglen=[821.7, 821.7]
E10_TRACE f= 70 s=1.000 hs=1.000 ar=1.000 af=1.000 fe=1.000 lg=1.000 py=+0.640 pz=0.141 rx=-86.0 low=-4.80(Hair_Mass) knee=140.5 head=157.8 ank=113.9 leglen=[821.7, 821.7]
E10_TRACE f= 71 s=1.000 hs=1.000 ar=1.000 af=1.000 fe=1.000 lg=1.000 py=+0.640 pz=0.141 rx=-86.0 low=-4.80(Hair_Mass) knee=140.5 head=157.8 ank=113.9 leglen=[821.7, 821.7]
E10_TRACE f= 72 s=1.000 hs=1.000 ar=1.000 af=1.000 fe=1.000 lg=1.000 py=+0.640 pz=0.141 rx=-86.0 low=-4.80(Hair_Mass) knee=140.5 head=157.8 ank=113.9 leglen=[821.7, 821.7]
E10_TRACE f= 73 s=1.000 hs=1.000 ar=1.000 af=1.000 fe=1.000 lg=1.000 py=+0.640 pz=0.141 rx=-86.0 low=-4.80(Hair_Mass) knee=140.5 head=157.8 ank=113.9 leglen=[821.7, 821.7]
E10_TRACE f= 74 s=1.000 hs=1.000 ar=1.000 af=1.000 fe=1.000 lg=1.000 py=+0.640 pz=0.141 rx=-86.0 low=-4.80(Hair_Mass) knee=140.5 head=157.8 ank=113.9 leglen=[821.7, 821.7]
E10_TRACE f= 75 s=1.000 hs=1.000 ar=1.000 af=1.000 fe=1.000 lg=1.000 py=+0.640 pz=0.141 rx=-86.0 low=-4.80(Hair_Mass) knee=140.5 head=157.8 ank=113.9 leglen=[821.7, 821.7]
E10_TRACE f= 76 s=1.000 hs=1.000 ar=1.000 af=1.000 fe=1.000 lg=1.000 py=+0.640 pz=0.141 rx=-86.0 low=-4.80(Hair_Mass) knee=140.5 head=157.8 ank=113.9 leglen=[821.7, 821.7]
E10_TRACE f= 77 s=1.000 hs=1.000 ar=1.000 af=1.000 fe=1.000 lg=1.000 py=+0.640 pz=0.141 rx=-86.0 low=-4.80(Hair_Mass) knee=140.5 head=157.8 ank=113.9 leglen=[821.7, 821.7]
E10_TRACE f= 78 s=1.000 hs=1.000 ar=1.000 af=1.000 fe=1.000 lg=1.000 py=+0.640 pz=0.141 rx=-86.0 low=-4.80(Hair_Mass) knee=140.5 head=157.8 ank=113.9 leglen=[821.7, 821.7]
E10_TRACE f= 79 s=1.000 hs=1.000 ar=1.000 af=1.000 fe=1.000 lg=1.000 py=+0.640 pz=0.141 rx=-86.0 low=-4.80(Hair_Mass) knee=140.5 head=157.8 ank=113.9 leglen=[821.7, 821.7]
E10_TRACE f= 80 s=1.000 hs=1.000 ar=1.000 af=1.000 fe=1.000 lg=1.000 py=+0.640 pz=0.141 rx=-86.0 low=-4.80(Hair_Mass) knee=140.5 head=157.8 ank=113.9 leglen=[821.7, 821.7]
E10_TRACE f= 81 s=1.000 hs=1.000 ar=1.000 af=1.000 fe=1.000 lg=1.000 py=+0.640 pz=0.141 rx=-86.0 low=-4.80(Hair_Mass) knee=140.5 head=157.8 ank=113.9 leglen=[821.7, 821.7]
E10_TRACE f= 82 s=1.000 hs=1.000 ar=1.000 af=1.000 fe=1.000 lg=1.000 py=+0.640 pz=0.141 rx=-86.0 low=-4.80(Hair_Mass) knee=140.5 head=157.8 ank=113.9 leglen=[821.7, 821.7]
E10_TRACE f= 83 s=1.000 hs=1.000 ar=1.000 af=1.000 fe=1.000 lg=1.000 py=+0.640 pz=0.141 rx=-86.0 low=-4.80(Hair_Mass) knee=140.5 head=157.8 ank=113.9 leglen=[821.7, 821.7]
E10_TRACE f= 84 s=1.000 hs=1.000 ar=1.000 af=1.000 fe=1.000 lg=1.000 py=+0.640 pz=0.141 rx=-86.0 low=-4.80(Hair_Mass) knee=140.5 head=157.8 ank=113.9 leglen=[821.7, 821.7]
E10_TRACE f= 85 s=1.000 hs=1.000 ar=1.000 af=1.000 fe=1.000 lg=1.000 py=+0.640 pz=0.141 rx=-86.0 low=-4.80(Hair_Mass) knee=140.5 head=157.8 ank=113.9 leglen=[821.7, 821.7]
E10_TRACE f= 86 s=1.000 hs=1.000 ar=1.000 af=1.000 fe=1.000 lg=1.000 py=+0.640 pz=0.141 rx=-86.0 low=-4.80(Hair_Mass) knee=140.5 head=157.8 ank=113.9 leglen=[821.7, 821.7]
E10_TRACE f= 87 s=1.000 hs=1.000 ar=1.000 af=1.000 fe=1.000 lg=1.000 py=+0.640 pz=0.141 rx=-86.0 low=-4.80(Hair_Mass) knee=140.5 head=157.8 ank=113.9 leglen=[821.7, 821.7]
E10_TRACE f= 88 s=1.000 hs=1.000 ar=1.000 af=1.000 fe=1.000 lg=1.000 py=+0.640 pz=0.141 rx=-86.0 low=-4.80(Hair_Mass) knee=140.5 head=157.8 ank=113.9 leglen=[821.7, 821.7]
E10_TRACE f= 89 s=1.000 hs=1.000 ar=1.000 af=1.000 fe=1.000 lg=1.000 py=+0.640 pz=0.141 rx=-86.0 low=-4.80(Hair_Mass) knee=140.5 head=157.8 ank=113.9 leglen=[821.7, 821.7]
E10_TRACE f= 90 s=1.000 hs=1.000 ar=1.000 af=1.000 fe=1.000 lg=1.000 py=+0.640 pz=0.141 rx=-86.0 low=-4.80(Hair_Mass) knee=140.5 head=157.8 ank=113.9 leglen=[821.7, 821.7]
E10_TRACE f= 91 s=1.000 hs=1.000 ar=1.000 af=1.000 fe=1.000 lg=1.000 py=+0.640 pz=0.141 rx=-86.0 low=-4.80(Hair_Mass) knee=140.5 head=157.8 ank=113.9 leglen=[821.7, 821.7]
E10_TRACE f= 92 s=1.000 hs=1.000 ar=1.000 af=1.000 fe=1.000 lg=1.000 py=+0.640 pz=0.141 rx=-86.0 low=-4.80(Hair_Mass) knee=140.5 head=157.8 ank=113.9 leglen=[821.7, 821.7]
E10_TRACE f= 93 s=1.000 hs=1.000 ar=1.000 af=1.000 fe=1.000 lg=1.000 py=+0.640 pz=0.141 rx=-86.0 low=-4.80(Hair_Mass) knee=140.5 head=157.8 ank=113.9 leglen=[821.7, 821.7]
E10_TRACE f= 94 s=1.000 hs=1.000 ar=1.000 af=1.000 fe=1.000 lg=1.000 py=+0.640 pz=0.141 rx=-86.0 low=-4.80(Hair_Mass) knee=140.5 head=157.8 ank=113.9 leglen=[821.7, 821.7]
E10_TRACE f= 95 s=1.000 hs=1.000 ar=1.000 af=1.000 fe=1.000 lg=1.000 py=+0.640 pz=0.141 rx=-86.0 low=-4.80(Hair_Mass) knee=140.5 head=157.8 ank=113.9 leglen=[821.7, 821.7]
E10_TRACE f= 96 s=1.000 hs=1.000 ar=1.000 af=1.000 fe=1.000 lg=1.000 py=+0.640 pz=0.141 rx=-86.0 low=-4.80(Hair_Mass) knee=140.5 head=157.8 ank=113.9 leglen=[821.7, 821.7]
E10_TRACE f= 97 s=1.000 hs=1.000 ar=1.000 af=1.000 fe=1.000 lg=1.000 py=+0.640 pz=0.141 rx=-86.0 low=-4.80(Hair_Mass) knee=140.5 head=157.8 ank=113.9 leglen=[821.7, 821.7]
E10_TRACE f= 98 s=1.000 hs=1.000 ar=1.000 af=1.000 fe=1.000 lg=1.000 py=+0.640 pz=0.141 rx=-86.0 low=-4.80(Hair_Mass) knee=140.5 head=157.8 ank=113.9 leglen=[821.7, 821.7]
E10_TRACE f= 99 s=1.000 hs=1.000 ar=1.000 af=1.000 fe=1.000 lg=1.000 py=+0.640 pz=0.141 rx=-86.0 low=-4.80(Hair_Mass) knee=140.5 head=157.8 ank=113.9 leglen=[821.7, 821.7]
E10_TRACE f=100 s=1.000 hs=1.000 ar=1.000 af=1.000 fe=1.000 lg=1.000 py=+0.640 pz=0.141 rx=-86.0 low=-4.80(Hair_Mass) knee=140.5 head=157.8 ank=113.9 leglen=[821.7, 821.7]
E10_TRACE f=101 s=1.000 hs=1.000 ar=1.000 af=1.000 fe=1.000 lg=1.000 py=+0.640 pz=0.141 rx=-86.0 low=-4.80(Hair_Mass) knee=140.5 head=157.8 ank=113.9 leglen=[821.7, 821.7]
E10_TRACE f=102 s=1.000 hs=1.000 ar=1.000 af=1.000 fe=1.000 lg=1.000 py=+0.640 pz=0.141 rx=-86.0 low=-4.80(Hair_Mass) knee=140.5 head=157.8 ank=113.9 leglen=[821.7, 821.7]
E10_TRACE f=103 s=1.000 hs=1.000 ar=1.000 af=1.000 fe=1.000 lg=1.000 py=+0.640 pz=0.141 rx=-86.0 low=-4.80(Hair_Mass) knee=140.5 head=157.8 ank=113.9 leglen=[821.7, 821.7]
E10_TRACE f=104 s=1.000 hs=1.000 ar=1.000 af=1.000 fe=1.000 lg=1.000 py=+0.640 pz=0.141 rx=-86.0 low=-4.80(Hair_Mass) knee=140.5 head=157.8 ank=113.9 leglen=[821.7, 821.7]
E10_TRACE f=105 s=1.000 hs=1.000 ar=1.000 af=1.000 fe=1.000 lg=1.000 py=+0.640 pz=0.141 rx=-86.0 low=-4.80(Hair_Mass) knee=140.5 head=157.8 ank=113.9 leglen=[821.7, 821.7]
E10_TRACE f=106 s=1.000 hs=1.000 ar=1.000 af=1.000 fe=1.000 lg=1.000 py=+0.640 pz=0.141 rx=-86.0 low=-4.80(Hair_Mass) knee=140.5 head=157.8 ank=113.9 leglen=[821.7, 821.7]
E10_TRACE f=107 s=1.000 hs=1.000 ar=1.000 af=1.000 fe=1.000 lg=1.000 py=+0.640 pz=0.141 rx=-86.0 low=-4.80(Hair_Mass) knee=140.5 head=157.8 ank=113.9 leglen=[821.7, 821.7]
E10_TRACE f=108 s=1.000 hs=1.000 ar=1.000 af=1.000 fe=1.000 lg=1.000 py=+0.640 pz=0.141 rx=-86.0 low=-4.80(Hair_Mass) knee=140.5 head=157.8 ank=113.9 leglen=[821.7, 821.7]
E10_TRACE f=109 s=1.000 hs=1.000 ar=1.000 af=1.000 fe=1.000 lg=1.000 py=+0.640 pz=0.141 rx=-86.0 low=-4.80(Hair_Mass) knee=140.5 head=157.8 ank=113.9 leglen=[821.7, 821.7]
E10_TRACE f=110 s=1.000 hs=1.000 ar=1.000 af=1.000 fe=1.000 lg=1.000 py=+0.640 pz=0.141 rx=-86.0 low=-4.80(Hair_Mass) knee=140.5 head=157.8 ank=113.9 leglen=[821.7, 821.7]
E10_TRACE f=111 s=1.000 hs=1.000 ar=1.000 af=1.000 fe=1.000 lg=1.000 py=+0.640 pz=0.141 rx=-86.0 low=-4.80(Hair_Mass) knee=140.5 head=157.8 ank=113.9 leglen=[821.7, 821.7]
E10_TRACE f=112 s=1.000 hs=1.000 ar=1.000 af=1.000 fe=1.000 lg=1.000 py=+0.640 pz=0.141 rx=-86.0 low=-4.80(Hair_Mass) knee=140.5 head=157.8 ank=113.9 leglen=[821.7, 821.7]
E10_TRACE f=113 s=1.000 hs=1.000 ar=1.000 af=1.000 fe=1.000 lg=1.000 py=+0.640 pz=0.141 rx=-86.0 low=-4.80(Hair_Mass) knee=140.5 head=157.8 ank=113.9 leglen=[821.7, 821.7]
E10_TRACE f=114 s=1.000 hs=1.000 ar=1.000 af=1.000 fe=1.000 lg=1.000 py=+0.640 pz=0.141 rx=-86.0 low=-4.80(Hair_Mass) knee=140.5 head=157.8 ank=113.9 leglen=[821.7, 821.7]
E10_TRACE f=115 s=1.000 hs=1.000 ar=1.000 af=1.000 fe=1.000 lg=1.000 py=+0.640 pz=0.141 rx=-86.0 low=-4.80(Hair_Mass) knee=140.5 head=157.8 ank=113.9 leglen=[821.7, 821.7]
E10_TRACE f=116 s=1.000 hs=1.000 ar=1.000 af=1.000 fe=1.000 lg=1.000 py=+0.640 pz=0.141 rx=-86.0 low=-4.80(Hair_Mass) knee=140.5 head=157.8 ank=113.9 leglen=[821.7, 821.7]
E10_TRACE f=117 s=1.000 hs=1.000 ar=1.000 af=1.000 fe=1.000 lg=1.000 py=+0.640 pz=0.141 rx=-86.0 low=-4.80(Hair_Mass) knee=140.5 head=157.8 ank=113.9 leglen=[821.7, 821.7]
E10_TRACE f=118 s=1.000 hs=1.000 ar=1.000 af=1.000 fe=1.000 lg=1.000 py=+0.640 pz=0.141 rx=-86.0 low=-4.80(Hair_Mass) knee=140.5 head=157.8 ank=113.9 leglen=[821.7, 821.7]
E10_TRACE f=119 s=1.000 hs=1.000 ar=1.000 af=1.000 fe=1.000 lg=1.000 py=+0.640 pz=0.141 rx=-86.0 low=-4.80(Hair_Mass) knee=140.5 head=157.8 ank=113.9 leglen=[821.7, 821.7]
E10_TRACE f=120 s=1.000 hs=1.000 ar=1.000 af=1.000 fe=1.000 lg=1.000 py=+0.640 pz=0.141 rx=-86.0 low=-4.80(Hair_Mass) knee=140.5 head=157.8 ank=113.9 leglen=[821.7, 821.7]
E10_REPORT {"loop_seamless": null, "ground_min_mm": -9.18, "max_frame_step_deg": 25.868, "max_frame_step_at": [17, "forearm.R"], "no_teleport": false, "bone_travel_mm": {"pelvis": 940.38, "chest": 1455.62, "head": 1907.0, "hand.L": 1792.41, "hand.R": 1791.29}, "dth_common_ground_contact_raw": false, "dth_common_ground_contact_note": "★ 原读数（鞋底口径 `ground_contact_ok`）= False，**本支置空**：仰卧尸体的支撑面不是鞋底。替代判据 = `dth_body_ground_ok`（载体 = 全身最低件，带 [-6, 8] mm）。与 E09 同一处口径处理。", "dth_zero_motion_amp_mm": 0.0, "dth_zero_motion_crossings": 0, "dth_zero_motion_ok": true, "dth_zero_motion_note": "★★★ **本支唯一的新判据族**（清单 E10 详细计划 §1 ①）：「死亡」与「躺着的战败」差别**就是**「有没有呼吸」。载体 = 与 E09 `dft_breath_ok`**完全同一根探针**（胸骨顶 `neck` = chest.tail 世界 z），窗口同为 `[60, 120]`。E09 在同窗口实测呼吸 **5~34 mm / 过零 ≥3**；本支实测 幅 **0.0000 mm / 过零 0**（判据：幅 ≤ 1.0 mm 且 过零 ≤ 1）。★ 守卫 = `E10_TP_MICROMOTION=1`（尸僵窗注入残余微动）⟹ 必须见红。", "dth_tip_knee_min_mm": 428.35, "dth_no_kneel_ok": true, "dth_no_kneel_note": "★ 清单原文：「与普通击倒区分」⟹ 本支是**直接后倒**，**不许有跪姿段**（E09 的招牌是「双膝触地 4 帧冻结」）。载体 = 前摇窗 `[0, 10]` 内**膝关节世界 z 的最小值** ≥ 300 mm（跪姿实测膝 z ≈ 104.7，站架 ≈ 487）。实测最低 428.35 mm。守卫 = `E10_TP_KNEEL=1`（前摇注入跪姿）⟹ 必须见红。", "dth_chain_travel": {"foot_mm": 76.717, "knee_deg": 83.413, "hip_mm": 940.383, "waist_deg": 57.296, "shoulder_mm": 1653.148, "hand_mm": 1904.559}, "dth_chain_ok": true, "dth_chain_note": "★ SOUL 硬约束：**脚→腿→髋→腰→肩→手**逐段都要有关键帧量。本支是「整体后倒」，髋/手行程远大于 E09（实测髋 940 mm / 手 1905 mm / 脚 77 mm）。", "dth_body_low_min_mm": -4.8, "dth_body_low_max_mm": -4.8, "dth_body_ground_ok": true, "dth_worst_part": "Hair_Mass", "dth_worst_frame": 24, "dth_global_low_mm": -9.18, "dth_no_penetration_ok": false, "dth_ground_note": "★ **沿用 E09 `dft_body_ground_ok` / `dft_no_penetration_ok` 的口径与容差**（带 [-6, 8] mm；下限 -8 mm），只把窗口换成尸僵窗 `[60, 120]`。载体 = 逐件最低 z。尸僵窗内最低件 = `Hair_Mass`（-4.80 mm）；全程最险帧 = f24，最低件 = `Hair_Mass`。守卫 = `E10_TP_SINK=1`（整体下沉 60 mm）⟹ 两条都要见红。", "dth_knee_z_min_mm": 140.47, "dth_knee_z_at": 60, "dth_knee_path_ok": true, "dth_limb_step_max_mm": 74.6, "dth_limb_step_at": [74.59932570030008, 24, "knee.R"], "dth_limb_step_ok": false, "dth_knee_path_note": "★ **沿用 E09 `dft_knee_path_ok` 的容差**（膝 z ≥ 104.7 − 4.0 mm）。为什么本支也要盯：本支的腿**由世界空间解算器驱动**，仰卧极点朝上、站架极点朝前 —— 极点一旦取反（`E10_TP_KNEEPLUNGE=1`）膝立刻入地。实测最低 140.47 mm（f60）。守卫 = `E10_TP_KNEEPLUNGE=1`。", "dth_limb_step_note": "★ **沿用 E09 `dft_limb_step_ok` 的容差 60 mm/帧**（= 3.6 m/s @60fps）。实测峰值 74.60 mm/帧 @f24 `knee.R`。守卫 = `E10_TP_LIMBJUMP=1`（f26 给踝目标注入 50 mm 尖峰）⟹ 必须见红。", "dth_hitstop_windows": {"land": {"frames": [24, 28], "worst_step_deg": 0.0, "at": null}}, "dth_hitstop_ok": true, "dth_hitstop_note": "★ 本支是**单段重摔** ⟹ 只有**一个**冻结窗 `[24, 28]`（4 帧；E09 有两个：膝落 + 前扑）。载体 = 窗口内逐帧姿态。守卫 = `E10_TP_NOHITSTOP=1`（窗口内每帧漂 1.5°）⟹ 必须见红（≥ 0.01°）。", "dth_supine_axis_y": 0.99756, "dth_supine_head_gap_mm": 16.48, "dth_supine_pelvis_z_mm": 141.0, "dth_supine_ok": true, "dth_supine_note": "★★★ **本支相对 E09 的全部差别就是「趴着」变「躺着」** ⟹ 必须被量出来。三个载体：① 躯干长轴 `chest` 世界方向的 |y| 分量 ≥ 0.90（**仰卧**实测 0.99756；俯卧会翻成负 ⟹ 见守卫）；② **后脑勺**（`Hair_Mass`）最低 z 必须**低于**头（`Head`）最低 z 至少 8.0 mm —— 头发着地 ⟹ 脸朝上（实测 gap 16.48 mm）；③ 尾帧骨盆世界 z ≤ 200 mm（实测 141.00，E09 同口径上限 200）。守卫 = `E10_TP_PRONE=1` / `E10_TP_NOFALL=1`，两条都必须见红。", "dth_vs_e09_pos_mm": 2281.38, "dth_vs_e09_dir_deg": 177.642, "dth_vs_e09_worst_bone": "thigh.R", "dth_distinct_from_e09_ok": true, "dth_distinct_note": "★★★ 清单 E10 详细计划 §0：「E09 终姿定格作**可分性基准**（≥15°）」。口径照抄 `_probe_e07_vs_e06.py`：57 骨**世界矩阵**，取朝向差的最大值。实测最大 **177.642° @ thigh.R**（位置差 2281.38 mm），阈值 15° ⟹ 余量 11.8×。★ 这条判据是**跨支接口**（E10 与 E09 必须能被玩家一眼区分），不是行为开关 ⟹ 它的失败模式是「作者把尸体姿写成了 E09 的伏地姿」，由本判据本身兜住。", "dth_rebound_head_drop_mm": 111.77, "dth_rebound_head_at_land_mm": 269.6, "dth_rebound_ok": true, "dth_rebound_note": "★ 清单 E10 详细计划 §2：「回弹 24→40（**头/四肢二次落地**、惯性、不许瞬停）」。载体 = **头（`head`）世界 z 在触地定格之后还要再落多少** ≥ 40 mm。实测：f24 触地时头 z = 269.6，f28 定格末 = 269.6，尾帧 = 157.8 ⟹ 二次落地落差 **111.77 mm**。★ 为什么必须单开一条：躯干触地（`dth_hitstop_ok`）只证明**背**停了，证明不了**头还在往下走** —— 没有这条，「头跟躯干一起瞬停」会全绿。", "dth_settle_peak_mm": 0.645, "dth_settle_tail_mm": 0.0608, "dth_settle_decay_ratio": 0.4915, "dth_settle_moving_frames": 17, "dth_settle_ok": true, "dth_settle_note": "★ 清单 §6「起步慢、命中重、有惯性、**不许瞬停**」在**尾部**的量化。载体 = **头**（`head`）世界 z 在沉降窗 `[40, 60]` 内的逐帧位移（= 清单 §2 的「沉降 40→60」）。三条：单帧峰值 ≤ 12 mm（实测 0.645）、末帧 ≤ 0.5 mm（实测 0.0608 ⟹ 已经停住）、「在动（> 0.2 mm）」帧数 ≥ 12（实测 17 ⟹ 动作是**铺开**的，不是一帧刹住）。产出 `0.4915` 的衰减比（末帧 / 首帧）。守卫 = `E10_TP_SNAP=1`（沉降压成单帧瞬停）⟹ 峰值与帧数两条同时见红。", "no_snap_stop_step_deg": 0.0, "no_snap_stop_at": null, "no_snap_stop_ok": true, "clip_max_mm": 0.0, "clip_at": null, "no_face_clip_ok": true, "hand_leg_clearance_mm": 125.12, "hand_leg_clearance_frame": 12, "hand_leg_no_clip_ok": true, "leg_reach_len_ratio_max": 0.9995, "leg_reach_len_at": [60, "L"], "dth_leg_target_resid_mm": 0.129, "dth_leg_target_resid_at": [60, "L"], "leg_reach_ok": true, "leg_reach_note": "★ 载体 = `|踝实测世界位置 − 踝设计目标|`（目标逐帧登记在 `TGT`），容差 2.0 mm；辅以「全长比」0.99950（≤ 1.00）。实测最大残差 **0.129 mm** @ f60 `L`。★ 为什么不用「髋踝距离 / 骨长」：解算器超伸时**自己截断**，该比值**恒 ≤ 上限**，结构上不可红。守卫 = `E10_TP_LIMBJUMP=1`（f26 给目标注入 50 mm 尖峰 ⟹ 残差直接爆）。", "arm_reach_ratio_max": 0.98889, "arm_reach_at": [35, "L"], "arm_reach_ok": true, "phase_markers": {"START": 0, "ANTIC_END": 10, "IMPACT": 24, "IMPACT_HOLD_END": 28, "REBOUND_TAIL": 40, "SETTLE_TAIL": 60, "END": 120}, "phase_note": "★ 按 SOUL「动作必须有前摇/命中/后摇」拆：前摇 0→10（失去支撑、重心后倒，**无跪姿段**）、**命中帧 = 24**（背/臀触地 + 4 帧冻结）、回弹 28→40（头/四肢二次落地）、沉降 40→60、**尸僵 60→120**（零微动）、**可取消帧 = 29**（触地定格之后即可接 E11 `Revive`）。", "hold_window": [24, 120], "dth_hem_float_mm": 902.3, "dth_hem_float_note": "★★★ **E09 登记的上游缺陷在本支更严重**：`Jacket_Hem` / `Jacket_Hem_Line`（未蒙皮，`vgroups=0`/`parent=null`）在尸体末帧悬于全身最低件之上 **902 mm**（衣摆 z = 897.5，全身最低件 z = -4.8）。E09 是**仰卧前**的过渡态，本支是**永久保持**的水平尸体 ⟹ 这块浮空薄板从「一瞬穿帮」升级为「尸体特写里的常驻穿帮」。定性 = **上游资产缺陷**，动画侧无权修（§6 硬约束：绝不回写 `bigman_tpose_v001.blend`）⟹ 按 E04/E05/E09 惯例**测量入册 + 排除出像素判据**，升级为**待主人决策的高优项**。", "seam_in_pos_max_mm": 4.7e-05, "seam_in_dir_max_deg": 0.031009, "seam_in_at": "thumb_01.R", "seam_in_ok": true, "dth_seam_in_ok": true, "dth_final_pose_elem_max": 0.0, "dth_final_pose_at": null, "dth_final_pose_ok": true, "dth_final_pose_note": "★ 尸僵起点（f60）与尾帧（f120）**逐位一致**（57 骨 × 16 元素）⟹ 「尸体姿」是**自持**的（不是「停在半口气」）。这是 `dth_zero_motion_ok`（只盯胸骨顶一根探针）的**全骨兜底**：任一骨在尸僵窗内漂移都会在这里见红。", "phase_matrix_step_deg": 23.4415, "phase_matrix_step_at": [17, "upperarm.L"], "phase_matrix_step_ok": true, "meta": {"anim_id": "Death", "loop": false, "category": "状态与战斗流程", "note": "死亡：失去支撑直接后倒（无跪姿段）→ 背/臀重摔（触地 4 帧冻结）→ 头/四肢二次落地（回弹）→ 沉降 → 尸僵稳定（零微动）。起点 = Idle_01@0 逐位，终点 = **仰卧尸体 Pose**（不是 E09 的伏地）", "frame_bound_note": "★ 沿用 E01 登记的 E 族上界 120 帧 / 2.0 s", "hitstop_frames": "land[24,28]（★ 单段重摔 ⟹ 只有一个窗口）", "seam_in": "Idle_01@0", "end_pose": "supine_corpse_zero_motion", "terminal_pelvis_m": [0.64, 0.141], "root_motion_m": [0.0, 0.64], "distinct_from": "E09 Defeat（仰卧 vs 俯卧）", "fps": 60, "frames": [0, 120]}, "failed": ["dth_limb_step_ok", "dth_no_penetration_ok"], "non_ok_bools": ["dth_common_ground_contact_raw", "dth_limb_step_ok", "dth_no_penetration_ok", "no_teleport"]}
E10_DONE failed=['dth_limb_step_ok', 'dth_no_penetration_ok'] non_ok=['dth_common_ground_contact_raw', 'dth_limb_step_ok', 'dth_no_penetration_ok', 'no_teleport']
Blender 4.5.0 (hash 8cb6b388974a built 2025-07-15 01:36:24)
Read blend: "I:\工作项目\BIGMANFIGHT\角色资产\美术资产\bigman_v001\bigman_anim_v001.blend"

Blender quit
Error: Not freed memory blocks: 1, total unfreed memory 0.000008 MB
