E10_BOOT {"ankle_rest": {"L": [143.18, -169.57, 79.76], "R": [-141.58, 140.43, 79.83]}, "ankle_term": {"L": [211.83, -172.21, 113.9], "R": [-211.83, -172.21, 113.9]}, "L1": 0.410019, "L2": 0.412005, "axis": 1.0}
# ================= E11T_BODY 髋/骨盆世界坐标 =================
E11T_BODY f=  0 pelvis=(+0.000,+0.640,+0.141) hipL=(+0.090,+0.640,+0.141) hipR=(-0.090,+0.640,+0.141)
E11T_BODY f=  2 pelvis=(+0.000,+0.640,+0.141) hipL=(+0.090,+0.640,+0.141) hipR=(-0.090,+0.640,+0.141)
E11T_BODY f=  4 pelvis=(+0.000,+0.640,+0.141) hipL=(+0.090,+0.640,+0.141) hipR=(-0.090,+0.640,+0.141)
E11T_BODY f=  6 pelvis=(+0.000,+0.640,+0.141) hipL=(+0.090,+0.640,+0.141) hipR=(-0.090,+0.640,+0.141)
E11T_BODY f=  8 pelvis=(+0.000,+0.640,+0.141) hipL=(+0.090,+0.640,+0.141) hipR=(-0.090,+0.640,+0.141)
E11T_BODY f= 10 pelvis=(+0.000,+0.640,+0.141) hipL=(+0.090,+0.640,+0.141) hipR=(-0.090,+0.640,+0.141)
E11T_BODY f= 12 pelvis=(+0.000,+0.640,+0.141) hipL=(+0.090,+0.640,+0.141) hipR=(-0.090,+0.640,+0.141)
E11T_BODY f= 14 pelvis=(+0.000,+0.640,+0.141) hipL=(+0.090,+0.640,+0.141) hipR=(-0.090,+0.640,+0.141)
E11T_BODY f= 16 pelvis=(+0.000,+0.640,+0.141) hipL=(+0.090,+0.640,+0.141) hipR=(-0.090,+0.640,+0.141)
E11T_BODY f= 18 pelvis=(+0.000,+0.634,+0.145) hipL=(+0.090,+0.634,+0.145) hipR=(-0.090,+0.634,+0.145)
E11T_BODY f= 20 pelvis=(+0.000,+0.627,+0.149) hipL=(+0.090,+0.627,+0.149) hipR=(-0.090,+0.627,+0.149)
E11T_BODY f= 22 pelvis=(+0.000,+0.621,+0.153) hipL=(+0.090,+0.621,+0.153) hipR=(-0.090,+0.621,+0.153)
E11T_BODY f= 24 pelvis=(+0.000,+0.615,+0.158) hipL=(+0.090,+0.615,+0.158) hipR=(-0.090,+0.615,+0.158)
E11T_BODY f= 26 pelvis=(+0.000,+0.609,+0.162) hipL=(+0.090,+0.609,+0.162) hipR=(-0.090,+0.609,+0.162)
E11T_BODY f= 28 pelvis=(+0.000,+0.602,+0.166) hipL=(+0.090,+0.602,+0.166) hipR=(-0.090,+0.602,+0.166)
E11T_BODY f= 30 pelvis=(+0.000,+0.596,+0.170) hipL=(+0.090,+0.596,+0.170) hipR=(-0.090,+0.596,+0.170)
E11T_BODY f= 32 pelvis=(+0.000,+0.585,+0.177) hipL=(+0.090,+0.585,+0.177) hipR=(-0.090,+0.585,+0.177)
E11T_BODY f= 34 pelvis=(+0.000,+0.574,+0.184) hipL=(+0.090,+0.574,+0.184) hipR=(-0.090,+0.574,+0.184)
E11T_BODY f= 36 pelvis=(+0.000,+0.563,+0.191) hipL=(+0.090,+0.563,+0.191) hipR=(-0.090,+0.563,+0.191)
E11T_BODY f= 38 pelvis=(+0.000,+0.553,+0.197) hipL=(+0.090,+0.553,+0.197) hipR=(-0.090,+0.553,+0.197)
E11T_BODY f= 40 pelvis=(+0.000,+0.542,+0.204) hipL=(+0.090,+0.542,+0.204) hipR=(-0.090,+0.542,+0.204)
E11T_BODY f= 42 pelvis=(+0.000,+0.531,+0.211) hipL=(+0.090,+0.531,+0.211) hipR=(-0.090,+0.531,+0.211)
E11T_BODY f= 44 pelvis=(+0.000,+0.520,+0.218) hipL=(+0.090,+0.520,+0.218) hipR=(-0.090,+0.520,+0.218)
E11T_BODY f= 46 pelvis=(+0.000,+0.507,+0.230) hipL=(+0.090,+0.507,+0.230) hipR=(-0.090,+0.507,+0.230)
E11T_BODY f= 48 pelvis=(+0.000,+0.494,+0.241) hipL=(+0.090,+0.494,+0.241) hipR=(-0.090,+0.494,+0.241)
E11T_BODY f= 50 pelvis=(+0.000,+0.481,+0.253) hipL=(+0.090,+0.481,+0.253) hipR=(-0.090,+0.481,+0.253)
E11T_BODY f= 52 pelvis=(+0.000,+0.469,+0.265) hipL=(+0.090,+0.469,+0.265) hipR=(-0.090,+0.469,+0.265)
E11T_BODY f= 54 pelvis=(+0.000,+0.456,+0.277) hipL=(+0.090,+0.456,+0.277) hipR=(-0.090,+0.456,+0.277)
E11T_BODY f= 56 pelvis=(+0.000,+0.443,+0.288) hipL=(+0.090,+0.443,+0.288) hipR=(-0.090,+0.443,+0.288)
E11T_BODY f= 58 pelvis=(+0.000,+0.430,+0.300) hipL=(+0.090,+0.430,+0.300) hipR=(-0.090,+0.430,+0.300)
E11T_BODY f= 60 pelvis=(+0.000,+0.414,+0.317) hipL=(+0.090,+0.414,+0.317) hipR=(-0.090,+0.414,+0.317)
E11T_BODY f= 62 pelvis=(+0.000,+0.398,+0.334) hipL=(+0.090,+0.398,+0.334) hipR=(-0.090,+0.398,+0.334)
E11T_BODY f= 64 pelvis=(+0.000,+0.382,+0.351) hipL=(+0.090,+0.382,+0.351) hipR=(-0.090,+0.382,+0.351)
E11T_BODY f= 66 pelvis=(+0.000,+0.366,+0.367) hipL=(+0.090,+0.366,+0.367) hipR=(-0.090,+0.366,+0.367)
E11T_BODY f= 68 pelvis=(+0.000,+0.350,+0.384) hipL=(+0.090,+0.350,+0.384) hipR=(-0.090,+0.350,+0.384)
E11T_BODY f= 70 pelvis=(+0.000,+0.334,+0.401) hipL=(+0.090,+0.334,+0.401) hipR=(-0.090,+0.334,+0.401)
E11T_BODY f= 72 pelvis=(+0.000,+0.318,+0.418) hipL=(+0.090,+0.318,+0.418) hipR=(-0.090,+0.318,+0.418)
E11T_BODY f= 74 pelvis=(+0.000,+0.318,+0.418) hipL=(+0.090,+0.318,+0.418) hipR=(-0.090,+0.318,+0.418)
E11T_BODY f= 76 pelvis=(+0.000,+0.318,+0.418) hipL=(+0.090,+0.318,+0.418) hipR=(-0.090,+0.318,+0.418)
E11T_BODY f= 78 pelvis=(+0.000,+0.297,+0.446) hipL=(+0.090,+0.297,+0.446) hipR=(-0.090,+0.297,+0.446)
E11T_BODY f= 80 pelvis=(+0.000,+0.276,+0.473) hipL=(+0.090,+0.276,+0.473) hipR=(-0.090,+0.276,+0.473)
E11T_BODY f= 82 pelvis=(+0.000,+0.255,+0.501) hipL=(+0.090,+0.255,+0.501) hipR=(-0.090,+0.255,+0.501)
E11T_BODY f= 84 pelvis=(+0.000,+0.234,+0.529) hipL=(+0.090,+0.234,+0.529) hipR=(-0.090,+0.234,+0.529)
E11T_BODY f= 86 pelvis=(+0.000,+0.213,+0.557) hipL=(+0.090,+0.213,+0.557) hipR=(-0.090,+0.213,+0.557)
E11T_BODY f= 88 pelvis=(+0.000,+0.192,+0.584) hipL=(+0.090,+0.192,+0.584) hipR=(-0.090,+0.192,+0.584)
E11T_BODY f= 90 pelvis=(+0.000,+0.171,+0.612) hipL=(+0.090,+0.171,+0.612) hipR=(-0.090,+0.171,+0.612)
E11T_BODY f= 92 pelvis=(+0.000,+0.150,+0.640) hipL=(+0.090,+0.150,+0.640) hipR=(-0.090,+0.150,+0.640)
E11T_BODY f= 94 pelvis=(+0.000,+0.125,+0.672) hipL=(+0.090,+0.125,+0.672) hipR=(-0.090,+0.125,+0.672)
E11T_BODY f= 96 pelvis=(+0.000,+0.100,+0.703) hipL=(+0.090,+0.100,+0.703) hipR=(-0.090,+0.100,+0.703)
E11T_BODY f= 98 pelvis=(+0.000,+0.075,+0.735) hipL=(+0.090,+0.075,+0.735) hipR=(-0.090,+0.075,+0.735)
E11T_BODY f=100 pelvis=(+0.000,+0.050,+0.767) hipL=(+0.090,+0.050,+0.767) hipR=(-0.090,+0.050,+0.767)
E11T_BODY f=102 pelvis=(+0.000,+0.025,+0.798) hipL=(+0.090,+0.025,+0.798) hipR=(-0.090,+0.025,+0.798)
E11T_BODY f=104 pelvis=(+0.000,+0.000,+0.830) hipL=(+0.090,+0.000,+0.830) hipR=(-0.090,+0.000,+0.830)
E11T_BODY f=106 pelvis=(+0.000,+0.000,+0.830) hipL=(+0.090,+0.000,+0.830) hipR=(-0.090,+0.000,+0.830)
E11T_BODY f=108 pelvis=(+0.000,+0.000,+0.830) hipL=(+0.090,+0.000,+0.830) hipR=(-0.090,+0.000,+0.830)
E11T_BODY f=110 pelvis=(+0.000,+0.000,+0.830) hipL=(+0.090,+0.000,+0.830) hipR=(-0.090,+0.000,+0.830)
E11T_BODY f=112 pelvis=(+0.000,+0.000,+0.830) hipL=(+0.090,+0.000,+0.830) hipR=(-0.090,+0.000,+0.830)
E11T_BODY f=114 pelvis=(+0.000,+0.000,+0.830) hipL=(+0.090,+0.000,+0.830) hipR=(-0.090,+0.000,+0.830)
E11T_BODY f=116 pelvis=(+0.000,+0.000,+0.830) hipL=(+0.090,+0.000,+0.830) hipR=(-0.090,+0.000,+0.830)
E11T_BODY f=118 pelvis=(+0.000,+0.000,+0.830) hipL=(+0.090,+0.000,+0.830) hipR=(-0.090,+0.000,+0.830)
E11T_BODY f=120 pelvis=(+0.000,+0.000,+0.830) hipL=(+0.090,+0.000,+0.830) hipR=(-0.090,+0.000,+0.830)
# ================= E11T_NOW 现状逐帧 =================
E11T_NOW f=  0 | L fp= -15.0 roll= +45.0 depth= 113.3 ank=(+0.212,-0.172,+0.114) sole=  +0.55 knee+=  140.5 | R fp= -15.0 roll= -45.0 depth= 114.1 ank=(-0.212,-0.172,+0.114) sole=  -0.18 knee+=  140.5
E11T_NOW f=  2 | L fp= -15.0 roll= +45.0 depth= 113.3 ank=(+0.212,-0.172,+0.114) sole=  +0.55 knee+=  140.5 | R fp= -15.0 roll= -45.0 depth= 114.1 ank=(-0.212,-0.172,+0.114) sole=  -0.18 knee+=  140.5
E11T_NOW f=  4 | L fp= -15.0 roll= +45.0 depth= 113.3 ank=(+0.212,-0.172,+0.114) sole=  +0.55 knee+=  140.5 | R fp= -15.0 roll= -45.0 depth= 114.1 ank=(-0.212,-0.172,+0.114) sole=  -0.18 knee+=  140.5
E11T_NOW f=  6 | L fp= -15.0 roll= +45.0 depth= 113.3 ank=(+0.212,-0.172,+0.114) sole=  +0.55 knee+=  140.5 | R fp= -15.0 roll= -45.0 depth= 114.1 ank=(-0.212,-0.172,+0.114) sole=  -0.18 knee+=  140.5
E11T_NOW f=  8 | L fp= -15.0 roll= +45.0 depth= 113.3 ank=(+0.212,-0.172,+0.114) sole=  +0.55 knee+=  140.5 | R fp= -15.0 roll= -45.0 depth= 114.1 ank=(-0.212,-0.172,+0.114) sole=  -0.18 knee+=  140.5
E11T_NOW f= 10 | L fp= -15.0 roll= +45.0 depth= 113.3 ank=(+0.212,-0.172,+0.114) sole=  +0.55 knee+=  140.5 | R fp= -15.0 roll= -45.0 depth= 114.1 ank=(-0.212,-0.172,+0.114) sole=  -0.18 knee+=  140.5
E11T_NOW f= 12 | L fp= -15.0 roll= +45.0 depth= 113.3 ank=(+0.212,-0.172,+0.114) sole=  +0.55 knee+=  140.5 | R fp= -15.0 roll= -45.0 depth= 114.1 ank=(-0.212,-0.172,+0.114) sole=  -0.18 knee+=  140.5
E11T_NOW f= 14 | L fp= -15.0 roll= +45.0 depth= 113.3 ank=(+0.212,-0.172,+0.114) sole=  +0.55 knee+=  140.5 | R fp= -15.0 roll= -45.0 depth= 114.1 ank=(-0.212,-0.172,+0.114) sole=  -0.18 knee+=  140.5
E11T_NOW f= 16 | L fp= -15.0 roll= +45.0 depth= 113.3 ank=(+0.212,-0.172,+0.114) sole=  +0.55 knee+=  140.5 | R fp= -15.0 roll= -45.0 depth= 114.1 ank=(-0.212,-0.172,+0.114) sole=  -0.18 knee+=  140.5
E11T_NOW f= 18 | L fp= -14.3 roll= +43.4 depth= 112.8 ank=(+0.209,-0.172,+0.113) sole=  +0.70 knee+=  182.7 | R fp= -14.0 roll= -43.4 depth= 114.2 ank=(-0.209,-0.168,+0.113) sole=  -1.13 knee+=  197.1
E11T_NOW f= 20 | L fp= -13.6 roll= +41.9 depth= 112.2 ank=(+0.206,-0.172,+0.113) sole=  +0.89 knee+=  205.6 | R fp= -13.0 roll= -41.9 depth= 114.3 ank=(-0.206,-0.163,+0.112) sole=  -2.04 knee+=  225.8
E11T_NOW f= 22 | L fp= -12.9 roll= +40.3 depth= 111.7 ank=(+0.202,-0.172,+0.113) sole=  +1.00 knee+=  223.6 | R fp= -12.0 roll= -40.3 depth= 114.3 ank=(-0.202,-0.158,+0.111) sole=  -2.92 knee+=  248.1
E11T_NOW f= 24 | L fp= -12.1 roll= +38.7 depth= 111.0 ank=(+0.199,-0.172,+0.112) sole=  +1.24 knee+=  238.9 | R fp= -11.0 roll= -38.7 depth= 114.3 ank=(-0.199,-0.154,+0.111) sole=  -3.77 knee+=  266.8
E11T_NOW f= 26 | L fp= -11.4 roll= +37.1 depth= 110.2 ank=(+0.196,-0.171,+0.112) sole=  +1.62 knee+=  252.4 | R fp= -10.0 roll= -37.1 depth= 114.3 ank=(-0.196,-0.149,+0.110) sole=  -4.58 knee+=  283.3
E11T_NOW f= 28 | L fp= -10.7 roll= +35.6 depth= 109.3 ank=(+0.193,-0.171,+0.111) sole=  +2.14 knee+=  264.8 | R fp=  -9.0 roll= -35.6 depth= 114.2 ank=(-0.193,-0.145,+0.109) sole=  -5.35 knee+=  298.2
E11T_NOW f= 30 | L fp= -10.0 roll= +34.0 depth= 108.2 ank=(+0.190,-0.171,+0.111) sole=  +2.78 knee+=  276.2 | R fp=  -8.0 roll= -34.0 depth= 114.2 ank=(-0.190,-0.140,+0.108) sole=  -6.17 knee+=  311.8
E11T_NOW f= 32 | L fp=  -9.4 roll= +32.0 depth= 106.9 ank=(+0.187,-0.171,+0.110) sole=  +3.27 knee+=  293.1 | R fp=  -6.9 roll= -32.0 depth= 114.1 ank=(-0.189,-0.117,+0.107) sole=  -6.68 knee+=  346.2
E11T_NOW f= 34 | L fp=  -8.9 roll= +30.0 depth= 105.4 ank=(+0.185,-0.171,+0.109) sole=  +3.90 knee+=  308.5 | R fp=  -5.7 roll= -30.0 depth= 114.0 ank=(-0.187,-0.094,+0.107) sole=  -7.14 knee+=  374.9
E11T_NOW f= 36 | L fp=  -8.3 roll= +28.0 depth= 103.7 ank=(+0.182,-0.171,+0.108) sole=  +4.69 knee+=  322.7 | R fp=  -4.6 roll= -28.0 depth= 113.8 ank=(-0.186,-0.071,+0.106) sole=  -7.55 knee+=  399.6
E11T_NOW f= 38 | L fp=  -7.7 roll= +26.0 depth= 102.0 ank=(+0.180,-0.171,+0.108) sole=  +5.62 knee+=  335.9 | R fp=  -3.4 roll= -26.0 depth= 113.6 ank=(-0.184,-0.049,+0.106) sole=  -7.91 knee+=  421.2
E11T_NOW f= 40 | L fp=  -7.1 roll= +24.0 depth= 100.0 ank=(+0.177,-0.171,+0.107) sole=  +6.67 knee+=  348.2 | R fp=  -2.3 roll= -24.0 depth= 113.4 ank=(-0.183,-0.026,+0.105) sole=  -8.29 knee+=  440.2
E11T_NOW f= 42 | L fp=  -6.6 roll= +22.0 depth=  98.0 ank=(+0.175,-0.171,+0.106) sole=  +7.83 knee+=  359.8 | R fp=  -1.1 roll= -22.0 depth= 113.2 ank=(-0.181,-0.003,+0.105) sole=  -8.62 knee+=  456.9
E11T_NOW f= 44 | L fp=  -6.0 roll= +20.0 depth=  96.0 ank=(+0.172,-0.170,+0.105) sole=  +9.04 knee+=  370.7 | R fp=  +0.0 roll= -20.0 depth= 112.9 ank=(-0.180,+0.020,+0.104) sole=  -8.89 knee+=  471.4
E11T_NOW f= 46 | L fp=  -5.4 roll= +18.0 depth=  93.7 ank=(+0.170,-0.170,+0.103) sole=  +8.87 knee+=  382.8 | R fp=  +3.5 roll= -18.0 depth= 112.3 ank=(-0.179,+0.058,+0.105) sole=  -7.34 knee+=  491.1
E11T_NOW f= 48 | L fp=  -4.9 roll= +16.0 depth=  91.3 ank=(+0.169,-0.170,+0.100) sole=  +8.80 knee+=  394.0 | R fp=  +7.0 roll= -16.0 depth= 111.6 ank=(-0.178,+0.095,+0.106) sole=  -5.63 knee+=  505.9
E11T_NOW f= 50 | L fp=  -4.3 roll= +14.0 depth=  89.0 ank=(+0.167,-0.170,+0.098) sole=  +8.68 knee+=  404.3 | R fp= +10.5 roll= -14.0 depth= 112.3 ank=(-0.176,+0.133,+0.107) sole=  -5.32 knee+=  515.1
E11T_NOW f= 52 | L fp=  -3.7 roll= +12.0 depth=  86.8 ank=(+0.165,-0.170,+0.095) sole=  +8.47 knee+=  413.8 | R fp= +14.0 roll= -12.0 depth= 122.3 ank=(-0.175,+0.170,+0.108) sole= -14.25 knee+=  517.2
E11T_NOW f= 54 | L fp=  -3.1 roll= +10.0 depth=  84.5 ank=(+0.163,-0.170,+0.093) sole=  +8.38 knee+=  422.5 | R fp= +18.0 roll= -10.0 depth= 133.9 ank=(-0.174,+0.207,+0.111) sole= -23.38 knee+=  511.3
E11T_NOW f= 56 | L fp=  -2.6 roll=  +8.0 depth=  82.0 ank=(+0.162,-0.170,+0.090) sole=  +8.40 knee+=  430.4 | R fp= +22.0 roll=  -8.0 depth= 144.9 ank=(-0.172,+0.245,+0.113) sole= -31.85 knee+=  492.2
E11T_NOW f= 58 | L fp=  -2.0 roll=  +6.0 depth=  79.5 ank=(+0.160,-0.170,+0.088) sole=  +8.52 knee+=  437.5 | R fp= +26.0 roll=  -6.0 depth= 155.3 ank=(-0.171,+0.282,+0.116) sole= -39.76 knee+=  454.7
E11T_NOW f= 60 | L fp=  -1.7 roll=  +5.1 depth=  77.9 ank=(+0.159,-0.170,+0.087) sole=  +9.25 knee+=  447.4 | R fp= +30.0 roll=  -5.1 depth= 165.4 ank=(-0.170,+0.320,+0.118) sole= -47.45 knee+=  388.8
E11T_NOW f= 62 | L fp=  -1.4 roll=  +4.3 depth=  77.3 ank=(+0.158,-0.170,+0.086) sole=  +8.94 knee+=  456.2 | R fp= +32.5 roll=  -4.3 depth= 171.4 ank=(-0.169,+0.357,+0.121) sole= -50.38 knee+=  304.4
E11T_NOW f= 64 | L fp=  -1.1 roll=  +3.4 depth=  76.8 ank=(+0.157,-0.170,+0.085) sole=  +8.64 knee+=  463.9 | R fp= +35.0 roll=  -3.4 depth= 177.0 ank=(-0.168,+0.395,+0.124) sole= -52.96 knee+=  218.0
E11T_NOW f= 66 | L fp=  -0.9 roll=  +2.6 depth=  76.2 ank=(+0.155,-0.170,+0.085) sole=  +8.36 knee+=  470.5 | R fp= +37.5 roll=  -2.6 depth= 182.2 ank=(-0.166,+0.433,+0.127) sole= -55.18 knee+=  146.2
E11T_NOW f= 68 | L fp=  -0.6 roll=  +1.7 depth=  75.6 ank=(+0.154,-0.170,+0.084) sole=  +8.13 knee+=  476.1 | R fp= +40.0 roll=  -1.7 depth= 187.0 ank=(-0.165,+0.470,+0.130) sole= -57.01 knee+=   95.5
E11T_NOW f= 70 | L fp=  -0.3 roll=  +0.9 depth=  74.9 ank=(+0.153,-0.170,+0.083) sole=  +7.94 knee+=  480.6 | R fp= +41.0 roll=  -0.9 depth= 188.8 ank=(-0.164,+0.470,+0.130) sole= -58.30 knee+=   97.3
E11T_NOW f= 72 | L fp=  +0.0 roll=  +0.0 depth=  74.2 ank=(+0.152,-0.170,+0.082) sole=  +7.80 knee+=  484.1 | R fp= +42.0 roll=  -0.0 depth= 190.5 ank=(-0.164,+0.470,+0.131) sole= -59.50 knee+=  100.7
E11T_NOW f= 74 | L fp=  +0.0 roll=  +0.0 depth=  74.2 ank=(+0.151,-0.170,+0.082) sole=  +7.66 knee+=  484.0 | R fp= +43.0 roll=  -0.0 depth= 192.3 ank=(-0.163,+0.470,+0.132) sole= -60.79 knee+=  100.7
E11T_NOW f= 76 | L fp=  +0.0 roll=  +0.0 depth=  74.2 ank=(+0.151,-0.170,+0.082) sole=  +7.52 knee+=  483.9 | R fp= +44.0 roll=  -0.0 depth= 194.0 ank=(-0.162,+0.470,+0.132) sole= -62.02 knee+=  100.6
E11T_NOW f= 78 | L fp=  +0.0 roll=  +0.0 depth=  74.6 ank=(+0.150,-0.170,+0.082) sole=  +7.00 knee+=  488.1 | R fp= +42.2 roll=  -0.0 depth= 191.0 ank=(-0.161,+0.449,+0.128) sole= -62.96 knee+=  129.6
E11T_NOW f= 80 | L fp=  +0.0 roll=  +0.0 depth=  75.0 ank=(+0.150,-0.170,+0.081) sole=  +6.49 knee+=  490.7 | R fp= +40.5 roll=  -0.0 depth= 187.7 ank=(-0.160,+0.428,+0.124) sole= -63.71 knee+=  156.5
E11T_NOW f= 82 | L fp=  +0.0 roll=  +0.0 depth=  75.3 ank=(+0.149,-0.170,+0.081) sole=  +5.99 knee+=  491.9 | R fp= +38.8 roll=  -0.0 depth= 184.3 ank=(-0.158,+0.406,+0.120) sole= -64.29 knee+=  181.7
E11T_NOW f= 84 | L fp=  +0.0 roll=  +0.0 depth=  75.7 ank=(+0.149,-0.170,+0.081) sole=  +5.51 knee+=  492.1 | R fp= +37.0 roll=  -0.0 depth= 180.7 ank=(-0.157,+0.385,+0.116) sole= -64.70 knee+=  205.5
E11T_NOW f= 86 | L fp=  +0.0 roll=  +0.0 depth=  76.0 ank=(+0.148,-0.170,+0.081) sole=  +5.03 knee+=  491.4 | R fp= +35.2 roll=  -0.0 depth= 176.9 ank=(-0.156,+0.364,+0.112) sole= -64.94 knee+=  228.2
E11T_NOW f= 88 | L fp=  +0.0 roll=  +0.0 depth=  76.3 ank=(+0.148,-0.170,+0.081) sole=  +4.58 knee+=  490.3 | R fp= +33.5 roll=  -0.0 depth= 173.0 ank=(-0.154,+0.343,+0.108) sole= -65.02 knee+=  250.0
E11T_NOW f= 90 | L fp=  +0.0 roll=  +0.0 depth=  76.6 ank=(+0.147,-0.170,+0.081) sole=  +4.13 knee+=  488.8 | R fp= +31.8 roll=  -0.0 depth= 168.9 ank=(-0.153,+0.321,+0.104) sole= -64.93 knee+=  271.0
E11T_NOW f= 92 | L fp=  +0.0 roll=  +0.0 depth=  76.9 ank=(+0.146,-0.170,+0.081) sole=  +3.70 knee+=  487.3 | R fp= +30.0 roll=  -0.0 depth= 164.7 ank=(-0.152,+0.300,+0.100) sole= -64.69 knee+=  291.3
E11T_NOW f= 94 | L fp=  +0.0 roll=  +0.0 depth=  77.3 ank=(+0.146,-0.170,+0.080) sole=  +3.19 knee+=  485.6 | R fp= +25.0 roll=  -0.0 depth= 151.7 ank=(-0.150,+0.273,+0.097) sole= -55.09 knee+=  314.9
E11T_NOW f= 96 | L fp=  +0.0 roll=  +0.0 depth=  77.7 ank=(+0.145,-0.170,+0.080) sole=  +2.66 knee+=  484.3 | R fp= +20.0 roll=  -0.0 depth= 137.6 ank=(-0.149,+0.247,+0.093) sole= -44.34 knee+=  337.8
E11T_NOW f= 98 | L fp=  +0.0 roll=  +0.0 depth=  78.2 ank=(+0.145,-0.170,+0.080) sole=  +2.02 knee+=  483.7 | R fp= +15.0 roll=  -0.0 depth= 122.9 ank=(-0.147,+0.220,+0.090) sole= -32.95 knee+=  360.4
E11T_NOW f=100 | L fp=  +0.0 roll=  +0.0 depth=  79.5 ank=(+0.144,-0.170,+0.080) sole=  +0.58 knee+=  484.0 | R fp= +10.0 roll=  -0.0 depth= 109.7 ank=(-0.145,+0.194,+0.087) sole= -23.16 knee+=  382.8
E11T_NOW f=102 | L fp=  +0.0 roll=  +0.0 depth=  80.7 ank=(+0.144,-0.170,+0.080) sole=  -0.83 knee+=  485.2 | R fp=  +5.0 roll=  -0.0 depth= 110.3 ank=(-0.143,+0.167,+0.083) sole= -27.14 knee+=  405.2
E11T_NOW f=104 | L fp=  +0.0 roll=  +0.0 depth=  82.0 ank=(+0.143,-0.170,+0.080) sole=  -2.22 knee+=  487.3 | R fp=  +0.0 roll=  -0.0 depth= 110.7 ank=(-0.142,+0.140,+0.080) sole= -30.91 knee+=  428.3
E11T_NOW f=106 | L fp=  +0.0 roll=  +0.0 depth=  82.0 ank=(+0.143,-0.170,+0.080) sole=  -2.22 knee+=  487.3 | R fp=  +0.0 roll=  -0.0 depth= 110.7 ank=(-0.142,+0.140,+0.080) sole= -30.91 knee+=  428.3
E11T_NOW f=108 | L fp=  +0.0 roll=  +0.0 depth=  82.0 ank=(+0.143,-0.170,+0.080) sole=  -2.22 knee+=  487.3 | R fp=  +0.0 roll=  -0.0 depth= 110.7 ank=(-0.142,+0.140,+0.080) sole= -30.91 knee+=  428.3
E11T_NOW f=110 | L fp=  +0.0 roll=  +0.0 depth=  82.0 ank=(+0.143,-0.170,+0.080) sole=  -2.22 knee+=  487.3 | R fp=  +0.0 roll=  -0.0 depth= 110.7 ank=(-0.142,+0.140,+0.080) sole= -30.91 knee+=  428.3
E11T_NOW f=112 | L fp=  +0.0 roll=  +0.0 depth=  82.0 ank=(+0.143,-0.170,+0.080) sole=  -2.22 knee+=  487.3 | R fp=  +0.0 roll=  -0.0 depth= 110.7 ank=(-0.142,+0.140,+0.080) sole= -30.91 knee+=  428.3
E11T_NOW f=114 | L fp=  +0.0 roll=  +0.0 depth=  82.0 ank=(+0.143,-0.170,+0.080) sole=  -2.22 knee+=  487.3 | R fp=  +0.0 roll=  -0.0 depth= 110.7 ank=(-0.142,+0.140,+0.080) sole= -30.91 knee+=  428.3
E11T_NOW f=116 | L fp=  +0.0 roll=  +0.0 depth=  82.0 ank=(+0.143,-0.170,+0.080) sole=  -2.22 knee+=  487.3 | R fp=  +0.0 roll=  -0.0 depth= 110.7 ank=(-0.142,+0.140,+0.080) sole= -30.91 knee+=  428.3
E11T_NOW f=118 | L fp=  +0.0 roll=  +0.0 depth=  82.0 ank=(+0.143,-0.170,+0.080) sole=  -2.22 knee+=  487.3 | R fp=  +0.0 roll=  -0.0 depth= 110.7 ank=(-0.142,+0.140,+0.080) sole= -30.91 knee+=  428.3
E11T_NOW f=120 | L fp=  +0.0 roll=  +0.0 depth=  82.0 ank=(+0.143,-0.170,+0.080) sole=  -2.22 knee+=  487.3 | R fp=  +0.0 roll=  -0.0 depth= 110.7 ank=(-0.142,+0.140,+0.080) sole= -30.91 knee+=  428.3
# ================= E11T_SOLVE 反解（踝 y 扫出膝目标）=========
E11T_SOLVE f= 16 want= 140.5 sole=  0.0 depth= 113.3 az=+0.1133 ay=-0.1900 -> knee=  140.5 err=  0.0 br=+1 可达区间=[ -264.9,   520.4]
E11T_SOLVE f= 24 want= 152.0 sole= 11.4 depth= 111.2 az=+0.1227 ay=+0.6140 -> knee=  152.3 err=  0.3 br=+1 可达区间=[ -249.1,   530.7]
E11T_SOLVE f= 30 want= 168.0 sole= 20.0 depth= 108.8 az=+0.1288 ay=-0.2180 -> knee=  168.3 err=  0.3 br=+1 可达区间=[ -237.2,   537.5]
E11T_SOLVE f= 38 want= 142.0 sole= 14.3 depth= 103.5 az=+0.1178 ay=+0.5560 -> knee=  144.4 err=  2.4 br=+1 可达区间=[ -210.0,   527.0]
E11T_SOLVE f= 44 want= 126.0 sole= 10.0 depth=  98.7 az=+0.1087 ay=-0.2860 -> knee=  125.0 err=  1.0 br=-1 可达区间=[ -189.6,   518.1]
E11T_SOLVE f= 52 want= 112.0 sole=  4.0 depth=  96.0 az=+0.1000 ay=+0.5000 -> knee=  111.3 err=  0.7 br=+1 可达区间=[ -143.0,   509.7]
E11T_SOLVE f= 60 want= 108.0 sole=  2.0 depth=  95.7 az=+0.0977 ay=-0.3460 -> knee=  107.1 err=  0.9 br=-1 可达区间=[  -91.2,   507.7]
E11T_SOLVE f= 68 want= 108.0 sole=  2.0 depth=  94.3 az=+0.0963 ay=+0.2400 -> knee=  107.3 err=  0.7 br=-1 可达区间=[  -24.0,   506.6]
E11T_SOLVE f= 76 want= 108.0 sole=  2.0 depth=  93.1 az=+0.0951 ay=-0.3580 -> knee=  107.9 err=  0.1 br=-1 可达区间=[    9.5,   505.5]
E11T_SOLVE f= 84 want= 132.0 sole=  2.0 depth=  92.6 az=+0.0946 ay=-0.0780 -> knee=  132.0 err=  0.0 br=-1 可达区间=[  120.3,   505.2]
E11T_SOLVE f= 92 want= 232.0 sole=  2.0 depth=  92.1 az=+0.0941 ay=+0.5100 -> knee=  232.0 err=  0.0 br=+1 可达区间=[  231.1,   504.9]
E11T_SOLVE f=100 want= 342.0 sole=  0.7 depth=  85.6 az=+0.0862 ay=-0.2580 -> knee=  357.6 err= 15.6 br=-1 可达区间=[  357.6,   511.4]
# ================= E11T_KEY 可直接粘的键 =================
ANKLE_KEYS_R = (
    (0, "TERM"), (16, "TERM"),
    (16, (-0.212, -0.1900, 0.1133)),
    (24, (-0.199, +0.6140, 0.1227)),
    (30, (-0.190, -0.2180, 0.1288)),
    (38, (-0.184, +0.5560, 0.1178)),
    (44, (-0.180, -0.2860, 0.1087)),
    (52, (-0.175, +0.5000, 0.1000)),
    (60, (-0.170, -0.3460, 0.0977)),
    (68, (-0.165, +0.2400, 0.0963)),
    (76, (-0.162, -0.3580, 0.0951)),
    (84, (-0.157, -0.0780, 0.0946)),
    (92, (-0.152, +0.5100, 0.0941)),
    (100, (-0.145, -0.2580, 0.0862)),
    (104, "REST"), (120, "REST"),
)
KNEE_Z_R = (
    (0, 0.1405), (16, 0.1405),
    (0, 0.1405),
    (16, 0.1405),
    (24, 0.1520),
    (30, 0.1680),
    (38, 0.1420),
    (44, 0.1260),
    (52, 0.1120),
    (60, 0.1080),
    (68, 0.1080),
    (72, 0.1080),
    (76, 0.1080),
    (84, 0.1320),
    (92, 0.2320),
    (100, 0.3420),
    (104, 0.4284),
    (120, 0.4284),
)
# ================= E11T_CHK 连续性（膝/踝单帧步长）=========
E11T_CHK worst_ankle_step_mm=(1024.0004935557563, ('ankle', 35, 1024.0004935557563, 7.270096104902365))
Blender 4.5.0 (hash 8cb6b388974a built 2025-07-15 01:36:24)
Read blend: "I:\工作项目\BIGMANFIGHT\角色资产\美术资产\bigman_v001\bigman_anim_v001.blend"

Blender quit
Error: Not freed memory blocks: 1, total unfreed memory 0.000008 MB
