E09_FLAT {"hip_z": 100.0, "ank_y": 690.0, "ank_z": 100.0, "hipz_real": 100.0, "knee_z": -11.77, "knee_y": 291.0, "ank_z_real": 103.4, "knee_region_low": -101.55, "body_low": -101.55, "body_low_at": "Trouser_L", "reach": 0.9611}
E09_FLAT {"hip_z": 100.0, "ank_y": 690.0, "ank_z": 120.0, "hipz_real": 100.0, "knee_z": -1.32, "knee_y": 293.9, "ank_z_real": 123.3, "knee_region_low": -91.37, "body_low": -91.37, "body_low_at": "Trouser_L", "reach": 0.96141}
E09_FLAT {"hip_z": 100.0, "ank_y": 690.0, "ank_z": 140.0, "hipz_real": 100.0, "knee_z": 10.09, "knee_y": 296.7, "ank_z_real": 143.3, "knee_region_low": -80.76, "body_low": -85.5, "body_low_at": "Finger_Pinky_L", "reach": 0.96233}
E09_FLAT {"hip_z": 100.0, "ank_y": 690.0, "ank_z": 160.0, "hipz_real": 100.0, "knee_z": 22.48, "knee_y": 299.3, "ank_z_real": 163.3, "knee_region_low": -69.43, "body_low": -85.5, "body_low_at": "Finger_Pinky_L", "reach": 0.96387}
E09_FLAT {"hip_z": 100.0, "ank_y": 690.0, "ank_z": 180.0, "hipz_real": 100.0, "knee_z": 35.92, "knee_y": 301.8, "ank_z_real": 183.2, "knee_region_low": -57.01, "body_low": -85.5, "body_low_at": "Finger_Pinky_L", "reach": 0.96601}
E09_FLAT {"hip_z": 100.0, "ank_y": 700.0, "ank_z": 100.0, "hipz_real": 100.0, "knee_z": 7.33, "knee_y": 296.0, "ank_z_real": 103.4, "knee_region_low": -82.46, "body_low": -85.5, "body_low_at": "Finger_Pinky_L", "reach": 0.97326}
E09_FLAT {"hip_z": 100.0, "ank_y": 700.0, "ank_z": 120.0, "hipz_real": 100.0, "knee_z": 17.86, "knee_y": 298.4, "ank_z_real": 123.4, "knee_region_low": -72.33, "body_low": -85.5, "body_low_at": "Finger_Pinky_L", "reach": 0.97357}
E09_FLAT {"hip_z": 100.0, "ank_y": 700.0, "ank_z": 140.0, "hipz_real": 100.0, "knee_z": 29.52, "knee_y": 300.7, "ank_z_real": 143.3, "knee_region_low": -61.74, "body_low": -85.5, "body_low_at": "Finger_Pinky_L", "reach": 0.97448}
E09_FLAT {"hip_z": 100.0, "ank_y": 700.0, "ank_z": 160.0, "hipz_real": 100.0, "knee_z": 42.37, "knee_y": 302.8, "ank_z_real": 163.3, "knee_region_low": -49.93, "body_low": -85.5, "body_low_at": "Finger_Pinky_L", "reach": 0.976}
E09_FLAT {"hip_z": 100.0, "ank_y": 700.0, "ank_z": 180.0, "hipz_real": 100.0, "knee_z": 56.5, "knee_y": 304.6, "ank_z_real": 183.3, "knee_region_low": -37.02, "body_low": -85.5, "body_low_at": "Finger_Pinky_L", "reach": 0.97812}
E09_FLAT {"hip_z": 100.0, "ank_y": 710.0, "ank_z": 100.0, "hipz_real": 100.0, "knee_z": 31.79, "knee_y": 301.1, "ank_z_real": 103.4, "knee_region_low": -58.01, "body_low": -85.5, "body_low_at": "Finger_Pinky_L", "reach": 0.98543}
E09_FLAT {"hip_z": 100.0, "ank_y": 710.0, "ank_z": 120.0, "hipz_real": 100.0, "knee_z": 42.5, "knee_y": 302.8, "ank_z_real": 123.4, "knee_region_low": -48.24, "body_low": -85.5, "body_low_at": "Finger_Pinky_L", "reach": 0.98573}
E09_FLAT {"hip_z": 100.0, "ank_y": 710.0, "ank_z": 140.0, "hipz_real": 100.0, "knee_z": 54.72, "knee_y": 304.4, "ank_z_real": 143.4, "knee_region_low": -37.06, "body_low": -85.5, "body_low_at": "Finger_Pinky_L", "reach": 0.98663}
E09_FLAT {"hip_z": 100.0, "ank_y": 710.0, "ank_z": 160.0, "hipz_real": 100.0, "knee_z": 68.61, "knee_y": 305.8, "ank_z_real": 163.3, "knee_region_low": -24.74, "body_low": -85.5, "body_low_at": "Finger_Pinky_L", "reach": 0.98813}
E09_FLAT {"hip_z": 100.0, "ank_y": 710.0, "ank_z": 180.0, "hipz_real": 100.0, "knee_z": 84.47, "knee_y": 306.8, "ank_z_real": 183.3, "knee_region_low": -11.13, "body_low": -85.5, "body_low_at": "Finger_Pinky_L", "reach": 0.99022}
E09_FLAT {"hip_z": 100.0, "ank_y": 720.0, "ank_z": 100.0, "hipz_real": 100.0, "knee_z": 73.07, "knee_y": 306.2, "ank_z_real": 103.5, "knee_region_low": -17.54, "body_low": -85.5, "body_low_at": "Finger_Pinky_L", "reach": 0.99759}
E09_FLAT {"hip_z": 100.0, "ank_y": 720.0, "ank_z": 120.0, "hipz_real": 100.0, "knee_z": 84.83, "knee_y": 306.8, "ank_z_real": 123.4, "knee_region_low": -7.6, "body_low": -85.5, "body_low_at": "Finger_Pinky_L", "reach": 0.99789}
E09_FLAT {"hip_z": 100.0, "ank_y": 720.0, "ank_z": 140.0, "hipz_real": 100.0, "knee_z": 101.13, "knee_y": 307.2, "ank_z_real": 143.4, "knee_region_low": -4.29, "body_low": -85.5, "body_low_at": "Finger_Pinky_L", "reach": 0.99878}
E09_FLAT {"hip_z": 100.0, "ank_y": 720.0, "ank_z": 160.0, "hipz_real": 100.0, "knee_z": 118.59, "knee_y": 306.9, "ank_z_real": 163.3, "knee_region_low": -2.24, "body_low": -85.5, "body_low_at": "Finger_Pinky_L", "reach": 0.99953}
E09_FLAT {"hip_z": 100.0, "ank_y": 720.0, "ank_z": 180.0, "hipz_real": 100.0, "knee_z": 128.49, "knee_y": 306.4, "ank_z_real": 183.1, "knee_region_low": -1.58, "body_low": -85.5, "body_low_at": "Finger_Pinky_L", "reach": 0.99953}
E09_FLAT {"hip_z": 106.0, "ank_y": 690.0, "ank_z": 100.0, "hipz_real": 106.0, "knee_z": -8.71, "knee_y": 290.1, "ank_z_real": 103.4, "knee_region_low": -98.41, "body_low": -98.41, "body_low_at": "Trouser_L", "reach": 0.96113}
E09_FLAT {"hip_z": 106.0, "ank_y": 690.0, "ank_z": 120.0, "hipz_real": 106.0, "knee_z": 1.45, "knee_y": 293.0, "ank_z_real": 123.3, "knee_region_low": -88.53, "body_low": -88.53, "body_low_at": "Trouser_L", "reach": 0.96125}
E09_FLAT {"hip_z": 106.0, "ank_y": 690.0, "ank_z": 140.0, "hipz_real": 106.0, "knee_z": 12.56, "knee_y": 295.8, "ank_z_real": 143.3, "knee_region_low": -77.96, "body_low": -79.5, "body_low_at": "Finger_Pinky_L", "reach": 0.96199}
E09_FLAT {"hip_z": 106.0, "ank_y": 690.0, "ank_z": 160.0, "hipz_real": 106.0, "knee_z": 24.66, "knee_y": 298.6, "ank_z_real": 163.3, "knee_region_low": -66.94, "body_low": -79.5, "body_low_at": "Finger_Pinky_L", "reach": 0.96334}
E09_FLAT {"hip_z": 106.0, "ank_y": 690.0, "ank_z": 180.0, "hipz_real": 106.0, "knee_z": 37.77, "knee_y": 301.1, "ank_z_real": 183.2, "knee_region_low": -54.85, "body_low": -79.5, "body_low_at": "Finger_Pinky_L", "reach": 0.96531}
E09_FLAT {"hip_z": 106.0, "ank_y": 700.0, "ank_z": 100.0, "hipz_real": 106.0, "knee_z": 10.39, "knee_y": 295.3, "ank_z_real": 103.4, "knee_region_low": -79.31, "body_low": -79.5, "body_low_at": "Finger_Pinky_L", "reach": 0.97329}
E09_FLAT {"hip_z": 106.0, "ank_y": 700.0, "ank_z": 120.0, "hipz_real": 106.0, "knee_z": 20.58, "knee_y": 297.7, "ank_z_real": 123.4, "knee_region_low": -69.4, "body_low": -79.5, "body_low_at": "Finger_Pinky_L", "reach": 0.97341}
E09_FLAT {"hip_z": 106.0, "ank_y": 700.0, "ank_z": 140.0, "hipz_real": 106.0, "knee_z": 31.9, "knee_y": 300.0, "ank_z_real": 143.3, "knee_region_low": -59.04, "body_low": -79.5, "body_low_at": "Finger_Pinky_L", "reach": 0.97414}
E09_FLAT {"hip_z": 106.0, "ank_y": 700.0, "ank_z": 160.0, "hipz_real": 106.0, "knee_z": 44.39, "knee_y": 302.2, "ank_z_real": 163.3, "knee_region_low": -47.61, "body_low": -79.5, "body_low_at": "Finger_Pinky_L", "reach": 0.97548}
E09_FLAT {"hip_z": 106.0, "ank_y": 700.0, "ank_z": 180.0, "hipz_real": 106.0, "knee_z": 58.12, "knee_y": 304.1, "ank_z_real": 183.3, "knee_region_low": -34.88, "body_low": -79.5, "body_low_at": "Finger_Pinky_L", "reach": 0.97742}
E09_FLAT {"hip_z": 106.0, "ank_y": 710.0, "ank_z": 100.0, "hipz_real": 106.0, "knee_z": 34.87, "knee_y": 300.5, "ank_z_real": 103.4, "knee_region_low": -54.84, "body_low": -79.5, "body_low_at": "Finger_Pinky_L", "reach": 0.98546}
E09_FLAT {"hip_z": 106.0, "ank_y": 710.0, "ank_z": 120.0, "hipz_real": 106.0, "knee_z": 45.13, "knee_y": 302.3, "ank_z_real": 123.4, "knee_region_low": -45.29, "body_low": -79.5, "body_low_at": "Finger_Pinky_L", "reach": 0.98558}
E09_FLAT {"hip_z": 106.0, "ank_y": 710.0, "ank_z": 140.0, "hipz_real": 106.0, "knee_z": 56.89, "knee_y": 303.9, "ank_z_real": 143.4, "knee_region_low": -34.58, "body_low": -79.5, "body_low_at": "Finger_Pinky_L", "reach": 0.9863}
E09_FLAT {"hip_z": 106.0, "ank_y": 710.0, "ank_z": 160.0, "hipz_real": 106.0, "knee_z": 70.25, "knee_y": 305.4, "ank_z_real": 163.3, "knee_region_low": -22.43, "body_low": -79.5, "body_low_at": "Finger_Pinky_L", "reach": 0.98762}
E09_FLAT {"hip_z": 106.0, "ank_y": 710.0, "ank_z": 180.0, "hipz_real": 106.0, "knee_z": 85.48, "knee_y": 306.6, "ank_z_real": 183.3, "knee_region_low": -9.44, "body_low": -79.5, "body_low_at": "Finger_Pinky_L", "reach": 0.98953}
E09_FLAT {"hip_z": 106.0, "ank_y": 720.0, "ank_z": 100.0, "hipz_real": 106.0, "knee_z": 76.23, "knee_y": 305.9, "ank_z_real": 103.5, "knee_region_low": -14.07, "body_low": -79.5, "body_low_at": "Finger_Pinky_L", "reach": 0.99762}
E09_FLAT {"hip_z": 106.0, "ank_y": 720.0, "ank_z": 120.0, "hipz_real": 106.0, "knee_z": 86.91, "knee_y": 306.6, "ank_z_real": 123.4, "knee_region_low": -4.89, "body_low": -79.5, "body_low_at": "Finger_Pinky_L", "reach": 0.99774}
E09_FLAT {"hip_z": 106.0, "ank_y": 720.0, "ank_z": 140.0, "hipz_real": 106.0, "knee_z": 101.6, "knee_y": 307.2, "ank_z_real": 143.4, "knee_region_low": 0.77, "body_low": -79.5, "body_low_at": "Finger_Pinky_L", "reach": 0.99845}
E09_FLAT {"hip_z": 106.0, "ank_y": 720.0, "ank_z": 160.0, "hipz_real": 106.0, "knee_z": 121.61, "knee_y": 307.0, "ank_z_real": 163.4, "knee_region_low": 3.56, "body_low": -79.5, "body_low_at": "Finger_Pinky_L", "reach": 0.99953}
E09_FLAT {"hip_z": 106.0, "ank_y": 720.0, "ank_z": 180.0, "hipz_real": 106.0, "knee_z": 131.52, "knee_y": 306.6, "ank_z_real": 183.2, "knee_region_low": 4.22, "body_low": -79.5, "body_low_at": "Finger_Pinky_L", "reach": 0.99953}
E09_FLAT {"hip_z": 112.0, "ank_y": 690.0, "ank_z": 100.0, "hipz_real": 112.0, "knee_z": -5.58, "knee_y": 289.3, "ank_z_real": 103.4, "knee_region_low": -95.18, "body_low": -95.18, "body_low_at": "Trouser_L", "reach": 0.96121}
E09_FLAT {"hip_z": 112.0, "ank_y": 690.0, "ank_z": 120.0, "hipz_real": 112.0, "knee_z": 4.3, "knee_y": 292.1, "ank_z_real": 123.4, "knee_region_low": -85.6, "body_low": -85.6, "body_low_at": "Trouser_L", "reach": 0.96115}
E09_FLAT {"hip_z": 112.0, "ank_y": 690.0, "ank_z": 140.0, "hipz_real": 112.0, "knee_z": 15.13, "knee_y": 295.0, "ank_z_real": 143.3, "knee_region_low": -75.06, "body_low": -75.06, "body_low_at": "Trouser_L", "reach": 0.9617}
E09_FLAT {"hip_z": 112.0, "ank_y": 690.0, "ank_z": 160.0, "hipz_real": 112.0, "knee_z": 26.92, "knee_y": 297.8, "ank_z_real": 163.3, "knee_region_low": -64.35, "body_low": -73.5, "body_low_at": "Finger_Pinky_L", "reach": 0.96287}
E09_FLAT {"hip_z": 112.0, "ank_y": 690.0, "ank_z": 180.0, "hipz_real": 112.0, "knee_z": 39.73, "knee_y": 300.3, "ank_z_real": 183.3, "knee_region_low": -52.6, "body_low": -73.5, "body_low_at": "Finger_Pinky_L", "reach": 0.96465}
E09_FLAT {"hip_z": 112.0, "ank_y": 700.0, "ank_z": 100.0, "hipz_real": 112.0, "knee_z": 13.55, "knee_y": 294.6, "ank_z_real": 103.4, "knee_region_low": -76.06, "body_low": -76.06, "body_low_at": "Trouser_L", "reach": 0.97337}
E09_FLAT {"hip_z": 112.0, "ank_y": 700.0, "ank_z": 120.0, "hipz_real": 112.0, "knee_z": 23.41, "knee_y": 297.0, "ank_z_real": 123.4, "knee_region_low": -66.49, "body_low": -73.5, "body_low_at": "Finger_Pinky_L", "reach": 0.97331}
E09_FLAT {"hip_z": 112.0, "ank_y": 700.0, "ank_z": 140.0, "hipz_real": 112.0, "knee_z": 34.39, "knee_y": 299.3, "ank_z_real": 143.4, "knee_region_low": -56.23, "body_low": -73.5, "body_low_at": "Finger_Pinky_L", "reach": 0.97386}
E09_FLAT {"hip_z": 112.0, "ank_y": 700.0, "ank_z": 160.0, "hipz_real": 112.0, "knee_z": 46.51, "knee_y": 301.5, "ank_z_real": 163.3, "knee_region_low": -45.17, "body_low": -73.5, "body_low_at": "Finger_Pinky_L", "reach": 0.97502}
E09_FLAT {"hip_z": 112.0, "ank_y": 700.0, "ank_z": 180.0, "hipz_real": 112.0, "knee_z": 59.86, "knee_y": 303.6, "ank_z_real": 183.3, "knee_region_low": -32.84, "body_low": -73.5, "body_low_at": "Finger_Pinky_L", "reach": 0.97677}
E09_FLAT {"hip_z": 112.0, "ank_y": 710.0, "ank_z": 100.0, "hipz_real": 112.0, "knee_z": 38.08, "knee_y": 300.0, "ank_z_real": 103.5, "knee_region_low": -51.54, "body_low": -73.5, "body_low_at": "Finger_Pinky_L", "reach": 0.98554}
E09_FLAT {"hip_z": 112.0, "ank_y": 710.0, "ank_z": 120.0, "hipz_real": 112.0, "knee_z": 47.9, "knee_y": 301.8, "ank_z_real": 123.4, "knee_region_low": -42.2, "body_low": -73.5, "body_low_at": "Finger_Pinky_L", "reach": 0.98548}
E09_FLAT {"hip_z": 112.0, "ank_y": 710.0, "ank_z": 140.0, "hipz_real": 112.0, "knee_z": 59.2, "knee_y": 303.5, "ank_z_real": 143.4, "knee_region_low": -31.96, "body_low": -73.5, "body_low_at": "Finger_Pinky_L", "reach": 0.98602}
E09_FLAT {"hip_z": 112.0, "ank_y": 710.0, "ank_z": 160.0, "hipz_real": 112.0, "knee_z": 72.06, "knee_y": 305.0, "ank_z_real": 163.4, "knee_region_low": -20.13, "body_low": -73.5, "body_low_at": "Finger_Pinky_L", "reach": 0.98716}
E09_FLAT {"hip_z": 112.0, "ank_y": 710.0, "ank_z": 180.0, "hipz_real": 112.0, "knee_z": 86.69, "knee_y": 306.3, "ank_z_real": 183.3, "knee_region_low": -7.55, "body_low": -73.5, "body_low_at": "Finger_Pinky_L", "reach": 0.9889}
E09_FLAT {"hip_z": 112.0, "ank_y": 720.0, "ank_z": 100.0, "hipz_real": 112.0, "knee_z": 79.73, "knee_y": 305.7, "ank_z_real": 103.5, "knee_region_low": -10.28, "body_low": -73.5, "body_low_at": "Finger_Pinky_L", "reach": 0.9977}
E09_FLAT {"hip_z": 112.0, "ank_y": 720.0, "ank_z": 120.0, "hipz_real": 112.0, "knee_z": 89.33, "knee_y": 306.4, "ank_z_real": 123.4, "knee_region_low": -1.85, "body_low": -73.5, "body_low_at": "Finger_Pinky_L", "reach": 0.99764}
E09_FLAT {"hip_z": 112.0, "ank_y": 720.0, "ank_z": 140.0, "hipz_real": 112.0, "knee_z": 102.67, "knee_y": 307.1, "ank_z_real": 143.4, "knee_region_low": 5.95, "body_low": -73.5, "body_low_at": "Finger_Pinky_L", "reach": 0.99818}
E09_FLAT {"hip_z": 112.0, "ank_y": 720.0, "ank_z": 160.0, "hipz_real": 112.0, "knee_z": 121.98, "knee_y": 307.2, "ank_z_real": 163.4, "knee_region_low": 9.2, "body_low": -73.5, "body_low_at": "Finger_Pinky_L", "reach": 0.9993}
E09_FLAT {"hip_z": 112.0, "ank_y": 720.0, "ank_z": 180.0, "hipz_real": 112.0, "knee_z": 134.56, "knee_y": 306.8, "ank_z_real": 183.2, "knee_region_low": 10.02, "body_low": -73.5, "body_low_at": "Finger_Pinky_L", "reach": 0.99953}
E09_FLAT {"hip_z": 120.0, "ank_y": 690.0, "ank_z": 100.0, "hipz_real": 120.0, "knee_z": -1.26, "knee_y": 288.1, "ank_z_real": 103.4, "knee_region_low": -90.73, "body_low": -90.73, "body_low_at": "Trouser_L", "reach": 0.96141}
E09_FLAT {"hip_z": 120.0, "ank_y": 690.0, "ank_z": 120.0, "hipz_real": 120.0, "knee_z": 8.23, "knee_y": 291.0, "ank_z_real": 123.4, "knee_region_low": -81.55, "body_low": -81.55, "body_low_at": "Trouser_L", "reach": 0.9611}
E09_FLAT {"hip_z": 120.0, "ank_y": 690.0, "ank_z": 140.0, "hipz_real": 120.0, "knee_z": 18.68, "knee_y": 293.9, "ank_z_real": 143.3, "knee_region_low": -71.37, "body_low": -71.37, "body_low_at": "Trouser_L", "reach": 0.96141}
E09_FLAT {"hip_z": 120.0, "ank_y": 690.0, "ank_z": 160.0, "hipz_real": 120.0, "knee_z": 30.09, "knee_y": 296.7, "ank_z_real": 163.3, "knee_region_low": -60.76, "body_low": -65.5, "body_low_at": "Finger_Pinky_L", "reach": 0.96233}
E09_FLAT {"hip_z": 120.0, "ank_y": 690.0, "ank_z": 180.0, "hipz_real": 120.0, "knee_z": 42.48, "knee_y": 299.3, "ank_z_real": 183.3, "knee_region_low": -49.43, "body_low": -65.5, "body_low_at": "Finger_Pinky_L", "reach": 0.96387}
E09_FLAT {"hip_z": 120.0, "ank_y": 700.0, "ank_z": 100.0, "hipz_real": 120.0, "knee_z": 17.92, "knee_y": 293.7, "ank_z_real": 103.4, "knee_region_low": -71.56, "body_low": -71.56, "body_low_at": "Trouser_L", "reach": 0.97357}
E09_FLAT {"hip_z": 120.0, "ank_y": 700.0, "ank_z": 120.0, "hipz_real": 120.0, "knee_z": 27.33, "knee_y": 296.0, "ank_z_real": 123.4, "knee_region_low": -62.46, "body_low": -65.5, "body_low_at": "Finger_Pinky_L", "reach": 0.97326}
E09_FLAT {"hip_z": 120.0, "ank_y": 700.0, "ank_z": 140.0, "hipz_real": 120.0, "knee_z": 37.86, "knee_y": 298.4, "ank_z_real": 143.4, "knee_region_low": -52.33, "body_low": -65.5, "body_low_at": "Finger_Pinky_L", "reach": 0.97357}
E09_FLAT {"hip_z": 120.0, "ank_y": 700.0, "ank_z": 160.0, "hipz_real": 120.0, "knee_z": 49.52, "knee_y": 300.7, "ank_z_real": 163.3, "knee_region_low": -41.74, "body_low": -65.5, "body_low_at": "Finger_Pinky_L", "reach": 0.97448}
E09_FLAT {"hip_z": 120.0, "ank_y": 700.0, "ank_z": 180.0, "hipz_real": 120.0, "knee_z": 62.37, "knee_y": 302.8, "ank_z_real": 183.3, "knee_region_low": -29.93, "body_low": -65.5, "body_low_at": "Finger_Pinky_L", "reach": 0.976}
E09_FLAT {"hip_z": 120.0, "ank_y": 710.0, "ank_z": 100.0, "hipz_real": 120.0, "knee_z": 42.57, "knee_y": 299.3, "ank_z_real": 103.5, "knee_region_low": -46.93, "body_low": -65.5, "body_low_at": "Finger_Pinky_L", "reach": 0.98573}
E09_FLAT {"hip_z": 120.0, "ank_y": 710.0, "ank_z": 120.0, "hipz_real": 120.0, "knee_z": 51.79, "knee_y": 301.1, "ank_z_real": 123.4, "knee_region_low": -38.01, "body_low": -65.5, "body_low_at": "Finger_Pinky_L", "reach": 0.98543}
E09_FLAT {"hip_z": 120.0, "ank_y": 710.0, "ank_z": 140.0, "hipz_real": 120.0, "knee_z": 62.5, "knee_y": 302.8, "ank_z_real": 143.4, "knee_region_low": -28.24, "body_low": -65.5, "body_low_at": "Finger_Pinky_L", "reach": 0.98573}
E09_FLAT {"hip_z": 120.0, "ank_y": 710.0, "ank_z": 160.0, "hipz_real": 120.0, "knee_z": 74.72, "knee_y": 304.4, "ank_z_real": 163.4, "knee_region_low": -17.06, "body_low": -65.5, "body_low_at": "Finger_Pinky_L", "reach": 0.98663}
E09_FLAT {"hip_z": 120.0, "ank_y": 710.0, "ank_z": 180.0, "hipz_real": 120.0, "knee_z": 88.61, "knee_y": 305.8, "ank_z_real": 183.3, "knee_region_low": -4.74, "body_low": -65.5, "body_low_at": "Finger_Pinky_L", "reach": 0.98813}
E09_FLAT {"hip_z": 120.0, "ank_y": 720.0, "ank_z": 100.0, "hipz_real": 120.0, "knee_z": 84.91, "knee_y": 305.5, "ank_z_real": 103.5, "knee_region_low": -4.69, "body_low": -65.5, "body_low_at": "Finger_Pinky_L", "reach": 0.99789}
E09_FLAT {"hip_z": 120.0, "ank_y": 720.0, "ank_z": 120.0, "hipz_real": 120.0, "knee_z": 93.07, "knee_y": 306.2, "ank_z_real": 123.5, "knee_region_low": 2.46, "body_low": -65.5, "body_low_at": "Finger_Pinky_L", "reach": 0.99759}
E09_FLAT {"hip_z": 120.0, "ank_y": 720.0, "ank_z": 140.0, "hipz_real": 120.0, "knee_z": 104.83, "knee_y": 306.8, "ank_z_real": 143.4, "knee_region_low": 12.4, "body_low": -65.5, "body_low_at": "Finger_Pinky_L", "reach": 0.99789}
E09_FLAT {"hip_z": 120.0, "ank_y": 720.0, "ank_z": 160.0, "hipz_real": 120.0, "knee_z": 121.13, "knee_y": 307.2, "ank_z_real": 163.4, "knee_region_low": 15.71, "body_low": -65.5, "body_low_at": "Finger_Pinky_L", "reach": 0.99878}
E09_FLAT {"hip_z": 120.0, "ank_y": 720.0, "ank_z": 180.0, "hipz_real": 120.0, "knee_z": 138.59, "knee_y": 306.9, "ank_z_real": 183.3, "knee_region_low": 17.76, "body_low": -65.5, "body_low_at": "Finger_Pinky_L", "reach": 0.99953}
E09_FLAT_DONE n=80
Blender 4.5.0 (hash 8cb6b388974a built 2025-07-15 01:36:24)
Read blend: "I:\工作项目\BIGMANFIGHT\角色资产\美术资产\bigman_v001\bigman_anim_v001.blend"

Blender quit
Error: Not freed memory blocks: 1, total unfreed memory 0.000008 MB
