E09_FLAT {"hip_z": 104.0, "ank_y": 716.0, "ank_z": 140.0, "hipz_real": 104.0, "knee_z": 83.55, "knee_y": 308.7, "ank_z_real": 140.0, "ank_y_real": 716.0, "low4": [["Trouser_R", -9.3], ["Trouser_L", -8.7], ["Hair_Mass", 2.5], ["Suit_Torso", 6.4]], "body_low": -9.26, "body_low_at": "Trouser_R", "reach": 0.99577}
E09_FLAT {"hip_z": 104.0, "ank_y": 716.0, "ank_z": 150.0, "hipz_real": 104.0, "knee_z": 91.32, "knee_y": 309.0, "ank_z_real": 150.0, "ank_y_real": 716.0, "low4": [["Trouser_R", -2.6], ["Trouser_L", -2.3], ["Hair_Mass", 2.5], ["Suit_Torso", 6.4]], "body_low": -2.62, "body_low_at": "Trouser_R", "reach": 0.99638}
E09_FLAT {"hip_z": 104.0, "ank_y": 716.0, "ank_z": 160.0, "hipz_real": 104.0, "knee_z": 100.1, "knee_y": 309.1, "ank_z_real": 160.0, "ank_y_real": 716.0, "low4": [["Trouser_R", -0.9], ["Trouser_L", -0.8], ["Hair_Mass", 2.5], ["Suit_Torso", 6.4]], "body_low": -0.93, "body_low_at": "Trouser_R", "reach": 0.99714}
E09_FLAT {"hip_z": 104.0, "ank_y": 716.0, "ank_z": 170.0, "hipz_real": 104.0, "knee_z": 110.31, "knee_y": 309.1, "ank_z_real": 170.0, "ank_y_real": 716.0, "low4": [["Trouser_R", 0.8], ["Trouser_L", 0.9], ["Hair_Mass", 2.5], ["Suit_Torso", 6.4]], "body_low": 0.81, "body_low_at": "Trouser_R", "reach": 0.99804}
E09_FLAT {"hip_z": 104.0, "ank_y": 720.0, "ank_z": 140.0, "hipz_real": 104.0, "knee_z": 108.93, "knee_y": 309.2, "ank_z_real": 140.0, "ank_y_real": 719.1, "low4": [["Trouser_L", 0.6], ["Trouser_R", 0.6], ["Hair_Mass", 2.5], ["Suit_Torso", 6.4]], "body_low": 0.57, "body_low_at": "Trouser_L", "reach": 0.99953}
E09_FLAT {"hip_z": 104.0, "ank_y": 720.0, "ank_z": 150.0, "hipz_real": 104.0, "knee_z": 113.91, "knee_y": 309.1, "ank_z_real": 149.9, "ank_y_real": 718.6, "low4": [["Trouser_L", 1.4], ["Trouser_R", 1.4], ["Hair_Mass", 2.5], ["Suit_Torso", 6.4]], "body_low": 1.4, "body_low_at": "Trouser_L", "reach": 0.99953}
E09_FLAT {"hip_z": 104.0, "ank_y": 720.0, "ank_z": 160.0, "hipz_real": 104.0, "knee_z": 118.88, "knee_y": 308.9, "ank_z_real": 159.9, "ank_y_real": 718.0, "low4": [["Trouser_L", 1.7], ["Trouser_R", 1.7], ["Hair_Mass", 2.5], ["Suit_Torso", 6.4]], "body_low": 1.71, "body_low_at": "Trouser_L", "reach": 0.99953}
E09_FLAT {"hip_z": 104.0, "ank_y": 720.0, "ank_z": 170.0, "hipz_real": 104.0, "knee_z": 123.84, "knee_y": 308.7, "ank_z_real": 169.8, "ank_y_real": 717.2, "low4": [["Trouser_L", 2.0], ["Trouser_R", 2.0], ["Hair_Mass", 2.5], ["Suit_Torso", 6.4]], "body_low": 2.03, "body_low_at": "Trouser_L", "reach": 0.99953}
E09_FLAT {"hip_z": 104.0, "ank_y": 724.0, "ank_z": 140.0, "hipz_real": 104.0, "knee_z": 108.85, "knee_y": 309.2, "ank_z_real": 139.8, "ank_y_real": 719.1, "low4": [["Trouser_L", 0.6], ["Trouser_R", 0.6], ["Hair_Mass", 2.5], ["Suit_Torso", 6.4]], "body_low": 0.56, "body_low_at": "Trouser_L", "reach": 0.99953}
E09_FLAT {"hip_z": 104.0, "ank_y": 724.0, "ank_z": 150.0, "hipz_real": 104.0, "knee_z": 113.8, "knee_y": 309.1, "ank_z_real": 149.7, "ank_y_real": 718.6, "low4": [["Trouser_L", 1.4], ["Trouser_R", 1.4], ["Hair_Mass", 2.5], ["Suit_Torso", 6.4]], "body_low": 1.39, "body_low_at": "Trouser_L", "reach": 0.99953}
E09_FLAT {"hip_z": 104.0, "ank_y": 724.0, "ank_z": 160.0, "hipz_real": 104.0, "knee_z": 118.75, "knee_y": 308.9, "ank_z_real": 159.6, "ank_y_real": 718.0, "low4": [["Trouser_L", 1.7], ["Trouser_R", 1.7], ["Hair_Mass", 2.5], ["Suit_Torso", 6.4]], "body_low": 1.7, "body_low_at": "Trouser_L", "reach": 0.99953}
E09_FLAT {"hip_z": 104.0, "ank_y": 724.0, "ank_z": 170.0, "hipz_real": 104.0, "knee_z": 123.68, "knee_y": 308.7, "ank_z_real": 169.5, "ank_y_real": 717.3, "low4": [["Trouser_L", 2.0], ["Trouser_R", 2.0], ["Hair_Mass", 2.5], ["Suit_Torso", 6.4]], "body_low": 2.02, "body_low_at": "Trouser_L", "reach": 0.99953}
E09_FLAT {"hip_z": 104.0, "ank_y": 728.0, "ank_z": 140.0, "hipz_real": 104.0, "knee_z": 108.77, "knee_y": 309.2, "ank_z_real": 139.6, "ank_y_real": 719.1, "low4": [["Trouser_L", 0.5], ["Trouser_R", 0.6], ["Hair_Mass", 2.5], ["Suit_Torso", 6.4]], "body_low": 0.54, "body_low_at": "Trouser_L", "reach": 0.99953}
E09_FLAT {"hip_z": 104.0, "ank_y": 728.0, "ank_z": 150.0, "hipz_real": 104.0, "knee_z": 113.7, "knee_y": 309.1, "ank_z_real": 149.5, "ank_y_real": 718.6, "low4": [["Trouser_L", 1.4], ["Trouser_R", 1.4], ["Hair_Mass", 2.5], ["Suit_Torso", 6.4]], "body_low": 1.38, "body_low_at": "Trouser_L", "reach": 0.99953}
E09_FLAT {"hip_z": 104.0, "ank_y": 728.0, "ank_z": 160.0, "hipz_real": 104.0, "knee_z": 118.62, "knee_y": 308.9, "ank_z_real": 159.3, "ank_y_real": 718.0, "low4": [["Trouser_L", 1.7], ["Trouser_R", 1.7], ["Hair_Mass", 2.5], ["Suit_Torso", 6.4]], "body_low": 1.69, "body_low_at": "Trouser_L", "reach": 0.99953}
E09_FLAT {"hip_z": 104.0, "ank_y": 728.0, "ank_z": 170.0, "hipz_real": 104.0, "knee_z": 123.53, "knee_y": 308.7, "ank_z_real": 169.2, "ank_y_real": 717.3, "low4": [["Trouser_L", 2.0], ["Trouser_R", 2.0], ["Hair_Mass", 2.5], ["Suit_Torso", 6.4]], "body_low": 2.01, "body_low_at": "Trouser_L", "reach": 0.99953}
E09_FLAT {"hip_z": 108.0, "ank_y": 716.0, "ank_z": 140.0, "hipz_real": 108.0, "knee_z": 84.67, "knee_y": 308.5, "ank_z_real": 140.0, "ank_y_real": 716.0, "low4": [["Trouser_R", -7.7], ["Trouser_L", -7.2], ["Hair_Mass", 6.5], ["Suit_Torso", 10.4]], "body_low": -7.69, "body_low_at": "Trouser_R", "reach": 0.99557}
E09_FLAT {"hip_z": 108.0, "ank_y": 716.0, "ank_z": 150.0, "hipz_real": 108.0, "knee_z": 92.11, "knee_y": 308.9, "ank_z_real": 150.0, "ank_y_real": 716.0, "low4": [["Trouser_R", -1.4], ["Trouser_L", -0.8], ["Hair_Mass", 6.5], ["Suit_Torso", 10.4]], "body_low": -1.38, "body_low_at": "Trouser_R", "reach": 0.99612}
E09_FLAT {"hip_z": 108.0, "ank_y": 716.0, "ank_z": 160.0, "hipz_real": 108.0, "knee_z": 100.45, "knee_y": 309.1, "ank_z_real": 160.0, "ank_y_real": 716.0, "low4": [["Trouser_R", 2.5], ["Trouser_L", 2.6], ["Hair_Mass", 6.5], ["Suit_Torso", 10.4]], "body_low": 2.46, "body_low_at": "Trouser_R", "reach": 0.99682}
E09_FLAT {"hip_z": 108.0, "ank_y": 716.0, "ank_z": 170.0, "hipz_real": 108.0, "knee_z": 110.01, "knee_y": 309.1, "ank_z_real": 170.0, "ank_y_real": 716.0, "low4": [["Trouser_R", 4.1], ["Trouser_L", 4.2], ["Hair_Mass", 6.5], ["Suit_Torso", 10.4]], "body_low": 4.07, "body_low_at": "Trouser_R", "reach": 0.99766}
E09_FLAT {"hip_z": 108.0, "ank_y": 720.0, "ank_z": 140.0, "hipz_real": 108.0, "knee_z": 110.94, "knee_y": 309.2, "ank_z_real": 140.0, "ank_y_real": 719.3, "low4": [["Trouser_L", 4.2], ["Trouser_R", 4.2], ["Hair_Mass", 6.5], ["Suit_Torso", 10.4]], "body_low": 4.23, "body_low_at": "Trouser_L", "reach": 0.99953}
E09_FLAT {"hip_z": 108.0, "ank_y": 720.0, "ank_z": 150.0, "hipz_real": 108.0, "knee_z": 115.92, "knee_y": 309.1, "ank_z_real": 149.9, "ank_y_real": 718.8, "low4": [["Trouser_L", 5.1], ["Trouser_R", 5.1], ["Hair_Mass", 6.5], ["Suit_Torso", 10.4]], "body_low": 5.09, "body_low_at": "Trouser_L", "reach": 0.99953}
E09_FLAT {"hip_z": 108.0, "ank_y": 720.0, "ank_z": 160.0, "hipz_real": 108.0, "knee_z": 120.89, "knee_y": 309.0, "ank_z_real": 159.9, "ank_y_real": 718.2, "low4": [["Trouser_L", 5.6], ["Trouser_R", 5.6], ["Hair_Mass", 6.5], ["Suit_Torso", 10.4]], "body_low": 5.58, "body_low_at": "Trouser_L", "reach": 0.99953}
E09_FLAT {"hip_z": 108.0, "ank_y": 720.0, "ank_z": 170.0, "hipz_real": 108.0, "knee_z": 125.86, "knee_y": 308.8, "ank_z_real": 169.8, "ank_y_real": 717.6, "low4": [["Trouser_L", 5.9], ["Trouser_R", 5.9], ["Hair_Mass", 6.5], ["Suit_Torso", 10.4]], "body_low": 5.9, "body_low_at": "Trouser_L", "reach": 0.99953}
E09_FLAT {"hip_z": 108.0, "ank_y": 724.0, "ank_z": 140.0, "hipz_real": 108.0, "knee_z": 110.87, "knee_y": 309.2, "ank_z_real": 139.8, "ank_y_real": 719.3, "low4": [["Trouser_L", 4.2], ["Trouser_R", 4.2], ["Hair_Mass", 6.5], ["Suit_Torso", 10.4]], "body_low": 4.22, "body_low_at": "Trouser_L", "reach": 0.99953}
E09_FLAT {"hip_z": 108.0, "ank_y": 724.0, "ank_z": 150.0, "hipz_real": 108.0, "knee_z": 115.82, "knee_y": 309.1, "ank_z_real": 149.7, "ank_y_real": 718.8, "low4": [["Trouser_L", 5.1], ["Trouser_R", 5.1], ["Hair_Mass", 6.5], ["Suit_Torso", 10.4]], "body_low": 5.07, "body_low_at": "Trouser_L", "reach": 0.99953}
E09_FLAT {"hip_z": 108.0, "ank_y": 724.0, "ank_z": 160.0, "hipz_real": 108.0, "knee_z": 120.77, "knee_y": 309.0, "ank_z_real": 159.6, "ank_y_real": 718.3, "low4": [["Trouser_L", 5.6], ["Trouser_R", 5.6], ["Hair_Mass", 6.5], ["Suit_Torso", 10.4]], "body_low": 5.58, "body_low_at": "Trouser_L", "reach": 0.99953}
E09_FLAT {"hip_z": 108.0, "ank_y": 724.0, "ank_z": 170.0, "hipz_real": 108.0, "knee_z": 125.71, "knee_y": 308.8, "ank_z_real": 169.5, "ank_y_real": 717.6, "low4": [["Trouser_L", 5.9], ["Trouser_R", 5.9], ["Hair_Mass", 6.5], ["Suit_Torso", 10.4]], "body_low": 5.89, "body_low_at": "Trouser_L", "reach": 0.99953}
E09_FLAT {"hip_z": 108.0, "ank_y": 728.0, "ank_z": 140.0, "hipz_real": 108.0, "knee_z": 110.79, "knee_y": 309.2, "ank_z_real": 139.7, "ank_y_real": 719.3, "low4": [["Trouser_L", 4.2], ["Trouser_R", 4.2], ["Hair_Mass", 6.5], ["Suit_Torso", 10.4]], "body_low": 4.21, "body_low_at": "Trouser_L", "reach": 0.99953}
E09_FLAT {"hip_z": 108.0, "ank_y": 728.0, "ank_z": 150.0, "hipz_real": 108.0, "knee_z": 115.73, "knee_y": 309.1, "ank_z_real": 149.6, "ank_y_real": 718.8, "low4": [["Trouser_L", 5.1], ["Trouser_R", 5.1], ["Hair_Mass", 6.5], ["Suit_Torso", 10.4]], "body_low": 5.05, "body_low_at": "Trouser_L", "reach": 0.99953}
E09_FLAT {"hip_z": 108.0, "ank_y": 728.0, "ank_z": 160.0, "hipz_real": 108.0, "knee_z": 120.65, "knee_y": 309.0, "ank_z_real": 159.4, "ank_y_real": 718.3, "low4": [["Trouser_L", 5.6], ["Trouser_R", 5.6], ["Hair_Mass", 6.5], ["Suit_Torso", 10.4]], "body_low": 5.57, "body_low_at": "Trouser_L", "reach": 0.99953}
E09_FLAT {"hip_z": 108.0, "ank_y": 728.0, "ank_z": 170.0, "hipz_real": 108.0, "knee_z": 125.57, "knee_y": 308.8, "ank_z_real": 169.2, "ank_y_real": 717.6, "low4": [["Trouser_L", 5.9], ["Trouser_R", 5.9], ["Hair_Mass", 6.5], ["Suit_Torso", 10.4]], "body_low": 5.88, "body_low_at": "Trouser_L", "reach": 0.99953}
E09_FLAT {"hip_z": 112.0, "ank_y": 716.0, "ank_z": 140.0, "hipz_real": 112.0, "knee_z": 85.92, "knee_y": 308.3, "ank_z_real": 140.0, "ank_y_real": 716.0, "low4": [["Trouser_R", -6.0], ["Trouser_L", -5.5], ["Hair_Mass", 10.5], ["Suit_Torso", 14.4]], "body_low": -6.02, "body_low_at": "Trouser_R", "reach": 0.99539}
E09_FLAT {"hip_z": 112.0, "ank_y": 716.0, "ank_z": 150.0, "hipz_real": 112.0, "knee_z": 93.04, "knee_y": 308.7, "ank_z_real": 150.0, "ank_y_real": 716.0, "low4": [["Trouser_R", 0.0], ["Trouser_L", 0.5], ["Hair_Mass", 10.5], ["Suit_Torso", 14.4]], "body_low": 0.0, "body_low_at": "Trouser_R", "reach": 0.99588}
E09_FLAT {"hip_z": 112.0, "ank_y": 716.0, "ank_z": 160.0, "hipz_real": 112.0, "knee_z": 100.99, "knee_y": 309.0, "ank_z_real": 160.0, "ank_y_real": 716.0, "low4": [["Trouser_R", 5.9], ["Trouser_L", 6.0], ["Hair_Mass", 10.5], ["Suit_Torso", 14.4]], "body_low": 5.89, "body_low_at": "Trouser_R", "reach": 0.99652}
E09_FLAT {"hip_z": 112.0, "ank_y": 716.0, "ank_z": 170.0, "hipz_real": 112.0, "knee_z": 110.01, "knee_y": 309.2, "ank_z_real": 170.0, "ank_y_real": 716.0, "low4": [["Trouser_R", 7.4], ["Trouser_L", 7.5], ["Hair_Mass", 10.5], ["Suit_Torso", 14.4]], "body_low": 7.39, "body_low_at": "Trouser_R", "reach": 0.99731}
E09_FLAT {"hip_z": 112.0, "ank_y": 720.0, "ank_z": 140.0, "hipz_real": 112.0, "knee_z": 112.95, "knee_y": 309.2, "ank_z_real": 140.0, "ank_y_real": 719.4, "low4": [["Trouser_L", 7.9], ["Trouser_R", 7.9], ["Hair_Mass", 10.5], ["Suit_Torso", 14.4]], "body_low": 7.89, "body_low_at": "Trouser_L", "reach": 0.99953}
E09_FLAT {"hip_z": 112.0, "ank_y": 720.0, "ank_z": 150.0, "hipz_real": 112.0, "knee_z": 117.93, "knee_y": 309.2, "ank_z_real": 150.0, "ank_y_real": 719.0, "low4": [["Trouser_L", 8.7], ["Trouser_R", 8.8], ["Hair_Mass", 10.5], ["Suit_Torso", 14.4]], "body_low": 8.74, "body_low_at": "Trouser_L", "reach": 0.99953}
E09_FLAT {"hip_z": 112.0, "ank_y": 720.0, "ank_z": 160.0, "hipz_real": 112.0, "knee_z": 122.91, "knee_y": 309.1, "ank_z_real": 159.9, "ank_y_real": 718.5, "low4": [["Trouser_L", 9.5], ["Trouser_R", 9.5], ["Hair_Mass", 10.5], ["Suit_Torso", 14.4]], "body_low": 9.46, "body_low_at": "Trouser_L", "reach": 0.99953}
E09_FLAT {"hip_z": 112.0, "ank_y": 720.0, "ank_z": 170.0, "hipz_real": 112.0, "knee_z": 127.87, "knee_y": 308.9, "ank_z_real": 169.9, "ank_y_real": 717.8, "low4": [["Trouser_L", 9.8], ["Trouser_R", 9.8], ["Hair_Mass", 10.5], ["Suit_Torso", 14.4]], "body_low": 9.77, "body_low_at": "Trouser_L", "reach": 0.99953}
E09_FLAT {"hip_z": 112.0, "ank_y": 724.0, "ank_z": 140.0, "hipz_real": 112.0, "knee_z": 112.88, "knee_y": 309.2, "ank_z_real": 139.9, "ank_y_real": 719.4, "low4": [["Trouser_L", 7.9], ["Trouser_R", 7.9], ["Hair_Mass", 10.5], ["Suit_Torso", 14.4]], "body_low": 7.88, "body_low_at": "Trouser_L", "reach": 0.99953}
E09_FLAT {"hip_z": 112.0, "ank_y": 724.0, "ank_z": 150.0, "hipz_real": 112.0, "knee_z": 117.84, "knee_y": 309.2, "ank_z_real": 149.8, "ank_y_real": 719.0, "low4": [["Trouser_L", 8.7], ["Trouser_R", 8.7], ["Hair_Mass", 10.5], ["Suit_Torso", 14.4]], "body_low": 8.73, "body_low_at": "Trouser_L", "reach": 0.99953}
E09_FLAT {"hip_z": 112.0, "ank_y": 724.0, "ank_z": 160.0, "hipz_real": 112.0, "knee_z": 122.79, "knee_y": 309.1, "ank_z_real": 159.7, "ank_y_real": 718.5, "low4": [["Trouser_L", 9.5], ["Trouser_R", 9.5], ["Hair_Mass", 10.5], ["Suit_Torso", 14.4]], "body_low": 9.45, "body_low_at": "Trouser_L", "reach": 0.99953}
E09_FLAT {"hip_z": 112.0, "ank_y": 724.0, "ank_z": 170.0, "hipz_real": 112.0, "knee_z": 127.74, "knee_y": 308.9, "ank_z_real": 169.6, "ank_y_real": 717.9, "low4": [["Trouser_L", 9.8], ["Trouser_R", 9.8], ["Hair_Mass", 10.5], ["Suit_Torso", 14.4]], "body_low": 9.76, "body_low_at": "Trouser_L", "reach": 0.99953}
E09_FLAT {"hip_z": 112.0, "ank_y": 728.0, "ank_z": 140.0, "hipz_real": 112.0, "knee_z": 112.82, "knee_y": 309.2, "ank_z_real": 139.7, "ank_y_real": 719.4, "low4": [["Trouser_L", 7.9], ["Trouser_R", 7.9], ["Hair_Mass", 10.5], ["Suit_Torso", 14.4]], "body_low": 7.87, "body_low_at": "Trouser_L", "reach": 0.99953}
E09_FLAT {"hip_z": 112.0, "ank_y": 728.0, "ank_z": 150.0, "hipz_real": 112.0, "knee_z": 117.75, "knee_y": 309.2, "ank_z_real": 149.6, "ank_y_real": 719.0, "low4": [["Trouser_L", 8.7], ["Trouser_R", 8.7], ["Hair_Mass", 10.5], ["Suit_Torso", 14.4]], "body_low": 8.71, "body_low_at": "Trouser_L", "reach": 0.99953}
E09_FLAT {"hip_z": 112.0, "ank_y": 728.0, "ank_z": 160.0, "hipz_real": 112.0, "knee_z": 122.68, "knee_y": 309.1, "ank_z_real": 159.5, "ank_y_real": 718.5, "low4": [["Trouser_L", 9.4], ["Trouser_R", 9.5], ["Hair_Mass", 10.5], ["Suit_Torso", 14.4]], "body_low": 9.44, "body_low_at": "Trouser_L", "reach": 0.99953}
E09_FLAT {"hip_z": 112.0, "ank_y": 728.0, "ank_z": 170.0, "hipz_real": 112.0, "knee_z": 127.6, "knee_y": 308.9, "ank_z_real": 169.3, "ank_y_real": 717.9, "low4": [["Trouser_L", 9.8], ["Trouser_R", 9.8], ["Hair_Mass", 10.5], ["Suit_Torso", 14.4]], "body_low": 9.76, "body_low_at": "Trouser_L", "reach": 0.99953}
E09_FLAT_DONE
Blender 4.5.0 (hash 8cb6b388974a built 2025-07-15 01:36:24)
Read blend: "I:\工作项目\BIGMANFIGHT\角色资产\美术资产\bigman_v001\bigman_anim_v001.blend"

Blender quit
Error: Not freed memory blocks: 1, total unfreed memory 0.000008 MB
