E09_FLAT {"hip_z": 100.0, "ank_y": 700.0, "ank_z": 100.0, "hipz_real": 100.0, "knee_z": 9.1, "knee_y": 298.9, "ank_z_real": 100.0, "ank_y_real": 700.0, "low4": [["Trouser_R", -80.7], ["Trouser_L", -80.5], ["Hair_Mass", -1.5], ["Suit_Torso", 2.4]], "body_low": -80.75, "body_low_at": "Trouser_R", "reach": 0.97538}
E09_FLAT {"hip_z": 100.0, "ank_y": 700.0, "ank_z": 120.0, "hipz_real": 100.0, "knee_z": 19.66, "knee_y": 301.1, "ank_z_real": 120.0, "ank_y_real": 700.0, "low4": [["Trouser_R", -70.5], ["Trouser_L", -70.3], ["Hair_Mass", -1.5], ["Suit_Torso", 2.4]], "body_low": -70.53, "body_low_at": "Trouser_R", "reach": 0.97569}
E09_FLAT {"hip_z": 100.0, "ank_y": 700.0, "ank_z": 140.0, "hipz_real": 100.0, "knee_z": 31.39, "knee_y": 303.3, "ank_z_real": 140.0, "ank_y_real": 700.0, "low4": [["Trouser_R", -59.9], ["Trouser_L", -59.6], ["Hair_Mass", -1.5], ["Suit_Torso", 2.4]], "body_low": -59.88, "body_low_at": "Trouser_R", "reach": 0.9766}
E09_FLAT {"hip_z": 100.0, "ank_y": 715.0, "ank_z": 100.0, "hipz_real": 100.0, "knee_z": 53.0, "knee_y": 306.5, "ank_z_real": 100.0, "ank_y_real": 715.0, "low4": [["Trouser_R", -37.1], ["Trouser_L", -36.7], ["Hair_Mass", -1.5], ["Suit_Torso", 2.4]], "body_low": -37.13, "body_low_at": "Trouser_R", "reach": 0.99359}
E09_FLAT {"hip_z": 100.0, "ank_y": 715.0, "ank_z": 120.0, "hipz_real": 100.0, "knee_z": 64.06, "knee_y": 307.6, "ank_z_real": 120.0, "ank_y_real": 715.0, "low4": [["Trouser_R", -27.1], ["Trouser_L", -26.7], ["Hair_Mass", -1.5], ["Suit_Torso", 2.4]], "body_low": -27.12, "body_low_at": "Trouser_R", "reach": 0.99389}
E09_FLAT {"hip_z": 100.0, "ank_y": 715.0, "ank_z": 140.0, "hipz_real": 100.0, "knee_z": 77.46, "knee_y": 308.5, "ank_z_real": 140.0, "ank_y_real": 715.0, "low4": [["Trouser_R", -15.4], ["Trouser_L", -14.9], ["Hair_Mass", -1.5], ["Suit_Torso", 2.4]], "body_low": -15.4, "body_low_at": "Trouser_R", "reach": 0.99478}
E09_FLAT {"hip_z": 100.0, "ank_y": 730.0, "ank_z": 100.0, "hipz_real": 100.0, "knee_z": 86.99, "knee_y": 309.0, "ank_z_real": 100.0, "ank_y_real": 719.9, "low4": [["Trouser_L", -6.4], ["Trouser_R", -6.4], ["Hair_Mass", -1.5], ["Suit_Torso", 2.4]], "body_low": -6.44, "body_low_at": "Trouser_L", "reach": 0.99953}
E09_FLAT {"hip_z": 100.0, "ank_y": 730.0, "ank_z": 120.0, "hipz_real": 100.0, "knee_z": 96.85, "knee_y": 309.2, "ank_z_real": 119.8, "ank_y_real": 719.7, "low4": [["Trouser_L", -4.8], ["Trouser_R", -4.8], ["Hair_Mass", -1.5], ["Suit_Torso", 2.4]], "body_low": -4.8, "body_low_at": "Trouser_L", "reach": 0.99953}
E09_FLAT {"hip_z": 100.0, "ank_y": 730.0, "ank_z": 140.0, "hipz_real": 100.0, "knee_z": 106.69, "knee_y": 309.1, "ank_z_real": 139.5, "ank_y_real": 718.9, "low4": [["Trouser_L", -3.1], ["Trouser_R", -3.1], ["Hair_Mass", -1.5], ["Suit_Torso", 2.4]], "body_low": -3.12, "body_low_at": "Trouser_L", "reach": 0.99953}
E09_FLAT {"hip_z": 106.0, "ank_y": 700.0, "ank_z": 100.0, "hipz_real": 106.0, "knee_z": 12.16, "knee_y": 298.2, "ank_z_real": 100.0, "ank_y_real": 700.0, "low4": [["Trouser_R", -77.6], ["Trouser_L", -77.4], ["Hair_Mass", 4.5], ["Suit_Torso", 8.4]], "body_low": -77.59, "body_low_at": "Trouser_R", "reach": 0.97541}
E09_FLAT {"hip_z": 106.0, "ank_y": 700.0, "ank_z": 120.0, "hipz_real": 106.0, "knee_z": 22.37, "knee_y": 300.4, "ank_z_real": 120.0, "ank_y_real": 700.0, "low4": [["Trouser_R", -67.7], ["Trouser_L", -67.4], ["Hair_Mass", 4.5], ["Suit_Torso", 8.4]], "body_low": -67.67, "body_low_at": "Trouser_R", "reach": 0.97553}
E09_FLAT {"hip_z": 106.0, "ank_y": 700.0, "ank_z": 140.0, "hipz_real": 106.0, "knee_z": 33.74, "knee_y": 302.6, "ank_z_real": 140.0, "ank_y_real": 700.0, "low4": [["Trouser_R", -57.2], ["Trouser_L", -57.0], ["Hair_Mass", 4.5], ["Suit_Torso", 8.4]], "body_low": -57.21, "body_low_at": "Trouser_R", "reach": 0.97626}
E09_FLAT {"hip_z": 106.0, "ank_y": 715.0, "ank_z": 100.0, "hipz_real": 106.0, "knee_z": 56.1, "knee_y": 306.1, "ank_z_real": 100.0, "ank_y_real": 715.0, "low4": [["Trouser_R", -33.7], ["Trouser_L", -33.3], ["Hair_Mass", 4.5], ["Suit_Torso", 8.4]], "body_low": -33.7, "body_low_at": "Trouser_R", "reach": 0.99362}
E09_FLAT {"hip_z": 106.0, "ank_y": 715.0, "ank_z": 120.0, "hipz_real": 106.0, "knee_z": 66.51, "knee_y": 307.3, "ank_z_real": 120.0, "ank_y_real": 715.0, "low4": [["Trouser_R", -24.4], ["Trouser_L", -23.9], ["Hair_Mass", 4.5], ["Suit_Torso", 8.4]], "body_low": -24.35, "body_low_at": "Trouser_R", "reach": 0.99374}
E09_FLAT {"hip_z": 106.0, "ank_y": 715.0, "ank_z": 140.0, "hipz_real": 106.0, "knee_z": 79.17, "knee_y": 308.3, "ank_z_real": 140.0, "ank_y_real": 715.0, "low4": [["Trouser_R", -13.0], ["Trouser_L", -12.6], ["Hair_Mass", 4.5], ["Suit_Torso", 8.4]], "body_low": -13.03, "body_low_at": "Trouser_R", "reach": 0.99445}
E09_FLAT {"hip_z": 106.0, "ank_y": 730.0, "ank_z": 100.0, "hipz_real": 106.0, "knee_z": 90.04, "knee_y": 308.9, "ank_z_real": 100.1, "ank_y_real": 719.9, "low4": [["Trouser_L", -0.9], ["Trouser_R", -0.9], ["Hair_Mass", 4.5], ["Suit_Torso", 8.4]], "body_low": -0.93, "body_low_at": "Trouser_L", "reach": 0.99953}
E09_FLAT {"hip_z": 106.0, "ank_y": 730.0, "ank_z": 120.0, "hipz_real": 106.0, "knee_z": 99.89, "knee_y": 309.2, "ank_z_real": 119.8, "ank_y_real": 719.8, "low4": [["Trouser_L", 0.7], ["Trouser_R", 0.7], ["Hair_Mass", 4.5], ["Suit_Torso", 8.4]], "body_low": 0.7, "body_low_at": "Trouser_L", "reach": 0.99953}
E09_FLAT {"hip_z": 106.0, "ank_y": 730.0, "ank_z": 140.0, "hipz_real": 106.0, "knee_z": 109.74, "knee_y": 309.2, "ank_z_real": 139.6, "ank_y_real": 719.2, "low4": [["Trouser_L", 2.4], ["Trouser_R", 2.4], ["Hair_Mass", 4.5], ["Suit_Torso", 8.4]], "body_low": 2.37, "body_low_at": "Trouser_L", "reach": 0.99953}
E09_FLAT {"hip_z": 112.0, "ank_y": 700.0, "ank_z": 100.0, "hipz_real": 112.0, "knee_z": 15.33, "knee_y": 297.5, "ank_z_real": 100.0, "ank_y_real": 700.0, "low4": [["Trouser_R", -74.3], ["Trouser_L", -74.1], ["Hair_Mass", 10.5], ["Suit_Torso", 14.4]], "body_low": -74.33, "body_low_at": "Trouser_R", "reach": 0.97549}
E09_FLAT {"hip_z": 112.0, "ank_y": 700.0, "ank_z": 120.0, "hipz_real": 112.0, "knee_z": 25.18, "knee_y": 299.8, "ank_z_real": 120.0, "ank_y_real": 700.0, "low4": [["Trouser_R", -64.8], ["Trouser_L", -64.5], ["Hair_Mass", 10.5], ["Suit_Torso", 14.4]], "body_low": -64.78, "body_low_at": "Trouser_R", "reach": 0.97543}
E09_FLAT {"hip_z": 112.0, "ank_y": 700.0, "ank_z": 140.0, "hipz_real": 112.0, "knee_z": 36.21, "knee_y": 302.0, "ank_z_real": 140.0, "ank_y_real": 700.0, "low4": [["Trouser_R", -54.4], ["Trouser_L", -54.2], ["Hair_Mass", 10.5], ["Suit_Torso", 14.4]], "body_low": -54.42, "body_low_at": "Trouser_R", "reach": 0.97598}
E09_FLAT {"hip_z": 112.0, "ank_y": 715.0, "ank_z": 100.0, "hipz_real": 112.0, "knee_z": 59.4, "knee_y": 305.8, "ank_z_real": 100.0, "ank_y_real": 715.0, "low4": [["Trouser_R", -30.3], ["Trouser_L", -29.8], ["Hair_Mass", 10.5], ["Suit_Torso", 14.4]], "body_low": -30.29, "body_low_at": "Trouser_R", "reach": 0.9937}
E09_FLAT {"hip_z": 112.0, "ank_y": 715.0, "ank_z": 120.0, "hipz_real": 112.0, "knee_z": 69.16, "knee_y": 306.9, "ank_z_real": 120.0, "ank_y_real": 715.0, "low4": [["Trouser_R", -21.4], ["Trouser_L", -20.9], ["Hair_Mass", 10.5], ["Suit_Torso", 14.4]], "body_low": -21.39, "body_low_at": "Trouser_R", "reach": 0.99364}
E09_FLAT {"hip_z": 112.0, "ank_y": 715.0, "ank_z": 140.0, "hipz_real": 112.0, "knee_z": 81.12, "knee_y": 308.0, "ank_z_real": 140.0, "ank_y_real": 715.0, "low4": [["Trouser_R", -10.5], ["Trouser_L", -10.0], ["Hair_Mass", 10.5], ["Suit_Torso", 14.4]], "body_low": -10.48, "body_low_at": "Trouser_R", "reach": 0.99418}
E09_FLAT {"hip_z": 112.0, "ank_y": 730.0, "ank_z": 100.0, "hipz_real": 112.0, "knee_z": 93.08, "knee_y": 308.8, "ank_z_real": 100.2, "ank_y_real": 719.8, "low4": [["Trouser_R", 2.8], ["Trouser_L", 2.8], ["Hair_Mass", 10.5], ["Suit_Torso", 14.4]], "body_low": 2.79, "body_low_at": "Trouser_R", "reach": 0.99953}
E09_FLAT {"hip_z": 112.0, "ank_y": 730.0, "ank_z": 120.0, "hipz_real": 112.0, "knee_z": 102.93, "knee_y": 309.1, "ank_z_real": 119.9, "ank_y_real": 719.9, "low4": [["Trouser_L", 6.2], ["Trouser_R", 6.2], ["Hair_Mass", 10.5], ["Suit_Torso", 14.4]], "body_low": 6.21, "body_low_at": "Trouser_L", "reach": 0.99953}
E09_FLAT {"hip_z": 112.0, "ank_y": 730.0, "ank_z": 140.0, "hipz_real": 112.0, "knee_z": 112.79, "knee_y": 309.2, "ank_z_real": 139.7, "ank_y_real": 719.4, "low4": [["Trouser_L", 7.9], ["Trouser_R", 7.9], ["Hair_Mass", 10.5], ["Suit_Torso", 14.4]], "body_low": 7.86, "body_low_at": "Trouser_L", "reach": 0.99953}
E09_FLAT {"hip_z": 118.0, "ank_y": 700.0, "ank_z": 100.0, "hipz_real": 118.0, "knee_z": 18.59, "knee_y": 296.8, "ank_z_real": 100.0, "ank_y_real": 700.0, "low4": [["Trouser_R", -71.0], ["Trouser_L", -70.7], ["Hair_Mass", 16.5], ["Shoe_Sole_L", 16.5]], "body_low": -70.96, "body_low_at": "Trouser_R", "reach": 0.97563}
E09_FLAT {"hip_z": 118.0, "ank_y": 700.0, "ank_z": 120.0, "hipz_real": 118.0, "knee_z": 28.11, "knee_y": 299.1, "ank_z_real": 120.0, "ank_y_real": 700.0, "low4": [["Trouser_R", -61.8], ["Trouser_L", -61.5], ["Hair_Mass", 16.5], ["Suit_Torso", 20.4]], "body_low": -61.77, "body_low_at": "Trouser_R", "reach": 0.97539}
E09_FLAT {"hip_z": 118.0, "ank_y": 700.0, "ank_z": 140.0, "hipz_real": 118.0, "knee_z": 38.78, "knee_y": 301.3, "ank_z_real": 140.0, "ank_y_real": 700.0, "low4": [["Trouser_R", -51.5], ["Trouser_L", -51.3], ["Hair_Mass", 16.5], ["Suit_Torso", 20.4]], "body_low": -51.52, "body_low_at": "Trouser_R", "reach": 0.97575}
E09_FLAT {"hip_z": 118.0, "ank_y": 715.0, "ank_z": 100.0, "hipz_real": 118.0, "knee_z": 62.9, "knee_y": 305.5, "ank_z_real": 100.0, "ank_y_real": 715.0, "low4": [["Trouser_R", -26.7], ["Trouser_L", -26.2], ["Hair_Mass", 16.5], ["Shoe_Sole_L", 16.6]], "body_low": -26.69, "body_low_at": "Trouser_R", "reach": 0.99383}
E09_FLAT {"hip_z": 118.0, "ank_y": 715.0, "ank_z": 120.0, "hipz_real": 118.0, "knee_z": 72.0, "knee_y": 306.6, "ank_z_real": 120.0, "ank_y_real": 715.0, "low4": [["Trouser_R", -18.2], ["Trouser_L", -17.8], ["Hair_Mass", 16.5], ["Suit_Torso", 20.4]], "body_low": -18.22, "body_low_at": "Trouser_R", "reach": 0.9936}
E09_FLAT {"hip_z": 118.0, "ank_y": 715.0, "ank_z": 140.0, "hipz_real": 118.0, "knee_z": 83.29, "knee_y": 307.7, "ank_z_real": 140.0, "ank_y_real": 715.0, "low4": [["Trouser_R", -8.0], ["Trouser_L", -7.5], ["Hair_Mass", 16.5], ["Suit_Torso", 20.4]], "body_low": -7.99, "body_low_at": "Trouser_R", "reach": 0.99395}
E09_FLAT {"hip_z": 118.0, "ank_y": 730.0, "ank_z": 100.0, "hipz_real": 118.0, "knee_z": 96.13, "knee_y": 308.6, "ank_z_real": 100.2, "ank_y_real": 719.7, "low4": [["Trouser_R", 6.2], ["Trouser_L", 6.2], ["Hair_Mass", 16.5], ["Shoe_Sole_R", 16.9]], "body_low": 6.16, "body_low_at": "Trouser_R", "reach": 0.99953}
E09_FLAT {"hip_z": 118.0, "ank_y": 730.0, "ank_z": 120.0, "hipz_real": 118.0, "knee_z": 105.98, "knee_y": 309.0, "ank_z_real": 120.0, "ank_y_real": 719.9, "low4": [["Trouser_L", 11.7], ["Trouser_R", 11.7], ["Hair_Mass", 16.5], ["Suit_Torso", 20.4]], "body_low": 11.72, "body_low_at": "Trouser_L", "reach": 0.99953}
E09_FLAT {"hip_z": 118.0, "ank_y": 730.0, "ank_z": 140.0, "hipz_real": 118.0, "knee_z": 115.83, "knee_y": 309.2, "ank_z_real": 139.7, "ank_y_real": 719.6, "low4": [["Trouser_L", 13.4], ["Trouser_R", 13.4], ["Hair_Mass", 16.5], ["Suit_Torso", 20.4]], "body_low": 13.36, "body_low_at": "Trouser_L", "reach": 0.99953}
E09_FLAT_DONE
Blender 4.5.0 (hash 8cb6b388974a built 2025-07-15 01:36:24)
Read blend: "I:\工作项目\BIGMANFIGHT\角色资产\美术资产\bigman_v001\bigman_anim_v001.blend"

Blender quit
Error: Not freed memory blocks: 1, total unfreed memory 0.000008 MB
