D18_LAYOUT {"total_frames": 36, "seconds": 0.6, "legs_down": 4, "plant": 8, "chest_up": 12, "hand_off": 17, "tuck": 21, "foot_set": 25, "rise_mid": 30, "stand": 34, "vertical_channel": {"shape": "★ **无弹道段**：骨盆沿单调上升曲线 128 → 830 mm（四段支点：背/臀→掌→脚→双腿）", "pelvis_z_keys": [[0, 128.0], [4, 152.0], [8, 172.0], [12, 250.0], [17, 420.0], [21, 520.0], [25, 620.0], [30, 730.0], [34, 830.0], [36, 830.0]], "pelvis_y_keys": [[0, 470.0], [4, 452.0], [8, 430.0], [12, 398.0], [17, 350.0], [21, 290.0], [25, 220.0], [30, 110.0], [34, 0.0], [36, 0.0]]}, "seam": {"action": "Knockdown_B", "frame": 20, "src": {"action": "Knockdown_B", "found": true, "frame": 20, "rot_bones": 53, "loc_bones": ["pelvis"], "frame_range": [0, 20]}}, "end": {"action": "Idle_01", "frame": 0, "src": {"action": "Idle_01", "found": true, "frame": 0, "rot_bones": 52, "loc_bones": ["pelvis"], "frame_range": [0, 180]}}, "measured": {"seam_pelvis_z_mm": 128.0, "end_pelvis_z_mm": 830.0, "rise_mm": 702.0, "seam_ankle_mm": {"L": [329.978, 231.262, 300.001], "R": [-329.982, 228.703, 299.997]}, "end_ankle_mm": {"L": [143.178, -169.571, 79.76], "R": [-141.579, 140.432, 79.827]}, "seam_fist_mm": {"L": [595.461, 1275.328, -42.735], "R": [-635.184, 1255.257, -31.84]}, "seam_shoulder_mm": null, "end_off_mm": {"L": [-6.173, -256.577, -41.816], "R": [21.12, -222.327, -14.704]}}, "chest_tail_at_chest_up_mm": 441.698, "roll_weight_mode": "always", "note": "D18 背面起身：零位 = **`Knockdown_B@20` 落盘帧**；终点 = **`Idle_01@0` 落盘帧**（跨族接缝）。竖直通道**无弹道段**，骨盆单调升 **702 mm**；支点**背/臀 → 掌 → 脚**，换**两次**。"}
D18_LEGROLL {"f": 1, "bone": "shin.L", "grid": 1, "prev": [139.73, 76.63, 15.37], "before": [133.82, 76.73, 14.65], "got": [133.82, 76.73, 14.65]}
D18_LEGROLL {"f": 1, "bone": "shin.R", "grid": 1, "prev": [149.96, -94.43, -25.55], "before": [118.35, -95.26, 0.95], "got": [118.35, -95.26, 0.95]}
D18_LEGROLL {"f": 2, "bone": "shin.L", "grid": 1, "prev": [133.82, 76.73, 14.65], "before": [119.0, 77.52, 17.19], "got": [119.0, 77.52, 17.19]}
D18_LEGROLL {"f": 2, "bone": "shin.R", "grid": 1, "prev": [118.35, -95.26, 0.95], "before": [79.91, -100.59, 22.48], "got": [79.91, -100.59, 22.48]}
D18_LEGROLL {"f": 3, "bone": "shin.L", "grid": 1, "prev": [119.0, 77.52, 17.19], "before": [97.26, 78.9, 19.43], "got": [97.26, 78.9, 19.43]}
D18_LEGROLL {"f": 3, "bone": "shin.R", "grid": 1, "prev": [79.91, -100.59, 22.48], "before": [57.7, -106.7, 21.1], "got": [57.7, -106.7, 21.1]}
D18_LEGROLL {"f": 4, "bone": "shin.L", "grid": 1, "prev": [97.26, 78.9, 19.43], "before": [82.93, 79.52, 18.39], "got": [82.93, 79.52, 18.39]}
D18_LEGROLL {"f": 4, "bone": "shin.R", "grid": 1, "prev": [57.7, -106.7, 21.1], "before": [47.81, -108.96, 17.68], "got": [47.81, -108.96, 17.68]}
D18_LEGROLL {"f": 5, "bone": "shin.L", "grid": 1, "prev": [82.93, 79.52, 18.39], "before": [84.84, 79.09, 17.27], "got": [84.84, 79.09, 17.27]}
D18_LEGROLL {"f": 5, "bone": "shin.R", "grid": 1, "prev": [47.81, -108.96, 17.68], "before": [50.13, -108.58, 18.41], "got": [50.13, -108.58, 18.41]}
D18_LEGROLL {"f": 6, "bone": "shin.L", "grid": 3, "prev": [84.84, 79.09, 17.27], "before": [90.57, 78.76, 17.32], "got": [90.57, 78.76, 17.32]}
D18_LEGROLL {"f": 6, "bone": "shin.R", "grid": 3, "prev": [50.13, -108.58, 18.41], "before": [54.29, -108.22, 20.0], "got": [54.29, -108.22, 20.0]}
D18_LEGROLL {"f": 7, "bone": "shin.L", "grid": 5, "prev": [90.57, 78.76, 17.32], "before": [98.39, 78.39, 17.5], "got": [98.39, 78.39, 17.5]}
D18_LEGROLL {"f": 7, "bone": "shin.R", "grid": 5, "prev": [54.29, -108.22, 20.0], "before": [59.92, -107.67, 22.09], "got": [59.92, -107.67, 22.09]}
D18_LEGROLL {"f": 8, "bone": "shin.L", "grid": 9, "prev": [98.39, 78.39, 17.5], "before": [106.67, 77.86, 16.78], "got": [106.67, 77.86, 16.78]}
D18_LEGROLL {"f": 8, "bone": "shin.R", "grid": 9, "prev": [59.92, -107.67, 22.09], "before": [66.83, -106.78, 24.23], "got": [66.83, -106.78, 24.23]}
D18_LEGROLL {"f": 9, "bone": "shin.L", "grid": 13, "prev": [106.67, 77.86, 16.78], "before": [113.6, 76.97, 13.72], "got": [113.6, 76.97, 13.72]}
D18_LEGROLL {"f": 9, "bone": "shin.R", "grid": 13, "prev": [66.83, -106.78, 24.23], "before": [75.23, -105.3, 25.77], "got": [75.23, -105.3, 25.77]}
D18_LEGROLL {"f": 10, "bone": "shin.L", "grid": 17, "prev": [113.6, 76.97, 13.72], "before": [118.85, 75.73, 8.36], "got": [118.85, 75.73, 8.36]}
D18_LEGROLL {"f": 10, "bone": "shin.R", "grid": 17, "prev": [75.23, -105.3, 25.77], "before": [85.54, -103.21, 25.84], "got": [77.21, -103.51, 34.41]}
D18_LEGROLL {"f": 11, "bone": "shin.L", "grid": 23, "prev": [118.85, 75.73, 8.36], "before": [123.27, 74.22, 1.96], "got": [123.27, 74.22, 1.96]}
D18_LEGROLL {"f": 11, "bone": "shin.R", "grid": 23, "prev": [77.21, -103.51, 34.41], "before": [98.55, -100.72, 23.27], "got": [77.45, -100.86, 44.75]}
D18_LEGROLL {"f": 12, "bone": "shin.L", "grid": 27, "prev": [123.27, 74.22, 1.96], "before": [127.65, 72.54, -4.42], "got": [127.65, 72.54, -4.42]}
D18_LEGROLL {"f": 12, "bone": "shin.R", "grid": 27, "prev": [77.45, -100.86, 44.75], "before": [116.23, -98.08, 15.83], "got": [86.77, -97.25, 45.54]}
D18_LEGROLL {"f": 13, "bone": "shin.L", "grid": 31, "prev": [127.65, 72.54, -4.42], "before": [131.55, 70.29, -11.15], "got": [131.55, 70.29, -11.15]}
D18_LEGROLL {"f": 13, "bone": "shin.R", "grid": 31, "prev": [86.77, -97.25, 45.54], "before": [147.01, -95.39, -5.06], "got": [100.22, -92.98, 41.84]}
D18_LEGROLL {"f": 14, "bone": "shin.L", "grid": 35, "prev": [131.55, 70.29, -11.15], "before": [135.37, 66.98, -17.87], "got": [135.37, 66.98, -17.87]}
D18_LEGROLL {"f": 14, "bone": "shin.R", "grid": 35, "prev": [100.22, -92.98, 41.84], "before": [37.08, -85.68, 114.43], "got": [101.97, -87.34, 49.44]}
D18_LEGROLL {"f": 15, "bone": "shin.L", "grid": 37, "prev": [135.37, 66.98, -17.87], "before": [139.78, 63.48, -23.76], "got": [139.78, 63.48, -23.76]}
D18_LEGROLL {"f": 15, "bone": "shin.R", "grid": 37, "prev": [101.97, -87.34, 49.44], "before": [100.66, -80.76, 60.27], "got": [112.12, -80.2, 48.65]}
D18_LEGROLL {"f": 16, "bone": "shin.L", "grid": 39, "prev": [139.78, 63.48, -23.76], "before": [141.05, 63.45, -31.83], "got": [143.42, 61.87, -29.17]}
D18_LEGROLL {"f": 16, "bone": "shin.R", "grid": 39, "prev": [112.12, -80.2, 48.65], "before": [122.39, -73.39, 48.37], "got": [116.36, -74.37, 54.65]}
D18_LEGROLL {"f": 17, "bone": "shin.L", "grid": 41, "prev": [143.42, 61.87, -29.17], "before": [132.33, 67.86, -47.9], "got": [145.85, 60.24, -32.91]}
D18_LEGROLL {"f": 17, "bone": "shin.R", "grid": 41, "prev": [116.36, -74.37, 54.65], "before": [110.67, -73.4, 68.4], "got": [122.07, -71.61, 56.46]}
D18_LEGROLL {"f": 18, "bone": "shin.L", "grid": 39, "prev": [145.85, 60.24, -32.91], "before": [118.06, 70.94, -68.01], "got": [148.36, 56.68, -34.68]}
D18_LEGROLL {"f": 18, "bone": "shin.R", "grid": 39, "prev": [122.07, -71.61, 56.46], "before": [84.92, -72.93, 99.75], "got": [125.18, -69.04, 57.39]}
D18_LEGROLL {"f": 19, "bone": "shin.L", "grid": 33, "prev": [148.36, 56.68, -34.68], "before": [108.36, 71.64, -82.91], "got": [149.38, 54.05, -37.78]}
D18_LEGROLL {"f": 19, "bone": "shin.R", "grid": 33, "prev": [125.18, -69.04, 57.39], "before": [71.72, -69.87, 117.31], "got": [127.6, -65.64, 57.72]}
D18_LEGROLL {"f": 20, "bone": "shin.L", "grid": 27, "prev": [149.38, 54.05, -37.78], "before": [106.33, 71.07, -89.53], "got": [147.91, 54.11, -43.66]}
D18_LEGROLL {"f": 20, "bone": "shin.R", "grid": 27, "prev": [127.6, -65.64, 57.72], "before": [69.71, -67.02, 123.08], "got": [127.6, -62.48, 60.23]}
D18_LEGROLL {"f": 21, "bone": "shin.L", "grid": 21, "prev": [147.91, 54.11, -43.66], "before": [108.74, 69.17, -90.65], "got": [141.74, 57.06, -54.1]}
D18_LEGROLL {"f": 21, "bone": "shin.R", "grid": 21, "prev": [127.6, -62.48, 60.23], "before": [74.08, -64.86, 121.8], "got": [116.1, -62.94, 75.49]}
D18_LEGROLL {"f": 22, "bone": "shin.L", "grid": 13, "prev": [141.74, 57.06, -54.1], "before": [122.48, 61.17, -71.4], "got": [136.95, 53.43, -54.28]}
D18_LEGROLL {"f": 22, "bone": "shin.R", "grid": 13, "prev": [116.1, -62.94, 75.49], "before": [92.23, -62.63, 104.3], "got": [113.75, -59.88, 79.84]}
D18_LEGROLL {"f": 23, "bone": "shin.L", "grid": 7, "prev": [136.95, 53.43, -54.28], "before": [122.14, 33.85, -59.38], "got": [119.74, 35.9, -63.56]}
D18_LEGROLL {"f": 23, "bone": "shin.R", "grid": 7, "prev": [113.75, -59.88, 79.84], "before": [111.4, -48.84, 85.78], "got": [109.23, -49.53, 88.65]}
D18_LEGROLL {"f": 24, "bone": "shin.L", "grid": 1, "prev": [119.74, 35.9, -63.56], "before": [99.53, 5.11, -54.95], "got": [99.53, 5.11, -54.95]}
D18_LEGROLL {"f": 24, "bone": "shin.R", "grid": 1, "prev": [109.23, -49.53, 88.65], "before": [114.06, -26.91, 83.2], "got": [114.06, -26.91, 83.2]}
D18_LEGROLL {"f": 25, "bone": "shin.L", "grid": 1, "prev": [99.53, 5.11, -54.95], "before": [80.34, -15.73, -49.19], "got": [80.34, -15.73, -49.19]}
D18_LEGROLL {"f": 25, "bone": "shin.R", "grid": 1, "prev": [114.06, -26.91, 83.2], "before": [112.68, -7.08, 87.02], "got": [112.68, -7.08, 87.02]}
D18_LEGROLL {"f": 26, "bone": "shin.L", "grid": 1, "prev": [80.34, -15.73, -49.19], "before": [81.05, -18.39, -50.73], "got": [81.05, -18.39, -50.73]}
D18_LEGROLL {"f": 26, "bone": "shin.R", "grid": 1, "prev": [112.68, -7.08, 87.02], "before": [112.3, -3.2, 87.53], "got": [112.3, -3.2, 87.53]}
D18_LEGROLL {"f": 27, "bone": "shin.L", "grid": 1, "prev": [81.05, -18.39, -50.73], "before": [79.82, -19.9, -48.65], "got": [79.82, -19.9, -48.65]}
D18_LEGROLL {"f": 27, "bone": "shin.R", "grid": 1, "prev": [112.3, -3.2, 87.53], "before": [109.51, 2.87, 82.19], "got": [109.51, 2.87, 82.19]}
D18_LEGROLL {"f": 28, "bone": "shin.L", "grid": 1, "prev": [79.82, -19.9, -48.65], "before": [76.15, -19.94, -42.22], "got": [76.15, -19.94, -42.22]}
D18_LEGROLL {"f": 28, "bone": "shin.R", "grid": 1, "prev": [109.51, 2.87, 82.19], "before": [103.37, 9.57, 70.64], "got": [103.37, 9.57, 70.64]}
D18_LEGROLL {"f": 29, "bone": "shin.L", "grid": 1, "prev": [76.15, -19.94, -42.22], "before": [70.48, -17.9, -32.18], "got": [70.48, -17.9, -32.18]}
D18_LEGROLL {"f": 29, "bone": "shin.R", "grid": 1, "prev": [103.37, 9.57, 70.64], "before": [93.53, 14.03, 53.51], "got": [93.53, 14.03, 53.51]}
D18_LEGROLL {"f": 30, "bone": "shin.L", "grid": 1, "prev": [70.48, -17.9, -32.18], "before": [64.1, -13.54, -20.64], "got": [64.1, -13.54, -20.64]}
D18_LEGROLL {"f": 30, "bone": "shin.R", "grid": 1, "prev": [93.53, 14.03, 53.51], "before": [81.76, 13.74, 33.76], "got": [81.76, 13.74, 33.76]}
D18_LEGROLL {"f": 31, "bone": "shin.L", "grid": 1, "prev": [64.1, -13.54, -20.64], "before": [57.47, -7.93, -10.06], "got": [57.47, -7.93, -10.06]}
D18_LEGROLL {"f": 31, "bone": "shin.R", "grid": 1, "prev": [81.76, 13.74, 33.76], "before": [69.74, 9.36, 15.94], "got": [69.74, 9.36, 15.94]}
D18_LEGROLL {"f": 32, "bone": "shin.L", "grid": 1, "prev": [57.47, -7.93, -10.06], "before": [50.39, -2.5, -2.62], "got": [50.39, -2.5, -2.62]}
D18_LEGROLL {"f": 32, "bone": "shin.R", "grid": 1, "prev": [69.74, 9.36, 15.94], "before": [58.04, 3.23, 3.97], "got": [58.04, 3.23, 3.97]}
D18_LEGROLL {"f": 33, "bone": "shin.L", "grid": 1, "prev": [50.39, -2.5, -2.62], "before": [43.78, 0.06, -0.0], "got": [43.78, 0.06, -0.0]}
D18_LEGROLL {"f": 33, "bone": "shin.R", "grid": 1, "prev": [58.04, 3.23, 3.97], "before": [47.85, -0.07, 0.01], "got": [47.85, -0.07, 0.01]}
D18_REPORT {"loop_seamless": null, "max_frame_step_deg": 64.273, "max_frame_step_at": [3, "forearm.L"], "no_teleport": false, "bone_travel_mm": {"pelvis": 844.81, "chest": 1308.79, "head": 1749.97, "hand.L": 1931.26, "hand.R": 1913.69}, "seam_in_orient_delta": 0.0, "seam_in_orient_bone": null, "seam_in_relpos_delta_mm": 0.0, "seam_in_relpos_bone": null, "seam_in_raw_delta": 0.0, "seam_in_ok": true, "seam_in_note": "★★ 首帧**逐位** = `Knockdown_B@20`（平移不变尺子）。容差 1e-06，未放宽。", "end_vs_idle_matrix_delta": 1.788e-07, "end_vs_idle_worst_bone": "index_01.L", "end_vs_idle_worst_delta": 1.788e-07, "end_vs_idle_orient_delta": 1.788e-07, "end_vs_idle_relpos_mm": 7.4506e-05, "end_matches_idle_tol": 1e-06, "end_matches_idle_ok": true, "end_matches_idle_note": "★★★ **本支最硬的判据**：末帧（`f = 36`）**逐骨 4×4 世界矩阵**必须与 `Idle_01@0` 一致（`max_delta ≤ 1e-06`）。★ 用**世界矩阵**而不是欧拉三元组。", "pelvis_z_mm": {"0": 128.0, "1": 134.383, "2": 140.523, "3": 146.401, "4": 152.0, "5": 156.701, "6": 160.748, "7": 165.421, "8": 172.0, "9": 184.063, "10": 202.71, "11": 225.502, "12": 250.0, "13": 278.8, "14": 313.755, "15": 351.309, "16": 387.909, "17": 420.0, "18": 447.054, "19": 471.826, "20": 495.685, "21": 520.0, "22": 545.289, "23": 570.77, "24": 595.866, "25": 620.0, "26": 642.701, "27": 664.35, "28": 685.65, "29": 707.299, "30": 730.0, "31": 758.821, "32": 791.73, "33": 818.774, "34": 830.0, "35": 830.0, "36": 830.0}, "pelvis_y_mm": {"0": 470.0, "1": 465.866, "2": 461.475, "3": 456.847, "4": 452.0, "5": 447.0, "6": 441.784, "7": 436.176, "8": 430.0, "9": 422.964, "10": 415.09, "11": 406.67, "12": 398.0, "13": 389.33, "14": 380.507, "15": 371.219, "16": 361.154, "17": 350.0, "18": 337.014, "19": 322.175, "20": 306.248, "21": 290.0, "22": 273.616, "23": 256.629, "24": 238.828, "25": 220.0, "26": 200.064, "27": 179.085, "28": 157.075, "29": 134.043, "30": 110.0, "31": 79.006, "32": 42.727, "33": 12.585, "34": 0.0, "35": 0.0, "36": 0.0}, "rise_net_mm": 702.0, "rise_min_mm": 667.0, "rise_reach_ok": true, "rise_reach_note": "★ 骨盆 z 从起点到终点净升 **≥ 667 mm**（防「只起来一半」）。阈值由**实测**导出：起点 128.0 mm（`Knockdown_B@20`）→ 终点 830.0 mm（`Idle_01@0`），真实净升 702.0 mm ⟹ 阈值取实测的 95%。（清单计划写的 650 mm 基于**推算**；实测终点是 830 mm ⟹ 这是**把推算换成实测**。）", "rise_monotone_violations_window": [], "rise_monotone_violations_full": [], "rise_monotone_tol_mm": 2.0, "rise_monotone_window": [25, 36], "rise_monotone_ok": true, "rise_monotone_note": "★ 骨盆 z 在 `[FOOT_SET=25, END=36]` 必须**单调不降**（容差 2.0 mm/帧）。★ 本支实测**全段**（`[0, END]`）也单调（`rise_monotone_violations_full = []`） —— 起身是**一次**持续发力，中途不回落。", "chest_tail_z_mm": {"0": 206.97, "1": 217.679, "2": 229.164, "3": 241.193, "4": 253.537, "5": 265.977, "6": 279.077, "7": 293.772, "8": 310.999, "9": 335.582, "10": 368.617, "11": 405.498, "12": 441.698, "13": 479.351, "14": 522.013, "15": 567.34, "16": 612.954, "17": 656.434, "18": 703.251, "19": 757.327, "20": 814.009, "21": 869.26, "22": 922.765, "23": 975.911, "24": 1027.846, "25": 1077.577, "26": 1129.905, "27": 1179.863, "28": 1218.56, "29": 1246.575, "30": 1269.442, "31": 1296.54, "32": 1327.97, "33": 1354.485, "34": 1365.667, "35": 1365.667, "36": 1365.667}, "chest_rise_mm": 345.435, "chest_rise_min_mm": 200.0, "chest_rise_ok": true, "chest_rise_note": "★ 撑地段 `[PLANT=8, HAND_OFF=17]` 胸骨尾端世界 z 必须**净升 ≥ 200 mm**（证明「撑地真的把上身顶起来了」，而不是只有胳膊在动）。", "knee_unfold_start_deg": {"L": 59.82, "R": 59.75}, "knee_unfold_start_min_deg": 30.0, "knee_unfold_start_ok": true, "knee_unfold_start_note": "★★ **D18 独有**：`f ∈ [START=0, LEGS_DOWN=4]` 膝屈角必须**真的放开**（每条腿都减 ≥ 30°；实测起点 124.74° → 64.99°）。证明「腿是自己落下来的」，而不是被骨盆拖下来的。", "hand_low_mm": {"0": -82.29, "1": -51.82, "2": -21.35, "3": 5.29, "4": 32.27, "5": 28.67, "6": 25.13, "7": 21.55, "8": 17.99, "9": 17.91, "10": 17.86, "11": 17.89, "12": 17.86, "13": 16.85, "14": 16.03, "15": 16.95, "16": 19.37, "17": 32.42, "18": 150.6, "19": 224.35, "20": 335.1, "21": 479.55, "22": 626.44, "23": 738.07, "24": 800.82, "25": 837.25, "26": 899.12, "27": 943.15, "28": 986.2, "29": 1036.63, "30": 1086.0, "31": 1128.4, "32": 1160.14, "33": 1168.59, "34": 1165.72, "35": 1165.72, "36": 1165.72}, "hand_plant_below_mm": -2.0, "hand_plant_below_frames": [0, 1, 2], "hand_plant_at_plant_mm": 17.99, "hand_plant_ok": true, "hand_plant_note": "★★ **支点交接 0（D18 独有）**：仰卧起点手掌**在地面之下**（实测 −72 ~ −82 mm），必须实测到 `f ∈ [START=0, LEGS_DOWN=4]` 有 **z < -2 mm** 的帧（事实核对：手确实还在身下），**并在 `f = PLANT=8` 落到地面**（z ∈ [−2, +60] mm）。缺这条，就有一整段「手到底在不在上」没人管。", "hand_touch_max_mm": 60.0, "hand_off_min_mm": 60.0, "hand_on_violations": [], "hand_off_violations": [], "hand_off_ok": true, "hand_off_note": "★★ **支点交接 1**：`f ≤ HAND_OFF=17` 时手掌（`Hand_Palm_*` + `Finger_*` 网格）最低点必须 **≤ 60 mm**（手真的在地上推）；`f > HAND_OFF` 必须 **≥ 60 mm**（手确实离地了）。**两侧都量**。", "sole_mm": {"0": 262.61, "1": 243.93, "2": 191.43, "3": 139.88, "4": 115.99, "5": 121.02, "6": 132.34, "7": 147.12, "8": 163.25, "9": 179.01, "10": 190.57, "11": 201.96, "12": 215.63, "13": 228.51, "14": 240.0, "15": 260.38, "16": 260.16, "17": 279.3, "18": 304.76, "19": 330.96, "20": 349.61, "21": 361.71, "22": 309.4, "23": 178.15, "24": 82.03, "25": -0.54, "26": 0.2, "27": 0.53, "28": 0.68, "29": 0.14, "30": -0.09, "31": -0.21, "32": -0.52, "33": -0.85, "34": -0.96, "35": -0.96, "36": -0.96}, "foot_touch_max_mm": 6.0, "foot_touch_frames": [25], "foot_touch_frame": 25, "foot_takeover_ok": true, "foot_takeover_note": "★★ **支点交接 2**：脚接住地面的帧必须**唯一**且落在 `[TUCK=21, FOOT_SET=25]` 内（口径 = **首次鞋底 ≤ 6 mm**）。实测 `[25]`。", "foot_slide_mm_after_set": {"toe.L": 0.0217, "toe.R": 0.0195}, "foot_slide_max_mm": 3.0, "no_foot_slide_ok": true, "no_foot_slide_note": "★ 清单 §6 硬约束：`f ≥ FOOT_SET=25` 双脚 `foot_probe`（`toe.L/R` 骨端）世界位移 **≤ 3 mm**。", "sole_tail_min_mm": -0.962, "sole_tail_max_mm": 0.68, "sole_ground_ok": true, "sole_ground_note": "★ 清单 §6：`f ≥ FOOT_SET` 鞋底必须 ∈ **[-2, 6] mm**（支撑脚贴地）。", "no_snap_tail_steps_deg": [23.652494, 19.478538, 13.217577, 4.896395, 0.0, 0.0], "no_snap_stop_ok": true, "no_snap_tail_window": [30, 36], "no_snap_ruler_note": "★ 口径按清单 §0.6 原文：「末 6 帧角度增量的绝对值**单调收敛**」。", "root_motion_net_mm": 470.0, "root_motion_m": [0.0, -0.47], "root_motion_ok": true, "root_motion_note": "★ 本支骨盆要向**脚的方向**走 **−470 mm**（`+470 → 0`），把身体带到双脚上方，如实登记（★ 符号与 D17 的 +550 相反）。", "end_pelvis_z_mm": 830.0, "end_vz_mm_per_frame": 0.0, "end_vz_zero_ok": true, "fist_travel_mm": 2106.061, "fist_travel_at": ["L", 34], "ankle_travel_mm": 494.072, "shoulder_move_mm": 1506.698, "pelvis_span_mm": 844.81, "chain_travel": {"foot_mm": 494.07, "knee_deg": 84.374, "hip_deg": 40.613, "waist_deg": 97.012, "shoulder_mm": 1506.7, "hand_mm": 2106.06}, "chain_present_ok": true, "chain_present_note": "★ 清单 §6：力量传导链 **脚→腿→髋→腰→肩→手**，每段都要有真实工作量。本支六段全由**实测**度量。", "clip_max_mm": 0.0, "clip_at": null, "clip_frame": null, "no_face_clip_ok": true, "reach_ratio_max": 0.95881, "reach_ratio_at": [17, "R"], "reach_ok": true, "leg_reach_ratio_max": 0.93843, "leg_reach_ratio_at": [34, "L"], "leg_reach_ok": true, "hem_low_mm": {"Jacket_Hem": 902.9995, "Jacket_Hem_Line": 897.5001}, "hem_static_ok": true, "hem_static_note": "★ `Jacket_Hem,Jacket_Hem_Line` 是**已知模型侧绑定遗漏**（`parent=None` / `vgroups=0`）⟹ 钉在世界原点、**不随骨架动**；本判据核对它们世界最低点**首末逐位相同**。", "aspect": 0.3351, "width_m": 0.5805, "height_m": 1.7323, "disabled_gates": {"ground_hold_ok": "DISABLED —— 贴地族判据（骨盆逐位固定）。本支骨盆要跑 702 mm ⟹ 照抄必然红。换成 `rise_monotone_ok` + `rise_reach_ok`。", "back_land_ok": "DISABLED —— 贴地族判据（后脑贴地）。本支末帧是**站姿**。", "landing_plateau_ok": "DISABLED —— 贴地族判据（落地后骨盆逐位相同）。本支末段骨盆构造性固定在 830 mm，但语义不同。", "legs_bounce_ok": "DISABLED —— 贴地族判据（腿抖一下再落）。本支腿是**主动收放**。", "bounce_present_ok / bounce_single_peak_ok / bounce_no_double_ok": "DISABLED —— 贴地族「局部弹起」判据。本支是**主动起身**，无受力弹起。", "ballistic_until_land_ok": "DISABLED —— 本支竖直通道**没有弹道段**（全段单调上升，无抛物线可比）。", "hitstop_present": "DISABLED —— ★ 本支是**主动发力**动作，**没有「命中帧」**。硬套只会得到伪造的停顿。收招由 `no_snap_tail_ok` 守，「一次发力、不回落」由 `rise_monotone_ok` 守。"}, "ballistic_status": "DISABLED", "ballistic_phase_registered": {"T_PHASE_D17": 69.5, "T_PHASE_D18": 89.5, "note": "★ 仅登记（本支竖直通道**不含弹道**，不参与解算）"}, "lock_frames": 0, "lock_expect": 0, "end_hold_steps_deg": [0.0, 0.0], "end_ground_hold_ok": true, "seam_zero_saved_ok": true, "seam_zero_src": "Knockdown_B@20", "seam_zero_geom_pos_mm": 0.0, "seam_zero_geom_dir_deg": 0.029674, "seam_zero_worst_bone": null, "end_zero_saved_ok": true, "end_zero_src": "Idle_01@0", "end_zero_geom_pos_mm": 0.0, "meta": {"anim_id": "GetUp_B", "loop": false, "category": "防御与受击", "note": "背面起身（仰卧 → 双掌在身侧/身后撑地推起 → 收腿 → 战斗站姿）：竖直通道**无弹道段**，骨盆**单调升 702 mm**；支点**背/臀 → 掌 → 脚**换两次；末帧**逐位 = `Idle_01@0`**（跨族接缝）", "antic_frame": 4, "hit_frame": null, "land_frame": 25, "cancel_frame": 34, "legs_down_frame": 4, "plant_frame": 8, "chest_up_frame": 12, "hand_off_frame": 17, "tuck_frame": 21, "foot_set_frame": 25, "rise_mid_frame": 30, "stand_frame": 34, "self_hold_frame": 34, "hitstop_frames": 0, "hit_points": 0, "root_motion_m": [0.0, -0.47], "hit_point_m": null, "end_pelvis_z_m": 0.83, "end_vz_m_per_frame": 0.0, "start_pose_ref": "Knockdown_B 帧 20（仰卧，脸朝上）", "end_pose_ref": "Idle_01 帧 0（战斗站姿）", "ballistic_ref": "无（★ 本支竖直通道不含弹道段）", "fps": 60, "frames": [0, 36]}, "ua_start_delta_deg": 0.0, "ua_start_ok": true, "failed": [], "non_ok_bools": ["no_teleport"]}
D18_DONE failed=[]
D18_DONE non_ok_bools=['no_teleport']
Blender 4.5.0 (hash 8cb6b388974a built 2025-07-15 01:36:24)
Read blend: "I:\工作项目\BIGMANFIGHT\角色资产\美术资产\bigman_v001\bigman_anim_v001.blend"

Blender quit
Error: Not freed memory blocks: 1, total unfreed memory 0.000008 MB
