E05_REPORT {"loop_seamless": true, "ground_min_mm": -122.32, "ground_contact_ok": false, "max_frame_step_deg": 15.399, "max_frame_step_at": [46, "upperarm.R"], "no_teleport": true, "bone_travel_mm": {"pelvis": 75.0, "chest": 93.98, "head": 204.13, "hand.L": 440.16, "hand.R": 423.85}, "bstart_clash_geometry": {"32": {"fist_L_mm": [353.41, 131.78, 1139.73], "fist_R_mm": [-353.41, 131.78, 1139.73], "sym_x_mm": 0.0, "sym_y_mm": 0.0, "sym_z_mm": 0.0, "point_counts": [886, 886], "axis": [-1.0, 0.0, 0.0], "crop_L_mm": 117.49, "crop_R_mm": 117.49, "center_dist_mm": 706.82, "gap_mm": 471.84, "perp_mm": 0.0}, "46": {"fist_L_mm": [46.92, -368.82, 1083.98], "fist_R_mm": [-46.92, -368.82, 1083.98], "sym_x_mm": 0.0, "sym_y_mm": 0.0, "sym_z_mm": 0.0, "point_counts": [886, 886], "axis": [-1.0, 0.0, 0.0], "crop_L_mm": 45.73, "crop_R_mm": 45.73, "center_dist_mm": 93.83, "gap_mm": 2.38, "perp_mm": 0.0}, "48": {"fist_L_mm": [46.92, -368.82, 1083.98], "fist_R_mm": [-46.92, -368.82, 1083.98], "sym_x_mm": 0.0, "sym_y_mm": 0.0, "sym_z_mm": 0.0, "point_counts": [886, 886], "axis": [-1.0, 0.0, 0.0], "crop_L_mm": 45.73, "crop_R_mm": 45.73, "center_dist_mm": 93.83, "gap_mm": 2.38, "perp_mm": 0.0}, "62": {"fist_L_mm": [255.94, -288.31, 1298.18], "fist_R_mm": [-255.94, -288.31, 1298.18], "sym_x_mm": 0.0, "sym_y_mm": 0.0, "sym_z_mm": 0.0, "point_counts": [886, 886], "axis": [-1.0, 0.0, 0.0], "crop_L_mm": 28.67, "crop_R_mm": 28.67, "center_dist_mm": 511.88, "gap_mm": 454.54, "perp_mm": 0.0}}, "bstart_clash_gap_mm": 2.38, "bstart_clash_gap_max_mm": 2.38, "bstart_clash_gap_min_mm": 2.38, "bstart_clash_contact_max_mm": 14.0, "bstart_fist_contact_ok": true, "bstart_clash_pierce_tol_mm": 8.0, "bstart_fist_no_pierce_ok": true, "bstart_fist_contact_note": "★★★ **本支命门**：「碰拳」= 全项目第一支「手与手」自接触。判据是**真·网格量**：`gap = |cR − cL| − cropL − cropR`（`crop` = 各自网格沿碰拳轴的**最内侧拳面**投影）。碰拳帧 f=46 实测 **gap = 2.38 mm**（≤ 14.0 mm 判「碰上了」；≥ 0 判「没插进去」），定格窗 f=[46, 48] 内 gap ∈ [2.38, 2.38]。★ 与 E03 `rage_chest_hit_ok`（拳 vs **躯干**）不同：本支是「拳 vs 拳」，**不能**用 `no_face_clip_ok` 代替（它盯的是「手不穿脸 / 胸」）。★ 差分口径不适用（两拳都是同一套手网格，不存在「上游站架自带的缺陷」）。", "bstart_fist_sym_x_mm": 0.0, "bstart_fist_sym_y_mm": 0.0, "bstart_fist_sym_z_mm": 0.0, "bstart_fist_sym_limits_mm": [20.0, 30.0, 30.0], "bstart_fist_sym_ok": true, "bstart_clash_perp_mm": 0.0, "bstart_clash_perp_max_mm": 35.0, "bstart_fist_perp_ok": true, "bstart_fist_sym_note": "★ **碰拳的对称性**（照 E04 `px_spawn_feet_sym_ok` 模式**改成手**）：「碰拳」两拳应当在**中线相遇** ⟹ 一拳高一拳低 / 一前一后会被读成「一只手够不着」。碰拳帧实测拳心镜像偏差 x **0.00** / y **0.00** / z **0.00** mm（≤ 20 / 30 / 30）；两拳**拳面质心**在 ⊥ 轴平面内的距离 **0.0** mm（≤ 35，防「一拳前一拳后擦身而过」）。", "bstart_hitstop_frames": 3, "bstart_hitstop_window": [46, 48], "bstart_hitstop_steps_deg": [{"from": 46, "step_deg": 0.0, "at": null}, {"from": 47, "step_deg": 0.0, "at": null}], "bstart_hitstop_worst_step_deg": 0.0, "bstart_clash_hitstop_ok": true, "bstart_hitstop_note": "★★★ 「打击停顿」在碰拳帧：判据量**定格窗口内逐帧姿态**（`max |Δ euler|`），窗口 **f=[46, 47]** 共 3 帧，实测窗口内最大逐帧角步 **0.000000°**（阈值 ≤ 0.01° ⟹ 姿态完全冻结）。★ 定格靠**时间轴冻结**（帧号前进、姿态不变 + `A.set_hitstop` 把窗口键设 CONSTANT），**不是**把 N 帧压进插值 —— 否则 `no_snap_stop_ok` 会在定格边界炸（E03 / E04 同一坑）。★ 与 E03 的区别：E03 是**两个对称窗口**（两次捶胸），本支是**碰拳单窗口**。", "bstart_shoulder_span_deg": {"shoulder.L": [37.0, 0.0, 23.0], "shoulder.R": [37.0, 0.0, 23.0]}, "bstart_shoulder_absmax_deg": {"shoulder.L": [27.0, 0.0, 15.0], "shoulder.R": [27.0, 0.0, 15.0]}, "bstart_shoulder_window": [0, 32], "bstart_shoulder_range": [25.0, 110.0], "bstart_shoulder_peak_travel_mm": {"L": 91.393, "R": 91.393}, "bstart_shoulder_peak_range": [45.0, 260.0], "bstart_shoulder_ok": true, "bstart_shoulder_note": "★★★ **本支最容易失败的地方**（清单 §1 风险 3：「活动肩膀」极容易读成「什么也没做」）。实测肩骨**全窗行程**（f=[0, 32]，取 rx/ry/rz 各轴 max−min）L=[37.0, 0.0, 23.0] / R=[37.0, 0.0, 23.0] 度（区间 25~110，**两端卡**：太小 = 站着没动、太大 = 耸肩变形）＋ **肩峰**（`upperarm.head`）世界行程 L=91.4 / R=91.4 mm（区间 45~260）。★ 载体说明：肩骨旋转本身**看不见**（被大臂遮挡），可见量是**肩峰抬起**；两条一起量，缺一不可。", "bstart_body_sink_mm": 55.0, "bstart_body_knee_deg": 3.62, "bstart_body_sink_range": [15.0, 95.0], "bstart_body_sink_ok": false, "bstart_body_sink_note": "★★ 「碰拳」的**力度**必须可量：躯干**净下沉**（站架骨盆 z 830.0 → 碰拳 775.0 mm）。实测 **55.0 mm**（区间 15~95，**两端卡**：太小 = 只动手不动身（力量链断）；太大 = 蹲成马步不像开战）+ 碰拳膝屈 **3.6°**（≥ 48°）。★ 无根位移（原地），下沉由**屈膝**吸收（与 E04 落地同一套腿 IK 口径）。", "bstart_ankle_drift_mm": {"L": 157.0769, "R": 142.3235}, "bstart_toe_drift_mm": {"L": 157.0769, "R": 142.3235}, "bstart_sole_min_mm": -122.317, "bstart_sole_max_mm": -0.962, "foot_lock_ok": false, "foot_lock_note": "★★★ **脚锁回到「全程」口径**（本支最大的口径回归，见 §1 风险 1）：本支**不跳、不位移**，双腿全程落地 ⟹ `want` 恒 = 站架踝。实测踝漂 **L 157.0769 / R 142.3235 mm**、趾漂 **L 157.0769 / R 142.3235 mm**（阈值 0.5 mm），鞋底 **-122.32 ~ -0.96 mm**（带 -2 ~ 6）。★ 照抄 E04 的**分段**口径 = 错（E04 空中段脚**真的离地**；本支若把哪一帧判成「空中」，那是判据错了）。", "no_snap_stop_step_deg": 0.3333, "no_snap_stop_at": [88, "shin.R"], "no_snap_stop_ok": true, "seam_first_step_deg": 0.6559, "seam_last_step_deg": 0.0384, "loop_velocity_ok": null, "loop_velocity_note": "★ **停用 `loop_velocity_ok` 并登记理由**：该判据（首/末帧角速度必须相等）是 E02 为**循环**动画加的对称性检查。本支 `meta.loop = false`（**一次性**「开战」：站架 → 活动肩膀 → 碰拳 → 摆架势 → 回站架），首末帧同姿只用于「起手不留痕」，**不要求角速度对称**。实测首帧步 0.656° / 末帧步 0.038°（末帧更慢是**设计意图**：收招减速）。★ 设一个必然为假的判据等于没有判据。", "chain_travel": {"foot_axis_mm": 56.666, "knee_deg": 39.331, "hip_mm": 75.0, "waist_deg": 286.479, "shoulder_mm": 172.635, "hand_mm": 504.038}, "chain_note": "★ 力量传导链 **脚 → 腿 → 髋 → 腰 → 肩 → 手**，六段**都必须有非零关键帧**（清单 0.2「不许跳级」）。本支载体：脚 = 髋↔踝距离行程（下沉靠屈膝）＋ 踝**全程钉死**（漂移 ≤ 0.5 mm）；腿 = 膝屈角行程；髋 = 骨盆世界行程；腰 = `chest` 俯仰行程；肩 = 肩峰世界行程；手 = 拳心世界行程。★ 本支**没有「只有手在动」**：碰拳帧的躯干下沉 55.0 mm 把脚→腿→髋→腰全部串上（见 `bstart_body_sink_ok`）。", "chain_present_ok": true, "leg_reach_ratio_max": 1.00455, "leg_reach_at": [33, "R"], "leg_reach_ok": false, "arm_reach_ratio_max": 0.48592, "arm_reach_at": [38, "L"], "arm_reach_ok": true, "clip_max_mm": 0.0, "clip_at": null, "no_face_clip_ok": true, "bstart_pierce_scope": ["(0, TOTAL) 内全部帧", "排除接缝帧 [0, 96]"], "bstart_pierce_nothumb_worst": 3, "bstart_pierce_nothumb_worst_at": [81, "R"], "bstart_pierce_nothumb_deepest_mm": -4.04, "bstart_pierce_nothumb_deepest_at": [93, "R"], "bstart_pierce_all_worst": 74, "bstart_pierce_thumb_worst": 71, "bstart_station_nothumb_count": 3, "bstart_station_pierce": {"L": {"inside": 0, "inside_nothumb": 0, "thumb": 0, "n": 666, "deepest_mm": 1.04, "deepest_nothumb_mm": 29.3}, "R": {"inside": 74, "inside_nothumb": 3, "thumb": 71, "n": 666, "deepest_mm": -33.96, "deepest_nothumb_mm": -4.05}}, "bstart_pierce_detail": {"0": {"L": {"inside": 0, "inside_nothumb": 0, "thumb": 0, "n": 666, "deepest_mm": 1.04, "deepest_nothumb_mm": 29.3}, "R": {"inside": 74, "inside_nothumb": 3, "thumb": 71, "n": 666, "deepest_mm": -33.96, "deepest_nothumb_mm": -4.05}}, "3": {"L": {"inside": 2, "inside_nothumb": 0, "thumb": 2, "n": 666, "deepest_mm": -0.58, "deepest_nothumb_mm": 35.55}, "R": {"inside": 64, "inside_nothumb": 0, "thumb": 64, "n": 666, "deepest_mm": -38.73, "deepest_nothumb_mm": 3.42}}, "6": {"L": {"inside": 0, "inside_nothumb": 0, "thumb": 0, "n": 666, "deepest_mm": 14.11, "deepest_nothumb_mm": 58.04}, "R": {"inside": 31, "inside_nothumb": 0, "thumb": 31, "n": 666, "deepest_mm": -17.18, "deepest_nothumb_mm": 25.03}}, "9": {"L": {"inside": 0, "inside_nothumb": 0, "thumb": 0, "n": 666, "deepest_mm": 48.32, "deepest_nothumb_mm": 89.6}, "R": {"inside": 0, "inside_nothumb": 0, "thumb": 0, "n": 666, "deepest_mm": 37.21, "deepest_nothumb_mm": 77.37}}, "12": {"L": {"inside": 0, "inside_nothumb": 0, "thumb": 0, "n": 666, "deepest_mm": 76.19, "deepest_nothumb_mm": 112.77}, "R": {"inside": 0, "inside_nothumb": 0, "thumb": 0, "n": 666, "deepest_mm": 76.11, "deepest_nothumb_mm": 112.62}}, "15": {"L": {"inside": 0, "inside_nothumb": 0, "thumb": 0, "n": 666, "deepest_mm": 79.78, "deepest_nothumb_mm": 120.2}, "R": {"inside": 0, "inside_nothumb": 0, "thumb": 0, "n": 666, "deepest_mm": 79.79, "deepest_nothumb_mm": 120.05}}, "18": {"L": {"inside": 0, "inside_nothumb": 0, "thumb": 0, "n": 666, "deepest_mm": 91.35, "deepest_nothumb_mm": 127.36}, "R": {"inside": 0, "inside_nothumb": 0, "thumb": 0, "n": 666, "deepest_mm": 91.27, "deepest_nothumb_mm": 127.21}}, "21": {"L": {"inside": 0, "inside_nothumb": 0, "thumb": 0, "n": 666, "deepest_mm": 94.33, "deepest_nothumb_mm": 114.28}, "R": {"inside": 0, "inside_nothumb": 0, "thumb": 0, "n": 666, "deepest_mm": 94.29, "deepest_nothumb_mm": 113.15}}, "24": {"L": {"inside": 0, "inside_nothumb": 0, "thumb": 0, "n": 666, "deepest_mm": 91.47, "deepest_nothumb_mm": 105.58}, "R": {"inside": 0, "inside_nothumb": 0, "thumb": 0, "n": 666, "deepest_mm": 91.28, "deepest_nothumb_mm": 105.36}}, "27": {"L": {"inside": 0, "inside_nothumb": 0, "thumb": 0, "n": 666, "deepest_mm": 113.11, "deepest_nothumb_mm": 124.07}, "R": {"inside": 0, "inside_nothumb": 0, "thumb": 0, "n": 666, "deepest_mm": 112.96, "deepest_nothumb_mm": 124.06}}, "30": {"L": {"inside": 0, "inside_nothumb": 0, "thumb": 0, "n": 666, "deepest_mm": 135.59, "deepest_nothumb_mm": 160.24}, "R": {"inside": 0, "inside_nothumb": 0, "thumb": 0, "n": 666, "deepest_mm": 135.62, "deepest_nothumb_mm": 160.15}}, "33": {"L": {"inside": 0, "inside_nothumb": 0, "thumb": 0, "n": 666, "deepest_mm": 127.58, "deepest_nothumb_mm": 160.31}, "R": {"inside": 0, "inside_nothumb": 0, "thumb": 0, "n": 666, "deepest_mm": 128.5, "deepest_nothumb_mm": 159.88}}, "36": {"L": {"inside": 0, "inside_nothumb": 0, "thumb": 0, "n": 666, "deepest_mm": 119.07, "deepest_nothumb_mm": 160.14}, "R": {"inside": 0, "inside_nothumb": 0, "thumb": 0, "n": 666, "deepest_mm": 119.36, "deepest_nothumb_mm": 160.46}}, "39": {"L": {"inside": 0, "inside_nothumb": 0, "thumb": 0, "n": 666, "deepest_mm": 104.04, "deepest_nothumb_mm": 148.05}, "R": {"inside": 0, "inside_nothumb": 0, "thumb": 0, "n": 666, "deepest_mm": 104.54, "deepest_nothumb_mm": 147.99}}, "42": {"L": {"inside": 0, "inside_nothumb": 0, "thumb": 0, "n": 666, "deepest_mm": 70.53, "deepest_nothumb_mm": 111.46}, "R": {"inside": 0, "inside_nothumb": 0, "thumb": 0, "n": 666, "deepest_mm": 70.52, "deepest_nothumb_mm": 111.47}}, "45": {"L": {"inside": 0, "inside_nothumb": 0, "thumb": 0, "n": 666, "deepest_mm": 20.02, "deepest_nothumb_mm": 60.1}, "R": {"inside": 0, "inside_nothumb": 0, "thumb": 0, "n": 666, "deepest_mm": 19.98, "deepest_nothumb_mm": 60.32}}, "46": {"L": {"inside": 22, "inside_nothumb": 0, "thumb": 22, "n": 666, "deepest_mm": -10.1, "deepest_nothumb_mm": 28.64}, "R": {"inside": 22, "inside_nothumb": 0, "thumb": 22, "n": 666, "deepest_mm": -10.12, "deepest_nothumb_mm": 28.67}}, "47": {"L": {"inside": 22, "inside_nothumb": 0, "thumb": 22, "n": 666, "deepest_mm": -10.1, "deepest_nothumb_mm": 28.64}, "R": {"inside": 22, "inside_nothumb": 0, "thumb": 22, "n": 666, "deepest_mm": -10.12, "deepest_nothumb_mm": 28.67}}, "48": {"L": {"inside": 22, "inside_nothumb": 0, "thumb": 22, "n": 666, "deepest_mm": -10.1, "deepest_nothumb_mm": 28.64}, "R": {"inside": 22, "inside_nothumb": 0, "thumb": 22, "n": 666, "deepest_mm": -10.12, "deepest_nothumb_mm": 28.67}}, "51": {"L": {"inside": 0, "inside_nothumb": 0, "thumb": 0, "n": 666, "deepest_mm": 11.59, "deepest_nothumb_mm": 44.52}, "R": {"inside": 0, "inside_nothumb": 0, "thumb": 0, "n": 666, "deepest_mm": 11.51, "deepest_nothumb_mm": 44.88}}, "54": {"L": {"inside": 0, "inside_nothumb": 0, "thumb": 0, "n": 666, "deepest_mm": 56.18, "deepest_nothumb_mm": 74.04}, "R": {"inside": 0, "inside_nothumb": 0, "thumb": 0, "n": 666, "deepest_mm": 56.32, "deepest_nothumb_mm": 74.37}}, "57": {"L": {"inside": 0, "inside_nothumb": 0, "thumb": 0, "n": 666, "deepest_mm": 73.7, "deepest_nothumb_mm": 73.7}, "R": {"inside": 0, "inside_nothumb": 0, "thumb": 0, "n": 666, "deepest_mm": 73.84, "deepest_nothumb_mm": 73.84}}, "60": {"L": {"inside": 0, "inside_nothumb": 0, "thumb": 0, "n": 666, "deepest_mm": 65.35, "deepest_nothumb_mm": 65.35}, "R": {"inside": 0, "inside_nothumb": 0, "thumb": 0, "n": 666, "deepest_mm": 65.19, "deepest_nothumb_mm": 65.19}}, "63": {"L": {"inside": 0, "inside_nothumb": 0, "thumb": 0, "n": 666, "deepest_mm": 63.42, "deepest_nothumb_mm": 63.42}, "R": {"inside": 0, "inside_nothumb": 0, "thumb": 0, "n": 666, "deepest_mm": 63.31, "deepest_nothumb_mm": 63.31}}, "66": {"L": {"inside": 0, "inside_nothumb": 0, "thumb": 0, "n": 666, "deepest_mm": 63.32, "deepest_nothumb_mm": 63.32}, "R": {"inside": 0, "inside_nothumb": 0, "thumb": 0, "n": 666, "deepest_mm": 63.2, "deepest_nothumb_mm": 63.2}}, "69": {"L": {"inside": 0, "inside_nothumb": 0, "thumb": 0, "n": 666, "deepest_mm": 61.6, "deepest_nothumb_mm": 64.28}, "R": {"inside": 0, "inside_nothumb": 0, "thumb": 0, "n": 666, "deepest_mm": 60.71, "deepest_nothumb_mm": 63.74}}, "72": {"L": {"inside": 0, "inside_nothumb": 0, "thumb": 0, "n": 666, "deepest_mm": 21.8, "deepest_nothumb_mm": 58.02}, "R": {"inside": 0, "inside_nothumb": 0, "thumb": 0, "n": 666, "deepest_mm": 10.19, "deepest_nothumb_mm": 49.1}}, "75": {"L": {"inside": 9, "inside_nothumb": 0, "thumb": 9, "n": 666, "deepest_mm": -2.43, "deepest_nothumb_mm": 37.21}, "R": {"inside": 51, "inside_nothumb": 0, "thumb": 51, "n": 666, "deepest_mm": -29.64, "deepest_nothumb_mm": 15.29}}, "78": {"L": {"inside": 4, "inside_nothumb": 0, "thumb": 4, "n": 666, "deepest_mm": -1.07, "deepest_nothumb_mm": 30.17}, "R": {"inside": 68, "inside_nothumb": 1, "thumb": 67, "n": 666, "deepest_mm": -34.68, "deepest_nothumb_mm": -0.29}}, "81": {"L": {"inside": 0, "inside_nothumb": 0, "thumb": 0, "n": 666, "deepest_mm": 1.07, "deepest_nothumb_mm": 29.41}, "R": {"inside": 74, "inside_nothumb": 3, "thumb": 71, "n": 666, "deepest_mm": -33.74, "deepest_nothumb_mm": -3.95}}, "84": {"L": {"inside": 0, "inside_nothumb": 0, "thumb": 0, "n": 666, "deepest_mm": 1.06, "deepest_nothumb_mm": 29.4}, "R": {"inside": 74, "inside_nothumb": 3, "thumb": 71, "n": 666, "deepest_mm": -33.79, "deepest_nothumb_mm": -3.96}}, "87": {"L": {"inside": 0, "inside_nothumb": 0, "thumb": 0, "n": 666, "deepest_mm": 1.03, "deepest_nothumb_mm": 29.37}, "R": {"inside": 74, "inside_nothumb": 3, "thumb": 71, "n": 666, "deepest_mm": -33.88, "deepest_nothumb_mm": -3.98}}, "90": {"L": {"inside": 0, "inside_nothumb": 0, "thumb": 0, "n": 666, "deepest_mm": 1.0, "deepest_nothumb_mm": 29.34}, "R": {"inside": 74, "inside_nothumb": 3, "thumb": 71, "n": 666, "deepest_mm": -33.96, "deepest_nothumb_mm": -4.01}}, "93": {"L": {"inside": 0, "inside_nothumb": 0, "thumb": 0, "n": 666, "deepest_mm": 1.04, "deepest_nothumb_mm": 29.31}, "R": {"inside": 74, "inside_nothumb": 3, "thumb": 71, "n": 666, "deepest_mm": -33.96, "deepest_nothumb_mm": -4.04}}, "96": {"L": {"inside": 0, "inside_nothumb": 0, "thumb": 0, "n": 666, "deepest_mm": 1.04, "deepest_nothumb_mm": 29.3}, "R": {"inside": 74, "inside_nothumb": 3, "thumb": 71, "n": 666, "deepest_mm": -33.96, "deepest_nothumb_mm": -4.05}}}, "bstart_hand_no_pierce_ok": true, "bstart_hand_no_pierce_note": "★ 本支的拳要**收到胸前中线**（碰拳）—— 比 E04 的腾空摆臂**更贴近躯干**⟹ 这条断言在本支**真的有风险**，不是走过场。口径照 E03 v011 的**差分**形式（**改的是基准，不是阈值**）：实测非拇指「真在体内」顶点数 **3**（@ (81, 'R')）、非拇指最深带符号距离 **-4.04 mm**（@ (93, 'R')，下限 −10 mm）；站架基线同一读数 **3** 个（`Idle_01@0` 的预存缺陷：R 手 4 个 `Hand_Palm_R` 腕侧掌肉 / 最深 −4.50 mm ＋ R 拇指 95 个 / −34.19 mm，本支 f=0 / f=96 必须逐位等于它 ⟹ 口径只能是差分）。★ 全手（含拇指）读数照样登记：体内最多 **74** 个（其中拇指 **71**）。", "bstart_matrix_step_deg_max": 22.015, "bstart_matrix_step_at": [46, "thumb_03.L"], "bstart_matrix_step_ok": true, "bstart_euler_step_deg_max": 15.399, "bstart_euler_step_at": [46, "upperarm.R"], "bstart_matrix_step_note": "★★ **矩阵口径**的逐帧最大真实旋转步 **22.015° @ (46, 'thumb_03.L')**（阈值 ≤ 25.0°）；euler 口径 **15.399° @ (46, 'upperarm.R')**。两者**必须一致地小** —— 差得远就说明欧拉表示在跳（C14 / D01 / E03 的万向节锁坑），而不是动作在跳。★ 本支先做 `compat_euler`（min-max 瓶颈 DP）再断言。★ 风险 4（§1）：`WIND→CLASH`（收拳 → 碰拳）是加速度最大的一段，本条是它唯一的守卫（E03 实测 24.081°、E04 实测 24.656°，都在上限附近）。", "bstart_x_hint_margin": 0.9242, "bstart_x_hint_margin_min": 0.55, "bstart_x_hint_margin_ok": true, "bstart_x_hint_margin_note": "★ `orient_hand` 的滚转基准（**前臂骨自身的局部 x 轴**）实测最小余量 **0.9242**（阈值 ≥ 0.55）。E03 v009 的实测教训：基准若落在骨轴方向上，投影退化为 0 ⟹ 滚转由浮点噪声决定 ⟹ **真实旋转 83.86°/帧**（不是表示问题，是真翻）。★ 本支与 E04 同族（基准 = 前臂局部 x），余量恒 ≈ 1，且**不累积**（当前姿态的纯函数）。", "phase_markers": {"START": 0, "OPEN": 12, "SHOULDER": 24, "WIND": 32, "CLASH": 46, "HOLD_END": 48, "STANCE": 62, "SETTLE": 80, "END": 96}, "bstart_sole_trace_mm": {"0": -0.96, "1": -1.73, "2": -3.85, "3": -7.06, "4": -11.07, "5": -15.63, "6": -20.45, "7": -25.27, "8": -29.82, "9": -33.83, "10": -37.03, "11": -39.14, "12": -39.91, "13": -39.74, "14": -39.27, "15": -38.56, "16": -37.67, "17": -36.65, "18": -35.58, "19": -34.51, "20": -33.5, "21": -32.6, "22": -31.89, "23": -31.42, "24": -31.25, "25": -35.52, "26": -46.78, "27": -62.66, "28": -80.76, "29": -98.35, "30": -114.2, "31": -120.1, "32": -122.32, "33": -122.28, "34": -122.18, "35": -122.0, "36": -121.76, "37": -121.44, "38": -121.05, "39": -120.59, "40": -120.06, "41": -119.45, "42": -118.76, "43": -118.0, "44": -117.16, "45": -116.25, "46": -115.25, "47": -115.25, "48": -115.25, "49": -114.84, "50": -113.71, "51": -111.96, "52": -109.73, "53": -104.78, "54": -98.3, "55": -92.42, "56": -86.82, "57": -81.39, "58": -76.4, "59": -72.1, "60": -68.74, "61": -66.55, "62": -65.76, "63": -65.32, "64": -64.07, "65": -62.1, "66": -59.52, "67": -56.43, "68": -52.93, "69": -49.12, "70": -45.1, "71": -40.98, "72": -36.86, "73": -32.83, "74": -29.02, "75": -25.5, "76": -22.4, "77": -19.8, "78": -17.83, "79": -16.56, "80": -16.12, "81": -15.95, "82": -15.47, "83": -14.72, "84": -13.75, "85": -12.6, "86": -11.32, "87": -9.96, "88": -8.54, "89": -7.13, "90": -5.76, "91": -4.48, "92": -3.33, "93": -2.36, "94": -1.61, "95": -1.13, "96": -0.96}, "end_matches_start_elem_max": 0.0, "end_matches_start_elem_at": null, "end_matches_start_ok": true, "loop_angle_deg": 0.0, "loop_move_mm": 0.0, "seam_in_pos_max_mm": 8.7e-05, "seam_in_dir_max_deg": 0.031181, "seam_in_at": "toe.R", "seam_in_ok": true, "seam_in_src": "Idle_01@0", "meta": {"anim_id": "Battle_Start", "loop": false, "category": "状态与流程", "note": "开战：活动肩膀（肩绕环）→ 收拳蓄势 → 双拳在胸前中线**相击**（定格 3 帧）→ 展开摆出战斗架势 → 回战斗待机；★ 全程原地、脚锁全程", "frames": [0, 96], "root_motion_m": [0.0, 0.0], "root_motion_z_m": [0.0, 0.0], "hitstop_frames": 3, "hitstop_windows": [[46, 48]], "antic_frame": 32, "hit_frame": 46, "hit_frames": [46], "cancel_frame": 62, "hit_point_m": [0.0, -0.43, 1.16], "seam": "Idle_01@0", "seam_ends": {"start": "Idle_01@0", "end": "Idle_01@0"}, "frame_bound_note": "★ 96 帧 = 1.6 s，**小于** E01 登记的 120 帧 / 2.0 s 上界 ⟹ 可直接沿用（显式声明，不是悄悄超）", "view_note": "★ 本支取景**自立**（不照抄 E01~E04）：纵向覆盖 −0.20~2.00 m（中心 z=0.90、正交高 2.20 m），比标准站姿视图**略宽**以装下耸肩时张开的手臂；正面判碰拳贴合 + 对称，侧视 / 3Q 判肩部活动", "foot_lock": {"scope": "全程 [START..END]（本支不跳、不位移）", "reason": "原地动画 ⟹ 踝恒钉站架点（与 E04 的**分段**口径相反）"}, "clash_pair": {"kind": "hand.geometry vs hand.geometry（全项目首支「手与手」自接触）", "axis": "L 拳心 → R 拳心", "contact_max_mm": 14.0, "pierce_tol_mm": 8.0, "hit_point_m": [0.0, -0.43, 1.16]}, "fps": 60}, "failed": ["bstart_body_sink_ok", "foot_lock_ok", "ground_contact_ok", "leg_reach_ok"], "non_ok_bools": ["bstart_body_sink_ok", "foot_lock_ok", "ground_contact_ok", "leg_reach_ok"]}Blender 4.5.0 (hash 8cb6b388974a built 2025-07-15 01:36:24)
Read blend: "I:\工作项目\BIGMANFIGHT\角色资产\美术资产\bigman_v001\bigman_anim_v001.blend"
Fra:0 Mem:118.82M (Peak 122.01M) | Time:00:00.63 | Rendering 1 / 64 samples
Fra:0 Mem:118.82M (Peak 122.01M) | Time:00:00.67 | Rendering 25 / 64 samples
Fra:0 Mem:118.82M (Peak 122.01M) | Time:00:00.71 | Rendering 50 / 64 samples
Fra:0 Mem:118.82M (Peak 122.01M) | Time:00:00.73 | Rendering 64 / 64 samples
Fra:0 Mem:86.77M (Peak 131.91M) | Time:00:00.75 | Compositing
Saved: 'I:\工作项目\BIGMANFIGHT\角色资产\美术资产\bigman_v001\previews\anim\bstartfoot_side_f0000.png'
Time: 00:00.80 (Saving: 00:00.04)

Fra:0 Mem:120.89M (Peak 124.04M) | Time:00:00.33 | Rendering 1 / 64 samples
Fra:0 Mem:120.89M (Peak 124.04M) | Time:00:00.37 | Rendering 25 / 64 samples
Fra:0 Mem:120.89M (Peak 124.04M) | Time:00:00.40 | Rendering 50 / 64 samples
Fra:0 Mem:120.89M (Peak 124.04M) | Time:00:00.43 | Rendering 64 / 64 samples
Fra:0 Mem:88.84M (Peak 133.98M) | Time:00:00.45 | Compositing
Saved: 'I:\工作项目\BIGMANFIGHT\角色资产\美术资产\bigman_v001\previews\anim\bstartfoot_front_f0000.png'
Time: 00:00.49 (Saving: 00:00.03)

Fra:6 Mem:120.89M (Peak 124.05M) | Time:00:00.30 | Rendering 1 / 64 samples
Fra:6 Mem:120.89M (Peak 124.05M) | Time:00:00.33 | Rendering 25 / 64 samples
Fra:6 Mem:120.89M (Peak 124.05M) | Time:00:00.37 | Rendering 50 / 64 samples
Fra:6 Mem:120.89M (Peak 124.05M) | Time:00:00.38 | Rendering 64 / 64 samples
Fra:6 Mem:88.84M (Peak 133.98M) | Time:00:00.40 | Compositing
Saved: 'I:\工作项目\BIGMANFIGHT\角色资产\美术资产\bigman_v001\previews\anim\bstartfoot_side_f0006.png'
Time: 00:00.44 (Saving: 00:00.03)

Fra:6 Mem:120.89M (Peak 124.05M) | Time:00:00.29 | Rendering 1 / 64 samples
Fra:6 Mem:120.89M (Peak 124.05M) | Time:00:00.33 | Rendering 25 / 64 samples
Fra:6 Mem:120.89M (Peak 124.05M) | Time:00:00.36 | Rendering 50 / 64 samples
Fra:6 Mem:120.89M (Peak 124.05M) | Time:00:00.38 | Rendering 64 / 64 samples
Fra:6 Mem:88.84M (Peak 133.98M) | Time:00:00.40 | Compositing
Saved: 'I:\工作项目\BIGMANFIGHT\角色资产\美术资产\bigman_v001\previews\anim\bstartfoot_front_f0006.png'
Time: 00:00.44 (Saving: 00:00.03)

Fra:12 Mem:120.89M (Peak 124.05M) | Time:00:00.31 | Rendering 1 / 64 samples
Fra:12 Mem:120.89M (Peak 124.05M) | Time:00:00.34 | Rendering 25 / 64 samples
Fra:12 Mem:120.89M (Peak 124.05M) | Time:00:00.38 | Rendering 50 / 64 samples
Fra:12 Mem:120.89M (Peak 124.05M) | Time:00:00.40 | Rendering 64 / 64 samples
Fra:12 Mem:88.84M (Peak 133.98M) | Time:00:00.41 | Compositing
Saved: 'I:\工作项目\BIGMANFIGHT\角色资产\美术资产\bigman_v001\previews\anim\bstartfoot_side_f0012.png'
Time: 00:00.45 (Saving: 00:00.03)

Fra:12 Mem:120.89M (Peak 124.05M) | Time:00:00.30 | Rendering 1 / 64 samples
Fra:12 Mem:120.89M (Peak 124.05M) | Time:00:00.34 | Rendering 25 / 64 samples
Fra:12 Mem:120.89M (Peak 124.05M) | Time:00:00.37 | Rendering 50 / 64 samples
Fra:12 Mem:120.89M (Peak 124.05M) | Time:00:00.39 | Rendering 64 / 64 samples
Fra:12 Mem:88.84M (Peak 133.98M) | Time:00:00.41 | Compositing
Saved: 'I:\工作项目\BIGMANFIGHT\角色资产\美术资产\bigman_v001\previews\anim\bstartfoot_front_f0012.png'
Time: 00:00.45 (Saving: 00:00.03)

Fra:18 Mem:120.89M (Peak 124.05M) | Time:00:00.28 | Rendering 1 / 64 samples
Fra:18 Mem:120.89M (Peak 124.05M) | Time:00:00.32 | Rendering 25 / 64 samples
Fra:18 Mem:120.89M (Peak 124.05M) | Time:00:00.35 | Rendering 50 / 64 samples
Fra:18 Mem:120.89M (Peak 124.05M) | Time:00:00.37 | Rendering 64 / 64 samples
Fra:18 Mem:88.84M (Peak 133.98M) | Time:00:00.39 | Compositing
Saved: 'I:\工作项目\BIGMANFIGHT\角色资产\美术资产\bigman_v001\previews\anim\bstartfoot_side_f0018.png'
Time: 00:00.43 (Saving: 00:00.03)

Fra:18 Mem:120.89M (Peak 124.05M) | Time:00:00.31 | Rendering 1 / 64 samples
Fra:18 Mem:120.89M (Peak 124.05M) | Time:00:00.34 | Rendering 25 / 64 samples
Fra:18 Mem:120.89M (Peak 124.05M) | Time:00:00.38 | Rendering 50 / 64 samples
Fra:18 Mem:120.89M (Peak 124.05M) | Time:00:00.40 | Rendering 64 / 64 samples
Fra:18 Mem:88.84M (Peak 133.98M) | Time:00:00.42 | Compositing
Saved: 'I:\工作项目\BIGMANFIGHT\角色资产\美术资产\bigman_v001\previews\anim\bstartfoot_front_f0018.png'
Time: 00:00.46 (Saving: 00:00.03)

Fra:24 Mem:120.89M (Peak 124.05M) | Time:00:00.25 | Rendering 1 / 64 samples
Fra:24 Mem:120.89M (Peak 124.05M) | Time:00:00.28 | Rendering 25 / 64 samples
Fra:24 Mem:120.89M (Peak 124.05M) | Time:00:00.32 | Rendering 50 / 64 samples
Fra:24 Mem:120.89M (Peak 124.05M) | Time:00:00.33 | Rendering 64 / 64 samples
Fra:24 Mem:88.84M (Peak 133.98M) | Time:00:00.35 | Compositing
Saved: 'I:\工作项目\BIGMANFIGHT\角色资产\美术资产\bigman_v001\previews\anim\bstartfoot_side_f0024.png'
Time: 00:00.39 (Saving: 00:00.03)

Fra:24 Mem:120.89M (Peak 124.05M) | Time:00:00.28 | Rendering 1 / 64 samples
Fra:24 Mem:120.89M (Peak 124.05M) | Time:00:00.32 | Rendering 25 / 64 samples
Fra:24 Mem:120.89M (Peak 124.05M) | Time:00:00.36 | Rendering 50 / 64 samples
Fra:24 Mem:120.89M (Peak 124.05M) | Time:00:00.38 | Rendering 64 / 64 samples
Fra:24 Mem:88.84M (Peak 133.98M) | Time:00:00.40 | Compositing
Saved: 'I:\工作项目\BIGMANFIGHT\角色资产\美术资产\bigman_v001\previews\anim\bstartfoot_front_f0024.png'
Time: 00:00.46 (Saving: 00:00.04)

Fra:28 Mem:120.89M (Peak 124.05M) | Time:00:00.30 | Rendering 1 / 64 samples
Fra:28 Mem:120.89M (Peak 124.05M) | Time:00:00.34 | Rendering 25 / 64 samples
Fra:28 Mem:120.89M (Peak 124.05M) | Time:00:00.37 | Rendering 50 / 64 samples
Fra:28 Mem:120.89M (Peak 124.05M) | Time:00:00.39 | Rendering 64 / 64 samples
Fra:28 Mem:88.84M (Peak 133.98M) | Time:00:00.41 | Compositing
Saved: 'I:\工作项目\BIGMANFIGHT\角色资产\美术资产\bigman_v001\previews\anim\bstartfoot_side_f0028.png'
Time: 00:00.45 (Saving: 00:00.03)

Fra:28 Mem:120.89M (Peak 124.05M) | Time:00:00.29 | Rendering 1 / 64 samples
Fra:28 Mem:120.89M (Peak 124.05M) | Time:00:00.32 | Rendering 25 / 64 samples
Fra:28 Mem:120.89M (Peak 124.05M) | Time:00:00.36 | Rendering 50 / 64 samples
Fra:28 Mem:120.89M (Peak 124.05M) | Time:00:00.38 | Rendering 64 / 64 samples
Fra:28 Mem:88.84M (Peak 133.98M) | Time:00:00.40 | Compositing
Saved: 'I:\工作项目\BIGMANFIGHT\角色资产\美术资产\bigman_v001\previews\anim\bstartfoot_front_f0028.png'
Time: 00:00.44 (Saving: 00:00.03)

Fra:32 Mem:120.89M (Peak 124.05M) | Time:00:00.30 | Rendering 1 / 64 samples
Fra:32 Mem:120.89M (Peak 124.05M) | Time:00:00.34 | Rendering 25 / 64 samples
Fra:32 Mem:120.89M (Peak 124.05M) | Time:00:00.37 | Rendering 50 / 64 samples
Fra:32 Mem:120.89M (Peak 124.05M) | Time:00:00.39 | Rendering 64 / 64 samples
Fra:32 Mem:88.84M (Peak 133.98M) | Time:00:00.41 | Compositing
Saved: 'I:\工作项目\BIGMANFIGHT\角色资产\美术资产\bigman_v001\previews\anim\bstartfoot_side_f0032.png'
Time: 00:00.45 (Saving: 00:00.03)

Fra:32 Mem:120.89M (Peak 124.05M) | Time:00:00.30 | Rendering 1 / 64 samples
Fra:32 Mem:120.89M (Peak 124.05M) | Time:00:00.34 | Rendering 25 / 64 samples
Fra:32 Mem:120.89M (Peak 124.05M) | Time:00:00.37 | Rendering 50 / 64 samples
Fra:32 Mem:120.89M (Peak 124.05M) | Time:00:00.39 | Rendering 64 / 64 samples
Fra:32 Mem:88.84M (Peak 133.98M) | Time:00:00.41 | Compositing
Saved: 'I:\工作项目\BIGMANFIGHT\角色资产\美术资产\bigman_v001\previews\anim\bstartfoot_front_f0032.png'
Time: 00:00.45 (Saving: 00:00.03)

Fra:36 Mem:120.89M (Peak 124.05M) | Time:00:00.30 | Rendering 1 / 64 samples
Fra:36 Mem:120.89M (Peak 124.05M) | Time:00:00.34 | Rendering 25 / 64 samples
Fra:36 Mem:120.89M (Peak 124.05M) | Time:00:00.37 | Rendering 50 / 64 samples
Fra:36 Mem:120.89M (Peak 124.05M) | Time:00:00.39 | Rendering 64 / 64 samples
Fra:36 Mem:88.84M (Peak 133.98M) | Time:00:00.41 | Compositing
Saved: 'I:\工作项目\BIGMANFIGHT\角色资产\美术资产\bigman_v001\previews\anim\bstartfoot_side_f0036.png'
Time: 00:00.45 (Saving: 00:00.03)

Fra:36 Mem:120.89M (Peak 124.05M) | Time:00:00.31 | Rendering 1 / 64 samples
Fra:36 Mem:120.89M (Peak 124.05M) | Time:00:00.34 | Rendering 25 / 64 samples
Fra:36 Mem:120.89M (Peak 124.05M) | Time:00:00.38 | Rendering 50 / 64 samples
Fra:36 Mem:120.89M (Peak 124.05M) | Time:00:00.40 | Rendering 64 / 64 samples
Fra:36 Mem:88.84M (Peak 133.98M) | Time:00:00.42 | Compositing
Saved: 'I:\工作项目\BIGMANFIGHT\角色资产\美术资产\bigman_v001\previews\anim\bstartfoot_front_f0036.png'
Time: 00:00.46 (Saving: 00:00.03)

Fra:40 Mem:120.89M (Peak 124.05M) | Time:00:00.30 | Rendering 1 / 64 samples
Fra:40 Mem:120.89M (Peak 124.05M) | Time:00:00.33 | Rendering 25 / 64 samples
Fra:40 Mem:120.89M (Peak 124.05M) | Time:00:00.37 | Rendering 50 / 64 samples
Fra:40 Mem:120.89M (Peak 124.05M) | Time:00:00.38 | Rendering 64 / 64 samples
Fra:40 Mem:88.84M (Peak 133.98M) | Time:00:00.40 | Compositing
Saved: 'I:\工作项目\BIGMANFIGHT\角色资产\美术资产\bigman_v001\previews\anim\bstartfoot_side_f0040.png'
Time: 00:00.45 (Saving: 00:00.04)

Fra:40 Mem:120.89M (Peak 124.05M) | Time:00:00.31 | Rendering 1 / 64 samples
Fra:40 Mem:120.89M (Peak 124.05M) | Time:00:00.34 | Rendering 25 / 64 samples
Fra:40 Mem:120.89M (Peak 124.05M) | Time:00:00.38 | Rendering 50 / 64 samples
Fra:40 Mem:120.89M (Peak 124.05M) | Time:00:00.40 | Rendering 64 / 64 samples
Fra:40 Mem:88.84M (Peak 133.98M) | Time:00:00.42 | Compositing
Saved: 'I:\工作项目\BIGMANFIGHT\角色资产\美术资产\bigman_v001\previews\anim\bstartfoot_front_f0040.png'
Time: 00:00.46 (Saving: 00:00.03)

Fra:44 Mem:120.89M (Peak 124.05M) | Time:00:00.30 | Rendering 1 / 64 samples
Fra:44 Mem:120.89M (Peak 124.05M) | Time:00:00.34 | Rendering 25 / 64 samples
Fra:44 Mem:120.89M (Peak 124.05M) | Time:00:00.37 | Rendering 50 / 64 samples
Fra:44 Mem:120.89M (Peak 124.05M) | Time:00:00.39 | Rendering 64 / 64 samples
Fra:44 Mem:88.84M (Peak 133.98M) | Time:00:00.41 | Compositing
Saved: 'I:\工作项目\BIGMANFIGHT\角色资产\美术资产\bigman_v001\previews\anim\bstartfoot_side_f0044.png'
Time: 00:00.45 (Saving: 00:00.03)

Fra:44 Mem:120.89M (Peak 124.05M) | Time:00:00.30 | Rendering 1 / 64 samples
Fra:44 Mem:120.89M (Peak 124.05M) | Time:00:00.33 | Rendering 25 / 64 samples
Fra:44 Mem:120.89M (Peak 124.05M) | Time:00:00.37 | Rendering 50 / 64 samples
Fra:44 Mem:120.89M (Peak 124.05M) | Time:00:00.39 | Rendering 64 / 64 samples
Fra:44 Mem:88.84M (Peak 133.98M) | Time:00:00.41 | Compositing
Saved: 'I:\工作项目\BIGMANFIGHT\角色资产\美术资产\bigman_v001\previews\anim\bstartfoot_front_f0044.png'
Time: 00:00.45 (Saving: 00:00.03)

Fra:46 Mem:120.89M (Peak 124.05M) | Time:00:00.31 | Rendering 1 / 64 samples
Fra:46 Mem:120.89M (Peak 124.05M) | Time:00:00.34 | Rendering 25 / 64 samples
Fra:46 Mem:120.89M (Peak 124.05M) | Time:00:00.38 | Rendering 50 / 64 samples
Fra:46 Mem:120.89M (Peak 124.05M) | Time:00:00.40 | Rendering 64 / 64 samples
Fra:46 Mem:88.84M (Peak 133.98M) | Time:00:00.42 | Compositing
Saved: 'I:\工作项目\BIGMANFIGHT\角色资产\美术资产\bigman_v001\previews\anim\bstartfoot_side_f0046.png'
Time: 00:00.46 (Saving: 00:00.03)

Fra:46 Mem:120.89M (Peak 124.05M) | Time:00:00.24 | Rendering 1 / 64 samples
Fra:46 Mem:120.89M (Peak 124.05M) | Time:00:00.28 | Rendering 25 / 64 samples
Fra:46 Mem:120.89M (Peak 124.05M) | Time:00:00.31 | Rendering 50 / 64 samples
Fra:46 Mem:120.89M (Peak 124.05M) | Time:00:00.33 | Rendering 64 / 64 samples
Fra:46 Mem:88.84M (Peak 133.98M) | Time:00:00.35 | Compositing
Saved: 'I:\工作项目\BIGMANFIGHT\角色资产\美术资产\bigman_v001\previews\anim\bstartfoot_front_f0046.png'
Time: 00:00.39 (Saving: 00:00.03)

Fra:48 Mem:120.89M (Peak 124.05M) | Time:00:00.28 | Rendering 1 / 64 samples
Fra:48 Mem:120.89M (Peak 124.05M) | Time:00:00.31 | Rendering 25 / 64 samples
Fra:48 Mem:120.89M (Peak 124.05M) | Time:00:00.35 | Rendering 50 / 64 samples
Fra:48 Mem:120.89M (Peak 124.05M) | Time:00:00.37 | Rendering 64 / 64 samples
Fra:48 Mem:88.84M (Peak 133.98M) | Time:00:00.39 | Compositing
Saved: 'I:\工作项目\BIGMANFIGHT\角色资产\美术资产\bigman_v001\previews\anim\bstartfoot_side_f0048.png'
Time: 00:00.44 (Saving: 00:00.04)

Fra:48 Mem:120.89M (Peak 124.05M) | Time:00:00.29 | Rendering 1 / 64 samples
Fra:48 Mem:120.89M (Peak 124.05M) | Time:00:00.32 | Rendering 25 / 64 samples
Fra:48 Mem:120.89M (Peak 124.05M) | Time:00:00.36 | Rendering 50 / 64 samples
Fra:48 Mem:120.89M (Peak 124.05M) | Time:00:00.38 | Rendering 64 / 64 samples
Fra:48 Mem:88.84M (Peak 133.98M) | Time:00:00.40 | Compositing
Saved: 'I:\工作项目\BIGMANFIGHT\角色资产\美术资产\bigman_v001\previews\anim\bstartfoot_front_f0048.png'
Time: 00:00.44 (Saving: 00:00.03)

Fra:52 Mem:120.89M (Peak 124.05M) | Time:00:00.31 | Rendering 1 / 64 samples
Fra:52 Mem:120.89M (Peak 124.05M) | Time:00:00.34 | Rendering 25 / 64 samples
Fra:52 Mem:120.89M (Peak 124.05M) | Time:00:00.38 | Rendering 50 / 64 samples
Fra:52 Mem:120.89M (Peak 124.05M) | Time:00:00.39 | Rendering 64 / 64 samples
Fra:52 Mem:88.84M (Peak 133.98M) | Time:00:00.41 | Compositing
Saved: 'I:\工作项目\BIGMANFIGHT\角色资产\美术资产\bigman_v001\previews\anim\bstartfoot_side_f0052.png'
Time: 00:00.46 (Saving: 00:00.03)

Fra:52 Mem:120.89M (Peak 124.05M) | Time:00:00.31 | Rendering 1 / 64 samples
Fra:52 Mem:120.89M (Peak 124.05M) | Time:00:00.35 | Rendering 25 / 64 samples
Fra:52 Mem:120.89M (Peak 124.05M) | Time:00:00.38 | Rendering 50 / 64 samples
Fra:52 Mem:120.89M (Peak 124.05M) | Time:00:00.40 | Rendering 64 / 64 samples
Fra:52 Mem:88.84M (Peak 133.98M) | Time:00:00.42 | Compositing
Saved: 'I:\工作项目\BIGMANFIGHT\角色资产\美术资产\bigman_v001\previews\anim\bstartfoot_front_f0052.png'
Time: 00:00.46 (Saving: 00:00.03)

Fra:56 Mem:120.89M (Peak 124.05M) | Time:00:00.30 | Rendering 1 / 64 samples
Fra:56 Mem:120.89M (Peak 124.05M) | Time:00:00.34 | Rendering 25 / 64 samples
Fra:56 Mem:120.89M (Peak 124.05M) | Time:00:00.37 | Rendering 50 / 64 samples
Fra:56 Mem:120.89M (Peak 124.05M) | Time:00:00.39 | Rendering 64 / 64 samples
Fra:56 Mem:88.84M (Peak 133.98M) | Time:00:00.41 | Compositing
Saved: 'I:\工作项目\BIGMANFIGHT\角色资产\美术资产\bigman_v001\previews\anim\bstartfoot_side_f0056.png'
Time: 00:00.45 (Saving: 00:00.03)

Fra:56 Mem:120.89M (Peak 124.05M) | Time:00:00.31 | Rendering 1 / 64 samples
Fra:56 Mem:120.89M (Peak 124.05M) | Time:00:00.34 | Rendering 25 / 64 samples
Fra:56 Mem:120.89M (Peak 124.05M) | Time:00:00.38 | Rendering 50 / 64 samples
Fra:56 Mem:120.89M (Peak 124.05M) | Time:00:00.40 | Rendering 64 / 64 samples
Fra:56 Mem:88.84M (Peak 133.98M) | Time:00:00.42 | Compositing
Saved: 'I:\工作项目\BIGMANFIGHT\角色资产\美术资产\bigman_v001\previews\anim\bstartfoot_front_f0056.png'
Time: 00:00.46 (Saving: 00:00.03)

Fra:62 Mem:120.89M (Peak 124.05M) | Time:00:00.30 | Rendering 1 / 64 samples
Fra:62 Mem:120.89M (Peak 124.05M) | Time:00:00.33 | Rendering 25 / 64 samples
Fra:62 Mem:120.89M (Peak 124.05M) | Time:00:00.37 | Rendering 50 / 64 samples
Fra:62 Mem:120.89M (Peak 124.05M) | Time:00:00.38 | Rendering 64 / 64 samples
Fra:62 Mem:88.84M (Peak 133.98M) | Time:00:00.40 | Compositing
Saved: 'I:\工作项目\BIGMANFIGHT\角色资产\美术资产\bigman_v001\previews\anim\bstartfoot_side_f0062.png'
Time: 00:00.44 (Saving: 00:00.03)

Fra:62 Mem:120.89M (Peak 124.05M) | Time:00:00.30 | Rendering 1 / 64 samples
Fra:62 Mem:120.89M (Peak 124.05M) | Time:00:00.33 | Rendering 25 / 64 samples
Fra:62 Mem:120.89M (Peak 124.05M) | Time:00:00.37 | Rendering 50 / 64 samples
Fra:62 Mem:120.89M (Peak 124.05M) | Time:00:00.39 | Rendering 64 / 64 samples
Fra:62 Mem:88.84M (Peak 133.98M) | Time:00:00.41 | Compositing
Saved: 'I:\工作项目\BIGMANFIGHT\角色资产\美术资产\bigman_v001\previews\anim\bstartfoot_front_f0062.png'
Time: 00:00.45 (Saving: 00:00.03)

Fra:68 Mem:120.89M (Peak 124.05M) | Time:00:00.30 | Rendering 1 / 64 samples
Fra:68 Mem:120.89M (Peak 124.05M) | Time:00:00.33 | Rendering 25 / 64 samples
Fra:68 Mem:120.89M (Peak 124.05M) | Time:00:00.37 | Rendering 50 / 64 samples
Fra:68 Mem:120.89M (Peak 124.05M) | Time:00:00.39 | Rendering 64 / 64 samples
Fra:68 Mem:88.84M (Peak 133.98M) | Time:00:00.40 | Compositing
Saved: 'I:\工作项目\BIGMANFIGHT\角色资产\美术资产\bigman_v001\previews\anim\bstartfoot_side_f0068.png'
Time: 00:00.44 (Saving: 00:00.03)

Fra:68 Mem:120.89M (Peak 124.05M) | Time:00:00.29 | Rendering 1 / 64 samples
Fra:68 Mem:120.89M (Peak 124.05M) | Time:00:00.33 | Rendering 25 / 64 samples
Fra:68 Mem:120.89M (Peak 124.05M) | Time:00:00.36 | Rendering 50 / 64 samples
Fra:68 Mem:120.89M (Peak 124.05M) | Time:00:00.38 | Rendering 64 / 64 samples
Fra:68 Mem:88.84M (Peak 133.98M) | Time:00:00.40 | Compositing
Saved: 'I:\工作项目\BIGMANFIGHT\角色资产\美术资产\bigman_v001\previews\anim\bstartfoot_front_f0068.png'
Time: 00:00.44 (Saving: 00:00.03)

Fra:74 Mem:120.89M (Peak 124.05M) | Time:00:00.30 | Rendering 1 / 64 samples
Fra:74 Mem:120.89M (Peak 124.05M) | Time:00:00.34 | Rendering 25 / 64 samples
Fra:74 Mem:120.89M (Peak 124.05M) | Time:00:00.37 | Rendering 50 / 64 samples
Fra:74 Mem:120.89M (Peak 124.05M) | Time:00:00.39 | Rendering 64 / 64 samples
Fra:74 Mem:88.84M (Peak 133.98M) | Time:00:00.41 | Compositing
Saved: 'I:\工作项目\BIGMANFIGHT\角色资产\美术资产\bigman_v001\previews\anim\bstartfoot_side_f0074.png'
Time: 00:00.45 (Saving: 00:00.03)

Fra:74 Mem:120.89M (Peak 124.05M) | Time:00:00.31 | Rendering 1 / 64 samples
Fra:74 Mem:120.89M (Peak 124.05M) | Time:00:00.34 | Rendering 25 / 64 samples
Fra:74 Mem:120.89M (Peak 124.05M) | Time:00:00.38 | Rendering 50 / 64 samples
Fra:74 Mem:120.89M (Peak 124.05M) | Time:00:00.40 | Rendering 64 / 64 samples
Fra:74 Mem:88.84M (Peak 133.98M) | Time:00:00.42 | Compositing
Saved: 'I:\工作项目\BIGMANFIGHT\角色资产\美术资产\bigman_v001\previews\anim\bstartfoot_front_f0074.png'
Time: 00:00.46 (Saving: 00:00.03)

Fra:80 Mem:120.89M (Peak 124.05M) | Time:00:00.28 | Rendering 1 / 64 samples
Fra:80 Mem:120.89M (Peak 124.05M) | Time:00:00.32 | Rendering 25 / 64 samples
Fra:80 Mem:120.89M (Peak 124.05M) | Time:00:00.35 | Rendering 50 / 64 samples
Fra:80 Mem:120.89M (Peak 124.05M) | Time:00:00.37 | Rendering 64 / 64 samples
Fra:80 Mem:88.84M (Peak 133.98M) | Time:00:00.39 | Compositing
Saved: 'I:\工作项目\BIGMANFIGHT\角色资产\美术资产\bigman_v001\previews\anim\bstartfoot_side_f0080.png'
Time: 00:00.43 (Saving: 00:00.03)

Fra:80 Mem:120.89M (Peak 124.05M) | Time:00:00.29 | Rendering 1 / 64 samples
Fra:80 Mem:120.89M (Peak 124.05M) | Time:00:00.32 | Rendering 25 / 64 samples
Fra:80 Mem:120.89M (Peak 124.05M) | Time:00:00.36 | Rendering 50 / 64 samples
Fra:80 Mem:120.89M (Peak 124.05M) | Time:00:00.38 | Rendering 64 / 64 samples
Fra:80 Mem:88.84M (Peak 133.98M) | Time:00:00.40 | Compositing
Saved: 'I:\工作项目\BIGMANFIGHT\角色资产\美术资产\bigman_v001\previews\anim\bstartfoot_front_f0080.png'
Time: 00:00.44 (Saving: 00:00.03)

Fra:88 Mem:120.89M (Peak 124.05M) | Time:00:00.31 | Rendering 1 / 64 samples
Fra:88 Mem:120.89M (Peak 124.05M) | Time:00:00.34 | Rendering 25 / 64 samples
Fra:88 Mem:120.89M (Peak 124.05M) | Time:00:00.38 | Rendering 50 / 64 samples
Fra:88 Mem:120.89M (Peak 124.05M) | Time:00:00.40 | Rendering 64 / 64 samples
Fra:88 Mem:88.84M (Peak 133.98M) | Time:00:00.42 | Compositing
Saved: 'I:\工作项目\BIGMANFIGHT\角色资产\美术资产\bigman_v001\previews\anim\bstartfoot_side_f0088.png'
Time: 00:00.45 (Saving: 00:00.03)

Fra:88 Mem:120.89M (Peak 124.05M) | Time:00:00.29 | Rendering 1 / 64 samples
Fra:88 Mem:120.89M (Peak 124.05M) | Time:00:00.33 | Rendering 25 / 64 samples
Fra:88 Mem:120.89M (Peak 124.05M) | Time:00:00.36 | Rendering 50 / 64 samples
Fra:88 Mem:120.89M (Peak 124.05M) | Time:00:00.38 | Rendering 64 / 64 samples
Fra:88 Mem:88.84M (Peak 133.98M) | Time:00:00.41 | Compositing
Saved: 'I:\工作项目\BIGMANFIGHT\角色资产\美术资产\bigman_v001\previews\anim\bstartfoot_front_f0088.png'
Time: 00:00.46 (Saving: 00:00.03)

Fra:96 Mem:120.89M (Peak 124.05M) | Time:00:00.31 | Rendering 1 / 64 samples
Fra:96 Mem:120.89M (Peak 124.05M) | Time:00:00.34 | Rendering 25 / 64 samples
Fra:96 Mem:120.89M (Peak 124.05M) | Time:00:00.38 | Rendering 50 / 64 samples
Fra:96 Mem:120.89M (Peak 124.05M) | Time:00:00.40 | Rendering 64 / 64 samples
Fra:96 Mem:88.84M (Peak 133.98M) | Time:00:00.42 | Compositing
Saved: 'I:\工作项目\BIGMANFIGHT\角色资产\美术资产\bigman_v001\previews\anim\bstartfoot_side_f0096.png'
Time: 00:00.46 (Saving: 00:00.03)

Fra:96 Mem:120.89M (Peak 124.05M) | Time:00:00.30 | Rendering 1 / 64 samples
Fra:96 Mem:120.89M (Peak 124.05M) | Time:00:00.34 | Rendering 25 / 64 samples
Fra:96 Mem:120.89M (Peak 124.05M) | Time:00:00.37 | Rendering 50 / 64 samples
Fra:96 Mem:120.89M (Peak 124.05M) | Time:00:00.39 | Rendering 64 / 64 samples
Fra:96 Mem:88.84M (Peak 133.98M) | Time:00:00.41 | Compositing
Saved: 'I:\工作项目\BIGMANFIGHT\角色资产\美术资产\bigman_v001\previews\anim\bstartfoot_front_f0096.png'
Time: 00:00.46 (Saving: 00:00.03)

Fra:0 Mem:109.80M (Peak 109.80M) | Time:00:00.14 | Rendering 1 / 64 samples
Fra:0 Mem:109.80M (Peak 109.80M) | Time:00:00.16 | Rendering 25 / 64 samples
Fra:0 Mem:109.80M (Peak 109.80M) | Time:00:00.19 | Rendering 50 / 64 samples
Fra:0 Mem:109.80M (Peak 109.80M) | Time:00:00.20 | Rendering 64 / 64 samples
Fra:0 Mem:80.04M (Peak 122.89M) | Time:00:00.22 | Compositing
Saved: 'I:\工作项目\BIGMANFIGHT\角色资产\美术资产\bigman_v001\previews\anim\bstartfoothand_front_f0000.png'
Time: 00:00.25 (Saving: 00:00.02)

Fra:6 Mem:109.79M (Peak 109.79M) | Time:00:00.14 | Rendering 1 / 64 samples
Fra:6 Mem:109.79M (Peak 109.79M) | Time:00:00.16 | Rendering 25 / 64 samples
Fra:6 Mem:109.79M (Peak 109.79M) | Time:00:00.18 | Rendering 50 / 64 samples
Fra:6 Mem:109.79M (Peak 109.79M) | Time:00:00.20 | Rendering 64 / 64 samples
Fra:6 Mem:80.04M (Peak 122.88M) | Time:00:00.21 | Compositing
Saved: 'I:\工作项目\BIGMANFIGHT\角色资产\美术资产\bigman_v001\previews\anim\bstartfoothand_front_f0006.png'
Time: 00:00.25 (Saving: 00:00.02)

Fra:12 Mem:109.79M (Peak 109.79M) | Time:00:00.14 | Rendering 1 / 64 samples
Fra:12 Mem:109.79M (Peak 109.79M) | Time:00:00.16 | Rendering 25 / 64 samples
Fra:12 Mem:109.79M (Peak 109.79M) | Time:00:00.18 | Rendering 50 / 64 samples
Fra:12 Mem:109.79M (Peak 109.79M) | Time:00:00.20 | Rendering 64 / 64 samples
Fra:12 Mem:80.04M (Peak 122.88M) | Time:00:00.22 | Compositing
Saved: 'I:\工作项目\BIGMANFIGHT\角色资产\美术资产\bigman_v001\previews\anim\bstartfoothand_front_f0012.png'
Time: 00:00.25 (Saving: 00:00.03)

Fra:18 Mem:109.79M (Peak 109.79M) | Time:00:00.13 | Rendering 1 / 64 samples
Fra:18 Mem:109.79M (Peak 109.79M) | Time:00:00.15 | Rendering 25 / 64 samples
Fra:18 Mem:109.79M (Peak 109.79M) | Time:00:00.17 | Rendering 50 / 64 samples
Fra:18 Mem:109.79M (Peak 109.79M) | Time:00:00.19 | Rendering 64 / 64 samples
Fra:18 Mem:80.03M (Peak 122.88M) | Time:00:00.21 | Compositing
Saved: 'I:\工作项目\BIGMANFIGHT\角色资产\美术资产\bigman_v001\previews\anim\bstartfoothand_front_f0018.png'
Time: 00:00.24 (Saving: 00:00.02)

Fra:24 Mem:109.79M (Peak 109.79M) | Time:00:00.14 | Rendering 1 / 64 samples
Fra:24 Mem:109.79M (Peak 109.79M) | Time:00:00.16 | Rendering 25 / 64 samples
Fra:24 Mem:109.79M (Peak 109.79M) | Time:00:00.19 | Rendering 50 / 64 samples
Fra:24 Mem:109.79M (Peak 109.79M) | Time:00:00.20 | Rendering 64 / 64 samples
Fra:24 Mem:80.03M (Peak 122.88M) | Time:00:00.22 | Compositing
Saved: 'I:\工作项目\BIGMANFIGHT\角色资产\美术资产\bigman_v001\previews\anim\bstartfoothand_front_f0024.png'
Time: 00:00.25 (Saving: 00:00.02)

Fra:28 Mem:109.79M (Peak 109.79M) | Time:00:00.14 | Rendering 1 / 64 samples
Fra:28 Mem:109.79M (Peak 109.79M) | Time:00:00.17 | Rendering 25 / 64 samples
Fra:28 Mem:109.79M (Peak 109.79M) | Time:00:00.19 | Rendering 50 / 64 samples
Fra:28 Mem:109.79M (Peak 109.79M) | Time:00:00.21 | Rendering 64 / 64 samples
Fra:28 Mem:80.03M (Peak 122.88M) | Time:00:00.23 | Compositing
Saved: 'I:\工作项目\BIGMANFIGHT\角色资产\美术资产\bigman_v001\previews\anim\bstartfoothand_front_f0028.png'
Time: 00:00.27 (Saving: 00:00.03)

Fra:32 Mem:109.79M (Peak 109.79M) | Time:00:00.11 | Rendering 1 / 64 samples
Fra:32 Mem:109.79M (Peak 109.79M) | Time:00:00.14 | Rendering 25 / 64 samples
Fra:32 Mem:109.79M (Peak 109.79M) | Time:00:00.16 | Rendering 50 / 64 samples
Fra:32 Mem:109.79M (Peak 109.79M) | Time:00:00.18 | Rendering 64 / 64 samples
Fra:32 Mem:80.03M (Peak 122.88M) | Time:00:00.20 | Compositing
Saved: 'I:\工作项目\BIGMANFIGHT\角色资产\美术资产\bigman_v001\previews\anim\bstartfoothand_front_f0032.png'
Time: 00:00.23 (Saving: 00:00.02)

Fra:36 Mem:109.79M (Peak 109.79M) | Time:00:00.13 | Rendering 1 / 64 samples
Fra:36 Mem:109.79M (Peak 109.79M) | Time:00:00.16 | Rendering 25 / 64 samples
Fra:36 Mem:109.79M (Peak 109.79M) | Time:00:00.19 | Rendering 50 / 64 samples
Fra:36 Mem:109.79M (Peak 109.79M) | Time:00:00.20 | Rendering 64 / 64 samples
Fra:36 Mem:80.04M (Peak 122.88M) | Time:00:00.22 | Compositing
Saved: 'I:\工作项目\BIGMANFIGHT\角色资产\美术资产\bigman_v001\previews\anim\bstartfoothand_front_f0036.png'
Time: 00:00.25 (Saving: 00:00.03)

Fra:40 Mem:109.79M (Peak 109.79M) | Time:00:00.13 | Rendering 1 / 64 samples
Fra:40 Mem:109.79M (Peak 109.79M) | Time:00:00.15 | Rendering 25 / 64 samples
Fra:40 Mem:109.79M (Peak 109.79M) | Time:00:00.18 | Rendering 50 / 64 samples
Fra:40 Mem:109.79M (Peak 109.79M) | Time:00:00.19 | Rendering 64 / 64 samples
Fra:40 Mem:80.04M (Peak 122.88M) | Time:00:00.21 | Compositing
Saved: 'I:\工作项目\BIGMANFIGHT\角色资产\美术资产\bigman_v001\previews\anim\bstartfoothand_front_f0040.png'
Time: 00:00.25 (Saving: 00:00.03)

Fra:44 Mem:109.79M (Peak 109.79M) | Time:00:00.14 | Rendering 1 / 64 samples
Fra:44 Mem:109.79M (Peak 109.79M) | Time:00:00.16 | Rendering 25 / 64 samples
Fra:44 Mem:109.79M (Peak 109.79M) | Time:00:00.18 | Rendering 50 / 64 samples
Fra:44 Mem:109.79M (Peak 109.79M) | Time:00:00.20 | Rendering 64 / 64 samples
Fra:44 Mem:80.04M (Peak 122.88M) | Time:00:00.22 | Compositing
Saved: 'I:\工作项目\BIGMANFIGHT\角色资产\美术资产\bigman_v001\previews\anim\bstartfoothand_front_f0044.png'
Time: 00:00.26 (Saving: 00:00.03)

Fra:46 Mem:109.79M (Peak 109.79M) | Time:00:00.13 | Rendering 1 / 64 samples
Fra:46 Mem:109.79M (Peak 109.79M) | Time:00:00.15 | Rendering 25 / 64 samples
Fra:46 Mem:109.79M (Peak 109.79M) | Time:00:00.18 | Rendering 50 / 64 samples
Fra:46 Mem:109.79M (Peak 109.79M) | Time:00:00.19 | Rendering 64 / 64 samples
Fra:46 Mem:80.04M (Peak 122.88M) | Time:00:00.22 | Compositing
Saved: 'I:\工作项目\BIGMANFIGHT\角色资产\美术资产\bigman_v001\previews\anim\bstartfoothand_front_f0046.png'
Time: 00:00.25 (Saving: 00:00.03)

Fra:48 Mem:109.79M (Peak 109.79M) | Time:00:00.14 | Rendering 1 / 64 samples
Fra:48 Mem:109.79M (Peak 109.79M) | Time:00:00.17 | Rendering 25 / 64 samples
Fra:48 Mem:109.79M (Peak 109.79M) | Time:00:00.19 | Rendering 50 / 64 samples
Fra:48 Mem:109.79M (Peak 109.79M) | Time:00:00.21 | Rendering 64 / 64 samples
Fra:48 Mem:80.04M (Peak 122.88M) | Time:00:00.23 | Compositing
Saved: 'I:\工作项目\BIGMANFIGHT\角色资产\美术资产\bigman_v001\previews\anim\bstartfoothand_front_f0048.png'
Time: 00:00.26 (Saving: 00:00.02)

Fra:52 Mem:109.79M (Peak 109.79M) | Time:00:00.14 | Rendering 1 / 64 samples
Fra:52 Mem:109.79M (Peak 109.79M) | Time:00:00.16 | Rendering 25 / 64 samples
Fra:52 Mem:109.79M (Peak 109.79M) | Time:00:00.19 | Rendering 50 / 64 samples
Fra:52 Mem:109.79M (Peak 109.79M) | Time:00:00.20 | Rendering 64 / 64 samples
Fra:52 Mem:80.04M (Peak 122.88M) | Time:00:00.22 | Compositing
Saved: 'I:\工作项目\BIGMANFIGHT\角色资产\美术资产\bigman_v001\previews\anim\bstartfoothand_front_f0052.png'
Time: 00:00.25 (Saving: 00:00.02)

Fra:56 Mem:109.79M (Peak 109.79M) | Time:00:00.14 | Rendering 1 / 64 samples
Fra:56 Mem:109.79M (Peak 109.79M) | Time:00:00.17 | Rendering 25 / 64 samples
Fra:56 Mem:109.79M (Peak 109.79M) | Time:00:00.19 | Rendering 50 / 64 samples
Fra:56 Mem:109.79M (Peak 109.79M) | Time:00:00.20 | Rendering 64 / 64 samples
Fra:56 Mem:80.04M (Peak 122.88M) | Time:00:00.22 | Compositing
Saved: 'I:\工作项目\BIGMANFIGHT\角色资产\美术资产\bigman_v001\previews\anim\bstartfoothand_front_f0056.png'
Time: 00:00.26 (Saving: 00:00.03)

Fra:62 Mem:109.79M (Peak 109.79M) | Time:00:00.12 | Rendering 1 / 64 samples
Fra:62 Mem:109.79M (Peak 109.79M) | Time:00:00.15 | Rendering 25 / 64 samples
Fra:62 Mem:109.79M (Peak 109.79M) | Time:00:00.17 | Rendering 50 / 64 samples
Fra:62 Mem:109.79M (Peak 109.79M) | Time:00:00.19 | Rendering 64 / 64 samples
Fra:62 Mem:80.04M (Peak 122.88M) | Time:00:00.21 | Compositing
Saved: 'I:\工作项目\BIGMANFIGHT\角色资产\美术资产\bigman_v001\previews\anim\bstartfoothand_front_f0062.png'
Time: 00:00.24 (Saving: 00:00.02)

Fra:68 Mem:109.79M (Peak 109.79M) | Time:00:00.13 | Rendering 1 / 64 samples
Fra:68 Mem:109.79M (Peak 109.79M) | Time:00:00.16 | Rendering 25 / 64 samples
Fra:68 Mem:109.79M (Peak 109.79M) | Time:00:00.18 | Rendering 50 / 64 samples
Fra:68 Mem:109.79M (Peak 109.79M) | Time:00:00.20 | Rendering 64 / 64 samples
Fra:68 Mem:80.04M (Peak 122.88M) | Time:00:00.22 | Compositing
Saved: 'I:\工作项目\BIGMANFIGHT\角色资产\美术资产\bigman_v001\previews\anim\bstartfoothand_front_f0068.png'
Time: 00:00.25 (Saving: 00:00.02)

Fra:74 Mem:109.79M (Peak 109.79M) | Time:00:00.14 | Rendering 1 / 64 samples
Fra:74 Mem:109.79M (Peak 109.79M) | Time:00:00.16 | Rendering 25 / 64 samples
Fra:74 Mem:109.79M (Peak 109.79M) | Time:00:00.19 | Rendering 50 / 64 samples
Fra:74 Mem:109.79M (Peak 109.79M) | Time:00:00.20 | Rendering 64 / 64 samples
Fra:74 Mem:80.04M (Peak 122.88M) | Time:00:00.22 | Compositing
Saved: 'I:\工作项目\BIGMANFIGHT\角色资产\美术资产\bigman_v001\previews\anim\bstartfoothand_front_f0074.png'
Time: 00:00.26 (Saving: 00:00.03)

Fra:80 Mem:109.79M (Peak 109.79M) | Time:00:00.12 | Rendering 1 / 64 samples
Fra:80 Mem:109.79M (Peak 109.79M) | Time:00:00.14 | Rendering 25 / 64 samples
Fra:80 Mem:109.79M (Peak 109.79M) | Time:00:00.17 | Rendering 50 / 64 samples
Fra:80 Mem:109.79M (Peak 109.79M) | Time:00:00.18 | Rendering 64 / 64 samples
Fra:80 Mem:80.04M (Peak 122.88M) | Time:00:00.21 | Compositing
Saved: 'I:\工作项目\BIGMANFIGHT\角色资产\美术资产\bigman_v001\previews\anim\bstartfoothand_front_f0080.png'
Time: 00:00.25 (Saving: 00:00.03)

Fra:88 Mem:109.79M (Peak 109.79M) | Time:00:00.13 | Rendering 1 / 64 samples
Fra:88 Mem:109.79M (Peak 109.79M) | Time:00:00.15 | Rendering 25 / 64 samples
Fra:88 Mem:109.79M (Peak 109.79M) | Time:00:00.18 | Rendering 50 / 64 samples
Fra:88 Mem:109.79M (Peak 109.79M) | Time:00:00.19 | Rendering 64 / 64 samples
Fra:88 Mem:80.04M (Peak 122.88M) | Time:00:00.21 | Compositing
Saved: 'I:\工作项目\BIGMANFIGHT\角色资产\美术资产\bigman_v001\previews\anim\bstartfoothand_front_f0088.png'
Time: 00:00.25 (Saving: 00:00.02)

Fra:96 Mem:109.79M (Peak 109.79M) | Time:00:00.14 | Rendering 1 / 64 samples
Fra:96 Mem:109.79M (Peak 109.79M) | Time:00:00.17 | Rendering 25 / 64 samples
Fra:96 Mem:109.79M (Peak 109.79M) | Time:00:00.19 | Rendering 50 / 64 samples
Fra:96 Mem:109.79M (Peak 109.79M) | Time:00:00.21 | Rendering 64 / 64 samples
Fra:96 Mem:80.04M (Peak 122.88M) | Time:00:00.23 | Compositing
Saved: 'I:\工作项目\BIGMANFIGHT\角色资产\美术资产\bigman_v001\previews\anim\bstartfoothand_front_f0096.png'
Time: 00:00.26 (Saving: 00:00.02)


E05_DONE failed=['bstart_body_sink_ok', 'foot_lock_ok', 'ground_contact_ok', 'leg_reach_ok'] non_ok=['bstart_body_sink_ok', 'foot_lock_ok', 'ground_contact_ok', 'leg_reach_ok']

Blender quit
Error: Not freed memory blocks: 1, total unfreed memory 0.000008 MB
