Blender 4.5.0 (hash 8cb6b388974a built 2025-07-15 01:36:24)
Read blend: "I:\工作项目\BIGMANFIGHT\角色资产\美术资产\bigman_v001\bigman_anim_v001.blend"
Fra:0 Mem:83.24M (Peak 86.43M) | Time:00:00.61 | Rendering 1 / 64 samples
Fra:0 Mem:83.24M (Peak 86.43M) | Time:00:00.66 | Rendering 25 / 64 samples
Fra:0 Mem:83.24M (Peak 86.43M) | Time:00:00.71 | Rendering 50 / 64 samples
Fra:0 Mem:83.24M (Peak 86.43M) | Time:00:00.73 | Rendering 64 / 64 samples
Fra:0 Mem:51.20M (Peak 96.33M) | Time:00:00.75 | Compositing
Saved: 'I:\工作项目\BIGMANFIGHT\角色资产\美术资产\bigman_v001\previews\anim\light02_side_f0000.png'
Time: 00:00.80 (Saving: 00:00.04)

Fra:1 Mem:85.31M (Peak 88.47M) | Time:00:00.25 | Rendering 1 / 64 samples
Fra:1 Mem:85.31M (Peak 88.47M) | Time:00:00.29 | Rendering 25 / 64 samples
Fra:1 Mem:85.31M (Peak 88.47M) | Time:00:00.32 | Rendering 50 / 64 samples
Fra:1 Mem:85.31M (Peak 88.47M) | Time:00:00.35 | Rendering 64 / 64 samples
Fra:1 Mem:53.27M (Peak 98.40M) | Time:00:00.38 | Compositing
Saved: 'I:\工作项目\BIGMANFIGHT\角色资产\美术资产\bigman_v001\previews\anim\light02_side_f0001.png'
Time: 00:00.42 (Saving: 00:00.03)

Fra:3 Mem:85.31M (Peak 88.47M) | Time:00:00.22 | Rendering 1 / 64 samples
Fra:3 Mem:85.31M (Peak 88.47M) | Time:00:00.26 | Rendering 25 / 64 samples
Fra:3 Mem:85.31M (Peak 88.47M) | Time:00:00.31 | Rendering 50 / 64 samples
Fra:3 Mem:85.31M (Peak 88.47M) | Time:00:00.33 | Rendering 64 / 64 samples
Fra:3 Mem:53.27M (Peak 98.41M) | Time:00:00.35 | Compositing
Saved: 'I:\工作项目\BIGMANFIGHT\角色资产\美术资产\bigman_v001\previews\anim\light02_side_f0003.png'
Time: 00:00.38 (Saving: 00:00.03)

Fra:5 Mem:85.31M (Peak 88.47M) | Time:00:00.24 | Rendering 1 / 64 samples
Fra:5 Mem:85.31M (Peak 88.47M) | Time:00:00.27 | Rendering 25 / 64 samples
Fra:5 Mem:85.31M (Peak 88.47M) | Time:00:00.32 | Rendering 50 / 64 samples
Fra:5 Mem:85.31M (Peak 88.47M) | Time:00:00.34 | Rendering 64 / 64 samples
Fra:5 Mem:53.27M (Peak 98.41M) | Time:00:00.36 | Compositing
Saved: 'I:\工作项目\BIGMANFIGHT\角色资产\美术资产\bigman_v001\previews\anim\light02_side_f0005.png'
Time: 00:00.40 (Saving: 00:00.03)

Fra:8 Mem:85.31M (Peak 88.47M) | Time:00:00.24 | Rendering 1 / 64 samples
Fra:8 Mem:85.31M (Peak 88.47M) | Time:00:00.28 | Rendering 25 / 64 samples
Fra:8 Mem:85.31M (Peak 88.47M) | Time:00:00.32 | Rendering 50 / 64 samples
Fra:8 Mem:85.31M (Peak 88.47M) | Time:00:00.35 | Rendering 64 / 64 samples
Fra:8 Mem:53.27M (Peak 98.41M) | Time:00:00.37 | Compositing
Saved: 'I:\工作项目\BIGMANFIGHT\角色资产\美术资产\bigman_v001\previews\anim\light02_side_f0008.png'
Time: 00:00.41 (Saving: 00:00.03)

Fra:10 Mem:85.31M (Peak 88.47M) | Time:00:00.23 | Rendering 1 / 64 samples
Fra:10 Mem:85.31M (Peak 88.47M) | Time:00:00.27 | Rendering 25 / 64 samples
Fra:10 Mem:85.31M (Peak 88.47M) | Time:00:00.32 | Rendering 50 / 64 samples
Fra:10 Mem:85.31M (Peak 88.47M) | Time:00:00.34 | Rendering 64 / 64 samples
Fra:10 Mem:53.27M (Peak 98.41M) | Time:00:00.36 | Compositing
Saved: 'I:\工作项目\BIGMANFIGHT\角色资产\美术资产\bigman_v001\previews\anim\light02_side_f0010.png'
Time: 00:00.40 (Saving: 00:00.03)

Fra:13 Mem:85.31M (Peak 88.47M) | Time:00:00.25 | Rendering 1 / 64 samples
Fra:13 Mem:85.31M (Peak 88.47M) | Time:00:00.30 | Rendering 25 / 64 samples
Fra:13 Mem:85.31M (Peak 88.47M) | Time:00:00.33 | Rendering 50 / 64 samples
Fra:13 Mem:85.31M (Peak 88.47M) | Time:00:00.36 | Rendering 64 / 64 samples
Fra:13 Mem:53.27M (Peak 98.41M) | Time:00:00.38 | Compositing
Saved: 'I:\工作项目\BIGMANFIGHT\角色资产\美术资产\bigman_v001\previews\anim\light02_side_f0013.png'
Time: 00:00.42 (Saving: 00:00.03)

Fra:17 Mem:85.31M (Peak 88.47M) | Time:00:00.23 | Rendering 1 / 64 samples
Fra:17 Mem:85.31M (Peak 88.47M) | Time:00:00.27 | Rendering 25 / 64 samples
Fra:17 Mem:85.31M (Peak 88.47M) | Time:00:00.31 | Rendering 50 / 64 samples
Fra:17 Mem:85.31M (Peak 88.47M) | Time:00:00.33 | Rendering 64 / 64 samples
Fra:17 Mem:53.27M (Peak 98.41M) | Time:00:00.35 | Compositing
Saved: 'I:\工作项目\BIGMANFIGHT\角色资产\美术资产\bigman_v001\previews\anim\light02_side_f0017.png'
Time: 00:00.39 (Saving: 00:00.03)

Fra:22 Mem:85.31M (Peak 88.47M) | Time:00:00.23 | Rendering 1 / 64 samples
Fra:22 Mem:85.31M (Peak 88.47M) | Time:00:00.27 | Rendering 25 / 64 samples
Fra:22 Mem:85.31M (Peak 88.47M) | Time:00:00.31 | Rendering 50 / 64 samples
Fra:22 Mem:85.31M (Peak 88.47M) | Time:00:00.33 | Rendering 64 / 64 samples
Fra:22 Mem:53.27M (Peak 98.41M) | Time:00:00.35 | Compositing
Saved: 'I:\工作项目\BIGMANFIGHT\角色资产\美术资产\bigman_v001\previews\anim\light02_side_f0022.png'
Time: 00:00.40 (Saving: 00:00.03)

Fra:0 Mem:85.91M (Peak 89.06M) | Time:00:00.24 | Rendering 1 / 64 samples
Fra:0 Mem:85.91M (Peak 89.06M) | Time:00:00.29 | Rendering 25 / 64 samples
Fra:0 Mem:85.91M (Peak 89.06M) | Time:00:00.32 | Rendering 50 / 64 samples
Fra:0 Mem:85.91M (Peak 89.06M) | Time:00:00.35 | Rendering 64 / 64 samples
Fra:0 Mem:53.86M (Peak 99.59M) | Time:00:00.38 | Compositing
Saved: 'I:\工作项目\BIGMANFIGHT\角色资产\美术资产\bigman_v001\previews\anim\light02_front_f0000.png'
Time: 00:00.42 (Saving: 00:00.03)

Fra:8 Mem:85.91M (Peak 89.06M) | Time:00:00.24 | Rendering 1 / 64 samples
Fra:8 Mem:85.91M (Peak 89.06M) | Time:00:00.27 | Rendering 25 / 64 samples
Fra:8 Mem:85.91M (Peak 89.06M) | Time:00:00.32 | Rendering 50 / 64 samples
Fra:8 Mem:85.91M (Peak 89.06M) | Time:00:00.34 | Rendering 64 / 64 samples
Fra:8 Mem:53.86M (Peak 99.59M) | Time:00:00.36 | Compositing
Saved: 'I:\工作项目\BIGMANFIGHT\角色资产\美术资产\bigman_v001\previews\anim\light02_front_f0008.png'
Time: 00:00.40 (Saving: 00:00.03)

Fra:22 Mem:85.91M (Peak 89.06M) | Time:00:00.21 | Rendering 1 / 64 samples
Fra:22 Mem:85.91M (Peak 89.06M) | Time:00:00.25 | Rendering 25 / 64 samples
Fra:22 Mem:85.91M (Peak 89.06M) | Time:00:00.29 | Rendering 50 / 64 samples
Fra:22 Mem:85.91M (Peak 89.06M) | Time:00:00.31 | Rendering 64 / 64 samples
Fra:22 Mem:53.86M (Peak 99.59M) | Time:00:00.33 | Compositing
Saved: 'I:\工作项目\BIGMANFIGHT\角色资产\美术资产\bigman_v001\previews\anim\light02_front_f0022.png'
Time: 00:00.37 (Saving: 00:00.03)

Fra:8 Mem:85.31M (Peak 88.47M) | Time:00:00.26 | Rendering 1 / 64 samples
Fra:8 Mem:85.31M (Peak 88.47M) | Time:00:00.30 | Rendering 25 / 64 samples
Fra:8 Mem:85.31M (Peak 88.47M) | Time:00:00.34 | Rendering 50 / 64 samples
Fra:8 Mem:85.31M (Peak 88.47M) | Time:00:00.37 | Rendering 64 / 64 samples
Fra:8 Mem:53.27M (Peak 98.41M) | Time:00:00.39 | Compositing
Saved: 'I:\工作项目\BIGMANFIGHT\角色资产\美术资产\bigman_v001\previews\anim\light02_three_quarter_f0008.png'
Time: 00:00.43 (Saving: 00:00.03)

LIGHT02_IDLE_TRUTH {"ankle_mm": {"L": [143.18, -169.57, 79.76], "R": [-141.58, 140.43, 79.83]}, "punch_hand": "R", "guard_fist_mm": [-129.6, -273.5, 1298.2], "guard_reach_mm": 207.7, "guard_lateral_mm": -129.6, "guard_arm_euler_deg": {"upperarm.L": [-50.236, -13.165, -27.656], "forearm.L": [5.133, 13.268, -137.845], "hand.L": [2.54, -0.475, 21.177], "upperarm.R": [-50.055, 15.194, 31.887], "forearm.R": [2.701, -8.9, 146.292], "hand.R": [8.506, 1.855, -24.558]}, "note": "前脚 L（踝 y −169.6 vs +140.4，与 B01 逐位一致）⟹ 出拳手 = 后手 = R"}
LIGHT02_STRIKE_TRUTH {"strike_arm_euler_deg": {"upperarm.L": [-58.99, -20.32, -35.15], "forearm.L": [-8.39, -28.46, -147.73], "hand.L": [9.59, -1.46, 17.27], "upperarm.R": [5.39, -3.68, 68.61], "forearm.R": [17.0, -3.84, 25.27], "hand.R": [-0.94, 0.07, 8.96]}, "euler_delta_from_guard_deg": {"upperarm.L": [-8.75, -7.15, -7.5], "forearm.L": [-13.52, -41.73, -9.88], "hand.L": [7.04, -0.98, -3.91], "upperarm.R": [55.44, -18.87, 36.73], "forearm.R": [14.3, 5.06, -121.02], "hand.R": [-9.45, -1.78, 33.52]}, "worst_component_delta_deg": 121.02, "worst_component_bone": "forearm.R", "max_abs_euler_y_deg": 28.46, "y_health_ok": true, "predicted_peak_step_deg_out_8": 17.23, "predicted_recover_first_step_deg": 15.64, "limit_deg": 25.0, "note": "|Y| < 45° ⟹ 不需换等价族。**★ 镜像**：右臂 rz>0 = 向前，本支 strike 的 forearm.R rz 由 +146.3 扫到 +25.3（−121.0°）—— 符号关系与 B01 的左臂相反，别照抄"}
LIGHT02_LAST_FRAME {"adjusted_bones": {}, "threshold_deg": 8.0, "note": "末尾整帧取 Idle_01@0 成品；只在欧拉表示离 f21 >8° 时折等价族"}
LIGHT02_ARM_EULER {"max_abs_euler_y_deg": 28.46, "per_bone_y_deg": {"upperarm.L": 20.3, "forearm.L": 28.5, "hand.L": 1.5, "upperarm.R": 15.2, "forearm.R": 8.9, "hand.R": 1.9}, "note": "逐分量插欧拉（不读骨骼、无反馈）；|Y| 只作万向节锁健康度体检"}
LIGHT02_REPORT {"loop_seamless": null, "foot_travel_mm_toe.L": 0.02, "no_foot_slide_toe.L": true, "foot_travel_mm_toe.R": 0.02, "no_foot_slide_toe.R": true, "ground_min_mm": -1.11, "ground_contact_ok": true, "max_frame_step_deg": 17.227, "max_frame_step_at": [8, "forearm.R"], "no_teleport": true, "bone_travel_mm": {"pelvis": 32.86, "chest": 48.06, "head": 72.12, "hand.L": 123.24, "hand.R": 551.17}, "first_frame_delta": 0.0, "last_frame_delta": 0.0, "guard_endpoints_ok": true, "hit_reach_punch_mm": 595.8, "hit_reach_guard_mm": 91.4, "back_minus_front_mm": 504.4, "back_hand_leads_ok": true, "lateral_series_mm": [-129.6, -187.3, -268.6, -341.9, -370.7, -301.2, -111.0, 118.1, 231.6, 231.6, 231.6, 242.7, 227.9, 196.5, 154.6, 106.4, 55.4, 5.2, -40.4, -78.1, -105.9, -123.1, -129.6], "lateral_delta_mm": 361.2, "fist_x_travel_mm": 374.6, "strike_reach_ok": true, "fist_travel_mm": 588.3, "fist_travel_vs_b01_mm": 159.3, "wrist_shoulder_radius_mm": [187.2, 229.5, 281.4, 335.6, 388.1, 436.2, 477.6, 510.3, 532.5, 532.5, 532.5, 512.8, 485.5, 452.7, 416.1, 377.7, 339.2, 302.2, 268.1, 238.3, 213.8, 196.0, 187.2], "arc_radius_span_ratio": 0.6484, "arc_radius_span_sternum_ratio": 0.5546, "shoulder_sweep_deg": 108.08, "shoulder_sweep_b01_deg": 47.6, "shoulder_sweep_ratio": 2.271, "shoulder_sweep_note": "门禁口径：以肩为轴的累计扫掠角 ≥ B01 直拳(47.6°)的 1.5 倍 —— 直拳沿臂轴径向捅出、该方向几乎不变；横拳绕肩横摆、方向必须真的转过去", "strike_arc_ok": true, "strike_arc_plan_metric_unreachable": {"plan_metric": "腕到肩半径全程变化 ≤25%", "b02_guard_radius_mm": 187.2, "b02_hit_radius_mm": 532.5, "b02_measured_ratio": 0.6484, "b01_measured_ratio": 0.6037, "why": "r(φ)=√(u²+f²−2uf·cos φ) 只由肘角决定：B02 架式 φ=33.4°→187 mm，命中 φ=148°→531 mm。要 ≤25% 需命中 φ≤45.5°＝肘几乎不许打开，与 strike_reach_ok(≥320 mm) 互斥；而 **B01 直拳自己也只有 0.6037**，远达不到 0.25 ⟹ 该口径连直拳都判红，不是在量弧线"}, "hip_peak_frame_deg": [6, 5.305], "shoulder_peak_frame_deg": [6, 7.621], "hip_shoulder_frame_gap": 0, "hip_shoulder_same_direction": true, "hip_shoulder_sync_ok": true, "arm_peak_step_frame": 8, "arm_peak_step_deg": 17.227, "heavier_channels": {"peak_speed_ge_b01": false, "fist_travel_gt_b01": true, "hitstop_ge_3": true}, "heavier_than_b01_ok": true, "hitstop_frozen_steps": 2, "hitstop_frames": 3, "hitstop_frozen_delta_deg": 0.0, "hitstop_window": [8, 10], "hitstop_present": true, "markers": {"GUARD": 0, "ANTIC": 1, "ANTIC_END": 5, "HIT": 8, "HITSTOP_END": 10, "RECOV": 10, "CANCEL": 13, "END": 22}, "cancel_off_guard_mm": 483.9, "cancel_hit_off_guard_mm": 588.3, "cancel_marker_ok": true, "pelvis_xy_span_mm": 32.31, "pelvis_xy_net_mm": 0.0, "pelvis_forward_peak_mm": -30.0, "pelvis_small_move_ok": true, "feet_pinned_mm": {"L": 0.024, "R": 0.023}, "feet_pinned_ok": true, "sole_min_mm": -1.11, "sole_max_mm": -0.96, "z_off_mm": {"L": 0.0, "R": 0.0}, "planted_z_off_reuse": "不沿用 A13 的 z_off —— 本支膝弯只随髋转被动改变，实测鞋底本就在 −2~+6", "power_chain_ranges_deg": {"foot": 16.337, "leg": 11.578, "hip": 16.165, "waist": 17.171, "shoulder": 23.197, "hand": 121.019}, "power_chain_peak_frames": {"foot": 6, "leg": 6, "hip": 6, "waist": 6, "shoulder": 6, "hand": 8}, "power_chain_timing_ok": true, "power_chain_scale": "出拳量级：时序判据（不是 A10 的蹬地尺子）", "power_chain_ok": true, "tail_deg_per_frame": [10.11628, 8.98525, 7.74451, 6.34499, 4.68011, 2.32785], "tail_worst_bone": ["forearm.R", "forearm.R", "forearm.R", "forearm.R", "forearm.R", "forearm.R"], "decel_smooth_ok": true, "no_snap_stop_ok": true, "recover_first_step_deg": 15.636, "strike_peak_leads_recover_deg": 1.591, "no_teleport_budget_left_deg": 7.773, "windup_coil_frame": 3, "windup_chamber_mm": 128.1, "windup_draw_mm": {"x_lateral": -216.4, "y_forward": -47.4, "z": -72.9}, "windup_chamber_ok": true, "windup_reverse_prep_deg": {"shoulder.R": [-9.0, 14.0], "chest": [-7.0, 10.0], "pelvis": [-6.05, 10.0]}, "windup_reverse_prep_ok": true, "ankle_target_error_mm": 0.024, "ik_reach_ok": true, "leg_reach_limit_mm": 822.0, "leg_reach_max_mm": {"L": 773.3, "R": 768.2}, "leg_reach_headroom_mm": {"L": 48.7, "R": 53.8}, "leg_reach_ok": true, "knee_bend_span_deg": {"L": 3.97, "R": 1.25}, "knee_bend_note": "体检项：横拳是上身动作，膝只随骨盆前送/髋转的 IK 被动改变", "last_step_move_mm": {"hand.R.tail": 15.87, "hand.L.tail": 1.89, "upperarm.R.tail": 7.02}, "last_step_move_ok": true, "hit_point_m": [0.245, -0.7249, 1.2531], "hit_point_from_sternum_mm": [231.6, -595.8, -100.1], "antic_frame": 5, "hit_frame": 8, "cancel_frame": 13, "hitstop_frame_span": [8, 10], "punch_hand": "R", "meta": {"anim_id": "Light_02", "loop": false, "category": "普通攻击", "note": "轻拳2 后手横拳：clock 0~8 后手横摆过身体中线（肘 → 近乎伸直，峰值步长在末帧），髋/胸先反向扭 −16/−21° 再前送 +16/+21°（肩髋联动），上臂 rz 反向预载造「拳后收」，f8 命中（横向位移 ≥320 mm）、f8~f10 冻结 **3 帧**、f10~f22 单调衰减收回护体架势", "antic_frame": 5, "hit_frame": 8, "cancel_frame": 13, "hitstop_frames": 3, "root_motion_m": [0.0, 0.0], "hitstop_span": [8, 10], "motion_clock_hold_frames": 2, "punch_hand": "R", "link_prev": "Idle_01@0（首帧逐位相等；接 B01 Light_01 末帧）", "link_next": "Idle_01@0（末帧逐位相等）→ B03 Light_03 重摆拳/勾拳", "power_chain_scale_note": "出拳量级：时序判据 t_髋 ≤ t_肩 ≤ t_手（非 A10 蹬地尺子）", "fps": 60, "frames": [0, 22]}, "skipped_gates": [], "failed": []}
Info: Saved as "bigman_anim_v001.blend"
INFO Draco mesh compression is available, use library at D:\Program Files\Blender Foundation\Blender 4.5\4.5\scripts\addons_core\io_scene_gltf2\extern_draco.dll
19:24:53 | INFO: Starting glTF 2.0 export
19:24:53 | INFO: Extracting primitive: Mesh
19:24:53 | INFO: Primitives created: 1
19:24:53 | INFO: Extracting primitive: Mesh
19:24:53 | INFO: Primitives created: 1
19:24:53 | INFO: Extracting primitive: Collar_Point_L
19:24:53 | INFO: Primitives created: 1
19:24:53 | INFO: Extracting primitive: Collar_Point_R
19:24:53 | INFO: Primitives created: 1
19:24:53 | INFO: Extracting primitive: Ear_Inner_L
19:24:53 | INFO: Primitives created: 1
19:24:53 | INFO: Extracting primitive: Ear_Inner_R
19:24:53 | INFO: Primitives created: 1
19:24:53 | INFO: Extracting primitive: Ear_L
19:24:53 | INFO: Primitives created: 1
19:24:53 | INFO: Extracting primitive: Ear_Lobe_L
19:24:53 | INFO: Primitives created: 1
19:24:53 | INFO: Extracting primitive: Ear_Lobe_R
19:24:53 | INFO: Primitives created: 1
19:24:53 | INFO: Extracting primitive: Ear_R
19:24:53 | INFO: Primitives created: 1
19:24:53 | INFO: Extracting primitive: Eye_Glint_L
19:24:53 | INFO: Primitives created: 1
19:24:53 | INFO: Extracting primitive: Eye_Glint_R
19:24:53 | INFO: Primitives created: 1
19:24:53 | INFO: Extracting primitive: Eye_Line_Upper_L
19:24:53 | INFO: Primitives created: 1
19:24:53 | INFO: Extracting primitive: Eye_Line_Upper_R
19:24:53 | INFO: Primitives created: 1
19:24:53 | INFO: Extracting primitive: Eye_White_L
19:24:53 | INFO: Primitives created: 1
19:24:53 | INFO: Extracting primitive: Eye_White_R
19:24:53 | INFO: Primitives created: 1
19:24:53 | INFO: Extracting primitive: Eyebrow_L
19:24:53 | INFO: Primitives created: 1
19:24:53 | INFO: Extracting primitive: Eyebrow_R
19:24:53 | INFO: Primitives created: 1
19:24:53 | INFO: Extracting primitive: Eyelid_Lower_L
19:24:53 | INFO: Primitives created: 1
19:24:53 | INFO: Extracting primitive: Eyelid_Lower_R
19:24:53 | INFO: Primitives created: 1
19:24:53 | INFO: Extracting primitive: Eyelid_Upper_L
19:24:53 | INFO: Primitives created: 1
19:24:53 | INFO: Extracting primitive: Eyelid_Upper_R
19:24:53 | INFO: Primitives created: 1
19:24:53 | INFO: Extracting primitive: Mesh
19:24:53 | INFO: Primitives created: 1
19:24:53 | INFO: Extracting primitive: Mesh
19:24:53 | INFO: Primitives created: 1
19:24:53 | INFO: Extracting primitive: Mesh
19:24:53 | INFO: Primitives created: 1
19:24:53 | INFO: Extracting primitive: Mesh
19:24:53 | INFO: Primitives created: 1
19:24:53 | INFO: Extracting primitive: Mesh
19:24:53 | INFO: Primitives created: 1
19:24:53 | INFO: Extracting primitive: Mesh
19:24:53 | INFO: Primitives created: 1
19:24:53 | INFO: Extracting primitive: Mesh
19:24:53 | INFO: Primitives created: 1
19:24:53 | INFO: Extracting primitive: Mesh
19:24:53 | INFO: Primitives created: 1
19:24:53 | INFO: Extracting primitive: Glasses_Bridge
19:24:53 | INFO: Primitives created: 1
19:24:53 | INFO: Extracting primitive: Glasses_Frame_L
19:24:53 | INFO: Primitives created: 1
19:24:53 | INFO: Extracting primitive: Glasses_Frame_R
19:24:53 | INFO: Primitives created: 1
19:24:53 | INFO: Extracting primitive: Glasses_Temple_L
19:24:53 | INFO: Primitives created: 1
19:24:53 | INFO: Extracting primitive: Glasses_Temple_R
19:24:53 | INFO: Primitives created: 1
19:24:53 | INFO: Extracting primitive: Mesh
19:24:53 | INFO: Primitives created: 1
19:24:53 | INFO: Extracting primitive: Mesh
19:24:53 | INFO: Primitives created: 1
19:24:53 | INFO: Extracting primitive: Mesh
19:24:53 | INFO: Primitives created: 1
19:24:53 | INFO: Extracting primitive: Mesh
19:24:54 | INFO: Primitives created: 1
19:24:54 | INFO: Extracting primitive: Mesh
19:24:54 | INFO: Primitives created: 1
19:24:54 | INFO: Extracting primitive: Iris_L
19:24:54 | INFO: Primitives created: 1
19:24:54 | INFO: Extracting primitive: Iris_R
19:24:54 | INFO: Primitives created: 1
19:24:54 | INFO: Extracting primitive: Iris_Ring_L
19:24:54 | INFO: Primitives created: 1
19:24:54 | INFO: Extracting primitive: Iris_Ring_R
19:24:54 | INFO: Primitives created: 1
19:24:54 | INFO: Extracting primitive: Jacket_Back_Seam
19:24:54 | INFO: Primitives created: 1
19:24:54 | INFO: Extracting primitive: Jacket_Button_1
19:24:54 | INFO: Primitives created: 1
19:24:54 | INFO: Extracting primitive: Jacket_Button_2
19:24:54 | INFO: Primitives created: 1
19:24:54 | INFO: Extracting primitive: Jacket_Collar
19:24:54 | INFO: Primitives created: 1
19:24:54 | INFO: Extracting primitive: Jacket_Lapel_L
19:24:54 | INFO: Primitives created: 1
19:24:54 | INFO: Extracting primitive: Jacket_Lapel_R
19:24:54 | INFO: Primitives created: 1
19:24:54 | INFO: Extracting primitive: Jacket_Vent
19:24:54 | INFO: Primitives created: 1
19:24:54 | INFO: Extracting primitive: Lapel_Fold_L
19:24:54 | INFO: Primitives created: 1
19:24:54 | INFO: Extracting primitive: Lapel_Fold_R
19:24:54 | INFO: Primitives created: 1
19:24:54 | INFO: Extracting primitive: Lapel_Notch_L
19:24:54 | INFO: Primitives created: 1
19:24:54 | INFO: Extracting primitive: Lapel_Notch_R
19:24:54 | INFO: Primitives created: 1
19:24:54 | INFO: Extracting primitive: Lower_Lip
19:24:54 | INFO: Primitives created: 1
19:24:54 | INFO: Extracting primitive: Mouth_Line
19:24:54 | INFO: Primitives created: 1
19:24:54 | INFO: Extracting primitive: Mesh
19:24:54 | INFO: Primitives created: 1
19:24:54 | INFO: Extracting primitive: Mesh
19:24:54 | INFO: Primitives created: 1
19:24:54 | INFO: Extracting primitive: Nose_Wing_L
19:24:54 | INFO: Primitives created: 1
19:24:54 | INFO: Extracting primitive: Nose_Wing_R
19:24:54 | INFO: Primitives created: 1
19:24:54 | INFO: Extracting primitive: Pocket_Flap_L
19:24:54 | INFO: Primitives created: 1
19:24:54 | INFO: Extracting primitive: Pocket_Flap_R
19:24:54 | INFO: Primitives created: 1
19:24:54 | INFO: Extracting primitive: Pupil_L
19:24:54 | INFO: Primitives created: 1
19:24:54 | INFO: Extracting primitive: Pupil_R
19:24:54 | INFO: Primitives created: 1
19:24:54 | INFO: Extracting primitive: Shirt_Collar
19:24:54 | INFO: Primitives created: 1
19:24:54 | INFO: Extracting primitive: Shirt_Cuff_L
19:24:54 | INFO: Primitives created: 1
19:24:54 | INFO: Extracting primitive: Shirt_Cuff_R
19:24:54 | INFO: Primitives created: 1
19:24:54 | INFO: Extracting primitive: Shirt_Front
19:24:54 | INFO: Primitives created: 1
19:24:54 | INFO: Extracting primitive: Mesh
19:24:54 | INFO: Primitives created: 1
19:24:54 | INFO: Extracting primitive: Mesh
19:24:54 | INFO: Primitives created: 1
19:24:54 | INFO: Extracting primitive: Mesh
19:24:54 | INFO: Primitives created: 1
19:24:54 | INFO: Extracting primitive: Mesh
19:24:54 | INFO: Primitives created: 1
19:24:54 | INFO: Extracting primitive: Shoe_Toe_Cap_L
19:24:54 | INFO: Primitives created: 1
19:24:54 | INFO: Extracting primitive: Shoe_Toe_Cap_R
19:24:54 | INFO: Primitives created: 1
19:24:54 | INFO: Extracting primitive: Mesh
19:24:54 | INFO: Primitives created: 1
19:24:54 | INFO: Extracting primitive: Mesh
19:24:54 | INFO: Primitives created: 1
19:24:54 | INFO: Extracting primitive: Sleeve_Button_1_L
19:24:54 | INFO: Primitives created: 1
19:24:54 | INFO: Extracting primitive: Sleeve_Button_1_R
19:24:54 | INFO: Primitives created: 1
19:24:54 | INFO: Extracting primitive: Sleeve_Button_2_L
19:24:54 | INFO: Primitives created: 1
19:24:54 | INFO: Extracting primitive: Sleeve_Button_2_R
19:24:54 | INFO: Primitives created: 1
19:24:54 | INFO: Extracting primitive: Sleeve_Button_3_L
19:24:54 | INFO: Primitives created: 1
19:24:54 | INFO: Extracting primitive: Sleeve_Button_3_R
19:24:54 | INFO: Primitives created: 1
19:24:54 | INFO: Extracting primitive: Mesh
19:24:54 | INFO: Primitives created: 1
19:24:54 | INFO: Extracting primitive: Mesh
19:24:54 | INFO: Primitives created: 1
19:24:54 | INFO: Extracting primitive: Mesh
19:24:54 | INFO: Primitives created: 1
19:24:54 | INFO: Extracting primitive: Mesh
19:24:54 | INFO: Primitives created: 1
19:24:54 | INFO: Extracting primitive: Mesh
19:24:54 | INFO: Primitives created: 1
19:24:54 | INFO: Extracting primitive: Mesh
19:24:54 | INFO: Primitives created: 1
19:24:54 | INFO: Extracting primitive: Mesh
19:24:54 | INFO: Primitives created: 1
19:24:54 | INFO: Extracting primitive: Upper_Lip
19:24:54 | INFO: Primitives created: 1
19:25:01 | WARNING: Baking animation because there are keyframes with different interpolation methods in one channel
19:25:01 | WARNING: Baking animation because there are keyframes with different interpolation methods in one channel
19:25:01 | WARNING: Baking animation because there are keyframes with different interpolation methods in one channel
19:25:01 | WARNING: Baking animation because there are keyframes with different interpolation methods in one channel
19:25:01 | WARNING: Baking animation because there are keyframes with different interpolation methods in one channel
19:25:01 | WARNING: Baking animation because there are keyframes with different interpolation methods in one channel
19:25:01 | WARNING: Baking animation because there are keyframes with different interpolation methods in one channel
19:25:01 | WARNING: Baking animation because there are keyframes with different interpolation methods in one channel
19:25:01 | WARNING: Baking animation because there are keyframes with different interpolation methods in one channel
19:25:01 | WARNING: Baking animation because there are keyframes with different interpolation methods in one channel
19:25:01 | WARNING: Baking animation because there are keyframes with different interpolation methods in one channel
19:25:01 | WARNING: Baking animation because there are keyframes with different interpolation methods in one channel
19:25:01 | WARNING: Baking animation because there are keyframes with different interpolation methods in one channel
19:25:01 | WARNING: Baking animation because there are keyframes with different interpolation methods in one channel
19:25:01 | WARNING: Baking animation because there are keyframes with different interpolation methods in one channel
19:25:01 | WARNING: Baking animation because there are keyframes with different interpolation methods in one channel
19:25:01 | WARNING: Baking animation because there are keyframes with different interpolation methods in one channel
19:25:01 | WARNING: Baking animation because there are keyframes with different interpolation methods in one channel
19:25:01 | WARNING: Baking animation because there are keyframes with different interpolation methods in one channel
19:25:01 | WARNING: Baking animation because there are keyframes with different interpolation methods in one channel
19:25:01 | WARNING: Baking animation because there are keyframes with different interpolation methods in one channel
19:25:01 | WARNING: Baking animation because there are keyframes with different interpolation methods in one channel
19:25:01 | WARNING: Baking animation because there are keyframes with different interpolation methods in one channel
19:25:01 | WARNING: Baking animation because there are keyframes with different interpolation methods in one channel
19:25:01 | WARNING: Baking animation because there are keyframes with different interpolation methods in one channel
19:25:01 | WARNING: Baking animation because there are keyframes with different interpolation methods in one channel
19:25:01 | WARNING: Baking animation because there are keyframes with different interpolation methods in one channel
19:25:01 | WARNING: Baking animation because there are keyframes with different interpolation methods in one channel
19:25:01 | WARNING: Baking animation because there are keyframes with different interpolation methods in one channel
19:25:01 | WARNING: Baking animation because there are keyframes with different interpolation methods in one channel
19:25:01 | WARNING: Baking animation because there are keyframes with different interpolation methods in one channel
19:25:01 | WARNING: Baking animation because there are keyframes with different interpolation methods in one channel
19:25:01 | WARNING: Baking animation because there are keyframes with different interpolation methods in one channel
19:25:01 | WARNING: Baking animation because there are keyframes with different interpolation methods in one channel
19:25:01 | WARNING: Baking animation because there are keyframes with different interpolation methods in one channel
19:25:01 | WARNING: Baking animation because there are keyframes with different interpolation methods in one channel
19:25:01 | WARNING: Baking animation because there are keyframes with different interpolation methods in one channel
19:25:01 | WARNING: Baking animation because there are keyframes with different interpolation methods in one channel
19:25:01 | WARNING: Baking animation because there are keyframes with different interpolation methods in one channel
19:25:01 | WARNING: Baking animation because there are keyframes with different interpolation methods in one channel
19:25:01 | WARNING: Baking animation because there are keyframes with different interpolation methods in one channel
19:25:01 | WARNING: Baking animation because there are keyframes with different interpolation methods in one channel
19:25:01 | WARNING: Baking animation because there are keyframes with different interpolation methods in one channel
19:25:01 | WARNING: Baking animation because there are keyframes with different interpolation methods in one channel
19:25:01 | WARNING: Baking animation because there are keyframes with different interpolation methods in one channel
19:25:01 | WARNING: Baking animation because there are keyframes with different interpolation methods in one channel
19:25:01 | WARNING: Baking animation because there are keyframes with different interpolation methods in one channel
19:25:01 | WARNING: Baking animation because there are keyframes with different interpolation methods in one channel
19:25:01 | WARNING: Baking animation because there are keyframes with different interpolation methods in one channel
19:25:01 | WARNING: Baking animation because there are keyframes with different interpolation methods in one channel
19:25:01 | WARNING: Baking animation because there are keyframes with different interpolation methods in one channel
19:25:01 | WARNING: Baking animation because there are keyframes with different interpolation methods in one channel
19:25:01 | WARNING: Baking animation because there are keyframes with different interpolation methods in one channel
19:25:02 | WARNING: Baking animation because there are keyframes with different interpolation methods in one channel
19:25:02 | WARNING: Baking animation because there are keyframes with different interpolation methods in one channel
19:25:02 | WARNING: Baking animation because there are keyframes with different interpolation methods in one channel
19:25:02 | WARNING: Baking animation because there are keyframes with different interpolation methods in one channel
19:25:02 | WARNING: Baking animation because there are keyframes with different interpolation methods in one channel
19:25:02 | WARNING: Baking animation because there are keyframes with different interpolation methods in one channel
19:25:02 | WARNING: Baking animation because there are keyframes with different interpolation methods in one channel
19:25:02 | WARNING: Baking animation because there are keyframes with different interpolation methods in one channel
19:25:02 | WARNING: Baking animation because there are keyframes with different interpolation methods in one channel
19:25:02 | WARNING: Baking animation because there are keyframes with different interpolation methods in one channel
19:25:02 | WARNING: Baking animation because there are keyframes with different interpolation methods in one channel
19:25:02 | WARNING: Baking animation because there are keyframes with different interpolation methods in one channel
19:25:02 | WARNING: Baking animation because there are keyframes with different interpolation methods in one channel
19:25:02 | WARNING: Baking animation because there are keyframes with different interpolation methods in one channel
19:25:02 | WARNING: Baking animation because there are keyframes with different interpolation methods in one channel
19:25:02 | WARNING: Baking animation because there are keyframes with different interpolation methods in one channel
19:25:02 | WARNING: Baking animation because there are keyframes with different interpolation methods in one channel
19:25:02 | WARNING: Baking animation because there are keyframes with different interpolation methods in one channel
19:25:02 | WARNING: Baking animation because there are keyframes with different interpolation methods in one channel
19:25:02 | WARNING: Baking animation because there are keyframes with different interpolation methods in one channel
19:25:02 | WARNING: Baking animation because there are keyframes with different interpolation methods in one channel
19:25:02 | WARNING: Baking animation because there are keyframes with different interpolation methods in one channel
19:25:02 | WARNING: Baking animation because there are keyframes with different interpolation methods in one channel
19:25:02 | WARNING: Baking animation because there are keyframes with different interpolation methods in one channel
19:25:02 | WARNING: Baking animation because there are keyframes with different interpolation methods in one channel
19:25:02 | WARNING: Baking animation because there are keyframes with different interpolation methods in one channel
19:25:02 | WARNING: Baking animation because there are keyframes with different interpolation methods in one channel
19:25:02 | WARNING: Baking animation because there are keyframes with different interpolation methods in one channel
19:25:02 | WARNING: Baking animation because there are keyframes with different interpolation methods in one channel
19:25:02 | WARNING: Baking animation because there are keyframes with different interpolation methods in one channel
19:25:02 | WARNING: Baking animation because there are keyframes with different interpolation methods in one channel
19:25:02 | WARNING: Baking animation because there are keyframes with different interpolation methods in one channel
19:25:02 | WARNING: Baking animation because there are keyframes with different interpolation methods in one channel
19:25:02 | WARNING: Baking animation because there are keyframes with different interpolation methods in one channel
19:25:02 | WARNING: Baking animation because there are keyframes with different interpolation methods in one channel
19:25:02 | WARNING: Baking animation because there are keyframes with different interpolation methods in one channel
19:25:02 | WARNING: Baking animation because there are keyframes with different interpolation methods in one channel
19:25:02 | WARNING: Baking animation because there are keyframes with different interpolation methods in one channel
19:25:02 | WARNING: Baking animation because there are keyframes with different interpolation methods in one channel
19:25:02 | WARNING: Baking animation because there are keyframes with different interpolation methods in one channel
19:25:02 | WARNING: Baking animation because there are keyframes with different interpolation methods in one channel
19:25:02 | WARNING: Baking animation because there are keyframes with different interpolation methods in one channel
19:25:02 | WARNING: Baking animation because there are keyframes with different interpolation methods in one channel
19:25:02 | WARNING: Baking animation because there are keyframes with different interpolation methods in one channel
19:25:02 | WARNING: Baking animation because there are keyframes with different interpolation methods in one channel
19:25:02 | WARNING: Baking animation because there are keyframes with different interpolation methods in one channel
19:25:02 | WARNING: Baking animation because there are keyframes with different interpolation methods in one channel
19:25:02 | WARNING: Baking animation because there are keyframes with different interpolation methods in one channel
19:25:02 | WARNING: Baking animation because there are keyframes with different interpolation methods in one channel
19:25:02 | WARNING: Baking animation because there are keyframes with different interpolation methods in one channel
19:25:02 | WARNING: Baking animation because there are keyframes with different interpolation methods in one channel
19:25:02 | WARNING: Baking animation because there are keyframes with different interpolation methods in one channel
19:25:02 | WARNING: Baking animation because there are keyframes with different interpolation methods in one channel
19:25:04 | WARNING: Baking animation because there are keyframes with different interpolation methods in one channel
19:25:04 | WARNING: Baking animation because there are keyframes with different interpolation methods in one channel
19:25:04 | WARNING: Baking animation because there are keyframes with different interpolation methods in one channel
19:25:04 | WARNING: Baking animation because there are keyframes with different interpolation methods in one channel
19:25:04 | WARNING: Baking animation because there are keyframes with different interpolation methods in one channel
19:25:04 | WARNING: Baking animation because there are keyframes with different interpolation methods in one channel
19:25:04 | WARNING: Baking animation because there are keyframes with different interpolation methods in one channel
19:25:04 | WARNING: Baking animation because there are keyframes with different interpolation methods in one channel
19:25:04 | WARNING: Baking animation because there are keyframes with different interpolation methods in one channel
19:25:04 | WARNING: Baking animation because there are keyframes with different interpolation methods in one channel
19:25:04 | WARNING: Baking animation because there are keyframes with different interpolation methods in one channel
19:25:04 | WARNING: Baking animation because there are keyframes with different interpolation methods in one channel
19:25:04 | WARNING: Baking animation because there are keyframes with different interpolation methods in one channel
19:25:04 | WARNING: Baking animation because there are keyframes with different interpolation methods in one channel
19:25:04 | WARNING: Baking animation because there are keyframes with different interpolation methods in one channel
19:25:04 | WARNING: Baking animation because there are keyframes with different interpolation methods in one channel
19:25:04 | WARNING: Baking animation because there are keyframes with different interpolation methods in one channel
19:25:04 | WARNING: Baking animation because there are keyframes with different interpolation methods in one channel
19:25:04 | WARNING: Baking animation because there are keyframes with different interpolation methods in one channel
19:25:04 | WARNING: Baking animation because there are keyframes with different interpolation methods in one channel
19:25:04 | WARNING: Baking animation because there are keyframes with different interpolation methods in one channel
19:25:04 | WARNING: Baking animation because there are keyframes with different interpolation methods in one channel
19:25:04 | WARNING: Baking animation because there are keyframes with different interpolation methods in one channel
19:25:04 | WARNING: Baking animation because there are keyframes with different interpolation methods in one channel
19:25:04 | WARNING: Baking animation because there are keyframes with different interpolation methods in one channel
19:25:04 | WARNING: Baking animation because there are keyframes with different interpolation methods in one channel
19:25:04 | WARNING: Baking animation because there are keyframes with different interpolation methods in one channel
19:25:04 | WARNING: Baking animation because there are keyframes with different interpolation methods in one channel
19:25:04 | WARNING: Baking animation because there are keyframes with different interpolation methods in one channel
19:25:04 | WARNING: Baking animation because there are keyframes with different interpolation methods in one channel
19:25:04 | WARNING: Baking animation because there are keyframes with different interpolation methods in one channel
19:25:04 | WARNING: Baking animation because there are keyframes with different interpolation methods in one channel
19:25:04 | WARNING: Baking animation because there are keyframes with different interpolation methods in one channel
19:25:04 | WARNING: Baking animation because there are keyframes with different interpolation methods in one channel
19:25:04 | WARNING: Baking animation because there are keyframes with different interpolation methods in one channel
19:25:04 | WARNING: Baking animation because there are keyframes with different interpolation methods in one channel
19:25:04 | WARNING: Baking animation because there are keyframes with different interpolation methods in one channel
19:25:04 | WARNING: Baking animation because there are keyframes with different interpolation methods in one channel
19:25:04 | WARNING: Baking animation because there are keyframes with different interpolation methods in one channel
19:25:04 | WARNING: Baking animation because there are keyframes with different interpolation methods in one channel
19:25:04 | WARNING: Baking animation because there are keyframes with different interpolation methods in one channel
19:25:04 | WARNING: Baking animation because there are keyframes with different interpolation methods in one channel
19:25:04 | WARNING: Baking animation because there are keyframes with different interpolation methods in one channel
19:25:04 | WARNING: Baking animation because there are keyframes with different interpolation methods in one channel
19:25:04 | WARNING: Baking animation because there are keyframes with different interpolation methods in one channel
19:25:04 | WARNING: Baking animation because there are keyframes with different interpolation methods in one channel
19:25:04 | WARNING: Baking animation because there are keyframes with different interpolation methods in one channel
19:25:04 | WARNING: Baking animation because there are keyframes with different interpolation methods in one channel
19:25:04 | WARNING: Baking animation because there are keyframes with different interpolation methods in one channel
19:25:04 | WARNING: Baking animation because there are keyframes with different interpolation methods in one channel
19:25:04 | WARNING: Baking animation because there are keyframes with different interpolation methods in one channel
19:25:04 | WARNING: Baking animation because there are keyframes with different interpolation methods in one channel
19:25:04 | WARNING: Baking animation because there are keyframes with different interpolation methods in one channel
19:25:06 | WARNING: Baking animation because there are keyframes with different interpolation methods in one channel
19:25:06 | WARNING: Baking animation because there are keyframes with different interpolation methods in one channel
19:25:06 | WARNING: Baking animation because there are keyframes with different interpolation methods in one channel
19:25:06 | WARNING: Baking animation because there are keyframes with different interpolation methods in one channel
19:25:06 | WARNING: Baking animation because there are keyframes with different interpolation methods in one channel
19:25:06 | WARNING: Baking animation because there are keyframes with different interpolation methods in one channel
19:25:06 | WARNING: Baking animation because there are keyframes with different interpolation methods in one channel
19:25:06 | WARNING: Baking animation because there are keyframes with different interpolation methods in one channel
19:25:06 | WARNING: Baking animation because there are keyframes with different interpolation methods in one channel
19:25:06 | WARNING: Baking animation because there are keyframes with different interpolation methods in one channel
19:25:06 | WARNING: Baking animation because there are keyframes with different interpolation methods in one channel
19:25:06 | WARNING: Baking animation because there are keyframes with different interpolation methods in one channel
19:25:06 | WARNING: Baking animation because there are keyframes with different interpolation methods in one channel
19:25:06 | WARNING: Baking animation because there are keyframes with different interpolation methods in one channel
19:25:06 | WARNING: Baking animation because there are keyframes with different interpolation methods in one channel
19:25:06 | WARNING: Baking animation because there are keyframes with different interpolation methods in one channel
19:25:06 | WARNING: Baking animation because there are keyframes with different interpolation methods in one channel
19:25:06 | WARNING: Baking animation because there are keyframes with different interpolation methods in one channel
19:25:06 | WARNING: Baking animation because there are keyframes with different interpolation methods in one channel
19:25:06 | WARNING: Baking animation because there are keyframes with different interpolation methods in one channel
19:25:06 | WARNING: Baking animation because there are keyframes with different interpolation methods in one channel
19:25:06 | WARNING: Baking animation because there are keyframes with different interpolation methods in one channel
19:25:06 | WARNING: Baking animation because there are keyframes with different interpolation methods in one channel
19:25:06 | WARNING: Baking animation because there are keyframes with different interpolation methods in one channel
19:25:06 | WARNING: Baking animation because there are keyframes with different interpolation methods in one channel
19:25:06 | WARNING: Baking animation because there are keyframes with different interpolation methods in one channel
19:25:06 | WARNING: Baking animation because there are keyframes with different interpolation methods in one channel
19:25:06 | WARNING: Baking animation because there are keyframes with different interpolation methods in one channel
19:25:06 | WARNING: Baking animation because there are keyframes with different interpolation methods in one channel
19:25:06 | WARNING: Baking animation because there are keyframes with different interpolation methods in one channel
19:25:06 | WARNING: Baking animation because there are keyframes with different interpolation methods in one channel
19:25:06 | WARNING: Baking animation because there are keyframes with different interpolation methods in one channel
19:25:06 | WARNING: Baking animation because there are keyframes with different interpolation methods in one channel
19:25:06 | WARNING: Baking animation because there are keyframes with different interpolation methods in one channel
19:25:06 | WARNING: Baking animation because there are keyframes with different interpolation methods in one channel
19:25:06 | WARNING: Baking animation because there are keyframes with different interpolation methods in one channel
19:25:06 | WARNING: Baking animation because there are keyframes with different interpolation methods in one channel
19:25:06 | WARNING: Baking animation because there are keyframes with different interpolation methods in one channel
19:25:06 | WARNING: Baking animation because there are keyframes with different interpolation methods in one channel
19:25:06 | WARNING: Baking animation because there are keyframes with different interpolation methods in one channel
19:25:06 | WARNING: Baking animation because there are keyframes with different interpolation methods in one channel
19:25:06 | WARNING: Baking animation because there are keyframes with different interpolation methods in one channel
19:25:06 | WARNING: Baking animation because there are keyframes with different interpolation methods in one channel
19:25:06 | WARNING: Baking animation because there are keyframes with different interpolation methods in one channel
19:25:06 | WARNING: Baking animation because there are keyframes with different interpolation methods in one channel
19:25:06 | WARNING: Baking animation because there are keyframes with different interpolation methods in one channel
19:25:06 | WARNING: Baking animation because there are keyframes with different interpolation methods in one channel
19:25:06 | WARNING: Baking animation because there are keyframes with different interpolation methods in one channel
19:25:06 | WARNING: Baking animation because there are keyframes with different interpolation methods in one channel
19:25:06 | WARNING: Baking animation because there are keyframes with different interpolation methods in one channel
19:25:06 | WARNING: Baking animation because there are keyframes with different interpolation methods in one channel
19:25:06 | WARNING: Baking animation because there are keyframes with different interpolation methods in one channel
19:25:06 | WARNING: Baking animation because there are keyframes with different interpolation methods in one channel
19:25:06 | WARNING: Baking animation because there are keyframes with different interpolation methods in one channel
19:25:06 | WARNING: Baking animation because there are keyframes with different interpolation methods in one channel
19:25:06 | WARNING: Baking animation because there are keyframes with different interpolation methods in one channel
19:25:06 | WARNING: Baking animation because there are keyframes with different interpolation methods in one channel
19:25:06 | WARNING: Baking animation because there are keyframes with different interpolation methods in one channel
19:25:06 | WARNING: Baking animation because there are keyframes with different interpolation methods in one channel
19:25:06 | WARNING: Baking animation because there are keyframes with different interpolation methods in one channel
19:25:06 | WARNING: Baking animation because there are keyframes with different interpolation methods in one channel
19:25:06 | WARNING: Baking animation because there are keyframes with different interpolation methods in one channel
19:25:06 | WARNING: Baking animation because there are keyframes with different interpolation methods in one channel
19:25:06 | WARNING: Baking animation because there are keyframes with different interpolation methods in one channel
19:25:06 | WARNING: Baking animation because there are keyframes with different interpolation methods in one channel
19:25:06 | WARNING: Baking animation because there are keyframes with different interpolation methods in one channel
19:25:06 | WARNING: Baking animation because there are keyframes with different interpolation methods in one channel
19:25:06 | WARNING: Baking animation because there are keyframes with different interpolation methods in one channel
19:25:06 | WARNING: Baking animation because there are keyframes with different interpolation methods in one channel
19:25:06 | WARNING: Baking animation because there are keyframes with different interpolation methods in one channel
19:25:06 | WARNING: Baking animation because there are keyframes with different interpolation methods in one channel
19:25:06 | WARNING: Baking animation because there are keyframes with different interpolation methods in one channel
19:25:06 | WARNING: Baking animation because there are keyframes with different interpolation methods in one channel
19:25:06 | WARNING: Baking animation because there are keyframes with different interpolation methods in one channel
19:25:06 | WARNING: Baking animation because there are keyframes with different interpolation methods in one channel
19:25:06 | WARNING: Baking animation because there are keyframes with different interpolation methods in one channel
19:25:06 | WARNING: Baking animation because there are keyframes with different interpolation methods in one channel
19:25:06 | WARNING: Baking animation because there are keyframes with different interpolation methods in one channel
19:25:06 | WARNING: Baking animation because there are keyframes with different interpolation methods in one channel
19:25:06 | WARNING: Baking animation because there are keyframes with different interpolation methods in one channel
19:25:06 | WARNING: Baking animation because there are keyframes with different interpolation methods in one channel
19:25:06 | WARNING: Baking animation because there are keyframes with different interpolation methods in one channel
19:25:06 | WARNING: Baking animation because there are keyframes with different interpolation methods in one channel
19:25:06 | WARNING: Baking animation because there are keyframes with different interpolation methods in one channel
19:25:06 | WARNING: Baking animation because there are keyframes with different interpolation methods in one channel
19:25:06 | WARNING: Baking animation because there are keyframes with different interpolation methods in one channel
19:25:06 | WARNING: Baking animation because there are keyframes with different interpolation methods in one channel
19:25:06 | WARNING: Baking animation because there are keyframes with different interpolation methods in one channel
19:25:06 | WARNING: Baking animation because there are keyframes with different interpolation methods in one channel
19:25:06 | WARNING: Baking animation because there are keyframes with different interpolation methods in one channel
19:25:06 | WARNING: Baking animation because there are keyframes with different interpolation methods in one channel
19:25:06 | WARNING: Baking animation because there are keyframes with different interpolation methods in one channel
19:25:06 | WARNING: Baking animation because there are keyframes with different interpolation methods in one channel
19:25:06 | WARNING: Baking animation because there are keyframes with different interpolation methods in one channel
19:25:06 | WARNING: Baking animation because there are keyframes with different interpolation methods in one channel
19:25:06 | WARNING: Baking animation because there are keyframes with different interpolation methods in one channel
19:25:06 | WARNING: Baking animation because there are keyframes with different interpolation methods in one channel
19:25:06 | WARNING: Baking animation because there are keyframes with different interpolation methods in one channel
19:25:06 | WARNING: Baking animation because there are keyframes with different interpolation methods in one channel
19:25:06 | WARNING: Baking animation because there are keyframes with different interpolation methods in one channel
19:25:06 | WARNING: Baking animation because there are keyframes with different interpolation methods in one channel
19:25:06 | WARNING: Baking animation because there are keyframes with different interpolation methods in one channel
19:25:06 | WARNING: Baking animation because there are keyframes with different interpolation methods in one channel
19:25:06 | WARNING: Baking animation because there are keyframes with different interpolation methods in one channel
19:25:06 | WARNING: Baking animation because there are keyframes with different interpolation methods in one channel
19:25:06 | WARNING: Baking animation because there are keyframes with different interpolation methods in one channel
19:25:07 | WARNING: Baking animation because there are keyframes with different interpolation methods in one channel
19:25:07 | WARNING: Baking animation because there are keyframes with different interpolation methods in one channel
19:25:07 | WARNING: Baking animation because there are keyframes with different interpolation methods in one channel
19:25:07 | WARNING: Baking animation because there are keyframes with different interpolation methods in one channel
19:25:07 | WARNING: Baking animation because there are keyframes with different interpolation methods in one channel
19:25:07 | WARNING: Baking animation because there are keyframes with different interpolation methods in one channel
19:25:07 | WARNING: Baking animation because there are keyframes with different interpolation methods in one channel
19:25:07 | WARNING: Baking animation because there are keyframes with different interpolation methods in one channel
19:25:07 | WARNING: Baking animation because there are keyframes with different interpolation methods in one channel
19:25:07 | WARNING: Baking animation because there are keyframes with different interpolation methods in one channel
19:25:07 | WARNING: Baking animation because there are keyframes with different interpolation methods in one channel
19:25:07 | WARNING: Baking animation because there are keyframes with different interpolation methods in one channel
19:25:07 | WARNING: Baking animation because there are keyframes with different interpolation methods in one channel
19:25:07 | WARNING: Baking animation because there are keyframes with different interpolation methods in one channel
19:25:07 | WARNING: Baking animation because there are keyframes with different interpolation methods in one channel
19:25:07 | WARNING: Baking animation because there are keyframes with different interpolation methods in one channel
19:25:07 | WARNING: Baking animation because there are keyframes with different interpolation methods in one channel
19:25:07 | WARNING: Baking animation because there are keyframes with different interpolation methods in one channel
19:25:07 | WARNING: Baking animation because there are keyframes with different interpolation methods in one channel
19:25:07 | WARNING: Baking animation because there are keyframes with different interpolation methods in one channel
19:25:07 | WARNING: Baking animation because there are keyframes with different interpolation methods in one channel
19:25:07 | WARNING: Baking animation because there are keyframes with different interpolation methods in one channel
19:25:07 | WARNING: Baking animation because there are keyframes with different interpolation methods in one channel
19:25:07 | WARNING: Baking animation because there are keyframes with different interpolation methods in one channel
19:25:07 | WARNING: Baking animation because there are keyframes with different interpolation methods in one channel
19:25:07 | WARNING: Baking animation because there are keyframes with different interpolation methods in one channel
19:25:07 | WARNING: Baking animation because there are keyframes with different interpolation methods in one channel
19:25:07 | WARNING: Baking animation because there are keyframes with different interpolation methods in one channel
19:25:07 | WARNING: Baking animation because there are keyframes with different interpolation methods in one channel
19:25:07 | WARNING: Baking animation because there are keyframes with different interpolation methods in one channel
19:25:07 | WARNING: Baking animation because there are keyframes with different interpolation methods in one channel
19:25:07 | WARNING: Baking animation because there are keyframes with different interpolation methods in one channel
19:25:07 | WARNING: Baking animation because there are keyframes with different interpolation methods in one channel
19:25:07 | WARNING: Baking animation because there are keyframes with different interpolation methods in one channel
19:25:07 | WARNING: Baking animation because there are keyframes with different interpolation methods in one channel
19:25:07 | WARNING: Baking animation because there are keyframes with different interpolation methods in one channel
19:25:07 | WARNING: Baking animation because there are keyframes with different interpolation methods in one channel
19:25:07 | WARNING: Baking animation because there are keyframes with different interpolation methods in one channel
19:25:07 | WARNING: Baking animation because there are keyframes with different interpolation methods in one channel
19:25:07 | WARNING: Baking animation because there are keyframes with different interpolation methods in one channel
19:25:07 | WARNING: Baking animation because there are keyframes with different interpolation methods in one channel
19:25:07 | WARNING: Baking animation because there are keyframes with different interpolation methods in one channel
19:25:07 | WARNING: Baking animation because there are keyframes with different interpolation methods in one channel
19:25:07 | WARNING: Baking animation because there are keyframes with different interpolation methods in one channel
19:25:07 | WARNING: Baking animation because there are keyframes with different interpolation methods in one channel
19:25:07 | WARNING: Baking animation because there are keyframes with different interpolation methods in one channel
19:25:07 | WARNING: Baking animation because there are keyframes with different interpolation methods in one channel
19:25:07 | WARNING: Baking animation because there are keyframes with different interpolation methods in one channel
19:25:07 | WARNING: Baking animation because there are keyframes with different interpolation methods in one channel
19:25:07 | WARNING: Baking animation because there are keyframes with different interpolation methods in one channel
19:25:07 | WARNING: Baking animation because there are keyframes with different interpolation methods in one channel
19:25:07 | WARNING: Baking animation because there are keyframes with different interpolation methods in one channel
19:25:07 | WARNING: Baking animation because there are keyframes with different interpolation methods in one channel
19:25:14 | INFO: Finished glTF 2.0 export in 20.4887216091156 s

LIGHT02_DONE failed=[]
LIGHT02_TRACE_DETAIL [{"f": 2, "upperarm.L": "1/10 Y-15", "forearm.L": "5/15 Y5", "hand.L": "1/15 Y-1", "upperarm.R": "6/14 Y11", "forearm.R": "14/23 Y-8", "hand.R": "4/20 Y1"}, {"f": 3, "upperarm.L": "1/7 Y-15", "forearm.L": "5/13 Y-0", "hand.L": "1/13 Y-1", "upperarm.R": "7/9 Y9", "forearm.R": "15/19 Y-7", "hand.R": "4/16 Y1"}, {"f": 4, "upperarm.L": "1/2 Y-16", "forearm.L": "5/7 Y-6", "hand.L": "1/7 Y-1", "upperarm.R": "8/11 Y7", "forearm.R": "15/13 Y-7", "hand.R": "4/11 Y1"}, {"f": 5, "upperarm.L": "1/10 Y-17", "forearm.L": "5/4 Y-11", "hand.L": "1/5 Y-1", "upperarm.R": "8/23 Y4", "forearm.R": "16/13 Y-6", "hand.R": "4/16 Y1"}, {"f": 6, "upperarm.L": "1/18 Y-18", "forearm.L": "6/12 Y-17", "hand.L": "1/12 Y-1", "upperarm.R": "8/31 Y2", "forearm.R": "16/18 Y-5", "hand.R": "5/22 Y1"}, {"f": 7, "upperarm.L": "1/17 Y-19", "forearm.L": "6/11 Y-23", "hand.L": "1/11 Y-1", "upperarm.R": "8/30 Y-1", "forearm.R": "17/15 Y-5", "hand.R": "5/20 Y0"}, {"f": 8, "upperarm.L": "1/8 Y-20", "forearm.L": "6/2 Y-28", "hand.L": "1/3 Y-1", "upperarm.R": "8/19 Y-4", "forearm.R": "17/9 Y-4", "hand.R": "5/10 Y0"}, {"f": 9, "upperarm.L": "0/0 Y-20", "forearm.L": "0/0 Y-28", "hand.L": "0/0 Y-1", "upperarm.R": "0/0 Y-4", "forearm.R": "0/0 Y-4", "hand.R": "0/0 Y0"}, {"f": 10, "upperarm.L": "0/0 Y-20", "forearm.L": "0/0 Y-28", "hand.L": "0/0 Y-1", "upperarm.R": "0/0 Y-4", "forearm.R": "0/0 Y-4", "hand.R": "0/0 Y0"}, {"f": 11, "upperarm.L": "1/2 Y-19", "forearm.L": "5/8 Y-23", "hand.L": "1/8 Y-1", "upperarm.R": "7/9 Y-1", "forearm.R": "16/14 Y-4", "hand.R": "4/11 Y0"}, {"f": 12, "upperarm.L": "1/1 Y-19", "forearm.L": "5/6 Y-18", "hand.L": "1/6 Y-1", "upperarm.R": "7/9 Y1", "forearm.R": "15/12 Y-5", "hand.R": "4/10 Y1"}, {"f": 13, "upperarm.L": "1/2 Y-18", "forearm.L": "5/4 Y-13", "hand.L": "1/4 Y-1", "upperarm.R": "6/10 Y3", "forearm.R": "14/10 Y-6", "hand.R": "4/9 Y1"}, {"f": 14, "upperarm.L": "1/3 Y-17", "forearm.L": "5/2 Y-9", "hand.L": "1/3 Y-1", "upperarm.R": "6/10 Y5", "forearm.R": "13/9 Y-6", "hand.R": "4/9 Y1"}, {"f": 15, "upperarm.L": "1/3 Y-16", "forearm.L": "4/1 Y-4", "hand.L": "1/2 Y-1", "upperarm.R": "6/10 Y7", "forearm.R": "12/9 Y-7", "hand.R": "3/9 Y1"}, {"f": 16, "upperarm.L": "1/4 Y-16", "forearm.L": "4/1 Y-1", "hand.L": "1/1 Y-1", "upperarm.R": "5/10 Y9", "forearm.R": "11/9 Y-7", "hand.R": "3/9 Y1"}, {"f": 17, "upperarm.L": "1/4 Y-15", "forearm.L": "3/1 Y3", "hand.L": "1/1 Y-1", "upperarm.R": "5/10 Y10", "forearm.R": "10/9 Y-8", "hand.R": "3/9 Y1"}, {"f": 18, "upperarm.L": "1/4 Y-14", "forearm.L": "3/1 Y6", "hand.L": "1/1 Y-1", "upperarm.R": "4/9 Y12", "forearm.R": "9/9 Y-8", "hand.R": "2/9 Y2"}, {"f": 19, "upperarm.L": "1/4 Y-14", "forearm.L": "3/1 Y9", "hand.L": "0/1 Y-1", "upperarm.R": "4/8 Y13", "forearm.R": "8/9 Y-8", "hand.R": "2/8 Y2"}, {"f": 20, "upperarm.L": "0/3 Y-14", "forearm.L": "2/1 Y11", "hand.L": "0/1 Y-1", "upperarm.R": "3/7 Y14", "forearm.R": "6/7 Y-9", "hand.R": "2/7 Y2"}, {"f": 21, "upperarm.L": "0/2 Y-13", "forearm.L": "2/1 Y12", "hand.L": "0/1 Y-0", "upperarm.R": "2/5 Y15", "forearm.R": "5/5 Y-9", "hand.R": "1/5 Y2"}, {"f": 22, "upperarm.L": "0/0 Y-13", "forearm.L": "1/0 Y13", "hand.L": "0/0 Y-0", "upperarm.R": "1/0 Y15", "forearm.R": "2/0 Y-9", "hand.R": "1/0 Y2"}]

Blender quit
Error: Not freed memory blocks: 7806, total unfreed memory 0.828075 MB
