C02TP {"f": 15, "bone": "shoulder.R", "euler": [-16.76, 0.0, -3.48], "d_euler": 1.148, "d_world_deg": 4.698, "axis": [-0.9585, -0.243, -0.1489], "d_axis_deg": 2.523}
C02TP {"f": 15, "bone": "upperarm.R", "euler": [-28.94, 27.22, 60.15], "d_euler": 2.633, "d_world_deg": 4.2, "axis": [-0.0992, 0.303, -0.9478], "d_axis_deg": 4.2}
C02TP {"f": 15, "bone": "forearm.R", "euler": [9.5, 20.11, 14.82], "d_euler": 2.639, "d_world_deg": 6.244, "axis": [-0.0047, 0.0737, -0.9973], "d_axis_deg": 6.244}
C02TP {"f": 15, "bone": "hand.R", "euler": [1.87, -11.22, 1.34], "d_euler": 2.145, "d_world_deg": 4.452, "axis": [-0.0108, 0.0304, -0.9995], "d_axis_deg": 4.452}
C02TP {"f": 15, "bone": "shoulder.L", "euler": [-12.86, 0.0, 5.59], "d_euler": 1.005, "d_world_deg": 4.113, "axis": [0.8533, 0.3763, 0.3609], "d_axis_deg": 0.416}
C02TP {"f": 15, "bone": "upperarm.L", "euler": [-5.93, -59.22, -88.54], "d_euler": 9.113, "d_world_deg": 1.62, "axis": [0.33, -0.0347, -0.9433], "d_axis_deg": 1.62}
C02TP {"f": 15, "bone": "forearm.L", "euler": [23.84, 3.38, -146.28], "d_euler": 0.881, "d_world_deg": 1.201, "axis": [0.1319, -0.45, 0.8832], "d_axis_deg": 1.202}
C02TP {"f": 15, "bone": "hand.L", "euler": [-7.9, 0.29, 12.36], "d_euler": 0.69, "d_world_deg": 1.313, "axis": [0.0489, -0.6543, 0.7547], "d_axis_deg": 1.313}
C02TP {"f": 16, "bone": "shoulder.R", "euler": [-17.52, 0.0, -4.48], "d_euler": 1.004, "d_world_deg": 3.673, "axis": [-0.9679, -0.2247, -0.1127], "d_axis_deg": 2.39}
C02TP {"f": 16, "bone": "upperarm.R", "euler": [-29.66, 26.79, 62.48], "d_euler": 2.332, "d_world_deg": 3.205, "axis": [-0.0998, 0.3558, -0.9292], "d_axis_deg": 3.205}
C02TP {"f": 16, "bone": "forearm.R", "euler": [8.96, 20.16, 12.8], "d_euler": 2.012, "d_world_deg": 4.765, "axis": [-0.0291, 0.1526, -0.9879], "d_axis_deg": 4.765}
C02TP {"f": 16, "bone": "hand.R", "euler": [1.74, -11.21, 2.98], "d_euler": 1.639, "d_world_deg": 3.397, "axis": [-0.0158, 0.0894, -0.9959], "d_axis_deg": 3.398}
C02TP {"f": 16, "bone": "shoulder.L", "euler": [-13.94, 0.0, 5.85], "d_euler": 1.074, "d_world_deg": 2.993, "axis": [0.8558, 0.3752, 0.3561], "d_axis_deg": 0.312}
C02TP {"f": 16, "bone": "upperarm.L", "euler": [0.19, -59.22, -95.26], "d_euler": 6.716, "d_world_deg": 1.236, "axis": [0.314, -0.0483, -0.9482], "d_axis_deg": 1.236}
C02TP {"f": 16, "bone": "forearm.L", "euler": [23.94, 3.94, -145.62], "d_euler": 0.664, "d_world_deg": 0.917, "axis": [0.1471, -0.4448, 0.8835], "d_axis_deg": 0.917}
C02TP {"f": 16, "bone": "hand.L", "euler": [-7.92, 0.56, 12.88], "d_euler": 0.522, "d_world_deg": 1.001, "axis": [0.0656, -0.6574, 0.7506], "d_axis_deg": 1.002}
C02TP {"f": 17, "bone": "shoulder.R", "euler": [-17.97, 0.0, -5.33], "d_euler": 0.845, "d_world_deg": 2.315, "axis": [-0.9753, -0.2071, -0.0774], "d_axis_deg": 2.299}
C02TP {"f": 17, "bone": "upperarm.R", "euler": [-31.54, 25.45, 63.76], "d_euler": 1.878, "d_world_deg": 2.044, "axis": [-0.1001, 0.3889, -0.9158], "d_axis_deg": 2.045}
C02TP {"f": 17, "bone": "forearm.R", "euler": [8.62, 20.22, 11.52], "d_euler": 1.282, "d_world_deg": 3.04, "axis": [-0.0446, 0.2025, -0.9783], "d_axis_deg": 3.04}
C02TP {"f": 17, "bone": "hand.R", "euler": [1.65, -11.24, 4.02], "d_euler": 1.045, "d_world_deg": 2.167, "axis": [-0.0189, 0.1269, -0.9917], "d_axis_deg": 2.167}
C02TP {"f": 17, "bone": "shoulder.L", "euler": [-15.01, 0.0, 5.99], "d_euler": 1.07, "d_world_deg": 1.043, "axis": [0.8594, 0.3804, 0.3416], "d_axis_deg": 0.909}
C02TP {"f": 17, "bone": "upperarm.L", "euler": [1.57, -58.82, -96.48], "d_euler": 1.382, "d_world_deg": 0.788, "axis": [0.3037, -0.057, -0.9511], "d_axis_deg": 0.789}
C02TP {"f": 17, "bone": "forearm.L", "euler": [24.01, 4.31, -145.2], "d_euler": 0.419, "d_world_deg": 0.584, "axis": [0.1567, -0.4414, 0.8835], "d_axis_deg": 0.585}
C02TP {"f": 17, "bone": "hand.L", "euler": [-7.92, 0.73, 13.21], "d_euler": 0.331, "d_world_deg": 0.639, "axis": [0.0763, -0.6593, 0.748], "d_axis_deg": 0.639}
C02TP {"f": 18, "bone": "shoulder.R", "euler": [-18.0, 0.0, -6.0], "d_euler": 0.67, "d_world_deg": 4.217, "axis": [-0.9821, -0.1826, -0.0465], "d_axis_deg": 2.291}
C02TP {"f": 18, "bone": "upperarm.R", "euler": [-35.46, 22.46, 63.42], "d_euler": 3.926, "d_world_deg": 0.718, "axis": [-0.1001, 0.4004, -0.9109], "d_axis_deg": 0.718}
C02TP {"f": 18, "bone": "forearm.R", "euler": [8.5, 20.25, 11.07], "d_euler": 0.45, "d_world_deg": 1.068, "axis": [-0.05, 0.2198, -0.9743], "d_axis_deg": 1.068}
C02TP {"f": 18, "bone": "hand.R", "euler": [1.62, -11.25, 4.39], "d_euler": 0.367, "d_world_deg": 0.761, "axis": [-0.02, 0.14, -0.99], "d_axis_deg": 0.762}
C02TP {"f": 18, "bone": "shoulder.L", "euler": [-16.0, 0.0, 6.0], "d_euler": 0.992, "d_world_deg": 3.773, "axis": [0.8661, 0.3907, 0.3117], "d_axis_deg": 1.852}
C02TP {"f": 18, "bone": "upperarm.L", "euler": [-4.05, -58.29, -89.68], "d_euler": 6.798, "d_world_deg": 0.277, "axis": [0.3, -0.06, -0.952], "d_axis_deg": 0.277}
C02TP {"f": 18, "bone": "forearm.L", "euler": [24.03, 4.44, -145.05], "d_euler": 0.147, "d_world_deg": 0.206, "axis": [0.1601, -0.4402, 0.8835], "d_axis_deg": 0.206}
C02TP {"f": 18, "bone": "hand.L", "euler": [-7.93, 0.79, 13.33], "d_euler": 0.116, "d_world_deg": 0.224, "axis": [0.08, -0.66, 0.747], "d_axis_deg": 0.225}
C02TP {"f": 19, "bone": "shoulder.R", "euler": [-17.36, 0.0, -5.74], "d_euler": 0.642, "d_world_deg": 8.003, "axis": [-0.988, -0.1509, -0.0318], "d_axis_deg": 2.033}
C02TP {"f": 19, "bone": "upperarm.R", "euler": [-42.83, 15.23, 58.57], "d_euler": 7.369, "d_world_deg": 3.192, "axis": [-0.1465, 0.4255, -0.893], "d_axis_deg": 3.192}
C02TP {"f": 19, "bone": "forearm.R", "euler": [10.09, 20.61, 11.8], "d_euler": 1.594, "d_world_deg": 3.348, "axis": [-0.1079, 0.2251, -0.9683], "d_axis_deg": 3.348}
C02TP {"f": 19, "bone": "hand.R", "euler": [2.33, -10.98, 5.06], "d_euler": 0.703, "d_world_deg": 3.426, "axis": [-0.0785, 0.1276, -0.9887], "d_axis_deg": 3.426}
C02TP {"f": 19, "bone": "shoulder.L", "euler": [-17.02, 0.0, 5.3], "d_euler": 1.024, "d_world_deg": 8.382, "axis": [0.8808, 0.4028, 0.2488], "d_axis_deg": 3.766}
C02TP {"f": 19, "bone": "upperarm.L", "euler": [-16.62, -55.97, -73.96], "d_euler": 15.719, "d_world_deg": 0.465, "axis": [0.3013, -0.052, -0.9521], "d_axis_deg": 0.464}
C02TP {"f": 19, "bone": "forearm.L", "euler": [26.41, 3.51, -143.64], "d_euler": 2.378, "d_world_deg": 2.998, "axis": [0.2052, -0.4588, 0.8645], "d_axis_deg": 2.998}
C02TP {"f": 19, "bone": "hand.L", "euler": [-9.45, 1.72, 13.95], "d_euler": 1.526, "d_world_deg": 2.805, "axis": [0.0995, -0.6917, 0.7153], "d_axis_deg": 2.805}
C02TP {"f": 20, "bone": "shoulder.R", "euler": [-16.03, 0.0, -4.14], "d_euler": 1.601, "d_world_deg": 10.884, "axis": [-0.9919, -0.1218, -0.0356], "d_axis_deg": 1.692}
C02TP {"f": 20, "bone": "upperarm.R", "euler": [-51.77, 1.14, 49.9], "d_euler": 14.089, "d_world_deg": 8.824, "axis": [-0.272, 0.4878, -0.8295], "d_axis_deg": 8.824}
C02TP {"f": 20, "bone": "forearm.R", "euler": [14.42, 21.95, 13.84], "d_euler": 4.327, "d_world_deg": 9.257, "axis": [-0.2654, 0.2357, -0.9349], "d_axis_deg": 9.257}
C02TP {"f": 20, "bone": "hand.R", "euler": [4.23, -9.97, 6.84], "d_euler": 1.904, "d_world_deg": 9.473, "axis": [-0.2381, 0.0911, -0.967], "d_axis_deg": 9.473}
C02TP {"f": 20, "bone": "shoulder.L", "euler": [-18.2, 0.0, 3.58], "d_euler": 1.725, "d_world_deg": 11.99, "axis": [0.9055, 0.3982, 0.1466], "d_axis_deg": 6.033}
C02TP {"f": 20, "bone": "upperarm.L", "euler": [-26.38, -42.84, -60.03], "d_euler": 13.936, "d_world_deg": 8.102, "axis": [0.3048, -0.0299, -0.9519], "d_axis_deg": 1.284}
C02TP {"f": 20, "bone": "forearm.L", "euler": [37.98, 6.68, -139.63], "d_euler": 11.563, "d_world_deg": 8.288, "axis": [0.3265, -0.5034, 0.8], "d_axis_deg": 8.288}
C02TP {"f": 20, "bone": "hand.L", "euler": [-13.4, 4.77, 15.41], "d_euler": 3.949, "d_world_deg": 7.756, "axis": [0.1521, -0.7707, 0.6188], "d_axis_deg": 7.756}
C02TP {"f": 21, "bone": "shoulder.R", "euler": [-14.28, 0.0, -1.68], "d_euler": 2.46, "d_world_deg": 12.754, "axis": [-0.9939, -0.1011, -0.0438], "d_axis_deg": 1.284}
C02TP {"f": 21, "bone": "upperarm.R", "euler": [-56.85, -14.78, 33.55], "d_euler": 16.348, "d_world_deg": 16.073, "axis": [-0.4485, 0.5597, -0.6969], "d_axis_deg": 13.33}
C02TP {"f": 21, "bone": "forearm.R", "euler": [17.92, 16.2, 16.09], "d_euler": 5.748, "d_world_deg": 13.985, "axis": [-0.489, 0.24, -0.8386], "d_axis_deg": 13.985}
C02TP {"f": 21, "bone": "hand.R", "euler": [6.94, -7.71, 9.31], "d_euler": 2.71, "d_world_deg": 14.31, "axis": [-0.4655, 0.0316, -0.8845], "d_axis_deg": 14.31}
C02TP {"f": 21, "bone": "shoulder.L", "euler": [-19.45, 0.0, 1.2], "d_euler": 2.371, "d_world_deg": 14.247, "axis": [0.9354, 0.3529, 0.0225], "d_axis_deg": 7.764}
C02TP {"f": 21, "bone": "upperarm.L", "euler": [-34.5, -29.15, -46.73], "d_euler": 13.692, "d_world_deg": 6.305, "axis": [0.3098, 0.0036, -0.9508], "d_axis_deg": 1.939}
C02TP {"f": 21, "bone": "forearm.L", "euler": [51.81, 5.06, -135.04], "d_euler": 13.832, "d_world_deg": 12.52, "axis": [0.4961, -0.5507, 0.6713], "d_axis_deg": 12.52}
C02TP {"f": 21, "bone": "hand.L", "euler": [-18.54, 10.49, 16.82], "d_euler": 5.722, "d_world_deg": 11.716, "axis": [0.226, -0.8628, 0.4523], "d_axis_deg": 11.716}
C02TP {"f": 22, "bone": "shoulder.R", "euler": [-12.35, 0.0, 1.15], "d_euler": 2.834, "d_world_deg": 13.501, "axis": [-0.9954, -0.0855, -0.0427], "d_axis_deg": 0.897}
C02TP {"f": 22, "bone": "upperarm.R", "euler": [-50.03, -34.1, 13.6], "d_euler": 19.951, "d_world_deg": 19.984, "axis": [-0.6345, 0.6069, -0.4787], "d_axis_deg": 16.71}
C02TP {"f": 22, "bone": "forearm.R", "euler": [20.5, 10.94, 18.71], "d_euler": 5.258, "d_world_deg": 17.53, "axis": [-0.7269, 0.2253, -0.6487], "d_axis_deg": 17.53}
C02TP {"f": 22, "bone": "hand.R", "euler": [9.9, -3.78, 11.88], "d_euler": 3.929, "d_world_deg": 17.938, "axis": [-0.7082, -0.0452, -0.7045], "d_axis_deg": 17.939}
C02TP {"f": 22, "bone": "shoulder.L", "euler": [-20.71, 0.0, -1.43], "d_euler": 2.639, "d_world_deg": 15.166, "axis": [0.9616, 0.2566, -0.0971], "d_axis_deg": 8.932}
C02TP {"f": 22, "bone": "upperarm.L", "euler": [-41.68, -18.77, -31.17], "d_euler": 15.56, "d_world_deg": 2.43, "axis": [0.3156, 0.0455, -0.9478], "d_axis_deg": 2.431}
C02TP {"f": 22, "bone": "forearm.L", "euler": [63.21, -3.9, -131.7], "d_euler": 11.402, "d_world_deg": 15.695, "axis": [0.6746, -0.5728, 0.4657], "d_axis_deg": 15.695}
C02TP {"f": 22, "bone": "hand.L", "euler": [-23.51, 19.05, 17.1], "d_euler": 8.56, "d_world_deg": 14.686, "axis": [0.3049, -0.9271, 0.2178], "d_axis_deg": 14.686}
C02TP {"f": 23, "bone": "shoulder.R", "euler": [-10.5, 0.0, 3.87], "d_euler": 2.723, "d_world_deg": 13.092, "axis": [-0.9976, -0.0635, -0.0265], "d_axis_deg": 1.57}
C02TP {"f": 23, "bone": "upperarm.R", "euler": [-28.58, -56.53, -8.97], "d_euler": 22.57, "d_world_deg": 19.197, "axis": [-0.7801, 0.5983, -0.1832], "d_axis_deg": 18.963}
C02TP {"f": 23, "bone": "forearm.R", "euler": [24.25, 15.74, 21.52], "d_euler": 4.804, "d_world_deg": 19.894, "axis": [-0.9142, 0.1834, -0.3614], "d_axis_deg": 19.894}
C02TP {"f": 23, "bone": "hand.R", "euler": [12.38, 1.83, 13.81], "d_euler": 5.61, "d_world_deg": 20.357, "axis": [-0.8993, -0.1268, -0.4186], "d_axis_deg": 20.357}
C02TP {"f": 23, "bone": "shoulder.L", "euler": [-21.92, 0.0, -3.96], "d_euler": 2.528, "d_world_deg": 14.76, "axis": [0.9749, 0.1201, -0.1876], "d_axis_deg": 9.428}
C02TP {"f": 23, "bone": "upperarm.L", "euler": [-45.73, -7.97, -17.01], "d_euler": 14.165, "d_world_deg": 2.758, "axis": [0.3215, 0.0929, -0.9423], "d_axis_deg": 2.758}
C02TP {"f": 23, "bone": "forearm.L", "euler": [75.37, -15.16, -130.07], "d_euler": 12.162, "d_world_deg": 17.811, "axis": [0.8156, -0.5461, 0.1914], "d_axis_deg": 17.811}
C02TP {"f": 23, "bone": "hand.L", "euler": [-27.31, 29.78, 15.46], "d_euler": 10.729, "d_world_deg": 16.666, "axis": [0.3702, -0.9267, -0.0646], "d_axis_deg": 16.666}
C02TP {"f": 24, "bone": "shoulder.R", "euler": [-9.0, 0.0, 6.0], "d_euler": 2.127, "d_world_deg": 11.556, "axis": [-0.9998, -0.0221, -0.0012], "d_axis_deg": 2.787}
C02TP {"f": 24, "bone": "upperarm.R", "euler": [11.26, -17.68, -37.97], "d_euler": 39.832, "d_world_deg": 55.493, "axis": [-0.8417, 0.5185, 0.1507], "d_axis_deg": 20.09}
C02TP {"f": 24, "bone": "forearm.R", "euler": [7.67, 32.37, 29.97], "d_euler": 16.628, "d_world_deg": 59.533, "axis": [-0.9933, 0.1154, -0.0109], "d_axis_deg": 21.076}
C02TP {"f": 24, "bone": "hand.R", "euler": [-2.36, -0.4, 18.0], "d_euler": 14.74, "d_world_deg": 49.658, "axis": [-0.9789, -0.1957, -0.0595], "d_axis_deg": 21.567}
C02TP {"f": 24, "bone": "shoulder.L", "euler": [-23.0, 0.0, -6.0], "d_euler": 2.038, "d_world_deg": 13.052, "axis": [0.9707, -0.0301, -0.2385], "d_axis_deg": 9.1}
C02TP {"f": 24, "bone": "upperarm.L", "euler": [-47.27, 1.6, -4.27], "d_euler": 12.732, "d_world_deg": 2.922, "axis": [0.3269, 0.143, -0.9342], "d_axis_deg": 2.922}
C02TP {"f": 24, "bone": "forearm.L", "euler": [88.3, -27.79, -130.97], "d_euler": 12.929, "d_world_deg": 18.869, "axis": [0.8795, -0.4609, -0.1187], "d_axis_deg": 18.869}
C02TP {"f": 24, "bone": "hand.L", "euler": [-29.46, 41.32, 11.7], "d_euler": 11.541, "d_world_deg": 17.656, "axis": [0.4053, -0.8415, -0.3573], "d_axis_deg": 17.656}
C02TP {"f": 25, "bone": "shoulder.R", "euler": [-7.78, 0.0, 7.75], "d_euler": 1.75, "d_world_deg": 10.2, "axis": [-0.9992, 0.0333, 0.0235], "d_axis_deg": 3.473}
C02TP {"f": 25, "bone": "upperarm.R", "euler": [35.0, -0.08, -26.59], "d_euler": 23.741, "d_world_deg": 35.156, "axis": [-0.8009, 0.3756, 0.4663], "d_axis_deg": 20.09}
C02TP {"f": 25, "bone": "forearm.R", "euler": [-3.47, 21.68, 21.06], "d_euler": 11.138, "d_world_deg": 22.195, "axis": [-0.9395, 0.0319, 0.3412], "d_axis_deg": 21.076}
C02TP {"f": 25, "bone": "hand.R", "euler": [-2.51, -1.05, 15.46], "d_euler": 2.537, "d_world_deg": 21.567, "axis": [-0.9214, -0.2372, 0.3079], "d_axis_deg": 21.567}
C02TP {"f": 25, "bone": "shoulder.L", "euler": [-23.99, 0.0, -7.75], "d_euler": 1.75, "d_world_deg": 11.588, "axis": [0.9493, -0.1791, -0.2584], "d_axis_deg": 8.708}
C02TP {"f": 25, "bone": "upperarm.L", "euler": [-47.07, 9.68, 7.69], "d_euler": 11.964, "d_world_deg": 2.922, "axis": [0.3314, 0.1927, -0.9236], "d_axis_deg": 2.922}
C02TP {"f": 25, "bone": "forearm.L", "euler": [102.78, -40.5, -135.29], "d_euler": 14.476, "d_world_deg": 18.869, "axis": [0.8488, -0.3262, -0.416], "d_axis_deg": 18.869}
C02TP {"f": 25, "bone": "hand.L", "euler": [-29.88, 52.11, 6.3], "d_euler": 10.792, "d_world_deg": 17.656, "axis": [0.4022, -0.6769, -0.6165], "d_axis_deg": 17.656}
C02TP {"f": 26, "bone": "shoulder.R", "euler": [-6.63, 0.0, 9.56], "d_euler": 1.806, "d_world_deg": 9.661, "axis": [-0.9948, 0.0905, 0.0465], "d_axis_deg": 3.543}
C02TP {"f": 26, "bone": "upperarm.R", "euler": [54.05, -1.7, -7.64], "d_euler": 19.051, "d_world_deg": 26.089, "axis": [-0.6728, 0.1984, 0.7128], "d_axis_deg": 18.963}
C02TP {"f": 26, "bone": "forearm.R", "euler": [-5.93, 10.39, 13.99], "d_euler": 11.297, "d_world_deg": 19.894, "axis": [-0.773, -0.051, 0.6323], "d_axis_deg": 19.894}
C02TP {"f": 26, "bone": "hand.R", "euler": [-0.66, 3.42, 11.25], "d_euler": 4.477, "d_world_deg": 20.357, "axis": [-0.7484, -0.2459, 0.616], "d_axis_deg": 20.357}
C02TP {"f": 26, "bone": "shoulder.L", "euler": [-24.94, 0.0, -9.56], "d_euler": 1.806, "d_world_deg": 11.081, "axis": [0.9113, -0.3244, -0.2535], "d_axis_deg": 8.62}
C02TP {"f": 26, "bone": "upperarm.L", "euler": [-45.51, 16.82, 19.68], "d_euler": 11.991, "d_world_deg": 2.758, "axis": [0.3349, 0.2391, -0.9114], "d_axis_deg": 2.758}
C02TP {"f": 26, "bone": "forearm.L", "euler": [115.61, -53.6, -138.51], "d_euler": 13.109, "d_world_deg": 18.251, "axis": [0.7361, -0.1666, -0.6561], "d_axis_deg": 17.811}
C02TP {"f": 26, "bone": "hand.L", "euler": [-28.6, 56.9, 0.34], "d_euler": 5.959, "d_world_deg": 16.666, "axis": [0.3645, -0.4628, -0.8081], "d_axis_deg": 16.666}
C02TP {"f": 27, "bone": "shoulder.R", "euler": [-5.56, 0.0, 11.25], "d_euler": 1.694, "d_world_deg": 9.231, "axis": [-0.9855, 0.1555, 0.0672], "d_axis_deg": 3.946}
C02TP {"f": 27, "bone": "upperarm.R", "euler": [64.69, -15.04, 5.36], "d_euler": 13.346, "d_world_deg": 18.107, "axis": [-0.4987, 0.0237, 0.8665], "d_axis_deg": 16.71}
C02TP {"f": 27, "bone": "forearm.R", "euler": [-3.57, 6.62, 7.85], "d_euler": 6.143, "d_world_deg": 17.53, "axis": [-0.549, -0.1194, 0.8273], "d_axis_deg": 17.53}
C02TP {"f": 27, "bone": "hand.R", "euler": [0.8, 6.02, 6.53], "d_euler": 4.727, "d_world_deg": 17.939, "axis": [-0.5174, -0.2281, 0.8248], "d_axis_deg": 17.939}
C02TP {"f": 27, "bone": "shoulder.L", "euler": [-25.83, 0.0, -11.25], "d_euler": 1.694, "d_world_deg": 10.602, "axis": [0.8582, -0.4607, -0.2266], "d_axis_deg": 8.528}
C02TP {"f": 27, "bone": "upperarm.L", "euler": [-42.88, 22.7, 31.79], "d_euler": 12.107, "d_world_deg": 2.43, "axis": [0.3374, 0.2796, -0.8989], "d_axis_deg": 2.431}
C02TP {"f": 27, "bone": "forearm.L", "euler": [129.44, -66.28, -145.2], "d_euler": 13.833, "d_world_deg": 16.467, "axis": [0.5777, -0.0121, -0.8162], "d_axis_deg": 15.695}
C02TP {"f": 27, "bone": "hand.L", "euler": [-24.1, 58.08, -3.31], "d_euler": 4.498, "d_world_deg": 14.686, "axis": [0.3057, -0.2411, -0.9211], "d_axis_deg": 14.686}
C02TP {"f": 28, "bone": "shoulder.R", "euler": [-4.59, 0.0, 12.67], "d_euler": 1.417, "d_world_deg": 8.814, "axis": [-0.9701, 0.2276, 0.084], "d_axis_deg": 4.334}
C02TP {"f": 28, "bone": "upperarm.R", "euler": [70.18, -30.24, 12.43], "d_euler": 15.193, "d_world_deg": 13.33, "axis": [-0.3287, -0.1178, 0.9371], "d_axis_deg": 13.33}
C02TP {"f": 28, "bone": "forearm.R", "euler": [-0.37, 7.76, 2.76], "d_euler": 5.095, "d_world_deg": 13.985, "axis": [-0.3325, -0.1662, 0.9283], "d_axis_deg": 13.985}
C02TP {"f": 28, "bone": "hand.R", "euler": [1.84, 7.01, 2.34], "d_euler": 4.188, "d_world_deg": 14.31, "axis": [-0.2959, -0.1979, 0.9345], "d_axis_deg": 14.31}
C02TP {"f": 28, "bone": "shoulder.L", "euler": [-26.65, 0.0, -12.67], "d_euler": 1.417, "d_world_deg": 9.944, "axis": [0.7944, -0.579, -0.1834], "d_axis_deg": 8.097}
C02TP {"f": 28, "bone": "upperarm.L", "euler": [-39.42, 27.27, 43.63], "d_euler": 11.846, "d_world_deg": 1.939, "axis": [0.3389, 0.3115, -0.8878], "d_axis_deg": 1.939}
C02TP {"f": 28, "bone": "forearm.L", "euler": [166.01, -61.7, -178.11], "d_euler": 36.564, "d_world_deg": 16.652, "axis": [0.4198, 0.1123, -0.9007], "d_axis_deg": 12.52}
C02TP {"f": 28, "bone": "hand.L", "euler": [-13.72, 62.15, 0.72], "d_euler": 10.386, "d_world_deg": 16.057, "axis": [0.2443, -0.0523, -0.9683], "d_axis_deg": 11.716}
C02TP {"f": 29, "bone": "shoulder.R", "euler": [-3.73, 0.0, 13.64], "d_euler": 0.972, "d_world_deg": 8.163, "axis": [-0.9505, 0.2959, 0.095], "d_axis_deg": 4.123}
C02TP {"f": 29, "bone": "upperarm.R", "euler": [70.44, -41.83, 19.91], "d_euler": 11.59, "d_world_deg": 8.824, "axis": [-0.2059, -0.2084, 0.9561], "d_axis_deg": 8.824}
C02TP {"f": 29, "bone": "forearm.R", "euler": [1.74, 7.85, -0.69], "d_euler": 3.441, "d_world_deg": 9.257, "axis": [-0.1775, -0.192, 0.9652], "d_axis_deg": 9.258}
C02TP {"f": 29, "bone": "hand.R", "euler": [2.51, 7.11, -0.51], "d_euler": 2.853, "d_world_deg": 9.473, "axis": [-0.1382, -0.1709, 0.9755], "d_axis_deg": 9.473}
C02TP {"f": 29, "bone": "shoulder.L", "euler": [-27.38, 0.0, -13.64], "d_euler": 0.972, "d_world_deg": 8.768, "axis": [0.7333, -0.6671, -0.1315], "d_axis_deg": 6.828}
C02TP {"f": 29, "bone": "upperarm.L", "euler": [-35.37, 30.84, 54.24], "d_euler": 10.604, "d_world_deg": 1.283, "axis": [0.3397, 0.3324, -0.8798], "d_axis_deg": 1.283}
C02TP {"f": 29, "bone": "forearm.L", "euler": [181.55, -46.28, -189.91], "d_euler": 15.539, "d_world_deg": 18.007, "axis": [0.3037, 0.1921, -0.9332], "d_axis_deg": 8.288}
C02TP {"f": 29, "bone": "hand.L", "euler": [-4.93, 61.79, 4.79], "d_euler": 8.787, "d_world_deg": 19.587, "axis": [0.1978, 0.0744, -0.9774], "d_axis_deg": 7.756}
C02TP {"f": 30, "bone": "shoulder.R", "euler": [-3.0, 0.0, 14.0], "d_euler": 0.734, "d_world_deg": 7.263, "axis": [-0.9317, 0.3497, 0.0982], "d_axis_deg": 3.268}
C02TP {"f": 30, "bone": "upperarm.R", "euler": [65.76, -49.12, 26.97], "d_euler": 7.29, "d_world_deg": 3.192, "axis": [-0.1601, -0.2401, 0.9575], "d_axis_deg": 3.192}
C02TP {"f": 30, "bone": "forearm.R", "euler": [2.5, 7.75, -1.93], "d_euler": 1.243, "d_world_deg": 3.348, "axis": [-0.12, -0.2001, 0.9724], "d_axis_deg": 3.348}
C02TP {"f": 30, "bone": "hand.R", "euler": [2.75, 7.04, -1.55], "d_euler": 1.031, "d_world_deg": 3.426, "axis": [-0.08, -0.16, 0.9839], "d_axis_deg": 3.426}
C02TP {"f": 30, "bone": "shoulder.L", "euler": [-28.0, 0.0, -14.0], "d_euler": 0.617, "d_world_deg": 7.244, "axis": [0.6913, -0.7182, -0.0792], "d_axis_deg": 4.836}
C02TP {"f": 30, "bone": "upperarm.L", "euler": [-31.03, 33.91, 62.6], "d_euler": 8.364, "d_world_deg": 0.463, "axis": [0.3399, 0.3399, -0.8769], "d_axis_deg": 0.464}
C02TP {"f": 30, "bone": "forearm.L", "euler": [185.55, -46.2, -192.19], "d_euler": 4.001, "d_world_deg": 2.998, "axis": [0.2601, 0.22, -0.9402], "d_axis_deg": 2.998}
C02TP {"f": 30, "bone": "hand.L", "euler": [-4.86, 62.16, 2.99], "d_euler": 1.805, "d_world_deg": 2.805, "axis": [0.1801, 0.12, -0.9763], "d_axis_deg": 2.805}
C02TP {"f": 31, "bone": "shoulder.R", "euler": [-3.0, 0.0, 14.0], "d_euler": 0.0, "d_world_deg": 0.0, "axis": [-0.9317, 0.3497, 0.0982], "d_axis_deg": 0.0}
C02TP {"f": 31, "bone": "upperarm.R", "euler": [65.76, -49.12, 26.97], "d_euler": 0.0, "d_world_deg": 0.0, "axis": [-0.1601, -0.2401, 0.9575], "d_axis_deg": 0.0}
C02TP {"f": 31, "bone": "forearm.R", "euler": [2.5, 7.75, -1.93], "d_euler": 0.0, "d_world_deg": 0.0, "axis": [-0.12, -0.2001, 0.9724], "d_axis_deg": 0.0}
C02TP {"f": 31, "bone": "hand.R", "euler": [2.75, 7.04, -1.55], "d_euler": 0.0, "d_world_deg": 0.0, "axis": [-0.08, -0.16, 0.9839], "d_axis_deg": 0.0}
C02TP {"f": 31, "bone": "shoulder.L", "euler": [-28.0, 0.0, -14.0], "d_euler": 0.0, "d_world_deg": 0.0, "axis": [0.6913, -0.7182, -0.0792], "d_axis_deg": 0.0}
C02TP {"f": 31, "bone": "upperarm.L", "euler": [-31.03, 33.91, 62.6], "d_euler": 0.0, "d_world_deg": 0.0, "axis": [0.3399, 0.3399, -0.8769], "d_axis_deg": 0.0}
C02TP {"f": 31, "bone": "forearm.L", "euler": [185.55, -46.2, -192.19], "d_euler": 0.0, "d_world_deg": 0.0, "axis": [0.2601, 0.22, -0.9402], "d_axis_deg": 0.0}
C02TP {"f": 31, "bone": "hand.L", "euler": [-4.86, 62.16, 2.99], "d_euler": 0.0, "d_world_deg": 0.0, "axis": [0.1801, 0.12, -0.9763], "d_axis_deg": 0.0}
C02TP {"f": 32, "bone": "shoulder.R", "euler": [-3.0, 0.0, 14.0], "d_euler": 0.0, "d_world_deg": 0.0, "axis": [-0.9317, 0.3497, 0.0982], "d_axis_deg": 0.0}
C02TP {"f": 32, "bone": "upperarm.R", "euler": [65.76, -49.12, 26.97], "d_euler": 0.0, "d_world_deg": 0.0, "axis": [-0.1601, -0.2401, 0.9575], "d_axis_deg": 0.0}
C02TP {"f": 32, "bone": "forearm.R", "euler": [2.5, 7.75, -1.93], "d_euler": 0.0, "d_world_deg": 0.0, "axis": [-0.12, -0.2001, 0.9724], "d_axis_deg": 0.0}
C02TP {"f": 32, "bone": "hand.R", "euler": [2.75, 7.04, -1.55], "d_euler": 0.0, "d_world_deg": 0.0, "axis": [-0.08, -0.16, 0.9839], "d_axis_deg": 0.0}
C02TP {"f": 32, "bone": "shoulder.L", "euler": [-28.0, 0.0, -14.0], "d_euler": 0.0, "d_world_deg": 0.0, "axis": [0.6913, -0.7182, -0.0792], "d_axis_deg": 0.0}
C02TP {"f": 32, "bone": "upperarm.L", "euler": [-31.03, 33.91, 62.6], "d_euler": 0.0, "d_world_deg": 0.0, "axis": [0.3399, 0.3399, -0.8769], "d_axis_deg": 0.0}
C02TP {"f": 32, "bone": "forearm.L", "euler": [185.55, -46.2, -192.19], "d_euler": 0.0, "d_world_deg": 0.0, "axis": [0.2601, 0.22, -0.9402], "d_axis_deg": 0.0}
C02TP {"f": 32, "bone": "hand.L", "euler": [-4.86, 62.16, 2.99], "d_euler": 0.0, "d_world_deg": 0.0, "axis": [0.1801, 0.12, -0.9763], "d_axis_deg": 0.0}
C02TP {"f": 33, "bone": "shoulder.R", "euler": [-3.0, 0.0, 14.0], "d_euler": 0.0, "d_world_deg": 0.0, "axis": [-0.9317, 0.3497, 0.0982], "d_axis_deg": 0.0}
C02TP {"f": 33, "bone": "upperarm.R", "euler": [65.76, -49.12, 26.97], "d_euler": 0.0, "d_world_deg": 0.0, "axis": [-0.1601, -0.2401, 0.9575], "d_axis_deg": 0.0}
C02TP {"f": 33, "bone": "forearm.R", "euler": [2.5, 7.75, -1.93], "d_euler": 0.0, "d_world_deg": 0.0, "axis": [-0.12, -0.2001, 0.9724], "d_axis_deg": 0.0}
C02TP {"f": 33, "bone": "hand.R", "euler": [2.75, 7.04, -1.55], "d_euler": 0.0, "d_world_deg": 0.0, "axis": [-0.08, -0.16, 0.9839], "d_axis_deg": 0.0}
C02TP {"f": 33, "bone": "shoulder.L", "euler": [-28.0, 0.0, -14.0], "d_euler": 0.0, "d_world_deg": 0.0, "axis": [0.6913, -0.7182, -0.0792], "d_axis_deg": 0.0}
C02TP {"f": 33, "bone": "upperarm.L", "euler": [-31.03, 33.91, 62.6], "d_euler": 0.0, "d_world_deg": 0.0, "axis": [0.3399, 0.3399, -0.8769], "d_axis_deg": 0.0}
C02TP {"f": 33, "bone": "forearm.L", "euler": [185.55, -46.2, -192.19], "d_euler": 0.0, "d_world_deg": 0.0, "axis": [0.2601, 0.22, -0.9402], "d_axis_deg": 0.0}
C02TP {"f": 33, "bone": "hand.L", "euler": [-4.86, 62.16, 2.99], "d_euler": 0.0, "d_world_deg": 0.0, "axis": [0.1801, 0.12, -0.9763], "d_axis_deg": 0.0}
C02TP {"f": 34, "bone": "shoulder.R", "euler": [-3.81, 0.0, 10.64], "d_euler": 3.364, "d_world_deg": 5.827, "axis": [-0.939, 0.3373, 0.0673], "d_axis_deg": 1.952}
C02TP {"f": 34, "bone": "upperarm.R", "euler": [53.89, -42.53, 27.47], "d_euler": 11.87, "d_world_deg": 16.245, "axis": [-0.3555, -0.0694, 0.9321], "d_axis_deg": 14.981}
C02TP {"f": 34, "bone": "forearm.R", "euler": [2.52, 6.05, 13.26], "d_euler": 15.192, "d_world_deg": 12.161, "axis": [-0.2771, -0.2856, 0.9174], "d_axis_deg": 10.736}
C02TP {"f": 34, "bone": "hand.R", "euler": [3.34, 6.51, -3.9], "d_euler": 2.359, "d_world_deg": 11.037, "axis": [-0.2456, -0.202, 0.9481], "d_axis_deg": 10.012}
C02TP {"f": 34, "bone": "shoulder.L", "euler": [-27.42, 0.0, -10.64], "d_euler": 3.364, "d_world_deg": 9.175, "axis": [0.7664, -0.6385, -0.0701], "d_axis_deg": 6.301}
C02TP {"f": 34, "bone": "upperarm.L", "euler": [-33.0, 29.08, 53.35], "d_euler": 9.251, "d_world_deg": 14.43, "axis": [0.2859, 0.1365, -0.9485], "d_axis_deg": 12.767}
C02TP {"f": 34, "bone": "forearm.L", "euler": [185.51, -61.28, -205.07], "d_euler": 15.073, "d_world_deg": 26.595, "axis": [0.2067, -0.2086, -0.9559], "d_axis_deg": 24.964}
C02TP {"f": 34, "bone": "hand.L", "euler": [-4.1, 55.74, 4.85], "d_euler": 6.42, "d_world_deg": 25.179, "axis": [0.0863, -0.2966, -0.9511], "d_axis_deg": 24.702}
C02TP_WORST {"step_deg": 39.832, "frame": 24, "bone": "upperarm.R", "world_deg": 55.493, "limit_deg": 25.0}
Blender 4.5.0 (hash 8cb6b388974a built 2025-07-15 01:36:24)
Read blend: "I:\工作项目\BIGMANFIGHT\角色资产\美术资产\bigman_v001\bigman_anim_v001.blend"

Blender quit
Error: Not freed memory blocks: 1, total unfreed memory 0.000008 MB
