C02TP {"f": 15, "bone": "shoulder.R", "euler": [-16.76, 0.0, -3.48], "d_euler": 1.148, "d_world_deg": 4.698, "axis": [-0.9585, -0.243, -0.1489], "d_axis_deg": 2.523}
C02TP {"f": 15, "bone": "upperarm.R", "euler": [-28.94, 27.22, 60.15], "d_euler": 2.633, "d_world_deg": 4.2, "axis": [-0.0992, 0.303, -0.9478], "d_axis_deg": 4.2}
C02TP {"f": 15, "bone": "forearm.R", "euler": [9.5, 20.11, 14.82], "d_euler": 2.639, "d_world_deg": 6.244, "axis": [-0.0047, 0.0737, -0.9973], "d_axis_deg": 6.244}
C02TP {"f": 15, "bone": "hand.R", "euler": [1.87, -11.22, 1.34], "d_euler": 2.145, "d_world_deg": 4.452, "axis": [-0.0108, 0.0304, -0.9995], "d_axis_deg": 4.452}
C02TP {"f": 15, "bone": "shoulder.L", "euler": [-12.86, 0.0, 5.59], "d_euler": 1.005, "d_world_deg": 4.113, "axis": [0.8533, 0.3763, 0.3609], "d_axis_deg": 0.416}
C02TP {"f": 15, "bone": "upperarm.L", "euler": [-5.93, -59.22, -88.54], "d_euler": 9.113, "d_world_deg": 1.62, "axis": [0.33, -0.0347, -0.9433], "d_axis_deg": 1.62}
C02TP {"f": 15, "bone": "forearm.L", "euler": [23.84, 3.38, -146.28], "d_euler": 0.881, "d_world_deg": 1.201, "axis": [0.1319, -0.45, 0.8832], "d_axis_deg": 1.202}
C02TP {"f": 15, "bone": "hand.L", "euler": [-7.9, 0.29, 12.36], "d_euler": 0.69, "d_world_deg": 1.313, "axis": [0.0489, -0.6543, 0.7547], "d_axis_deg": 1.313}
C02TP {"f": 16, "bone": "shoulder.R", "euler": [-17.52, 0.0, -4.48], "d_euler": 1.004, "d_world_deg": 3.673, "axis": [-0.9679, -0.2247, -0.1127], "d_axis_deg": 2.39}
C02TP {"f": 16, "bone": "upperarm.R", "euler": [-29.66, 26.79, 62.48], "d_euler": 2.332, "d_world_deg": 3.205, "axis": [-0.0998, 0.3558, -0.9292], "d_axis_deg": 3.205}
C02TP {"f": 16, "bone": "forearm.R", "euler": [8.96, 20.16, 12.8], "d_euler": 2.012, "d_world_deg": 4.765, "axis": [-0.0291, 0.1526, -0.9879], "d_axis_deg": 4.765}
C02TP {"f": 16, "bone": "hand.R", "euler": [1.74, -11.21, 2.98], "d_euler": 1.639, "d_world_deg": 3.397, "axis": [-0.0158, 0.0894, -0.9959], "d_axis_deg": 3.398}
C02TP {"f": 16, "bone": "shoulder.L", "euler": [-13.94, 0.0, 5.85], "d_euler": 1.074, "d_world_deg": 2.993, "axis": [0.8558, 0.3752, 0.3561], "d_axis_deg": 0.312}
C02TP {"f": 16, "bone": "upperarm.L", "euler": [0.19, -59.22, -95.26], "d_euler": 6.716, "d_world_deg": 1.236, "axis": [0.314, -0.0483, -0.9482], "d_axis_deg": 1.236}
C02TP {"f": 16, "bone": "forearm.L", "euler": [23.94, 3.94, -145.62], "d_euler": 0.664, "d_world_deg": 0.917, "axis": [0.1471, -0.4448, 0.8835], "d_axis_deg": 0.917}
C02TP {"f": 16, "bone": "hand.L", "euler": [-7.92, 0.56, 12.88], "d_euler": 0.522, "d_world_deg": 1.001, "axis": [0.0656, -0.6574, 0.7506], "d_axis_deg": 1.002}
C02TP {"f": 17, "bone": "shoulder.R", "euler": [-17.97, 0.0, -5.33], "d_euler": 0.845, "d_world_deg": 2.315, "axis": [-0.9753, -0.2071, -0.0774], "d_axis_deg": 2.299}
C02TP {"f": 17, "bone": "upperarm.R", "euler": [-31.54, 25.45, 63.76], "d_euler": 1.878, "d_world_deg": 2.044, "axis": [-0.1001, 0.3889, -0.9158], "d_axis_deg": 2.045}
C02TP {"f": 17, "bone": "forearm.R", "euler": [8.62, 20.22, 11.52], "d_euler": 1.282, "d_world_deg": 3.04, "axis": [-0.0446, 0.2025, -0.9783], "d_axis_deg": 3.04}
C02TP {"f": 17, "bone": "hand.R", "euler": [1.65, -11.24, 4.02], "d_euler": 1.045, "d_world_deg": 2.167, "axis": [-0.0189, 0.1269, -0.9917], "d_axis_deg": 2.167}
C02TP {"f": 17, "bone": "shoulder.L", "euler": [-15.01, 0.0, 5.99], "d_euler": 1.07, "d_world_deg": 1.043, "axis": [0.8594, 0.3804, 0.3416], "d_axis_deg": 0.909}
C02TP {"f": 17, "bone": "upperarm.L", "euler": [1.57, -58.82, -96.48], "d_euler": 1.382, "d_world_deg": 0.788, "axis": [0.3037, -0.057, -0.9511], "d_axis_deg": 0.789}
C02TP {"f": 17, "bone": "forearm.L", "euler": [24.01, 4.31, -145.2], "d_euler": 0.419, "d_world_deg": 0.584, "axis": [0.1567, -0.4414, 0.8835], "d_axis_deg": 0.585}
C02TP {"f": 17, "bone": "hand.L", "euler": [-7.92, 0.73, 13.21], "d_euler": 0.331, "d_world_deg": 0.639, "axis": [0.0763, -0.6593, 0.748], "d_axis_deg": 0.639}
C02TP {"f": 18, "bone": "shoulder.R", "euler": [-18.0, 0.0, -6.0], "d_euler": 0.67, "d_world_deg": 4.217, "axis": [-0.9821, -0.1826, -0.0465], "d_axis_deg": 2.291}
C02TP {"f": 18, "bone": "upperarm.R", "euler": [-35.46, 22.46, 63.42], "d_euler": 3.926, "d_world_deg": 0.718, "axis": [-0.1001, 0.4004, -0.9109], "d_axis_deg": 0.718}
C02TP {"f": 18, "bone": "forearm.R", "euler": [8.5, 20.25, 11.07], "d_euler": 0.45, "d_world_deg": 1.068, "axis": [-0.05, 0.2198, -0.9743], "d_axis_deg": 1.068}
C02TP {"f": 18, "bone": "hand.R", "euler": [1.62, -11.25, 4.39], "d_euler": 0.367, "d_world_deg": 0.761, "axis": [-0.02, 0.14, -0.99], "d_axis_deg": 0.762}
C02TP {"f": 18, "bone": "shoulder.L", "euler": [-16.0, 0.0, 6.0], "d_euler": 0.992, "d_world_deg": 3.773, "axis": [0.8661, 0.3907, 0.3117], "d_axis_deg": 1.852}
C02TP {"f": 18, "bone": "upperarm.L", "euler": [-4.05, -58.29, -89.68], "d_euler": 6.798, "d_world_deg": 0.277, "axis": [0.3, -0.06, -0.952], "d_axis_deg": 0.277}
C02TP {"f": 18, "bone": "forearm.L", "euler": [24.03, 4.44, -145.05], "d_euler": 0.147, "d_world_deg": 0.206, "axis": [0.1601, -0.4402, 0.8835], "d_axis_deg": 0.206}
C02TP {"f": 18, "bone": "hand.L", "euler": [-7.93, 0.79, 13.33], "d_euler": 0.116, "d_world_deg": 0.224, "axis": [0.08, -0.66, 0.747], "d_axis_deg": 0.225}
C02TP {"f": 19, "bone": "shoulder.R", "euler": [-17.36, 0.0, -5.74], "d_euler": 0.642, "d_world_deg": 8.003, "axis": [-0.988, -0.1509, -0.0318], "d_axis_deg": 2.033}
C02TP {"f": 19, "bone": "upperarm.R", "euler": [-44.71, 8.08, 50.96], "d_euler": 14.385, "d_world_deg": 13.518, "axis": [-0.2928, 0.4973, -0.8167], "d_axis_deg": 13.518}
C02TP {"f": 19, "bone": "forearm.R", "euler": [15.14, 22.22, 14.2], "d_euler": 6.644, "d_world_deg": 14.182, "axis": [-0.2916, 0.2369, -0.9267], "d_axis_deg": 14.182}
C02TP {"f": 19, "bone": "hand.R", "euler": [4.55, -9.76, 7.13], "d_euler": 2.924, "d_world_deg": 14.512, "axis": [-0.2647, 0.0846, -0.9606], "d_axis_deg": 14.512}
C02TP {"f": 19, "bone": "shoulder.L", "euler": [-17.02, 0.0, 5.3], "d_euler": 1.024, "d_world_deg": 8.382, "axis": [0.8808, 0.4028, 0.2488], "d_axis_deg": 3.766}
C02TP {"f": 19, "bone": "upperarm.L", "euler": [-14.65, -44.97, -76.35], "d_euler": 13.333, "d_world_deg": 11.174, "axis": [0.3054, -0.0261, -0.9519], "d_axis_deg": 1.966}
C02TP {"f": 19, "bone": "forearm.L", "euler": [40.56, 0.76, -145.39], "d_euler": 16.523, "d_world_deg": 16.149, "axis": [0.3466, -0.51, 0.7873], "d_axis_deg": 12.697}
C02TP {"f": 19, "bone": "hand.L", "euler": [-11.04, 10.07, 17.1], "d_euler": 9.272, "d_world_deg": 12.887, "axis": [0.1608, -0.7827, 0.6012], "d_axis_deg": 11.881}
C02TP {"f": 20, "bone": "shoulder.R", "euler": [-16.03, 0.0, -4.14], "d_euler": 1.601, "d_world_deg": 10.884, "axis": [-0.9919, -0.1218, -0.0356], "d_axis_deg": 1.692}
C02TP {"f": 20, "bone": "upperarm.R", "euler": [-50.75, -6.88, 35.84], "d_euler": 15.125, "d_world_deg": 14.784, "axis": [-0.4693, 0.5667, -0.6772], "d_axis_deg": 13.518}
C02TP {"f": 20, "bone": "forearm.R", "euler": [19.51, 19.53, 16.74], "d_euler": 4.362, "d_world_deg": 14.182, "axis": [-0.5155, 0.2395, -0.8227], "d_axis_deg": 14.182}
C02TP {"f": 20, "bone": "hand.R", "euler": [7.26, -7.37, 9.6], "d_euler": 2.717, "d_world_deg": 14.512, "axis": [-0.4925, 0.0239, -0.87], "d_axis_deg": 14.512}
C02TP {"f": 20, "bone": "shoulder.L", "euler": [-18.2, 0.0, 3.58], "d_euler": 1.725, "d_world_deg": 11.99, "axis": [0.9055, 0.3982, 0.1466], "d_axis_deg": 6.033}
C02TP {"f": 20, "bone": "upperarm.L", "euler": [-24.4, -31.97, -63.48], "d_euler": 13.006, "d_world_deg": 8.238, "axis": [0.3104, 0.0078, -0.9506], "d_axis_deg": 1.966}
C02TP {"f": 20, "bone": "forearm.L", "euler": [55.82, -0.67, -146.73], "d_euler": 15.265, "d_world_deg": 13.642, "axis": [0.5161, -0.5548, 0.6525], "d_axis_deg": 12.697}
C02TP {"f": 20, "bone": "hand.L", "euler": [-13.8, 20.75, 19.77], "d_euler": 10.68, "d_world_deg": 11.881, "axis": [0.2347, -0.8719, 0.4297], "d_axis_deg": 11.881}
C02TP {"f": 21, "bone": "shoulder.R", "euler": [-14.28, 0.0, -1.68], "d_euler": 2.46, "d_world_deg": 12.754, "axis": [-0.9939, -0.1011, -0.0438], "d_axis_deg": 1.284}
C02TP {"f": 21, "bone": "upperarm.R", "euler": [-49.38, -23.23, 19.01], "d_euler": 16.829, "d_world_deg": 16.229, "axis": [-0.6198, 0.6047, -0.5002], "d_axis_deg": 13.518}
C02TP {"f": 21, "bone": "forearm.R", "euler": [21.68, 15.14, 18.8], "d_euler": 4.384, "d_world_deg": 14.182, "axis": [-0.708, 0.2275, -0.6686], "d_axis_deg": 14.182}
C02TP {"f": 21, "bone": "hand.R", "euler": [9.66, -4.18, 11.68], "d_euler": 3.187, "d_world_deg": 14.512, "axis": [-0.6889, -0.0384, -0.7238], "d_axis_deg": 14.512}
C02TP {"f": 21, "bone": "shoulder.L", "euler": [-19.45, 0.0, 1.2], "d_euler": 2.371, "d_world_deg": 14.247, "axis": [0.9354, 0.3529, 0.0225], "d_axis_deg": 7.764}
C02TP {"f": 21, "bone": "upperarm.L", "euler": [-33.55, -21.29, -49.67], "d_euler": 13.808, "d_world_deg": 3.587, "axis": [0.3151, 0.0417, -0.9481], "d_axis_deg": 1.966}
C02TP {"f": 21, "bone": "forearm.L", "euler": [68.29, -3.29, -145.89], "d_euler": 12.465, "d_world_deg": 12.697, "axis": [0.6604, -0.5725, 0.4859], "d_axis_deg": 12.697}
C02TP {"f": 21, "bone": "hand.L", "euler": [-17.07, 27.72, 21.12], "d_euler": 6.976, "d_world_deg": 11.881, "axis": [0.2986, -0.9238, 0.2397], "d_axis_deg": 11.881}
C02TP {"f": 22, "bone": "shoulder.R", "euler": [-12.35, 0.0, 1.15], "d_euler": 2.834, "d_world_deg": 13.501, "axis": [-0.9954, -0.0855, -0.0427], "d_axis_deg": 0.897}
C02TP {"f": 22, "bone": "upperarm.R", "euler": [-38.79, -40.65, 1.64], "d_euler": 17.424, "d_world_deg": 15.216, "axis": [-0.7359, 0.6092, -0.2955], "d_axis_deg": 13.518}
C02TP {"f": 22, "bone": "forearm.R", "euler": [23.09, 13.72, 20.61], "d_euler": 1.815, "d_world_deg": 14.182, "axis": [-0.8573, 0.2016, -0.4737], "d_axis_deg": 14.182}
C02TP {"f": 22, "bone": "hand.R", "euler": [11.6, -0.34, 13.24], "d_euler": 3.839, "d_world_deg": 14.512, "axis": [-0.8414, -0.0982, -0.5315], "d_axis_deg": 14.512}
C02TP {"f": 22, "bone": "shoulder.L", "euler": [-20.71, 0.0, -1.43], "d_euler": 2.639, "d_world_deg": 15.166, "axis": [0.9616, 0.2566, -0.0971], "d_axis_deg": 8.932}
C02TP {"f": 22, "bone": "upperarm.L", "euler": [-40.48, -9.33, -37.27], "d_euler": 12.394, "d_world_deg": 3.587, "axis": [0.3194, 0.0756, -0.9446], "d_axis_deg": 1.966}
C02TP {"f": 22, "bone": "forearm.L", "euler": [80.64, -6.33, -146.3], "d_euler": 12.357, "d_world_deg": 12.697, "axis": [0.7724, -0.5622, 0.2955], "d_axis_deg": 12.697}
C02TP {"f": 22, "bone": "hand.L", "euler": [-19.37, 35.38, 21.44], "d_euler": 7.658, "d_world_deg": 11.881, "axis": [0.3496, -0.9361, 0.0395], "d_axis_deg": 11.881}
C02TP {"f": 23, "bone": "shoulder.R", "euler": [-10.5, 0.0, 3.87], "d_euler": 2.723, "d_world_deg": 13.092, "axis": [-0.9976, -0.0635, -0.0265], "d_axis_deg": 1.57}
C02TP {"f": 23, "bone": "upperarm.R", "euler": [-17.75, -59.88, -18.96], "d_euler": 21.034, "d_world_deg": 13.518, "axis": [-0.8113, 0.5799, -0.0745], "d_axis_deg": 13.518}
C02TP {"f": 23, "bone": "forearm.R", "euler": [25.83, 19.61, 22.45], "d_euler": 5.893, "d_world_deg": 14.182, "axis": [-0.9544, 0.1635, -0.2499], "d_axis_deg": 14.182}
C02TP {"f": 23, "bone": "hand.R", "euler": [12.97, 3.97, 14.17], "d_euler": 4.309, "d_world_deg": 14.512, "axis": [-0.9401, -0.1518, -0.3052], "d_axis_deg": 14.512}
C02TP {"f": 23, "bone": "shoulder.L", "euler": [-21.92, 0.0, -3.96], "d_euler": 2.528, "d_world_deg": 14.76, "axis": [0.9749, 0.1201, -0.1876], "d_axis_deg": 9.428}
C02TP {"f": 23, "bone": "upperarm.L", "euler": [-45.41, 0.41, -24.21], "d_euler": 13.064, "d_world_deg": 1.966, "axis": [0.3233, 0.1093, -0.9399], "d_axis_deg": 1.966}
C02TP {"f": 23, "bone": "forearm.L", "euler": [91.34, -12.05, -147.7], "d_euler": 10.693, "d_world_deg": 12.697, "axis": [0.8466, -0.5244, 0.0906], "d_axis_deg": 12.697}
C02TP {"f": 23, "bone": "hand.L", "euler": [-20.78, 43.35, 20.74], "d_euler": 7.97, "d_world_deg": 11.881, "axis": [0.3857, -0.9082, -0.1624], "d_axis_deg": 11.881}
C02TP {"f": 24, "bone": "shoulder.R", "euler": [-9.0, 0.0, 6.0], "d_euler": 2.127, "d_world_deg": 11.556, "axis": [-0.9998, -0.0221, -0.0012], "d_axis_deg": 2.787}
C02TP {"f": 24, "bone": "upperarm.R", "euler": [14.08, -40.14, -43.69], "d_euler": 31.833, "d_world_deg": 32.841, "axis": [-0.8417, 0.5185, 0.1507], "d_axis_deg": 13.518}
C02TP {"f": 24, "bone": "forearm.R", "euler": [15.87, 2.93, 22.47], "d_euler": 16.682, "d_world_deg": 15.033, "axis": [-0.9933, 0.1154, -0.0109], "d_axis_deg": 14.182}
C02TP {"f": 24, "bone": "hand.R", "euler": [12.38, 3.68, 14.19], "d_euler": 0.59, "d_world_deg": 14.512, "axis": [-0.9789, -0.1957, -0.0595], "d_axis_deg": 14.512}
C02TP {"f": 24, "bone": "shoulder.L", "euler": [-23.0, 0.0, -6.0], "d_euler": 2.038, "d_world_deg": 13.052, "axis": [0.9707, -0.0301, -0.2385], "d_axis_deg": 9.1}
C02TP {"f": 24, "bone": "upperarm.L", "euler": [-48.03, 9.02, -12.43], "d_euler": 11.776, "d_world_deg": 1.966, "axis": [0.3269, 0.143, -0.9342], "d_axis_deg": 1.966}
C02TP {"f": 24, "bone": "forearm.L", "euler": [102.27, -17.76, -150.23], "d_euler": 10.932, "d_world_deg": 12.697, "axis": [0.8795, -0.4609, -0.1187], "d_axis_deg": 12.697}
C02TP {"f": 24, "bone": "hand.L", "euler": [-21.46, 51.29, 19.03], "d_euler": 7.944, "d_world_deg": 11.881, "axis": [0.4053, -0.8415, -0.3573], "d_axis_deg": 11.881}
C02TP {"f": 25, "bone": "shoulder.R", "euler": [-7.78, 0.0, 7.75], "d_euler": 1.75, "d_world_deg": 10.2, "axis": [-0.9992, 0.0333, 0.0235], "d_axis_deg": 3.473}
C02TP {"f": 25, "bone": "upperarm.R", "euler": [34.03, -31.3, -47.45], "d_euler": 19.948, "d_world_deg": 20.167, "axis": [-0.8255, 0.4284, 0.3676], "d_axis_deg": 13.518}
C02TP {"f": 25, "bone": "forearm.R", "euler": [10.67, -4.66, 21.02], "d_euler": 7.589, "d_world_deg": 14.182, "axis": [-0.9716, 0.0602, 0.2288], "d_axis_deg": 14.182}
C02TP {"f": 25, "bone": "hand.R", "euler": [12.23, 8.21, 13.36], "d_euler": 4.53, "d_world_deg": 14.512, "axis": [-0.9552, -0.2271, 0.19], "d_axis_deg": 14.512}
C02TP {"f": 25, "bone": "shoulder.L", "euler": [-23.99, 0.0, -7.75], "d_euler": 1.75, "d_world_deg": 11.588, "axis": [0.9493, -0.1791, -0.2584], "d_axis_deg": 8.708}
C02TP {"f": 25, "bone": "upperarm.L", "euler": [-48.95, 16.35, -1.35], "d_euler": 11.088, "d_world_deg": 1.966, "axis": [0.33, 0.1765, -0.9273], "d_axis_deg": 1.966}
C02TP {"f": 25, "bone": "forearm.L", "euler": [113.68, -23.24, -153.94], "d_euler": 11.407, "d_world_deg": 12.697, "axis": [0.8693, -0.3749, -0.3222], "d_axis_deg": 12.697}
C02TP {"f": 25, "bone": "hand.L", "euler": [-21.57, 58.9, 16.31], "d_euler": 7.605, "d_world_deg": 11.881, "axis": [0.4075, -0.7387, -0.537], "d_axis_deg": 11.881}
C02TP {"f": 26, "bone": "shoulder.R", "euler": [-6.63, 0.0, 9.56], "d_euler": 1.806, "d_world_deg": 9.661, "axis": [-0.9948, 0.0905, 0.0465], "d_axis_deg": 3.543}
C02TP {"f": 26, "bone": "upperarm.R", "euler": [51.58, -28.44, -45.3], "d_euler": 17.552, "d_world_deg": 16.801, "axis": [-0.7635, 0.3145, 0.564], "d_axis_deg": 13.518}
C02TP {"f": 26, "bone": "forearm.R", "euler": [7.09, -8.37, 18.23], "d_euler": 3.714, "d_world_deg": 14.182, "axis": [-0.8907, 0.0014, 0.4545], "d_axis_deg": 14.182}
C02TP {"f": 26, "bone": "hand.R", "euler": [11.21, 12.41, 11.58], "d_euler": 4.202, "d_world_deg": 14.512, "axis": [-0.8705, -0.244, 0.4274], "d_axis_deg": 14.512}
C02TP {"f": 26, "bone": "shoulder.L", "euler": [-24.94, 0.0, -9.56], "d_euler": 1.806, "d_world_deg": 11.081, "axis": [0.9113, -0.3244, -0.2535], "d_axis_deg": 8.62}
C02TP {"f": 26, "bone": "upperarm.L", "euler": [-48.58, 23.06, 9.87], "d_euler": 11.214, "d_world_deg": 1.966, "axis": [0.3328, 0.2097, -0.9194], "d_axis_deg": 1.966}
C02TP {"f": 26, "bone": "forearm.L", "euler": [125.79, -28.26, -158.92], "d_euler": 12.115, "d_world_deg": 12.697, "axis": [0.8166, -0.2706, -0.5099], "d_axis_deg": 12.697}
C02TP {"f": 26, "bone": "hand.L", "euler": [-18.53, 62.12, 15.62], "d_euler": 3.218, "d_world_deg": 12.534, "axis": [0.3922, -0.6042, -0.6936], "d_axis_deg": 11.881}
C02TP {"f": 27, "bone": "shoulder.R", "euler": [-5.56, 0.0, 11.25], "d_euler": 1.694, "d_world_deg": 9.231, "axis": [-0.9855, 0.1555, 0.0672], "d_axis_deg": 3.946}
C02TP {"f": 27, "bone": "upperarm.R", "euler": [65.98, -29.2, -37.47], "d_euler": 14.402, "d_world_deg": 16.801, "axis": [-0.6592, 0.1832, 0.7293], "d_axis_deg": 13.518}
C02TP {"f": 27, "bone": "forearm.R", "euler": [3.8, -13.37, 14.22], "d_euler": 5.0, "d_world_deg": 14.182, "axis": [-0.7556, -0.0575, 0.6526], "d_axis_deg": 14.182}
C02TP {"f": 27, "bone": "hand.R", "euler": [9.31, 15.97, 8.85], "d_euler": 3.557, "d_world_deg": 14.512, "axis": [-0.7303, -0.2453, 0.6376], "d_axis_deg": 14.512}
C02TP {"f": 27, "bone": "shoulder.L", "euler": [-25.83, 0.0, -11.25], "d_euler": 1.694, "d_world_deg": 10.602, "axis": [0.8582, -0.4607, -0.2266], "d_axis_deg": 8.528}
C02TP {"f": 27, "bone": "upperarm.L", "euler": [-47.05, 28.95, 21.44], "d_euler": 11.568, "d_world_deg": 1.966, "axis": [0.3352, 0.2428, -0.9103], "d_axis_deg": 1.966}
C02TP {"f": 27, "bone": "forearm.L", "euler": [138.8, -32.55, -165.23], "d_euler": 13.008, "d_world_deg": 12.697, "axis": [0.7239, -0.153, -0.6727], "d_axis_deg": 12.697}
C02TP {"f": 27, "bone": "hand.L", "euler": [-13.43, 61.44, 15.77], "d_euler": 5.101, "d_world_deg": 13.783, "axis": [0.3601, -0.4439, -0.8205], "d_axis_deg": 11.881}
C02TP {"f": 28, "bone": "shoulder.R", "euler": [-4.59, 0.0, 12.67], "d_euler": 1.417, "d_world_deg": 8.814, "axis": [-0.9701, 0.2276, 0.084], "d_axis_deg": 4.334}
C02TP {"f": 28, "bone": "upperarm.R", "euler": [79.84, -35.3, -31.52], "d_euler": 13.861, "d_world_deg": 14.409, "axis": [-0.5185, 0.0417, 0.8541], "d_axis_deg": 13.518}
C02TP {"f": 28, "bone": "forearm.R", "euler": [2.26, -15.07, 8.92], "d_euler": 5.3, "d_world_deg": 14.182, "axis": [-0.5743, -0.1129, 0.8108], "d_axis_deg": 14.182}
C02TP {"f": 28, "bone": "hand.R", "euler": [6.6, 18.57, 5.26], "d_euler": 3.588, "d_world_deg": 14.512, "axis": [-0.5435, -0.231, 0.807], "d_axis_deg": 14.512}
C02TP {"f": 28, "bone": "shoulder.L", "euler": [-26.65, 0.0, -12.67], "d_euler": 1.417, "d_world_deg": 9.944, "axis": [0.7944, -0.579, -0.1834], "d_axis_deg": 8.097}
C02TP {"f": 28, "bone": "upperarm.L", "euler": [-44.38, 34.03, 33.23], "d_euler": 11.793, "d_world_deg": 1.966, "axis": [0.3372, 0.2755, -0.9002], "d_axis_deg": 1.966}
C02TP {"f": 28, "bone": "forearm.L", "euler": [152.77, -35.84, -172.8], "d_euler": 13.97, "d_world_deg": 12.697, "axis": [0.5959, -0.028, -0.8026], "d_axis_deg": 12.697}
C02TP {"f": 28, "bone": "hand.L", "euler": [-9.76, 61.43, 13.14], "d_euler": 3.674, "d_world_deg": 12.887, "axis": [0.3126, -0.2645, -0.9123], "d_axis_deg": 11.881}
C02TP {"f": 29, "bone": "shoulder.R", "euler": [-3.73, 0.0, 13.64], "d_euler": 0.972, "d_world_deg": 8.163, "axis": [-0.9505, 0.2959, 0.095], "d_axis_deg": 4.123}
C02TP {"f": 29, "bone": "upperarm.R", "euler": [91.04, -43.33, -24.14], "d_euler": 11.192, "d_world_deg": 14.409, "axis": [-0.3489, -0.102, 0.9316], "d_axis_deg": 13.518}
C02TP {"f": 29, "bone": "forearm.R", "euler": [1.27, -18.36, 2.9], "d_euler": 6.024, "d_world_deg": 14.182, "axis": [-0.3581, -0.1614, 0.9196], "d_axis_deg": 14.182}
C02TP {"f": 29, "bone": "hand.R", "euler": [3.32, 19.96, 1.07], "d_euler": 4.197, "d_world_deg": 14.512, "axis": [-0.322, -0.2019, 0.9249], "d_axis_deg": 14.512}
C02TP {"f": 29, "bone": "shoulder.L", "euler": [-27.38, 0.0, -13.64], "d_euler": 0.972, "d_world_deg": 8.768, "axis": [0.7333, -0.6671, -0.1315], "d_axis_deg": 6.828}
C02TP {"f": 29, "bone": "upperarm.L", "euler": [-40.65, 38.61, 44.58], "d_euler": 11.347, "d_world_deg": 1.966, "axis": [0.3388, 0.3079, -0.8891], "d_axis_deg": 1.966}
C02TP {"f": 29, "bone": "forearm.L", "euler": [166.62, -42.73, -179.92], "d_euler": 13.852, "d_world_deg": 13.642, "axis": [0.4387, 0.0984, -0.8932], "d_axis_deg": 12.697}
C02TP {"f": 29, "bone": "hand.L", "euler": [-9.43, 60.03, 6.26], "d_euler": 6.88, "d_world_deg": 11.881, "axis": [0.2517, -0.0738, -0.965], "d_axis_deg": 11.881}
C02TP {"f": 30, "bone": "shoulder.R", "euler": [-3.0, 0.0, 14.0], "d_euler": 0.734, "d_world_deg": 7.263, "axis": [-0.9317, 0.3497, 0.0982], "d_axis_deg": 3.268}
C02TP {"f": 30, "bone": "upperarm.R", "euler": [99.87, -52.72, -16.14], "d_euler": 9.39, "d_world_deg": 14.409, "axis": [-0.1601, -0.2401, 0.9575], "d_axis_deg": 13.518}
C02TP {"f": 30, "bone": "forearm.R", "euler": [1.28, -23.25, -3.65], "d_euler": 6.546, "d_world_deg": 14.182, "axis": [-0.12, -0.2001, 0.9724], "d_axis_deg": 14.182}
C02TP {"f": 30, "bone": "hand.R", "euler": [-0.16, 20.0, -3.36], "d_euler": 4.43, "d_world_deg": 14.512, "axis": [-0.08, -0.16, 0.9839], "d_axis_deg": 14.512}
C02TP {"f": 30, "bone": "shoulder.L", "euler": [-28.0, 0.0, -14.0], "d_euler": 0.617, "d_world_deg": 7.244, "axis": [0.6913, -0.7182, -0.0792], "d_axis_deg": 4.836}
C02TP {"f": 30, "bone": "upperarm.L", "euler": [-35.87, 43.1, 54.86], "d_euler": 10.283, "d_world_deg": 1.966, "axis": [0.3399, 0.3399, -0.8769], "d_axis_deg": 1.966}
C02TP {"f": 30, "bone": "forearm.L", "euler": [182.65, -33.41, -190.21], "d_euler": 16.031, "d_world_deg": 16.149, "axis": [0.2601, 0.22, -0.9402], "d_axis_deg": 12.697}
C02TP {"f": 30, "bone": "hand.L", "euler": [-6.57, 72.12, 1.11], "d_euler": 12.089, "d_world_deg": 11.881, "axis": [0.1801, 0.12, -0.9763], "d_axis_deg": 11.881}
C02TP {"f": 31, "bone": "shoulder.R", "euler": [-3.0, 0.0, 14.0], "d_euler": 0.0, "d_world_deg": 0.0, "axis": [-0.9317, 0.3497, 0.0982], "d_axis_deg": 0.0}
C02TP {"f": 31, "bone": "upperarm.R", "euler": [99.87, -52.72, -16.14], "d_euler": 0.0, "d_world_deg": 0.0, "axis": [-0.1601, -0.2401, 0.9575], "d_axis_deg": 0.0}
C02TP {"f": 31, "bone": "forearm.R", "euler": [1.28, -23.25, -3.65], "d_euler": 0.0, "d_world_deg": 0.0, "axis": [-0.12, -0.2001, 0.9724], "d_axis_deg": 0.0}
C02TP {"f": 31, "bone": "hand.R", "euler": [-0.16, 20.0, -3.36], "d_euler": 0.0, "d_world_deg": 0.0, "axis": [-0.08, -0.16, 0.9839], "d_axis_deg": 0.0}
C02TP {"f": 31, "bone": "shoulder.L", "euler": [-28.0, 0.0, -14.0], "d_euler": 0.0, "d_world_deg": 0.0, "axis": [0.6913, -0.7182, -0.0792], "d_axis_deg": 0.0}
C02TP {"f": 31, "bone": "upperarm.L", "euler": [-35.87, 43.1, 54.86], "d_euler": 0.0, "d_world_deg": 0.0, "axis": [0.3399, 0.3399, -0.8769], "d_axis_deg": 0.0}
C02TP {"f": 31, "bone": "forearm.L", "euler": [182.65, -33.41, -190.21], "d_euler": 0.0, "d_world_deg": 0.0, "axis": [0.2601, 0.22, -0.9402], "d_axis_deg": 0.0}
C02TP {"f": 31, "bone": "hand.L", "euler": [-4.31, 62.16, 3.55], "d_euler": 9.957, "d_world_deg": 10.0, "axis": [0.1801, 0.12, -0.9763], "d_axis_deg": 0.0}
C02TP {"f": 32, "bone": "shoulder.R", "euler": [-3.0, 0.0, 14.0], "d_euler": 0.0, "d_world_deg": 0.0, "axis": [-0.9317, 0.3497, 0.0982], "d_axis_deg": 0.0}
C02TP {"f": 32, "bone": "upperarm.R", "euler": [99.87, -52.72, -16.14], "d_euler": 0.0, "d_world_deg": 0.0, "axis": [-0.1601, -0.2401, 0.9575], "d_axis_deg": 0.0}
C02TP {"f": 32, "bone": "forearm.R", "euler": [1.28, -23.25, -3.65], "d_euler": 0.0, "d_world_deg": 0.0, "axis": [-0.12, -0.2001, 0.9724], "d_axis_deg": 0.0}
C02TP {"f": 32, "bone": "hand.R", "euler": [-0.16, 20.0, -3.36], "d_euler": 0.0, "d_world_deg": 0.0, "axis": [-0.08, -0.16, 0.9839], "d_axis_deg": 0.0}
C02TP {"f": 32, "bone": "shoulder.L", "euler": [-28.0, 0.0, -14.0], "d_euler": 0.0, "d_world_deg": 0.0, "axis": [0.6913, -0.7182, -0.0792], "d_axis_deg": 0.0}
C02TP {"f": 32, "bone": "upperarm.L", "euler": [-35.87, 43.1, 54.86], "d_euler": 0.0, "d_world_deg": 0.0, "axis": [0.3399, 0.3399, -0.8769], "d_axis_deg": 0.0}
C02TP {"f": 32, "bone": "forearm.L", "euler": [182.65, -33.41, -190.21], "d_euler": 0.0, "d_world_deg": 0.0, "axis": [0.2601, 0.22, -0.9402], "d_axis_deg": 0.0}
C02TP {"f": 32, "bone": "hand.L", "euler": [-4.31, 62.16, 3.55], "d_euler": 0.0, "d_world_deg": 0.0, "axis": [0.1801, 0.12, -0.9763], "d_axis_deg": 0.0}
C02TP {"f": 33, "bone": "shoulder.R", "euler": [-3.0, 0.0, 14.0], "d_euler": 0.0, "d_world_deg": 0.0, "axis": [-0.9317, 0.3497, 0.0982], "d_axis_deg": 0.0}
C02TP {"f": 33, "bone": "upperarm.R", "euler": [99.87, -52.72, -16.14], "d_euler": 0.0, "d_world_deg": 0.0, "axis": [-0.1601, -0.2401, 0.9575], "d_axis_deg": 0.0}
C02TP {"f": 33, "bone": "forearm.R", "euler": [1.28, -23.25, -3.65], "d_euler": 0.0, "d_world_deg": 0.0, "axis": [-0.12, -0.2001, 0.9724], "d_axis_deg": 0.0}
C02TP {"f": 33, "bone": "hand.R", "euler": [-0.16, 20.0, -3.36], "d_euler": 0.0, "d_world_deg": 0.0, "axis": [-0.08, -0.16, 0.9839], "d_axis_deg": 0.0}
C02TP {"f": 33, "bone": "shoulder.L", "euler": [-28.0, 0.0, -14.0], "d_euler": 0.0, "d_world_deg": 0.0, "axis": [0.6913, -0.7182, -0.0792], "d_axis_deg": 0.0}
C02TP {"f": 33, "bone": "upperarm.L", "euler": [-35.87, 43.1, 54.86], "d_euler": 0.0, "d_world_deg": 0.0, "axis": [0.3399, 0.3399, -0.8769], "d_axis_deg": 0.0}
C02TP {"f": 33, "bone": "forearm.L", "euler": [182.65, -33.41, -190.21], "d_euler": 0.0, "d_world_deg": 0.0, "axis": [0.2601, 0.22, -0.9402], "d_axis_deg": 0.0}
C02TP {"f": 33, "bone": "hand.L", "euler": [-4.31, 62.16, 3.55], "d_euler": 0.0, "d_world_deg": 0.0, "axis": [0.1801, 0.12, -0.9763], "d_axis_deg": 0.0}
C02TP {"f": 34, "bone": "shoulder.R", "euler": [-3.81, 0.0, 10.64], "d_euler": 3.364, "d_world_deg": 5.827, "axis": [-0.939, 0.3373, 0.0673], "d_axis_deg": 1.952}
C02TP {"f": 34, "bone": "upperarm.R", "euler": [102.95, -67.32, -29.67], "d_euler": 14.603, "d_world_deg": 14.75, "axis": [-0.3861, -0.318, 0.8659], "d_axis_deg": 14.709}
C02TP {"f": 34, "bone": "forearm.R", "euler": [1.43, -21.78, 11.72], "d_euler": 15.368, "d_world_deg": 27.934, "axis": [-0.4319, -0.4952, 0.7538], "d_axis_deg": 27.879}
C02TP {"f": 34, "bone": "hand.R", "euler": [0.73, 18.14, -5.54], "d_euler": 2.172, "d_world_deg": 25.442, "axis": [-0.3646, -0.4505, 0.8149], "d_axis_deg": 25.442}
C02TP {"f": 34, "bone": "shoulder.L", "euler": [-27.42, 0.0, -10.64], "d_euler": 3.364, "d_world_deg": 9.175, "axis": [0.7664, -0.6385, -0.0701], "d_axis_deg": 6.301}
C02TP {"f": 34, "bone": "upperarm.L", "euler": [-37.34, 37.34, 46.4], "d_euler": 8.457, "d_world_deg": 14.932, "axis": [0.2772, 0.138, -0.9509], "d_axis_deg": 12.866}
C02TP {"f": 34, "bone": "forearm.L", "euler": [182.91, -49.8, -203.3], "d_euler": 16.384, "d_world_deg": 27.228, "axis": [0.15, -0.2061, -0.967], "d_axis_deg": 25.471}
C02TP {"f": 34, "bone": "hand.L", "euler": [-3.61, 55.74, 5.35], "d_euler": 6.42, "d_world_deg": 25.948, "axis": [0.0292, -0.2936, -0.9555], "d_axis_deg": 25.462}
C02TP_WORST {"step_deg": 31.833, "frame": 24, "bone": "upperarm.R", "world_deg": 32.841, "limit_deg": 25.0}
Blender 4.5.0 (hash 8cb6b388974a built 2025-07-15 01:36:24)
Read blend: "I:\工作项目\BIGMANFIGHT\角色资产\美术资产\bigman_v001\bigman_anim_v001.blend"

Blender quit
Error: Not freed memory blocks: 1, total unfreed memory 0.000008 MB
