C02TP {"f": 15, "bone": "shoulder.R", "euler": [-16.76, 0.0, -3.48], "d_euler": 1.148, "d_world_deg": 4.698, "axis": [-0.9585, -0.243, -0.1489], "d_axis_deg": 2.523}
C02TP {"f": 15, "bone": "upperarm.R", "euler": [-29.46, 28.96, 59.04], "d_euler": 2.616, "d_world_deg": 4.2, "axis": [-0.0992, 0.303, -0.9478], "d_axis_deg": 4.2}
C02TP {"f": 15, "bone": "forearm.R", "euler": [13.78, 51.57, 22.7], "d_euler": 2.398, "d_world_deg": 6.556, "axis": [-0.0047, 0.0737, -0.9973], "d_axis_deg": 6.244}
C02TP {"f": 15, "bone": "hand.R", "euler": [0.84, -47.21, 1.83], "d_euler": 3.039, "d_world_deg": 4.452, "axis": [-0.0108, 0.0304, -0.9995], "d_axis_deg": 4.452}
C02TP {"f": 15, "bone": "shoulder.L", "euler": [-12.86, 0.0, 5.59], "d_euler": 1.005, "d_world_deg": 4.113, "axis": [0.8533, 0.3763, 0.3609], "d_axis_deg": 0.416}
C02TP {"f": 15, "bone": "upperarm.L", "euler": [-5.93, -59.22, -88.54], "d_euler": 9.113, "d_world_deg": 1.62, "axis": [0.33, -0.0347, -0.9433], "d_axis_deg": 1.62}
C02TP {"f": 15, "bone": "forearm.L", "euler": [23.84, 3.38, -146.28], "d_euler": 0.881, "d_world_deg": 1.201, "axis": [0.1319, -0.45, 0.8832], "d_axis_deg": 1.202}
C02TP {"f": 15, "bone": "hand.L", "euler": [-7.9, 0.29, 12.36], "d_euler": 0.69, "d_world_deg": 1.313, "axis": [0.0489, -0.6543, 0.7547], "d_axis_deg": 1.313}
C02TP {"f": 16, "bone": "shoulder.R", "euler": [-17.52, 0.0, -4.48], "d_euler": 1.004, "d_world_deg": 3.673, "axis": [-0.9679, -0.2247, -0.1127], "d_axis_deg": 2.39}
C02TP {"f": 16, "bone": "upperarm.R", "euler": [-30.18, 28.52, 61.36], "d_euler": 2.311, "d_world_deg": 3.205, "axis": [-0.0998, 0.3558, -0.9292], "d_axis_deg": 3.205}
C02TP {"f": 16, "bone": "forearm.R", "euler": [13.07, 51.67, 20.3], "d_euler": 2.397, "d_world_deg": 4.765, "axis": [-0.0291, 0.1526, -0.9879], "d_axis_deg": 4.765}
C02TP {"f": 16, "bone": "hand.R", "euler": [-0.65, -47.15, 4.18], "d_euler": 2.353, "d_world_deg": 3.397, "axis": [-0.0158, 0.0894, -0.9959], "d_axis_deg": 3.398}
C02TP {"f": 16, "bone": "shoulder.L", "euler": [-13.94, 0.0, 5.85], "d_euler": 1.074, "d_world_deg": 2.993, "axis": [0.8558, 0.3752, 0.3561], "d_axis_deg": 0.312}
C02TP {"f": 16, "bone": "upperarm.L", "euler": [0.19, -59.22, -95.26], "d_euler": 6.716, "d_world_deg": 1.236, "axis": [0.314, -0.0483, -0.9482], "d_axis_deg": 1.236}
C02TP {"f": 16, "bone": "forearm.L", "euler": [23.94, 3.94, -145.62], "d_euler": 0.664, "d_world_deg": 0.917, "axis": [0.1471, -0.4448, 0.8835], "d_axis_deg": 0.917}
C02TP {"f": 16, "bone": "hand.L", "euler": [-7.92, 0.56, 12.88], "d_euler": 0.522, "d_world_deg": 1.001, "axis": [0.0656, -0.6574, 0.7506], "d_axis_deg": 1.002}
C02TP {"f": 17, "bone": "shoulder.R", "euler": [-17.97, 0.0, -5.33], "d_euler": 0.845, "d_world_deg": 2.315, "axis": [-0.9753, -0.2071, -0.0774], "d_axis_deg": 2.299}
C02TP {"f": 17, "bone": "upperarm.R", "euler": [-32.06, 27.15, 62.59], "d_euler": 1.876, "d_world_deg": 2.044, "axis": [-0.1001, 0.3889, -0.9158], "d_axis_deg": 2.045}
C02TP {"f": 17, "bone": "forearm.R", "euler": [12.64, 51.76, 18.78], "d_euler": 1.517, "d_world_deg": 3.04, "axis": [-0.0446, 0.2025, -0.9783], "d_axis_deg": 3.04}
C02TP {"f": 17, "bone": "hand.R", "euler": [-1.59, -47.13, 5.68], "d_euler": 1.5, "d_world_deg": 2.167, "axis": [-0.0189, 0.1269, -0.9917], "d_axis_deg": 2.167}
C02TP {"f": 17, "bone": "shoulder.L", "euler": [-15.01, 0.0, 5.99], "d_euler": 1.07, "d_world_deg": 1.043, "axis": [0.8594, 0.3804, 0.3416], "d_axis_deg": 0.909}
C02TP {"f": 17, "bone": "upperarm.L", "euler": [1.57, -58.82, -96.48], "d_euler": 1.382, "d_world_deg": 0.788, "axis": [0.3037, -0.057, -0.9511], "d_axis_deg": 0.789}
C02TP {"f": 17, "bone": "forearm.L", "euler": [24.01, 4.31, -145.2], "d_euler": 0.419, "d_world_deg": 0.584, "axis": [0.1567, -0.4414, 0.8835], "d_axis_deg": 0.585}
C02TP {"f": 17, "bone": "hand.L", "euler": [-7.92, 0.73, 13.21], "d_euler": 0.331, "d_world_deg": 0.639, "axis": [0.0763, -0.6593, 0.748], "d_axis_deg": 0.639}
C02TP {"f": 18, "bone": "shoulder.R", "euler": [-18.0, 0.0, -6.0], "d_euler": 0.67, "d_world_deg": 4.217, "axis": [-0.9821, -0.1826, -0.0465], "d_axis_deg": 2.291}
C02TP {"f": 18, "bone": "upperarm.R", "euler": [-35.97, 24.09, 62.15], "d_euler": 3.908, "d_world_deg": 0.718, "axis": [-0.1001, 0.4004, -0.9109], "d_axis_deg": 0.718}
C02TP {"f": 18, "bone": "forearm.R", "euler": [12.49, 51.79, 18.25], "d_euler": 0.531, "d_world_deg": 1.067, "axis": [-0.05, 0.2198, -0.9743], "d_axis_deg": 1.068}
C02TP {"f": 18, "bone": "hand.R", "euler": [-1.93, -47.12, 6.21], "d_euler": 0.527, "d_world_deg": 0.761, "axis": [-0.02, 0.14, -0.99], "d_axis_deg": 0.762}
C02TP {"f": 18, "bone": "shoulder.L", "euler": [-16.0, 0.0, 6.0], "d_euler": 0.992, "d_world_deg": 3.773, "axis": [0.8661, 0.3907, 0.3117], "d_axis_deg": 1.852}
C02TP {"f": 18, "bone": "upperarm.L", "euler": [-4.05, -58.29, -89.68], "d_euler": 6.798, "d_world_deg": 0.277, "axis": [0.3, -0.06, -0.952], "d_axis_deg": 0.277}
C02TP {"f": 18, "bone": "forearm.L", "euler": [24.03, 4.44, -145.05], "d_euler": 0.147, "d_world_deg": 0.206, "axis": [0.1601, -0.4402, 0.8835], "d_axis_deg": 0.206}
C02TP {"f": 18, "bone": "hand.L", "euler": [-7.93, 0.79, 13.33], "d_euler": 0.116, "d_world_deg": 0.224, "axis": [0.08, -0.66, 0.747], "d_axis_deg": 0.225}
C02TP {"f": 19, "bone": "shoulder.R", "euler": [-17.36, 0.0, -5.74], "d_euler": 0.642, "d_world_deg": 8.003, "axis": [-0.988, -0.1509, -0.0318], "d_axis_deg": 2.033}
C02TP {"f": 19, "bone": "upperarm.R", "euler": [-43.22, 16.69, 57.15], "d_euler": 7.396, "d_world_deg": 3.192, "axis": [-0.1465, 0.4255, -0.893], "d_axis_deg": 3.192}
C02TP {"f": 19, "bone": "forearm.R", "euler": [14.95, 51.95, 20.41], "d_euler": 2.467, "d_world_deg": 3.348, "axis": [-0.1079, 0.2251, -0.9683], "d_axis_deg": 3.348}
C02TP {"f": 19, "bone": "hand.R", "euler": [-1.72, -46.81, 7.09], "d_euler": 0.884, "d_world_deg": 3.426, "axis": [-0.0785, 0.1276, -0.9887], "d_axis_deg": 3.426}
C02TP {"f": 19, "bone": "shoulder.L", "euler": [-17.02, 0.0, 5.3], "d_euler": 1.024, "d_world_deg": 8.382, "axis": [0.8808, 0.4028, 0.2488], "d_axis_deg": 3.766}
C02TP {"f": 19, "bone": "upperarm.L", "euler": [-16.62, -55.97, -73.96], "d_euler": 15.719, "d_world_deg": 0.465, "axis": [0.3013, -0.052, -0.9521], "d_axis_deg": 0.464}
C02TP {"f": 19, "bone": "forearm.L", "euler": [26.41, 3.51, -143.64], "d_euler": 2.378, "d_world_deg": 2.998, "axis": [0.2052, -0.4588, 0.8645], "d_axis_deg": 2.998}
C02TP {"f": 19, "bone": "hand.L", "euler": [-9.45, 1.72, 13.95], "d_euler": 1.526, "d_world_deg": 2.805, "axis": [0.0995, -0.6917, 0.7153], "d_axis_deg": 2.805}
C02TP {"f": 20, "bone": "shoulder.R", "euler": [-16.03, 0.0, -4.14], "d_euler": 1.601, "d_world_deg": 10.884, "axis": [-0.9919, -0.1218, -0.0356], "d_axis_deg": 1.692}
C02TP {"f": 20, "bone": "upperarm.R", "euler": [-51.85, 3.0, 47.54], "d_euler": 13.696, "d_world_deg": 8.881, "axis": [-0.272, 0.4878, -0.8295], "d_axis_deg": 8.824}
C02TP {"f": 20, "bone": "forearm.R", "euler": [19.44, 47.88, 23.72], "d_euler": 4.493, "d_world_deg": 10.083, "axis": [-0.2654, 0.2357, -0.9349], "d_axis_deg": 9.258}
C02TP {"f": 20, "bone": "hand.R", "euler": [-0.23, -45.71, 8.8], "d_euler": 1.709, "d_world_deg": 10.281, "axis": [-0.2381, 0.0911, -0.967], "d_axis_deg": 9.473}
C02TP {"f": 20, "bone": "shoulder.L", "euler": [-18.2, 0.0, 3.58], "d_euler": 1.725, "d_world_deg": 11.99, "axis": [0.9055, 0.3982, 0.1466], "d_axis_deg": 6.033}
C02TP {"f": 20, "bone": "upperarm.L", "euler": [-29.23, -48.15, -56.04], "d_euler": 17.927, "d_world_deg": 2.376, "axis": [0.3048, -0.0299, -0.9519], "d_axis_deg": 1.284}
C02TP {"f": 20, "bone": "forearm.L", "euler": [34.07, -0.39, -141.61], "d_euler": 7.654, "d_world_deg": 8.813, "axis": [0.3265, -0.5034, 0.8], "d_axis_deg": 8.288}
C02TP {"f": 20, "bone": "hand.L", "euler": [-12.51, 3.76, 16.37], "d_euler": 3.058, "d_world_deg": 8.725, "axis": [0.1521, -0.7707, 0.6188], "d_axis_deg": 7.756}
C02TP {"f": 21, "bone": "shoulder.R", "euler": [-14.28, 0.0, -1.68], "d_euler": 2.46, "d_world_deg": 12.754, "axis": [-0.9939, -0.1011, -0.0438], "d_axis_deg": 1.284}
C02TP {"f": 21, "bone": "upperarm.R", "euler": [-56.85, -14.78, 33.55], "d_euler": 17.778, "d_world_deg": 14.613, "axis": [-0.4485, 0.5597, -0.6969], "d_axis_deg": 13.33}
C02TP {"f": 21, "bone": "forearm.R", "euler": [23.99, 43.39, 27.93], "d_euler": 4.544, "d_world_deg": 14.02, "axis": [-0.489, 0.24, -0.8386], "d_axis_deg": 13.985}
C02TP {"f": 21, "bone": "hand.R", "euler": [1.58, -46.26, 11.13], "d_euler": 2.33, "d_world_deg": 14.856, "axis": [-0.4655, 0.0316, -0.8845], "d_axis_deg": 14.31}
C02TP {"f": 21, "bone": "shoulder.L", "euler": [-19.45, 0.0, 1.2], "d_euler": 2.371, "d_world_deg": 14.247, "axis": [0.9354, 0.3529, 0.0225], "d_axis_deg": 7.764}
C02TP {"f": 21, "bone": "upperarm.L", "euler": [-38.39, -37.21, -39.64], "d_euler": 16.398, "d_world_deg": 2.785, "axis": [0.3098, 0.0036, -0.9508], "d_axis_deg": 1.939}
C02TP {"f": 21, "bone": "forearm.L", "euler": [44.75, -2.04, -135.23], "d_euler": 10.689, "d_world_deg": 12.873, "axis": [0.4961, -0.5507, 0.6713], "d_axis_deg": 12.52}
C02TP {"f": 21, "bone": "hand.L", "euler": [-18.23, 1.95, 19.67], "d_euler": 5.717, "d_world_deg": 12.735, "axis": [0.226, -0.8628, 0.4523], "d_axis_deg": 11.716}
C02TP {"f": 22, "bone": "shoulder.R", "euler": [-12.35, 0.0, 1.15], "d_euler": 2.834, "d_world_deg": 13.501, "axis": [-0.9954, -0.0855, -0.0427], "d_axis_deg": 0.897}
C02TP {"f": 22, "bone": "upperarm.R", "euler": [-54.74, -38.99, 21.49], "d_euler": 24.214, "d_world_deg": 16.975, "axis": [-0.6345, 0.6069, -0.4787], "d_axis_deg": 16.71}
C02TP {"f": 22, "bone": "forearm.R", "euler": [28.85, 39.25, 30.86], "d_euler": 4.857, "d_world_deg": 18.521, "axis": [-0.7269, 0.2253, -0.6487], "d_axis_deg": 17.53}
C02TP {"f": 22, "bone": "hand.R", "euler": [5.75, -42.18, 11.48], "d_euler": 4.172, "d_world_deg": 18.908, "axis": [-0.7082, -0.0452, -0.7045], "d_axis_deg": 17.939}
C02TP {"f": 22, "bone": "shoulder.L", "euler": [-20.71, 0.0, -1.43], "d_euler": 2.639, "d_world_deg": 15.166, "axis": [0.9616, 0.2566, -0.0971], "d_axis_deg": 8.932}
C02TP {"f": 22, "bone": "upperarm.L", "euler": [-44.51, -26.08, -23.79], "d_euler": 15.853, "d_world_deg": 2.43, "axis": [0.3156, 0.0455, -0.9478], "d_axis_deg": 2.431}
C02TP {"f": 22, "bone": "forearm.L", "euler": [54.87, -7.07, -125.76], "d_euler": 10.115, "d_world_deg": 16.796, "axis": [0.6746, -0.5728, 0.4657], "d_axis_deg": 15.695}
C02TP {"f": 22, "bone": "hand.L", "euler": [-24.62, 2.42, 21.7], "d_euler": 6.394, "d_world_deg": 14.988, "axis": [0.3049, -0.9271, 0.2178], "d_axis_deg": 14.686}
C02TP {"f": 23, "bone": "shoulder.R", "euler": [-10.5, 0.0, 3.87], "d_euler": 2.723, "d_world_deg": 13.092, "axis": [-0.9976, -0.0635, -0.0265], "d_axis_deg": 1.57}
C02TP {"f": 23, "bone": "upperarm.R", "euler": [-38.46, -64.91, 2.32], "d_euler": 25.912, "d_world_deg": 18.989, "axis": [-0.7801, 0.5983, -0.1832], "d_axis_deg": 18.963}
C02TP {"f": 23, "bone": "forearm.R", "euler": [33.87, 39.61, 33.29], "d_euler": 5.027, "d_world_deg": 20.77, "axis": [-0.9142, 0.1835, -0.3614], "d_axis_deg": 19.894}
C02TP {"f": 23, "bone": "hand.R", "euler": [9.81, -35.42, 10.66], "d_euler": 6.763, "d_world_deg": 20.956, "axis": [-0.8993, -0.1268, -0.4186], "d_axis_deg": 20.357}
C02TP {"f": 23, "bone": "shoulder.L", "euler": [-21.92, 0.0, -3.96], "d_euler": 2.528, "d_world_deg": 14.76, "axis": [0.9749, 0.1201, -0.1876], "d_axis_deg": 9.428}
C02TP {"f": 23, "bone": "upperarm.L", "euler": [-47.2, -14.87, -9.62], "d_euler": 14.17, "d_world_deg": 2.758, "axis": [0.3215, 0.0929, -0.9423], "d_axis_deg": 2.758}
C02TP {"f": 23, "bone": "forearm.L", "euler": [63.68, -16.85, -116.9], "d_euler": 9.773, "d_world_deg": 18.494, "axis": [0.8156, -0.5461, 0.1914], "d_axis_deg": 17.811}
C02TP {"f": 23, "bone": "hand.L", "euler": [-28.73, 6.08, 21.74], "d_euler": 4.113, "d_world_deg": 16.932, "axis": [0.3702, -0.9267, -0.0646], "d_axis_deg": 16.666}
C02TP {"f": 24, "bone": "shoulder.R", "euler": [-9.0, 0.0, 6.0], "d_euler": 2.127, "d_world_deg": 11.556, "axis": [-0.9998, -0.0221, -0.0012], "d_axis_deg": 2.787}
C02TP {"f": 24, "bone": "upperarm.R", "euler": [34.49, -70.82, -67.48], "d_euler": 72.946, "d_world_deg": 20.958, "axis": [-0.8417, 0.5185, 0.1507], "d_axis_deg": 20.09}
C02TP {"f": 24, "bone": "forearm.R", "euler": [33.37, 39.86, 32.33], "d_euler": 0.955, "d_world_deg": 21.448, "axis": [-0.9933, 0.1154, -0.0109], "d_axis_deg": 21.076}
C02TP {"f": 24, "bone": "hand.R", "euler": [12.35, -32.53, 8.23], "d_euler": 2.887, "d_world_deg": 22.986, "axis": [-0.9789, -0.1957, -0.0595], "d_axis_deg": 21.567}
C02TP {"f": 24, "bone": "shoulder.L", "euler": [-23.0, 0.0, -6.0], "d_euler": 2.038, "d_world_deg": 13.052, "axis": [0.9707, -0.0301, -0.2385], "d_axis_deg": 9.1}
C02TP {"f": 24, "bone": "upperarm.L", "euler": [-47.5, -5.18, 3.08], "d_euler": 12.7, "d_world_deg": 2.922, "axis": [0.3269, 0.143, -0.9342], "d_axis_deg": 2.922}
C02TP {"f": 24, "bone": "forearm.L", "euler": [71.19, -30.7, -111.38], "d_euler": 13.857, "d_world_deg": 18.974, "axis": [0.8795, -0.4609, -0.1187], "d_axis_deg": 18.869}
C02TP {"f": 24, "bone": "hand.L", "euler": [-28.54, 9.52, 21.74], "d_euler": 3.445, "d_world_deg": 18.983, "axis": [0.4053, -0.8415, -0.3573], "d_axis_deg": 17.656}
C02TP {"f": 25, "bone": "shoulder.R", "euler": [-7.78, 0.0, 7.75], "d_euler": 1.75, "d_world_deg": 10.2, "axis": [-0.9992, 0.0333, 0.0235], "d_axis_deg": 3.473}
C02TP {"f": 25, "bone": "upperarm.R", "euler": [74.89, -53.55, -97.97], "d_euler": 40.402, "d_world_deg": 20.958, "axis": [-0.8009, 0.3756, 0.4663], "d_axis_deg": 20.09}
C02TP {"f": 25, "bone": "forearm.R", "euler": [29.92, 43.51, 29.48], "d_euler": 3.651, "d_world_deg": 21.099, "axis": [-0.9395, 0.0319, 0.3412], "d_axis_deg": 21.076}
C02TP {"f": 25, "bone": "hand.R", "euler": [11.9, -29.92, 5.8], "d_euler": 2.612, "d_world_deg": 22.132, "axis": [-0.9214, -0.2372, 0.3079], "d_axis_deg": 21.567}
C02TP {"f": 25, "bone": "shoulder.L", "euler": [-23.99, 0.0, -7.75], "d_euler": 1.75, "d_world_deg": 11.588, "axis": [0.9493, -0.1791, -0.2584], "d_axis_deg": 8.708}
C02TP {"f": 25, "bone": "upperarm.L", "euler": [-46.27, 2.81, 15.0], "d_euler": 11.918, "d_world_deg": 2.922, "axis": [0.3314, 0.1927, -0.9236], "d_axis_deg": 2.922}
C02TP {"f": 25, "bone": "forearm.L", "euler": [76.58, -45.71, -106.37], "d_euler": 15.009, "d_world_deg": 18.974, "axis": [0.8488, -0.3262, -0.416], "d_axis_deg": 18.869}
C02TP {"f": 25, "bone": "hand.L", "euler": [-25.56, 12.48, 19.58], "d_euler": 2.978, "d_world_deg": 18.64, "axis": [0.4022, -0.6769, -0.6165], "d_axis_deg": 17.656}
C02TP {"f": 26, "bone": "shoulder.R", "euler": [-6.63, 0.0, 9.56], "d_euler": 1.806, "d_world_deg": 9.661, "axis": [-0.9948, 0.0905, 0.0465], "d_axis_deg": 3.543}
C02TP {"f": 26, "bone": "upperarm.R", "euler": [96.4, -35.49, -106.25], "d_euler": 21.518, "d_world_deg": 18.989, "axis": [-0.6728, 0.1984, 0.7128], "d_axis_deg": 18.963}
C02TP {"f": 26, "bone": "forearm.R", "euler": [24.33, 49.46, 23.37], "d_euler": 6.11, "d_world_deg": 19.993, "axis": [-0.773, -0.051, 0.6323], "d_axis_deg": 19.894}
C02TP {"f": 26, "bone": "hand.R", "euler": [9.73, -27.85, 2.8], "d_euler": 3.001, "d_world_deg": 20.956, "axis": [-0.7484, -0.2459, 0.616], "d_axis_deg": 20.357}
C02TP {"f": 26, "bone": "shoulder.L", "euler": [-24.94, 0.0, -9.56], "d_euler": 1.806, "d_world_deg": 11.081, "axis": [0.9113, -0.3244, -0.2535], "d_axis_deg": 8.62}
C02TP {"f": 26, "bone": "upperarm.L", "euler": [-43.85, 9.7, 26.9], "d_euler": 11.897, "d_world_deg": 2.758, "axis": [0.3349, 0.2391, -0.9114], "d_axis_deg": 2.758}
C02TP {"f": 26, "bone": "forearm.L", "euler": [72.15, -59.56, -92.81], "d_euler": 13.849, "d_world_deg": 18.786, "axis": [0.7361, -0.1666, -0.6561], "d_axis_deg": 17.811}
C02TP {"f": 26, "bone": "hand.L", "euler": [-22.13, 11.73, 14.89], "d_euler": 4.692, "d_world_deg": 16.932, "axis": [0.3645, -0.4628, -0.8081], "d_axis_deg": 16.666}
C02TP {"f": 27, "bone": "shoulder.R", "euler": [-5.56, 0.0, 11.25], "d_euler": 1.694, "d_world_deg": 9.231, "axis": [-0.9855, 0.1555, 0.0672], "d_axis_deg": 3.946}
C02TP {"f": 27, "bone": "upperarm.R", "euler": [110.55, -21.19, -101.92], "d_euler": 14.298, "d_world_deg": 16.975, "axis": [-0.4987, 0.0237, 0.8665], "d_axis_deg": 16.71}
C02TP {"f": 27, "bone": "forearm.R", "euler": [16.28, 57.16, 15.88], "d_euler": 8.052, "d_world_deg": 18.224, "axis": [-0.549, -0.1194, 0.8273], "d_axis_deg": 17.53}
C02TP {"f": 27, "bone": "hand.R", "euler": [6.2, -30.96, 0.53], "d_euler": 3.532, "d_world_deg": 17.966, "axis": [-0.5174, -0.2281, 0.8248], "d_axis_deg": 17.939}
C02TP {"f": 27, "bone": "shoulder.L", "euler": [-25.83, 0.0, -11.25], "d_euler": 1.694, "d_world_deg": 10.602, "axis": [0.8582, -0.4607, -0.2266], "d_axis_deg": 8.528}
C02TP {"f": 27, "bone": "upperarm.L", "euler": [-40.59, 15.23, 38.82], "d_euler": 11.922, "d_world_deg": 2.43, "axis": [0.3374, 0.2796, -0.8989], "d_axis_deg": 2.431}
C02TP {"f": 27, "bone": "forearm.L", "euler": [64.86, -72.77, -80.03], "d_euler": 13.211, "d_world_deg": 15.726, "axis": [0.5777, -0.0121, -0.8162], "d_axis_deg": 15.695}
C02TP {"f": 27, "bone": "hand.L", "euler": [-16.69, 15.82, 9.62], "d_euler": 5.432, "d_world_deg": 14.686, "axis": [0.3057, -0.2411, -0.9211], "d_axis_deg": 14.686}
C02TP {"f": 28, "bone": "shoulder.R", "euler": [-4.59, 0.0, 12.67], "d_euler": 1.417, "d_world_deg": 8.814, "axis": [-0.9701, 0.2276, 0.084], "d_axis_deg": 4.334}
C02TP {"f": 28, "bone": "upperarm.R", "euler": [122.75, -14.9, -91.37], "d_euler": 12.199, "d_world_deg": 14.613, "axis": [-0.3287, -0.1178, 0.9371], "d_axis_deg": 13.33}
C02TP {"f": 28, "bone": "forearm.R", "euler": [5.43, 58.63, 4.81], "d_euler": 11.063, "d_world_deg": 14.848, "axis": [-0.3325, -0.1662, 0.9283], "d_axis_deg": 13.985}
C02TP {"f": 28, "bone": "hand.R", "euler": [3.31, -32.91, -1.5], "d_euler": 2.891, "d_world_deg": 14.449, "axis": [-0.2959, -0.1979, 0.9345], "d_axis_deg": 14.31}
C02TP {"f": 28, "bone": "shoulder.L", "euler": [-26.65, 0.0, -12.67], "d_euler": 1.417, "d_world_deg": 9.944, "axis": [0.7944, -0.579, -0.1834], "d_axis_deg": 8.097}
C02TP {"f": 28, "bone": "upperarm.L", "euler": [-36.75, 19.39, 50.35], "d_euler": 11.524, "d_world_deg": 1.939, "axis": [0.3389, 0.3115, -0.8878], "d_axis_deg": 1.939}
C02TP {"f": 28, "bone": "forearm.L", "euler": [55.02, -84.29, -66.35], "d_euler": 13.68, "d_world_deg": 12.873, "axis": [0.4198, 0.1123, -0.9007], "d_axis_deg": 12.52}
C02TP {"f": 28, "bone": "hand.L", "euler": [-11.27, 20.64, 5.78], "d_euler": 5.422, "d_world_deg": 11.758, "axis": [0.2443, -0.0523, -0.9683], "d_axis_deg": 11.716}
C02TP {"f": 29, "bone": "shoulder.R", "euler": [-3.73, 0.0, 13.64], "d_euler": 0.972, "d_world_deg": 8.163, "axis": [-0.9505, 0.2959, 0.095], "d_axis_deg": 4.123}
C02TP {"f": 29, "bone": "upperarm.R", "euler": [134.04, -12.37, -85.65], "d_euler": 11.292, "d_world_deg": 8.881, "axis": [-0.2059, -0.2084, 0.9561], "d_axis_deg": 8.824}
C02TP {"f": 29, "bone": "forearm.R", "euler": [-1.67, 52.81, -3.0], "d_euler": 7.815, "d_world_deg": 10.519, "axis": [-0.1775, -0.192, 0.9652], "d_axis_deg": 9.258}
C02TP {"f": 29, "bone": "hand.R", "euler": [1.25, -32.87, -3.08], "d_euler": 2.057, "d_world_deg": 10.709, "axis": [-0.1382, -0.1709, 0.9755], "d_axis_deg": 9.473}
C02TP {"f": 29, "bone": "shoulder.L", "euler": [-27.38, 0.0, -13.64], "d_euler": 0.972, "d_world_deg": 8.768, "axis": [0.7333, -0.6671, -0.1315], "d_axis_deg": 6.828}
C02TP {"f": 29, "bone": "upperarm.L", "euler": [-32.56, 22.54, 60.48], "d_euler": 10.14, "d_world_deg": 1.283, "axis": [0.3397, 0.3324, -0.8798], "d_axis_deg": 1.284}
C02TP {"f": 29, "bone": "forearm.L", "euler": [93.94, -92.58, -102.42], "d_euler": 38.915, "d_world_deg": 8.814, "axis": [0.3037, 0.1921, -0.9332], "d_axis_deg": 8.288}
C02TP {"f": 29, "bone": "hand.L", "euler": [-7.69, 23.89, 3.17], "d_euler": 3.578, "d_world_deg": 7.82, "axis": [0.1978, 0.0744, -0.9774], "d_axis_deg": 7.756}
C02TP {"f": 30, "bone": "shoulder.R", "euler": [-3.0, 0.0, 14.0], "d_euler": 0.734, "d_world_deg": 7.263, "axis": [-0.9317, 0.3497, 0.0982], "d_axis_deg": 3.268}
C02TP {"f": 30, "bone": "upperarm.R", "euler": [142.19, -13.23, -83.74], "d_euler": 8.147, "d_world_deg": 3.192, "axis": [-0.1601, -0.2401, 0.9575], "d_axis_deg": 3.192}
C02TP {"f": 30, "bone": "forearm.R", "euler": [-3.94, 52.6, -5.48], "d_euler": 2.482, "d_world_deg": 3.348, "axis": [-0.12, -0.2001, 0.9724], "d_axis_deg": 3.348}
C02TP {"f": 30, "bone": "hand.R", "euler": [0.51, -32.99, -3.56], "d_euler": 0.743, "d_world_deg": 3.426, "axis": [-0.08, -0.16, 0.9839], "d_axis_deg": 3.426}
C02TP {"f": 30, "bone": "shoulder.L", "euler": [-28.0, 0.0, -14.0], "d_euler": 0.617, "d_world_deg": 7.244, "axis": [0.6913, -0.7182, -0.0792], "d_axis_deg": 4.836}
C02TP {"f": 30, "bone": "upperarm.L", "euler": [-28.22, 25.21, 68.28], "d_euler": 7.794, "d_world_deg": 0.461, "axis": [0.3399, 0.3399, -0.8769], "d_axis_deg": 0.464}
C02TP {"f": 30, "bone": "forearm.L", "euler": [93.02, -95.2, -100.43], "d_euler": 2.622, "d_world_deg": 2.998, "axis": [0.2601, 0.22, -0.9402], "d_axis_deg": 2.998}
C02TP {"f": 30, "bone": "hand.L", "euler": [-6.53, 24.21, 2.1], "d_euler": 1.168, "d_world_deg": 2.805, "axis": [0.1801, 0.12, -0.9763], "d_axis_deg": 2.805}
C02TP {"f": 31, "bone": "shoulder.R", "euler": [-3.0, 0.0, 14.0], "d_euler": 0.0, "d_world_deg": 0.0, "axis": [-0.9317, 0.3497, 0.0982], "d_axis_deg": 0.0}
C02TP {"f": 31, "bone": "upperarm.R", "euler": [142.19, -13.23, -83.74], "d_euler": 0.0, "d_world_deg": 0.0, "axis": [-0.1601, -0.2401, 0.9575], "d_axis_deg": 0.0}
C02TP {"f": 31, "bone": "forearm.R", "euler": [-3.94, 52.6, -5.48], "d_euler": 0.0, "d_world_deg": 0.0, "axis": [-0.12, -0.2001, 0.9724], "d_axis_deg": 0.0}
C02TP {"f": 31, "bone": "hand.R", "euler": [0.51, -32.99, -3.56], "d_euler": 0.0, "d_world_deg": 0.0, "axis": [-0.08, -0.16, 0.9839], "d_axis_deg": 0.0}
C02TP {"f": 31, "bone": "shoulder.L", "euler": [-28.0, 0.0, -14.0], "d_euler": 0.0, "d_world_deg": 0.0, "axis": [0.6913, -0.7182, -0.0792], "d_axis_deg": 0.0}
C02TP {"f": 31, "bone": "upperarm.L", "euler": [-28.22, 25.21, 68.28], "d_euler": 0.0, "d_world_deg": 0.0, "axis": [0.3399, 0.3399, -0.8769], "d_axis_deg": 0.0}
C02TP {"f": 31, "bone": "forearm.L", "euler": [93.02, -95.2, -100.43], "d_euler": 0.0, "d_world_deg": 0.0, "axis": [0.2601, 0.22, -0.9402], "d_axis_deg": 0.0}
C02TP {"f": 31, "bone": "hand.L", "euler": [-6.53, 24.21, 2.1], "d_euler": 0.0, "d_world_deg": 0.0, "axis": [0.1801, 0.12, -0.9763], "d_axis_deg": 0.0}
C02TP {"f": 32, "bone": "shoulder.R", "euler": [-3.0, 0.0, 14.0], "d_euler": 0.0, "d_world_deg": 0.0, "axis": [-0.9317, 0.3497, 0.0982], "d_axis_deg": 0.0}
C02TP {"f": 32, "bone": "upperarm.R", "euler": [142.19, -13.23, -83.74], "d_euler": 0.0, "d_world_deg": 0.0, "axis": [-0.1601, -0.2401, 0.9575], "d_axis_deg": 0.0}
C02TP {"f": 32, "bone": "forearm.R", "euler": [-3.94, 52.6, -5.48], "d_euler": 0.0, "d_world_deg": 0.0, "axis": [-0.12, -0.2001, 0.9724], "d_axis_deg": 0.0}
C02TP {"f": 32, "bone": "hand.R", "euler": [0.51, -32.99, -3.56], "d_euler": 0.0, "d_world_deg": 0.0, "axis": [-0.08, -0.16, 0.9839], "d_axis_deg": 0.0}
C02TP {"f": 32, "bone": "shoulder.L", "euler": [-28.0, 0.0, -14.0], "d_euler": 0.0, "d_world_deg": 0.0, "axis": [0.6913, -0.7182, -0.0792], "d_axis_deg": 0.0}
C02TP {"f": 32, "bone": "upperarm.L", "euler": [-28.22, 25.21, 68.28], "d_euler": 0.0, "d_world_deg": 0.0, "axis": [0.3399, 0.3399, -0.8769], "d_axis_deg": 0.0}
C02TP {"f": 32, "bone": "forearm.L", "euler": [93.02, -95.2, -100.43], "d_euler": 0.0, "d_world_deg": 0.0, "axis": [0.2601, 0.22, -0.9402], "d_axis_deg": 0.0}
C02TP {"f": 32, "bone": "hand.L", "euler": [-6.53, 24.21, 2.1], "d_euler": 0.0, "d_world_deg": 0.0, "axis": [0.1801, 0.12, -0.9763], "d_axis_deg": 0.0}
C02TP {"f": 33, "bone": "shoulder.R", "euler": [-3.0, 0.0, 14.0], "d_euler": 0.0, "d_world_deg": 0.0, "axis": [-0.9317, 0.3497, 0.0982], "d_axis_deg": 0.0}
C02TP {"f": 33, "bone": "upperarm.R", "euler": [142.19, -13.23, -83.74], "d_euler": 0.0, "d_world_deg": 0.0, "axis": [-0.1601, -0.2401, 0.9575], "d_axis_deg": 0.0}
C02TP {"f": 33, "bone": "forearm.R", "euler": [-3.94, 52.6, -5.48], "d_euler": 0.0, "d_world_deg": 0.0, "axis": [-0.12, -0.2001, 0.9724], "d_axis_deg": 0.0}
C02TP {"f": 33, "bone": "hand.R", "euler": [0.51, -32.99, -3.56], "d_euler": 0.0, "d_world_deg": 0.0, "axis": [-0.08, -0.16, 0.9839], "d_axis_deg": 0.0}
C02TP {"f": 33, "bone": "shoulder.L", "euler": [-28.0, 0.0, -14.0], "d_euler": 0.0, "d_world_deg": 0.0, "axis": [0.6913, -0.7182, -0.0792], "d_axis_deg": 0.0}
C02TP {"f": 33, "bone": "upperarm.L", "euler": [-28.22, 25.21, 68.28], "d_euler": 0.0, "d_world_deg": 0.0, "axis": [0.3399, 0.3399, -0.8769], "d_axis_deg": 0.0}
C02TP {"f": 33, "bone": "forearm.L", "euler": [93.02, -95.2, -100.43], "d_euler": 0.0, "d_world_deg": 0.0, "axis": [0.2601, 0.22, -0.9402], "d_axis_deg": 0.0}
C02TP {"f": 33, "bone": "hand.L", "euler": [-6.53, 24.21, 2.1], "d_euler": 0.0, "d_world_deg": 0.0, "axis": [0.1801, 0.12, -0.9763], "d_axis_deg": 0.0}
C02TP {"f": 34, "bone": "shoulder.R", "euler": [-3.81, 0.0, 10.64], "d_euler": 3.364, "d_world_deg": 5.827, "axis": [-0.939, 0.3373, 0.0673], "d_axis_deg": 1.952}
C02TP {"f": 34, "bone": "upperarm.R", "euler": [159.38, -10.31, -71.89], "d_euler": 17.194, "d_world_deg": 19.377, "axis": [0.0759, -0.4556, 0.8869], "d_axis_deg": 18.837}
C02TP {"f": 34, "bone": "forearm.R", "euler": [-3.26, 46.29, 10.07], "d_euler": 15.556, "d_world_deg": 14.909, "axis": [-0.1433, -0.4381, 0.8874], "d_axis_deg": 14.581}
C02TP {"f": 34, "bone": "hand.R", "euler": [1.33, -29.41, -5.72], "d_euler": 3.571, "d_world_deg": 13.754, "axis": [-0.0734, -0.3893, 0.9182], "d_axis_deg": 13.704}
C02TP {"f": 34, "bone": "shoulder.L", "euler": [-27.42, 0.0, -10.64], "d_euler": 3.364, "d_world_deg": 9.175, "axis": [0.7664, -0.6385, -0.0701], "d_axis_deg": 6.301}
C02TP {"f": 34, "bone": "upperarm.L", "euler": [-30.48, 21.28, 58.45], "d_euler": 9.833, "d_world_deg": 14.098, "axis": [0.2917, 0.1333, -0.9472], "d_axis_deg": 12.834}
C02TP {"f": 34, "bone": "forearm.L", "euler": [84.01, -84.08, -104.26], "d_euler": 11.117, "d_world_deg": 27.182, "axis": [0.4045, -0.21, -0.8901], "d_axis_deg": 26.385}
C02TP {"f": 34, "bone": "hand.L", "euler": [-5.6, 21.68, 4.05], "d_euler": 2.53, "d_world_deg": 26.529, "axis": [0.3018, -0.3044, -0.9035], "d_axis_deg": 25.857}
C02TP_WORST {"step_deg": 72.946, "frame": 24, "bone": "upperarm.R", "world_deg": 20.958, "limit_deg": 25.0}
Blender 4.5.0 (hash 8cb6b388974a built 2025-07-15 01:36:24)
Read blend: "I:\工作项目\BIGMANFIGHT\角色资产\美术资产\bigman_v001\bigman_anim_v001.blend"

Blender quit
Error: Not freed memory blocks: 1, total unfreed memory 0.000008 MB
